2026-04-21 14:06:23,694 [INFO] Activator:176 - 


2026-04-21 14:06:23,694 [INFO] Activator:177 - !SESSION log4j initialized
2026-04-21 14:06:33,400 [INFO] LogOutputStream:77 - [STDOUT_REDIRECT] 
2026-04-21 14:06:34,673 [INFO] ApplicationProperties:184 - Using Application install path: C:\ST\STM32CubeIDE_1.10.1\STM32CubeIDE\plugins\com.st.stm32cube.common.mx_6.14.1.202504091515
2026-04-21 14:06:34,692 [INFO] DbMcusXml:78 - Set database path to: C:\ST\STM32CubeIDE_1.10.1\STM32CubeIDE\plugins\com.st.stm32cube.common.mx_6.14.1.202504091515\\db\/mcu/
2026-04-21 14:06:34,692 [INFO] ApiDb:274 - Set plugin database path to: C:\ST\STM32CubeIDE_1.10.1\STM32CubeIDE\plugins\com.st.stm32cube.common.mx_6.14.1.202504091515\\db\/plugins/boardmanager/
2026-04-21 14:06:34,704 [WARN] ApiDb:259 - Overriding images path with different value:  => C:\ST\STM32CubeIDE_1.10.1\STM32CubeIDE\plugins\com.st.stm32cube.common.mx_6.14.1.202504091515\\db\/plugins/mcufinder/images/
2026-04-21 14:06:34,721 [INFO] ApiDb:250 - Set database path to: C:\Users\abhil\.stmcufinder\plugins\mcufinder//mcu/
2026-04-21 14:06:34,722 [INFO] DbMcusAds:125 - Set database path to: C:\Users\abhil\.stmcufinder\plugins\mcufinder//mcu/
2026-04-21 14:06:34,724 [INFO] CrossReferenceDbSqlite:203 - Set database path to: C:\Users\abhil\.stmcufinder\plugins\mcufinder//mcu/cs/
2026-04-21 14:06:34,859 [INFO] RulesReader:64 - Compatibility file has been processed (302 Rules)
2026-04-21 14:06:34,950 [INFO] DbMcusXml:78 - Set database path to: C:\ST\STM32CubeIDE_1.10.1\STM32CubeIDE\plugins\com.st.stm32cube.common.mx_6.14.1.202504091515\\db\/mcu/
2026-04-21 14:06:34,951 [INFO] ApiDb:274 - Set plugin database path to: C:\ST\STM32CubeIDE_1.10.1\STM32CubeIDE\plugins\com.st.stm32cube.common.mx_6.14.1.202504091515\\db\/plugins/boardmanager/
2026-04-21 14:06:34,951 [INFO] ApiDb:261 - Set plugin images path to: C:\ST\STM32CubeIDE_1.10.1\STM32CubeIDE\plugins\com.st.stm32cube.common.mx_6.14.1.202504091515\\db\/plugins/mcufinder/images/
2026-04-21 14:06:34,951 [WARN] DbFile:41 - Overriding database path with different value: C:\Users\abhil\.stmcufinder\plugins\mcufinder/ => C:\Users\abhil\.stmcufinder\plugins\mcufinder
2026-04-21 14:06:34,951 [INFO] ApiDb:250 - Set database path to: C:\Users\abhil\.stmcufinder\plugins\mcufinder//mcu/
2026-04-21 14:06:34,952 [WARN] DbFile:41 - Overriding database path with different value: C:\Users\abhil\.stmcufinder\plugins\mcufinder/ => C:\Users\abhil\.stmcufinder\plugins\mcufinder
2026-04-21 14:06:34,952 [INFO] DbMcusAds:125 - Set database path to: C:\Users\abhil\.stmcufinder\plugins\mcufinder//mcu/
2026-04-21 14:06:34,952 [WARN] DbFile:41 - Overriding database path with different value: C:\Users\abhil\.stmcufinder\plugins\mcufinder/ => C:\Users\abhil\.stmcufinder\plugins\mcufinder
2026-04-21 14:06:34,952 [WARN] DbFile:41 - Overriding database path with different value: C:\Users\abhil\.stmcufinder\plugins\mcufinder/ => C:\Users\abhil\.stmcufinder\plugins\mcufinder
2026-04-21 14:06:34,952 [INFO] CrossReferenceDbSqlite:203 - Set database path to: C:\Users\abhil\.stmcufinder\plugins\mcufinder//mcu/cs/
2026-04-21 14:06:35,037 [INFO] MainPanel:272 - HeapMemory: 268435456
2026-04-21 14:06:35,153 [INFO] DbMcusXml:78 - Set database path to: C:\ST\STM32CubeIDE_1.10.1\STM32CubeIDE\plugins\com.st.stm32cube.common.mx_6.14.1.202504091515\\db\/mcu/
2026-04-21 14:06:35,153 [INFO] ApiDb:274 - Set plugin database path to: C:\ST\STM32CubeIDE_1.10.1\STM32CubeIDE\plugins\com.st.stm32cube.common.mx_6.14.1.202504091515\\db\/plugins/boardmanager/
2026-04-21 14:06:35,153 [INFO] ApiDb:261 - Set plugin images path to: C:\ST\STM32CubeIDE_1.10.1\STM32CubeIDE\plugins\com.st.stm32cube.common.mx_6.14.1.202504091515\\db\/plugins/mcufinder/images/
2026-04-21 14:06:35,153 [WARN] DbFile:41 - Overriding database path with different value: C:\Users\abhil\.stmcufinder\plugins\mcufinder/ => C:\Users\abhil\.stmcufinder\plugins\mcufinder
2026-04-21 14:06:35,153 [INFO] ApiDb:250 - Set database path to: C:\Users\abhil\.stmcufinder\plugins\mcufinder//mcu/
2026-04-21 14:06:35,153 [WARN] DbFile:41 - Overriding database path with different value: C:\Users\abhil\.stmcufinder\plugins\mcufinder/ => C:\Users\abhil\.stmcufinder\plugins\mcufinder
2026-04-21 14:06:35,153 [INFO] DbMcusAds:125 - Set database path to: C:\Users\abhil\.stmcufinder\plugins\mcufinder//mcu/
2026-04-21 14:06:35,153 [WARN] DbFile:41 - Overriding database path with different value: C:\Users\abhil\.stmcufinder\plugins\mcufinder/ => C:\Users\abhil\.stmcufinder\plugins\mcufinder
2026-04-21 14:06:35,153 [WARN] DbFile:41 - Overriding database path with different value: C:\Users\abhil\.stmcufinder\plugins\mcufinder/ => C:\Users\abhil\.stmcufinder\plugins\mcufinder
2026-04-21 14:06:35,154 [INFO] CrossReferenceDbSqlite:203 - Set database path to: C:\Users\abhil\.stmcufinder\plugins\mcufinder//mcu/cs/
2026-04-21 14:06:35,173 [INFO] ApplicationProperties:184 - Using Application install path: C:\ST\STM32CubeIDE_1.10.1\STM32CubeIDE\plugins\com.st.stm32cube.common.mx_6.14.1.202504091515
2026-04-21 14:06:35,175 [INFO] PluginManage:196 - Search for loadable plugins [exclusion list=, ]
2026-04-21 14:06:35,175 [INFO] PluginManage:310 - Check plugin analytics
2026-04-21 14:06:35,375 [INFO] AnalyticsPlugin:253 - Accepted Software Licenses: 
2026-04-21 14:06:35,376 [INFO] AnalyticsPlugin:255 - Accepted CMSIS Pack Licenses: 
2026-04-21 14:06:35,376 [INFO] AnalyticsPlugin:257 - Accepted Firmware Licenses: FW.F4.1.27.0,FW.H7.1.10.0,FW.H7.1.12.0,FW.F4.1.28.0
2026-04-21 14:06:35,378 [INFO] PluginManage:359 - Loaded plugin analytics (category:tool,tabindex:-1)
2026-04-21 14:06:35,379 [INFO] PluginManage:310 - Check plugin cadmodel
2026-04-21 14:06:35,396 [INFO] CADModel:105 - Init CAD model plugin
2026-04-21 14:06:35,396 [INFO] PluginManage:359 - Loaded plugin cadmodel (category:power,tabindex:5)
2026-04-21 14:06:35,396 [INFO] PluginManage:310 - Check plugin clock
2026-04-21 14:06:35,416 [INFO] PluginManage:359 - Loaded plugin clock (category:base,tabindex:2)
2026-04-21 14:06:35,417 [INFO] PluginManage:310 - Check plugin ddr
2026-04-21 14:06:35,419 [INFO] PluginManage:359 - Loaded plugin ddr (category:tool,tabindex:6)
2026-04-21 14:06:35,419 [INFO] PluginManage:310 - Check plugin filemanager
2026-04-21 14:06:35,571 [INFO] PluginManage:359 - Loaded plugin filemanager (category:base,tabindex:10)
2026-04-21 14:06:35,571 [INFO] PluginManage:310 - Check plugin ipmanager
2026-04-21 14:06:35,579 [INFO] PluginManage:359 - Loaded plugin ipmanager (category:base,tabindex:5)
2026-04-21 14:06:35,579 [INFO] PluginManage:310 - Check plugin lpbam
2026-04-21 14:06:35,598 [INFO] PluginManage:359 - Loaded plugin lpbam (category:base,tabindex:0)
2026-04-21 14:06:35,598 [INFO] PluginManage:310 - Check plugin memorymap
2026-04-21 14:06:35,621 [INFO] PluginManage:359 - Loaded plugin memorymap (category:base,tabindex:4)
2026-04-21 14:06:35,622 [INFO] PluginManage:310 - Check plugin pinoutandconfiguration
2026-04-21 14:06:35,644 [INFO] PluginManage:359 - Loaded plugin pinoutandconfiguration (category:base,tabindex:1)
2026-04-21 14:06:35,644 [INFO] PluginManage:310 - Check plugin pinoutconfig
2026-04-21 14:06:35,765 [WARN] SupportedApi:132 - Cannot load RTOS API schema: s4s-elt-must-match.1: The content of 'definitions' must match (annotation?, (simpleType | complexType)?, (unique | key | keyref)*)). A problem was found starting at: attribute.
2026-04-21 14:06:35,903 [INFO] PluginManage:359 - Loaded plugin pinoutconfig (category:base,tabindex:0)
2026-04-21 14:06:35,903 [INFO] PluginManage:310 - Check plugin power
2026-04-21 14:06:35,925 [INFO] PluginManage:359 - Loaded plugin power (category:power,tabindex:4)
2026-04-21 14:06:35,925 [INFO] PluginManage:310 - Check plugin projectmanager
2026-04-21 14:06:35,941 [INFO] PluginManage:359 - Loaded plugin projectmanager (category:projectmanager,tabindex:4)
2026-04-21 14:06:35,941 [INFO] PluginManage:310 - Check plugin rif
2026-04-21 14:06:35,957 [INFO] PluginManage:359 - Loaded plugin rif (category:base,tabindex:3)
2026-04-21 14:06:35,957 [INFO] PluginManage:310 - Check plugin thirdparty
2026-04-21 14:06:36,300 [INFO] PluginManage:359 - Loaded plugin thirdparty (category:base,tabindex:-1)
2026-04-21 14:06:36,300 [INFO] PluginManage:310 - Check plugin tools
2026-04-21 14:06:36,300 [WARN] IntegrityCheckThread:84 - waiting for thirdparty lock release [integrity check]
2026-04-21 14:06:36,300 [INFO] IntegrityCheckThread:86 - entering critical section [integrity check]
2026-04-21 14:06:36,300 [INFO] ThirdPartyUpdaterWithRetryManager:70 - Updater plugin not ready yet. [1/15]
2026-04-21 14:06:36,341 [INFO] PluginManage:359 - Loaded plugin tools (category:base,tabindex:7)
2026-04-21 14:06:36,341 [INFO] PluginManage:310 - Check plugin tutovideos
2026-04-21 14:06:36,543 [INFO] PluginManage:359 - Loaded plugin tutovideos (category:base,tabindex:-1)
2026-04-21 14:06:36,543 [INFO] PluginManage:310 - Check plugin updater
2026-04-21 14:06:36,568 [INFO] PluginManage:359 - Loaded plugin updater (category:base,tabindex:12)
2026-04-21 14:06:36,568 [INFO] PluginManage:310 - Check plugin userauth
2026-04-21 14:06:36,573 [INFO] UserAuth:118 - Init User Auth plugin
2026-04-21 14:06:36,574 [INFO] PluginManage:359 - Loaded plugin userauth (category:base,tabindex:14)
2026-04-21 14:06:36,574 [INFO] PluginManage:283 - PluginManage : Loaded plugins [18]
2026-04-21 14:06:36,844 [INFO] PinOutPanel:1589 - setPackage(No Configuration,No Configuration)
2026-04-21 14:06:36,944 [INFO] CADModel:165 - CPN selected for project level
2026-04-21 14:06:36,944 [INFO] CADModel:114 - Register for checkConnection events
2026-04-21 14:06:36,975 [INFO] IPUIPlugin:80 - create IPUIPlugin
2026-04-21 14:06:36,975 [INFO] PluginManager:220 - loadIPPluginJar : add adc
2026-04-21 14:06:37,025 [INFO] IPUIPlugin:80 - create IPUIPlugin
2026-04-21 14:06:37,025 [INFO] PluginManager:220 - loadIPPluginJar : add aes
2026-04-21 14:06:37,073 [INFO] IPUIPlugin:80 - create IPUIPlugin
2026-04-21 14:06:37,073 [INFO] PluginManager:220 - loadIPPluginJar : add can
2026-04-21 14:06:37,100 [INFO] IPUIPlugin:80 - create IPUIPlugin
2026-04-21 14:06:37,100 [INFO] PluginManager:220 - loadIPPluginJar : add comp
2026-04-21 14:06:37,139 [INFO] IPUIPlugin:80 - create IPUIPlugin
2026-04-21 14:06:37,139 [INFO] PluginManager:220 - loadIPPluginJar : add cryp
2026-04-21 14:06:37,151 [INFO] IPUIPlugin:80 - create IPUIPlugin
2026-04-21 14:06:37,151 [INFO] PluginManager:220 - loadIPPluginJar : add ddr_ctrl_phy
2026-04-21 14:06:37,187 [INFO] IPUIPlugin:80 - create IPUIPlugin
2026-04-21 14:06:37,187 [INFO] PluginManager:220 - loadIPPluginJar : add dfsdm
2026-04-21 14:06:37,201 [INFO] IPUIPlugin:80 - create IPUIPlugin
2026-04-21 14:06:37,210 [INFO] PluginManager:220 - loadIPPluginJar : add dma
2026-04-21 14:06:37,254 [INFO] IPUIPlugin:80 - create IPUIPlugin
2026-04-21 14:06:37,254 [INFO] PluginManager:220 - loadIPPluginJar : add dma3
2026-04-21 14:06:37,304 [INFO] IPUIPlugin:80 - create IPUIPlugin
2026-04-21 14:06:37,304 [INFO] PluginManager:220 - loadIPPluginJar : add extmemmanager
2026-04-21 14:06:37,328 [INFO] IPUIPlugin:80 - create IPUIPlugin
2026-04-21 14:06:37,328 [INFO] PluginManager:220 - loadIPPluginJar : add fatfs
2026-04-21 14:06:37,383 [INFO] IPUIPlugin:80 - create IPUIPlugin
2026-04-21 14:06:37,383 [INFO] PluginManager:220 - loadIPPluginJar : add fmc
2026-04-21 14:06:37,398 [INFO] IPUIPlugin:80 - create IPUIPlugin
2026-04-21 14:06:37,399 [INFO] PluginManager:220 - loadIPPluginJar : add freertos
2026-04-21 14:06:37,425 [INFO] IPUIPlugin:80 - create IPUIPlugin
2026-04-21 14:06:37,425 [INFO] PluginManager:220 - loadIPPluginJar : add genericplugin
2026-04-21 14:06:37,537 [INFO] IPUIPlugin:80 - create IPUIPlugin
2026-04-21 14:06:37,537 [INFO] PluginManager:220 - loadIPPluginJar : add gfxmmu
2026-04-21 14:06:37,707 [INFO] IPUIPlugin:80 - create IPUIPlugin
2026-04-21 14:06:37,707 [INFO] PluginManager:220 - loadIPPluginJar : add gic
2026-04-21 14:06:37,720 [INFO] IPUIPlugin:80 - create IPUIPlugin
2026-04-21 14:06:37,720 [INFO] PluginManager:220 - loadIPPluginJar : add gpio
2026-04-21 14:06:37,828 [INFO] IPUIPlugin:80 - create IPUIPlugin
2026-04-21 14:06:37,828 [INFO] PluginManager:220 - loadIPPluginJar : add gtzc
2026-04-21 14:06:37,871 [INFO] IPUIPlugin:80 - create IPUIPlugin
2026-04-21 14:06:37,871 [INFO] PluginManager:220 - loadIPPluginJar : add hash
2026-04-21 14:06:37,943 [INFO] IPUIPlugin:80 - create IPUIPlugin
2026-04-21 14:06:37,943 [INFO] PluginManager:220 - loadIPPluginJar : add i2c
2026-04-21 14:06:37,998 [INFO] IPUIPlugin:80 - create IPUIPlugin
2026-04-21 14:06:37,999 [INFO] PluginManager:220 - loadIPPluginJar : add i2s
2026-04-21 14:06:38,047 [INFO] IPUIPlugin:80 - create IPUIPlugin
2026-04-21 14:06:38,047 [INFO] PluginManager:220 - loadIPPluginJar : add i3c
2026-04-21 14:06:38,173 [INFO] IPUIPlugin:80 - create IPUIPlugin
2026-04-21 14:06:38,173 [INFO] PluginManager:220 - loadIPPluginJar : add ipddr
2026-04-21 14:06:38,285 [INFO] IPUIPlugin:80 - create IPUIPlugin
2026-04-21 14:06:38,286 [INFO] PluginManager:220 - loadIPPluginJar : add linkedlist
2026-04-21 14:06:38,330 [INFO] IPUIPlugin:80 - create IPUIPlugin
2026-04-21 14:06:38,330 [INFO] PluginManager:220 - loadIPPluginJar : add lorawan
2026-04-21 14:06:38,380 [INFO] IPUIPlugin:80 - create IPUIPlugin
2026-04-21 14:06:38,380 [INFO] PluginManager:220 - loadIPPluginJar : add ltdc
2026-04-21 14:06:38,396 [INFO] IPUIPlugin:80 - create IPUIPlugin
2026-04-21 14:06:38,396 [INFO] PluginManager:220 - loadIPPluginJar : add mdma
2026-04-21 14:06:38,411 [INFO] IPUIPlugin:80 - create IPUIPlugin
2026-04-21 14:06:38,411 [INFO] PluginManager:220 - loadIPPluginJar : add nvic
2026-04-21 14:06:38,455 [INFO] IPUIPlugin:80 - create IPUIPlugin
2026-04-21 14:06:38,455 [INFO] PluginManager:220 - loadIPPluginJar : add opamp
2026-04-21 14:06:38,530 [INFO] IPUIPlugin:80 - create IPUIPlugin
2026-04-21 14:06:38,530 [INFO] PluginManager:220 - loadIPPluginJar : add openamp
2026-04-21 14:06:38,589 [INFO] IPUIPlugin:80 - create IPUIPlugin
2026-04-21 14:06:38,589 [INFO] PluginManager:220 - loadIPPluginJar : add pdm2pcm
2026-04-21 14:06:38,604 [INFO] IPUIPlugin:80 - create IPUIPlugin
2026-04-21 14:06:38,608 [INFO] PluginManager:220 - loadIPPluginJar : add plateformsettings
2026-04-21 14:06:38,637 [INFO] IPUIPlugin:80 - create IPUIPlugin
2026-04-21 14:06:38,637 [INFO] PluginManager:220 - loadIPPluginJar : add quadspi
2026-04-21 14:06:38,668 [INFO] IPUIPlugin:80 - create IPUIPlugin
2026-04-21 14:06:38,669 [INFO] PluginManager:220 - loadIPPluginJar : add radio
2026-04-21 14:06:38,682 [INFO] IPUIPlugin:80 - create IPUIPlugin
2026-04-21 14:06:38,682 [INFO] PluginManager:220 - loadIPPluginJar : add resmgrutility
2026-04-21 14:06:38,741 [INFO] IPUIPlugin:80 - create IPUIPlugin
2026-04-21 14:06:38,742 [INFO] PluginManager:220 - loadIPPluginJar : add sai
2026-04-21 14:06:38,784 [INFO] IPUIPlugin:80 - create IPUIPlugin
2026-04-21 14:06:38,784 [INFO] PluginManager:220 - loadIPPluginJar : add spi
2026-04-21 14:06:38,892 [INFO] IPUIPlugin:80 - create IPUIPlugin
2026-04-21 14:06:38,892 [INFO] PluginManager:220 - loadIPPluginJar : add stm32_wpan
2026-04-21 14:06:38,920 [INFO] IPUIPlugin:80 - create IPUIPlugin
2026-04-21 14:06:38,920 [INFO] PluginManager:220 - loadIPPluginJar : add tim
2026-04-21 14:06:38,991 [INFO] IPUIPlugin:80 - create IPUIPlugin
2026-04-21 14:06:38,991 [INFO] PluginManager:220 - loadIPPluginJar : add touchsensing
2026-04-21 14:06:39,017 [INFO] IPUIPlugin:80 - create IPUIPlugin
2026-04-21 14:06:39,017 [INFO] PluginManager:220 - loadIPPluginJar : add tracer_emb
2026-04-21 14:06:39,050 [INFO] IPUIPlugin:80 - create IPUIPlugin
2026-04-21 14:06:39,050 [INFO] PluginManager:220 - loadIPPluginJar : add ts
2026-04-21 14:06:39,075 [INFO] IPUIPlugin:80 - create IPUIPlugin
2026-04-21 14:06:39,075 [INFO] PluginManager:220 - loadIPPluginJar : add tsc
2026-04-21 14:06:39,101 [INFO] IPUIPlugin:80 - create IPUIPlugin
2026-04-21 14:06:39,101 [INFO] PluginManager:220 - loadIPPluginJar : add ucpd
2026-04-21 14:06:39,153 [INFO] IPUIPlugin:80 - create IPUIPlugin
2026-04-21 14:06:39,153 [INFO] PluginManager:220 - loadIPPluginJar : add usart
2026-04-21 14:06:39,204 [INFO] IPUIPlugin:80 - create IPUIPlugin
2026-04-21 14:06:39,204 [INFO] PluginManager:220 - loadIPPluginJar : add usbx
2026-04-21 14:06:39,302 [INFO] ThirdPartyUpdaterWithRetryManager:70 - Updater plugin not ready yet. [2/15]
2026-04-21 14:06:39,347 [FATAL] Updater:351 - Updater called before beeing initialized
2026-04-21 14:06:39,373 [INFO] RulesReader:64 - Compatibility file has been processed (302 Rules)
2026-04-21 14:06:39,384 [INFO] RulesReader:64 - Compatibility file has been processed (302 Rules)
2026-04-21 14:06:39,393 [INFO] CADModel:165 - CPN selected for project level
2026-04-21 14:06:39,393 [INFO] CADModel:114 - Register for checkConnection events
2026-04-21 14:06:39,393 [FATAL] Updater:351 - Updater called before beeing initialized
2026-04-21 14:06:39,393 [ERROR] CADModel:125 - Updater not yet initialized, retry later 
2026-04-21 14:06:39,552 [FATAL] Updater:351 - Updater called before beeing initialized
2026-04-21 14:06:39,554 [INFO] CADModel:165 - CPN selected for project level
2026-04-21 14:06:39,554 [INFO] CADModel:114 - Register for checkConnection events
2026-04-21 14:06:39,554 [FATAL] Updater:351 - Updater called before beeing initialized
2026-04-21 14:06:39,554 [ERROR] CADModel:125 - Updater not yet initialized, retry later 
2026-04-21 14:06:39,558 [FATAL] Updater:351 - Updater called before beeing initialized
2026-04-21 14:06:39,700 [FATAL] Updater:351 - Updater called before beeing initialized
2026-04-21 14:06:39,712 [INFO] DbMcusAds:53 - JSON generation date=Thu Mar 05 20:02:53 IST 2026 (1772721173050)
2026-04-21 14:06:39,712 [FATAL] Updater:351 - Updater called before beeing initialized
2026-04-21 14:06:39,749 [WARN] DetailPanel:346 - Failed to get advertising image, set to default
2026-04-21 14:06:39,991 [FATAL] Updater:351 - Updater called before beeing initialized
2026-04-21 14:06:39,995 [FATAL] Updater:351 - Updater called before beeing initialized
2026-04-21 14:06:39,995 [FATAL] Updater:351 - Updater called before beeing initialized
2026-04-21 14:06:39,995 [WARN] DetailPanel:346 - Failed to get advertising image, set to default
2026-04-21 14:06:39,996 [FATAL] Updater:351 - Updater called before beeing initialized
2026-04-21 14:06:40,069 [ERROR] Updater:1198 - MainUpdater not yet initialized. External WinMGr cannot be set.
2026-04-21 14:06:40,084 [INFO] Updater:1134 - Updater Version found : 6.14.1
2026-04-21 14:06:40,105 [INFO] ApplicationProperties:184 - Using Application install path: C:\ST\STM32CubeIDE_1.10.1\STM32CubeIDE\plugins\com.st.stm32cube.common.mx_6.14.1.202504091515
2026-04-21 14:06:40,573 [INFO] MainUpdater:2872 - connection check result : 10
2026-04-21 14:06:40,574 [INFO] MainUpdater:3566 - Updater definition file requires update
2026-04-21 14:06:40,575 [INFO] MainUpdater:289 - Updater Check For Update Now.
2026-04-21 14:06:40,575 [INFO] MicroXplorer:498 - Change Database Version : DB.6.0.141
2026-04-21 14:06:40,595 [INFO] McuFinderGlobals:63 - Set McuFinder mode to 2 (CubeIDE integrated)
2026-04-21 14:06:40,604 [INFO] UserAuth:484 - Internet connection configuration mode: 1
2026-04-21 14:06:40,632 [INFO] JxBrowserEngine:152 - Initiate JxBrowser Engine with user profile folder
2026-04-21 14:06:40,644 [INFO] ServerAccessManage:473 - Download File updaters.zip
2026-04-21 14:06:40,756 [INFO] FileExtend:242 - Unzip File : updaters.zip
2026-04-21 14:06:40,756 [INFO] FileExtend:257 - Standard Zip Deflate
2026-04-21 14:06:41,623 [INFO] ServerAccessManage:473 - Download File PacksControlFlags.xml
2026-04-21 14:06:41,711 [INFO] ServerAccessManage:473 - Download File cubemx.pidx
2026-04-21 14:06:42,302 [WARN] MainUpdater:1193 - Updater busy. Cannot search thirdparties
2026-04-21 14:06:42,302 [INFO] ThirdPartyUpdaterWithRetryManager:96 - Updater plugin is busy. [1/15]
2026-04-21 14:06:42,306 [INFO] WebApp:169 - Instantiating new browser for Auth
2026-04-21 14:06:43,219 [INFO] WebApp:463 - Apply proxy settings
2026-04-21 14:06:43,219 [INFO] WebApp:548 - Chromium requires no authentication
2026-04-21 14:06:43,230 [INFO] WebApp:491 - Direct internet connection detected
2026-04-21 14:06:43,256 [INFO] WebApp:894 - Register for checkConnection events
2026-04-21 14:06:43,256 [INFO] WebApp:463 - Apply proxy settings
2026-04-21 14:06:43,257 [INFO] WebApp:548 - Chromium requires no authentication
2026-04-21 14:06:43,257 [INFO] WebApp:491 - Direct internet connection detected
2026-04-21 14:06:43,365 [INFO] ServerAccessManage:473 - Download File STMicroelectronics.X-CUBE-ST67W61.pdsc
2026-04-21 14:06:43,438 [INFO] WebApp:225 - Starting web application
2026-04-21 14:06:43,438 [INFO] WebApp:593 - Web application path used C:\ST\STM32CubeIDE_1.10.1\STM32CubeIDE\plugins\com.st.stm32cube.common.mx_6.14.1.202504091515\db\plugins\mcufinder\reactClient1\index.html
2026-04-21 14:06:43,609 [INFO] WebApp:191 - Connection restablished
2026-04-21 14:06:43,657 [INFO] UserAuth:484 - Internet connection configuration mode: 1
2026-04-21 14:06:44,406 [WARN] PopulateThirdPartyThread:106 - Error when creating pack: C:/Users/abhil/.stm32cubemx/thirdparties/pdsc/STMicroelectronics.X-CUBE-ST67W61.pdsc
2026-04-21 14:06:44,406 [INFO] PopulateThirdPartyThread:66 - Ending populate Thread
2026-04-21 14:06:44,406 [INFO] LoadServerUpdatesThread:375 - End of LoadServerUpdate Thread
2026-04-21 14:06:44,571 [INFO] CheckServerUpdateThread:120 - End of CheckServer Thread
2026-04-21 14:06:45,692 [WARN] PackLoader:240 - Cannot read IP mode file for STMicroelectronics.X-CUBE-AZRTOS-H7.3.5.0
2026-04-21 14:06:45,713 [WARN] PackLoader:240 - Cannot read IP mode file for STMicroelectronics.FP-SNS-MOTENVWB1.1.4.0
2026-04-21 14:06:45,719 [WARN] PackLoader:240 - Cannot read IP mode file for STMicroelectronics.FP-ATR-ASTRA1.2.0.2
2026-04-21 14:06:45,734 [WARN] PackLoader:240 - Cannot read IP mode file for STMicroelectronics.FP-ATR-ASTRA1.2.0.1
2026-04-21 14:06:45,750 [WARN] PackLoader:240 - Cannot read IP mode file for STMicroelectronics.X-CUBE-SMBUS.2.1.0
2026-04-21 14:06:45,766 [WARN] PackLoader:240 - Cannot read IP mode file for STMicroelectronics.X-CUBE-WB05N.1.1.0
2026-04-21 14:06:45,784 [WARN] PackLoader:240 - Cannot read IP mode file for STMicroelectronics.X-CUBE-ST60.1.0.0
2026-04-21 14:06:45,802 [WARN] PackLoader:240 - Cannot read IP mode file for STMicroelectronics.X-CUBE-TOUCHGFX.4.23.2
2026-04-21 14:06:45,835 [WARN] PackLoader:240 - Cannot read IP mode file for STMicroelectronics.X-CUBE-AZRTOS-F7.1.1.0
2026-04-21 14:06:45,854 [WARN] PackLoader:240 - Cannot read IP mode file for STMicroelectronics.X-CUBE-BLE1.6.2.3
2026-04-21 14:06:45,906 [WARN] PackLoader:240 - Cannot read IP mode file for STMicroelectronics.X-CUBE-MEMS1.11.0.0
2026-04-21 14:06:46,033 [WARN] PackLoader:240 - Cannot read IP mode file for STMicroelectronics.X-CUBE-BLE1.6.2.4
2026-04-21 14:06:46,047 [ERROR] Engine:466 - C:\Users\abhil\.stm32cubemx\thirdparties\pdsc\STMicroelectronics.FP-SNS-MOTENV1.5.1.0.pdsc: PDSC version is not supported
2026-04-21 14:06:46,067 [WARN] PackLoader:240 - Cannot read IP mode file for STMicroelectronics.FP-SNS-FLIGHT1.5.0.2
2026-04-21 14:06:46,088 [WARN] PackLoader:240 - Cannot read IP mode file for STMicroelectronics.X-CUBE-TOF1.3.1.0
2026-04-21 14:06:46,120 [WARN] PackLoader:240 - Cannot read IP mode file for STMicroelectronics.X-CUBE-AZRTOS-H7.3.4.0
2026-04-21 14:06:46,141 [WARN] PackLoader:240 - Cannot read IP mode file for STMicroelectronics.X-CUBE-DISPLAY.3.0.0
2026-04-21 14:06:46,149 [ERROR] Engine:466 - C:\Users\abhil\.stm32cubemx\thirdparties\pdsc\STMicroelectronics.FP-SNS-MOTENVWB1.1.5.0.pdsc: PDSC version is not supported
2026-04-21 14:06:46,162 [WARN] PackLoader:240 - Cannot read IP mode file for STMicroelectronics.X-CUBE-BLE1.7.0.0
2026-04-21 14:06:46,181 [WARN] PackLoader:240 - Cannot read IP mode file for STMicroelectronics.X-CUBE-NFC10.1.0.0
2026-04-21 14:06:46,206 [WARN] PackLoader:240 - Cannot read IP mode file for STMicroelectronics.X-CUBE-BLEMGR.4.0.0
2026-04-21 14:06:46,222 [WARN] PackLoader:240 - Cannot read IP mode file for STMicroelectronics.X-CUBE-ST60.1.1.0
2026-04-21 14:06:46,237 [WARN] PackLoader:240 - Cannot read IP mode file for STMicroelectronics.X-CUBE-GNSS1.7.1.0
2026-04-21 14:06:46,274 [WARN] PackLoader:240 - Cannot read IP mode file for STMicroelectronics.X-CUBE-MEMS1.9.3.0
2026-04-21 14:06:46,351 [WARN] PackLoader:240 - Cannot read IP mode file for STMicroelectronics.X-CUBE-AI.7.2.0
2026-04-21 14:06:46,368 [WARN] PackLoader:240 - Cannot read IP mode file for STMicroelectronics.X-CUBE-BLEMGR.3.1.0
2026-04-21 14:06:46,384 [WARN] PackLoader:240 - Cannot read IP mode file for STMicroelectronics.X-CUBE-AI.10.0.0
2026-04-21 14:06:46,400 [ERROR] Engine:466 - C:\Users\abhil\.stm32cubemx\thirdparties\pdsc\STMicroelectronics.FP-SNS-STBOX1.2.1.0.pdsc: PDSC version is not supported
2026-04-21 14:06:46,417 [WARN] PackLoader:240 - Cannot read IP mode file for STMicroelectronics.FP-SNS-SMARTAG2.1.2.0
2026-04-21 14:06:46,422 [WARN] PackLoader:240 - Cannot read IP mode file for STMicroelectronics.FP-SNS-FLIGHT1.5.1.0
2026-04-21 14:06:46,471 [WARN] PackLoader:240 - Cannot read IP mode file for STMicroelectronics.X-CUBE-MEMS1.11.1.0
2026-04-21 14:06:46,567 [INFO] LogOutputStream:77 - [STDOUT_REDIRECT] 1 : Invalid condition id : UX_CORESTACK_Condition cause : null
2026-04-21 14:06:46,568 [INFO] LogOutputStream:77 - [STDOUT_REDIRECT] 1 : Invalid condition id : UX_CORESTACK_Condition cause : null
2026-04-21 14:06:46,569 [INFO] LogOutputStream:77 - [STDOUT_REDIRECT] 1 : Invalid condition id : UX_CORESTACK_Condition cause : null
2026-04-21 14:06:46,570 [INFO] LogOutputStream:77 - [STDOUT_REDIRECT] 1 : Invalid condition id : UX_CORESTACK_Condition cause : null
2026-04-21 14:06:46,571 [INFO] LogOutputStream:77 - [STDOUT_REDIRECT] 1 : Invalid condition id : UX_CORESTACK_Condition cause : null
2026-04-21 14:06:46,573 [WARN] PackLoader:240 - Cannot read IP mode file for STMicroelectronics.X-CUBE-AZRTOS-WL.2.0.0
2026-04-21 14:06:46,593 [WARN] PackLoader:240 - Cannot read IP mode file for STMicroelectronics.FP-SNS-MOTENV1.5.0.0
2026-04-21 14:06:46,626 [WARN] PackLoader:240 - Cannot read IP mode file for STMicroelectronics.X-CUBE-AZRTOS-H7RS.1.2.0
2026-04-21 14:06:46,633 [WARN] PackLoader:240 - Cannot read IP mode file for wolfSSL.I-CUBE-wolfMQTT.1.19.0
2026-04-21 14:06:46,652 [WARN] PackLoader:240 - Cannot read IP mode file for WES.I-CUBE-Cesium.1.3.0
2026-04-21 14:06:46,668 [WARN] PackLoader:240 - Cannot read IP mode file for STMicroelectronics.X-CUBE-BLE2.3.3.0
2026-04-21 14:06:46,715 [WARN] PackLoader:240 - Cannot read IP mode file for STMicroelectronics.X-CUBE-DISPLAY.2.2.0
2026-04-21 14:06:46,738 [WARN] PackLoader:240 - Cannot read IP mode file for STMicroelectronics.X-CUBE-TOF1.3.2.0
2026-04-21 14:06:46,759 [WARN] PackLoader:240 - Cannot read IP mode file for STMicroelectronics.X-CUBE-ISPU.1.0.0
2026-04-21 14:06:46,777 [WARN] PackLoader:240 - Cannot read IP mode file for STMicroelectronics.X-CUBE-NFC9.1.0.0
2026-04-21 14:06:46,803 [WARN] PackLoader:240 - Cannot read IP mode file for STMicroelectronics.X-CUBE-AZRTOS-H7.2.1.0
2026-04-21 14:06:46,822 [WARN] PackLoader:240 - Cannot read IP mode file for STMicroelectronics.X-CUBE-BLE1.7.1.0
2026-04-21 14:06:46,838 [WARN] PackLoader:240 - Cannot read IP mode file for STMicroelectronics.X-CUBE-TCPP.4.1.0
2026-04-21 14:06:46,856 [ERROR] Engine:466 - C:\Users\abhil\.stm32cubemx\thirdparties\pdsc\STMicroelectronics.X-CUBE-FREERTOS.1.4.0.pdsc: PDSC version is not supported
2026-04-21 14:06:46,876 [WARN] PackLoader:240 - Cannot read IP mode file for STMicroelectronics.X-CUBE-EEPRMA1.5.2.0
2026-04-21 14:06:46,890 [WARN] PackLoader:240 - Cannot read IP mode file for STMicroelectronics.X-CUBE-TOUCHGFX.4.21.3
2026-04-21 14:06:46,903 [WARN] PackLoader:240 - Cannot read IP mode file for STMicroelectronics.X-CUBE-AI.7.3.0
2026-04-21 14:06:46,915 [ERROR] Engine:466 - C:\Users\abhil\.stm32cubemx\thirdparties\pdsc\STMicroelectronics.X-CUBE-ST67W61.1.1.0.pdsc: PDSC version is not supported
2026-04-21 14:06:46,930 [WARN] PackLoader:240 - Cannot read IP mode file for STMicroelectronics.X-CUBE-AI.10.1.0
2026-04-21 14:06:46,967 [WARN] PackLoader:240 - Cannot read IP mode file for STMicroelectronics.X-CUBE-MEMS1.12.0.0
2026-04-21 14:06:47,019 [WARN] PackLoader:240 - Cannot read IP mode file for STMicroelectronics.X-CUBE-ALGOBUILD.1.3.0
2026-04-21 14:06:47,086 [WARN] PackLoader:240 - Cannot read IP mode file for STMicroelectronics.X-CUBE-MEMS1.11.2.0
2026-04-21 14:06:47,200 [WARN] PackLoader:240 - Cannot read IP mode file for STMicroelectronics.X-CUBE-AZRTOS-G0.1.1.0
2026-04-21 14:06:47,215 [WARN] PackLoader:240 - Cannot read IP mode file for STMicroelectronics.X-CUBE-SAFEA1.1.2.2
2026-04-21 14:06:47,233 [WARN] PackLoader:240 - Cannot read IP mode file for STMicroelectronics.X-CUBE-NFC4.3.0.0
2026-04-21 14:06:47,264 [WARN] PackLoader:240 - Cannot read IP mode file for SEGGER.I-CUBE-embOS.1.2.1
2026-04-21 14:06:47,294 [WARN] PackLoader:240 - Cannot read IP mode file for wolfSSL.I-CUBE-wolfMQTT.1.18.0
2026-04-21 14:06:47,312 [WARN] PackLoader:240 - Cannot read IP mode file for EmbeddedOffice.I-CUBE-FS-RTOS.1.0.1
2026-04-21 14:06:47,327 [WARN] PackLoader:240 - Cannot read IP mode file for STMicroelectronics.X-CUBE-WB05N.2.0.0
2026-04-21 14:06:47,341 [WARN] PackLoader:240 - Cannot read IP mode file for STMicroelectronics.X-CUBE-TCPP.4.2.0
2026-04-21 14:06:47,358 [WARN] PackLoader:240 - Cannot read IP mode file for RealThread.X-CUBE-RT-Thread_Nano.4.1.1
2026-04-21 14:06:47,364 [WARN] PackLoader:240 - Cannot read IP mode file for STMicroelectronics.FP-ATR-SIGFOX1.3.2.0
2026-04-21 14:06:47,369 [WARN] ConditionMgr:438 - getConditionDescription Invalid condition id : Cortex-A Device cause : null
2026-04-21 14:06:47,387 [WARN] ConditionMgr:1044 - genDependencies : Invalid condition id : Cortex-A Device cause : null
2026-04-21 14:06:47,387 [WARN] ConditionMgr:1044 - genDependencies : Invalid condition id : Cortex-A Device cause : null
2026-04-21 14:06:47,387 [WARN] ConditionMgr:1044 - genDependencies : Invalid condition id : Cortex-A Device cause : null
2026-04-21 14:06:47,403 [WARN] PackLoader:240 - Cannot read IP mode file for STMicroelectronics.X-CUBE-EEPRMA1.5.1.0
2026-04-21 14:06:47,416 [ERROR] Engine:466 - C:\Users\abhil\.stm32cubemx\thirdparties\pdsc\STMicroelectronics.X-CUBE-FREERTOS.1.5.0.pdsc: PDSC version is not supported
2026-04-21 14:06:47,433 [WARN] PackLoader:240 - Cannot read IP mode file for emotas.I-CUBE-CANOPEN.1.1.2
2026-04-21 14:06:47,449 [WARN] PackLoader:240 - Cannot read IP mode file for STMicroelectronics.X-CUBE-TOUCHGFX.4.20.0
2026-04-21 14:06:47,464 [WARN] PackLoader:240 - Cannot read IP mode file for ITTIA_DB.I-CUBE-ITTIADB.8.9.0
2026-04-21 14:06:47,480 [WARN] PackLoader:240 - Cannot read IP mode file for STMicroelectronics.X-CUBE-NFC6.3.2.0
2026-04-21 14:06:47,514 [WARN] PackLoader:240 - Cannot read IP mode file for STMicroelectronics.X-CUBE-MEMS1.9.5.0
2026-04-21 14:06:47,587 [WARN] PackLoader:240 - Cannot read IP mode file for STMicroelectronics.X-CUBE-ST67W61.1.0.0
2026-04-21 14:06:47,601 [WARN] PackLoader:240 - Cannot read IP mode file for STMicroelectronics.X-CUBE-AI.10.2.0
2026-04-21 14:06:47,626 [WARN] PackLoader:240 - Cannot read IP mode file for SEGGER.I-CUBE-embOS.1.3.1
2026-04-21 14:06:47,657 [WARN] PackLoader:240 - Cannot read IP mode file for STMicroelectronics.X-CUBE-ALGOBUILD.1.4.0
2026-04-21 14:06:47,697 [WARN] PackLoader:240 - Cannot read IP mode file for STMicroelectronics.X-CUBE-MEMS1.11.3.0
2026-04-21 14:06:47,803 [WARN] PackLoader:240 - Cannot read IP mode file for STMicroelectronics.X-CUBE-AI.9.1.0
2026-04-21 14:06:47,819 [WARN] PackLoader:240 - Cannot read IP mode file for STMicroelectronics.X-CUBE-PM33A1.1.0.0
2026-04-21 14:06:47,835 [WARN] PackLoader:240 - Cannot read IP mode file for STMicroelectronics.X-CUBE-GNSS1.6.0.0
2026-04-21 14:06:47,861 [WARN] PackLoader:240 - Cannot read IP mode file for STMicroelectronics.X-CUBE-AZRTOS-F4.1.1.0
2026-04-21 14:06:47,883 [WARN] PackLoader:240 - Cannot read IP mode file for Avnet-IotConnect.X-CUBE-IoTC-DA16k-PMOD.1.0.0
2026-04-21 14:06:47,894 [WARN] PackLoader:240 - Cannot read IP mode file for STMicroelectronics.X-CUBE-ISPU.2.1.0
2026-04-21 14:06:47,914 [ERROR] Engine:466 - C:\Users\abhil\.stm32cubemx\thirdparties\pdsc\STMicroelectronics.X-CUBE-IPS.3.2.0.pdsc: PDSC version is not supported
2026-04-21 14:06:47,920 [WARN] PackLoader:240 - Cannot read IP mode file for STMicroelectronics.eDS-WB_DPC_TT-BIDIR.2.1.1
2026-04-21 14:06:47,943 [WARN] PackLoader:240 - Cannot read IP mode file for STMicroelectronics.X-CUBE-FREERTOS.1.2.0
2026-04-21 14:06:47,958 [WARN] PackLoader:240 - Cannot read IP mode file for STMicroelectronics.X-CUBE-NFC12.1.0.0
2026-04-21 14:06:47,985 [WARN] PackLoader:240 - Cannot read IP mode file for STMicroelectronics.X-CUBE-BLEMGR.1.2.0
2026-04-21 14:06:48,019 [WARN] PackLoader:240 - Cannot read IP mode file for STMicroelectronics.X-CUBE-AZRTOS-L5.2.0.0
2026-04-21 14:06:48,039 [WARN] PackLoader:240 - Cannot read IP mode file for STMicroelectronics.X-CUBE-NFC6.3.1.0
2026-04-21 14:06:48,059 [WARN] PackLoader:240 - Cannot read IP mode file for STMicroelectronics.X-CUBE-BLEMGR.2.0.0
2026-04-21 14:06:48,082 [WARN] PackLoader:240 - Cannot read IP mode file for STMicroelectronics.X-CUBE-DPower.1.2.0
2026-04-21 14:06:48,088 [WARN] PackLoader:240 - Cannot read IP mode file for STMicroelectronics.eDS-WB_DPC_VIENNA.1.2.0
2026-04-21 14:06:48,096 [WARN] PackLoader:240 - Cannot read IP mode file for STMicroelectronics.eDS-WB_DPC_3PH2L-BIDIR.1.1.1
2026-04-21 14:06:48,111 [WARN] PackLoader:240 - Cannot read IP mode file for STMicroelectronics.X-CUBE-NFC4.2.0.4
2026-04-21 14:06:48,123 [WARN] PackLoader:240 - Cannot read IP mode file for STMicroelectronics.X-CUBE-AI.9.0.0
2026-04-21 14:06:48,149 [WARN] ConditionMgr:438 - getConditionDescription Invalid condition id : UX DEVICE CLASS RTOS Condition cause : null
2026-04-21 14:06:48,149 [WARN] ConditionMgr:438 - getConditionDescription Invalid condition id : UX DEVICE CLASS RTOS Condition cause : null
2026-04-21 14:06:48,152 [WARN] PackLoader:240 - Cannot read IP mode file for STMicroelectronics.X-CUBE-AZRTOS-H7.3.1.0
2026-04-21 14:06:48,153 [WARN] ConditionMgr:1044 - genDependencies : Invalid condition id : UX DEVICE CLASS RTOS Condition cause : null
2026-04-21 14:06:48,153 [WARN] ConditionMgr:1044 - genDependencies : Invalid condition id : UX DEVICE CLASS RTOS Condition cause : null
2026-04-21 14:06:48,153 [WARN] ConditionMgr:1044 - genDependencies : Invalid condition id : UX DEVICE CLASS RTOS Condition cause : null
2026-04-21 14:06:48,154 [WARN] ConditionMgr:1044 - genDependencies : Invalid condition id : UX DEVICE CLASS RTOS Condition cause : null
2026-04-21 14:06:48,154 [WARN] ConditionMgr:1044 - genDependencies : Invalid condition id : UX DEVICE CLASS RTOS Condition cause : null
2026-04-21 14:06:48,159 [ERROR] Engine:466 - C:\Users\abhil\.stm32cubemx\thirdparties\pdsc\STMicroelectronics.X-CUBE-ST67W61.1.3.0.pdsc: PDSC version is not supported
2026-04-21 14:06:48,174 [WARN] PackLoader:240 - Cannot read IP mode file for wolfSSL.I-CUBE-wolfSSL.5.5.1
2026-04-21 14:06:48,188 [WARN] PackLoader:240 - Cannot read IP mode file for STMicroelectronics.X-CUBE-FREERTOS.1.3.1
2026-04-21 14:06:48,197 [WARN] PackLoader:240 - Cannot read IP mode file for STMicroelectronics.X-CUBE-FREERTOS.1.3.0
2026-04-21 14:06:48,214 [WARN] PackLoader:240 - Cannot read IP mode file for STMicroelectronics.X-CUBE-NFC7.1.0.1
2026-04-21 14:06:48,231 [WARN] PackLoader:240 - Cannot read IP mode file for STMicroelectronics.X-CUBE-NFC7.1.0.0
2026-04-21 14:06:48,249 [WARN] PackLoader:240 - Cannot read IP mode file for STMicroelectronics.X-CUBE-TOUCHGFX.4.26.0
2026-04-21 14:06:48,269 [WARN] PackLoader:240 - Cannot read IP mode file for STMicroelectronics.X-CUBE-TOUCHGFX.4.26.1
2026-04-21 14:06:48,280 [WARN] PackLoader:240 - Cannot read IP mode file for STMicroelectronics.X-CUBE-EEPRMA1.4.1.0
2026-04-21 14:06:48,295 [WARN] PackLoader:240 - Cannot read IP mode file for STMicroelectronics.FP-SNS-STAIOTCFT.1.0.0
2026-04-21 14:06:48,311 [WARN] PackLoader:240 - Cannot read IP mode file for STMicroelectronics.X-CUBE-DPower.1.3.0
2026-04-21 14:06:48,356 [WARN] ConditionMgr:438 - getConditionDescription Invalid condition id : LAN8742 Phy interface Condition cause : null
2026-04-21 14:06:48,361 [WARN] PackLoader:240 - Cannot read IP mode file for STMicroelectronics.X-CUBE-AZRTOS-L4.2.0.0
2026-04-21 14:06:48,362 [WARN] ConditionMgr:1044 - genDependencies : Invalid condition id : LAN8742 Phy interface Condition cause : null
2026-04-21 14:06:48,362 [WARN] ConditionMgr:1044 - genDependencies : Invalid condition id : LAN8742 Phy interface Condition cause : null
2026-04-21 14:06:48,363 [WARN] ConditionMgr:1044 - genDependencies : Invalid condition id : LAN8742 Phy interface Condition cause : null
2026-04-21 14:06:48,383 [WARN] PackLoader:240 - Cannot read IP mode file for STMicroelectronics.X-CUBE-SFXS2LP1.4.0.0
2026-04-21 14:06:48,402 [WARN] PackLoader:240 - Cannot read IP mode file for STMicroelectronics.X-CUBE-WB05N.2.1.0
2026-04-21 14:06:48,410 [ERROR] Engine:466 - C:\Users\abhil\.stm32cubemx\thirdparties\pdsc\STMicroelectronics.X-CUBE-ST67W61.1.2.0.pdsc: PDSC version is not supported
2026-04-21 14:06:48,426 [WARN] PackLoader:240 - Cannot read IP mode file for STMicroelectronics.X-CUBE-ISPU.1.1.0
2026-04-21 14:06:48,458 [WARN] PackLoader:240 - Cannot read IP mode file for STMicroelectronics.X-CUBE-AZRTOS-H7.3.3.0
2026-04-21 14:06:48,474 [WARN] PackLoader:240 - Cannot read IP mode file for RoweBots.I-CUBE-UNISONRTOS.5.5.0-4
2026-04-21 14:06:48,506 [WARN] PackLoader:240 - Cannot read IP mode file for STMicroelectronics.X-CUBE-BLEMGR.4.1.0
2026-04-21 14:06:48,521 [WARN] PackLoader:240 - Cannot read IP mode file for STMicroelectronics.X-CUBE-AI.8.0.0
2026-04-21 14:06:48,537 [WARN] PackLoader:240 - Cannot read IP mode file for STMicroelectronics.X-CUBE-IPS.3.0.0
2026-04-21 14:06:48,569 [WARN] ConditionMgr:438 - getConditionDescription Invalid condition id : UX DEVICE CLASS RTOS Condition cause : null
2026-04-21 14:06:48,569 [WARN] ConditionMgr:438 - getConditionDescription Invalid condition id : UX DEVICE CLASS RTOS Condition cause : null
2026-04-21 14:06:48,569 [WARN] PackLoader:240 - Cannot read IP mode file for STMicroelectronics.X-CUBE-AZRTOS-WB.2.0.0
2026-04-21 14:06:48,569 [WARN] ConditionMgr:1044 - genDependencies : Invalid condition id : UX DEVICE CLASS RTOS Condition cause : null
2026-04-21 14:06:48,569 [WARN] ConditionMgr:1044 - genDependencies : Invalid condition id : UX DEVICE CLASS RTOS Condition cause : null
2026-04-21 14:06:48,569 [WARN] ConditionMgr:1044 - genDependencies : Invalid condition id : UX DEVICE CLASS RTOS Condition cause : null
2026-04-21 14:06:48,569 [WARN] ConditionMgr:1044 - genDependencies : Invalid condition id : UX DEVICE CLASS RTOS Condition cause : null
2026-04-21 14:06:48,569 [WARN] ConditionMgr:1044 - genDependencies : Invalid condition id : UX DEVICE CLASS RTOS Condition cause : null
2026-04-21 14:06:48,585 [WARN] PackLoader:240 - Cannot read IP mode file for STMicroelectronics.X-CUBE-FREERTOS.1.0.1
2026-04-21 14:06:48,601 [WARN] PackLoader:240 - Cannot read IP mode file for STMicroelectronics.X-CUBE-GNSS1.7.0.0
2026-04-21 14:06:48,616 [WARN] PackLoader:240 - Cannot read IP mode file for STMicroelectronics.X-CUBE-GNSS1.7.0.1
2026-04-21 14:06:48,632 [WARN] PackLoader:240 - Cannot read IP mode file for STMicroelectronics.X-CUBE-TOUCHGFX.4.25.0
2026-04-21 14:06:48,657 [WARN] PackLoader:240 - Cannot read IP mode file for STMicroelectronics.FP-SNS-STBOX1.2.0.0
2026-04-21 14:06:48,677 [WARN] PackLoader:240 - Cannot read IP mode file for STMicroelectronics.X-CUBE-STSE01.2.0.0
2026-04-21 14:06:48,694 [WARN] PackLoader:240 - Cannot read IP mode file for STMicroelectronics.X-CUBE-AZRTOS-L5.1.1.0
2026-04-21 14:06:48,723 [WARN] PackLoader:240 - Cannot read IP mode file for STMicroelectronics.X-CUBE-SUBG2.5.0.0
2026-04-21 14:06:48,756 [WARN] PackLoader:240 - Cannot read IP mode file for STMicroelectronics.X-CUBE-AZRTOS-H7RS.1.1.0
2026-04-21 14:06:48,763 [WARN] PackLoader:240 - Cannot read IP mode file for Cesanta.I-CUBE-Mongoose.7.13.0
2026-04-21 14:06:48,789 [WARN] PackLoader:240 - Cannot read IP mode file for STMicroelectronics.X-CUBE-AZRTOS-G4.2.0.0
2026-04-21 14:06:48,810 [WARN] PackLoader:240 - Cannot read IP mode file for STMicroelectronics.X-CUBE-TOF1.3.3.0
2026-04-21 14:06:48,828 [WARN] PackLoader:240 - Cannot read IP mode file for STMicroelectronics.FP-ATR-ASTRA1.1.1.1
2026-04-21 14:06:48,842 [WARN] PackLoader:240 - Cannot read IP mode file for STMicroelectronics.X-CUBE-NFC7.2.0.0
2026-04-21 14:06:48,867 [WARN] PackLoader:240 - Cannot read IP mode file for STMicroelectronics.X-CUBE-AZRTOS-G4.1.0.0
2026-04-21 14:06:48,892 [WARN] PackLoader:240 - Cannot read IP mode file for STMicroelectronics.X-CUBE-AZRTOS-L4.1.0.0
2026-04-21 14:06:48,908 [WARN] PackLoader:240 - Cannot read IP mode file for STMicroelectronics.X-CUBE-ISPU.2.0.0
2026-04-21 14:06:48,924 [WARN] PackLoader:240 - Cannot read IP mode file for STMicroelectronics.X-CUBE-IPS.3.1.0
2026-04-21 14:06:48,940 [WARN] PackLoader:240 - Cannot read IP mode file for STMicroelectronics.X-CUBE-ALS.1.0.2
2026-04-21 14:06:48,972 [WARN] PackLoader:240 - Cannot read IP mode file for STMicroelectronics.X-CUBE-MEMS1.10.0.0
2026-04-21 14:06:49,037 [WARN] PackLoader:240 - Cannot read IP mode file for STMicroelectronics.X-CUBE-TOUCHGFX.4.24.2
2026-04-21 14:06:49,056 [WARN] PackLoader:240 - Cannot read IP mode file for STMicroelectronics.X-CUBE-AZRTOS-WL.1.0.0
2026-04-21 14:06:49,071 [WARN] PackLoader:240 - Cannot read IP mode file for STMicroelectronics.X-CUBE-TOUCHGFX.4.24.1
2026-04-21 14:06:49,088 [WARN] PackLoader:240 - Cannot read IP mode file for STMicroelectronics.X-CUBE-STSE01.1.0.0
2026-04-21 14:06:49,094 [WARN] PackLoader:240 - Cannot read IP mode file for wolfSSL.I-CUBE-wolfTPM.3.4.0
2026-04-21 14:06:49,109 [WARN] PackLoader:240 - Cannot read IP mode file for portGmbH.I-Cube-SoM-uGOAL.1.1.0
2026-04-21 14:06:49,124 [WARN] PackLoader:240 - Cannot read IP mode file for STMicroelectronics.X-CUBE-ALS.1.0.1
2026-04-21 14:06:49,150 [WARN] PackLoader:240 - Cannot read IP mode file for STMicroelectronics.X-CUBE-AZRTOS-WB.1.1.0
2026-04-21 14:06:49,177 [WARN] PackLoader:240 - Cannot read IP mode file for STMicroelectronics.X-CUBE-AZRTOS-L5.1.0.0
2026-04-21 14:06:49,204 [WARN] PackLoader:240 - Cannot read IP mode file for STMicroelectronics.X-CUBE-EEPRMA1.3.1.1
2026-04-21 14:06:49,229 [WARN] PackLoader:240 - Cannot read IP mode file for STMicroelectronics.X-CUBE-AZRTOS-H7RS.1.0.0
2026-04-21 14:06:49,244 [WARN] PackLoader:240 - Cannot read IP mode file for STMicroelectronics.FP-ATR-ASTRA1.2.0.0
2026-04-21 14:06:49,259 [WARN] PackLoader:240 - Cannot read IP mode file for STMicroelectronics.X-CUBE-TOF1.3.4.2
2026-04-21 14:06:49,292 [WARN] PackLoader:240 - Cannot read IP mode file for STMicroelectronics.X-CUBE-TOF1.3.4.3
2026-04-21 14:06:49,318 [WARN] PackLoader:240 - Cannot read IP mode file for STMicroelectronics.X-CUBE-TOF1.3.4.1
2026-04-21 14:06:49,352 [WARN] PackLoader:240 - Cannot read IP mode file for STMicroelectronics.X-CUBE-AZRTOS-H7.3.2.0
2026-04-21 14:06:49,374 [WARN] PackLoader:240 - Cannot read IP mode file for Infineon.AIROC-Wi-Fi-Bluetooth-STM32.1.6.0
2026-04-21 14:06:49,383 [WARN] PackLoader:240 - Cannot read IP mode file for wolfSSL.I-CUBE-wolfSSH.1.4.17
2026-04-21 14:06:49,383 [INFO] ThirdParty:978 - Integrity check success = true
2026-04-21 14:06:49,384 [INFO] IntegrityCheckThread:100 - exiting critical section [integrity check]
2026-04-21 14:06:49,384 [INFO] IntegrityCheckThread:103 - End integrity checks thread
2026-04-21 14:30:47,585 [INFO] WebApp:194 - Connection lost
2026-04-21 14:30:54,005 [INFO] WebApp:191 - Connection restablished
2026-04-21 14:30:56,877 [INFO] WebApp:194 - Connection lost
2026-04-21 14:30:57,096 [INFO] WebApp:191 - Connection restablished
2026-04-21 14:32:07,640 [INFO] WebApp:194 - Connection lost
2026-04-21 14:32:13,956 [INFO] WebApp:191 - Connection restablished
2026-04-21 14:32:17,376 [INFO] WebApp:194 - Connection lost
2026-04-21 14:32:17,585 [INFO] WebApp:191 - Connection restablished
2026-04-21 14:33:26,289 [INFO] WebApp:194 - Connection lost
2026-04-21 14:33:32,608 [INFO] WebApp:191 - Connection restablished
2026-04-21 14:33:36,423 [INFO] WebApp:194 - Connection lost
2026-04-21 14:33:36,632 [INFO] WebApp:191 - Connection restablished
2026-04-21 15:41:13,402 [INFO] WebApp:194 - Connection lost
2026-04-21 15:41:13,634 [INFO] WebApp:191 - Connection restablished
2026-04-21 15:42:11,869 [INFO] WebApp:194 - Connection lost
2026-04-21 15:42:12,083 [INFO] WebApp:191 - Connection restablished
2026-04-21 15:43:36,436 [INFO] WebApp:194 - Connection lost
2026-04-21 15:43:42,745 [INFO] WebApp:191 - Connection restablished
2026-04-21 15:43:46,890 [INFO] WebApp:194 - Connection lost
2026-04-21 15:43:47,115 [INFO] WebApp:191 - Connection restablished
2026-04-21 15:44:55,371 [INFO] WebApp:194 - Connection lost
2026-04-21 15:45:01,695 [INFO] WebApp:191 - Connection restablished
2026-04-21 15:45:05,393 [INFO] WebApp:194 - Connection lost
2026-04-21 15:45:05,617 [INFO] WebApp:191 - Connection restablished
2026-04-21 15:55:20,633 [INFO] WebApp:194 - Connection lost
2026-04-21 16:03:12,736 [INFO] WebApp:191 - Connection restablished
2026-04-21 18:54:34,576 [INFO] WebApp:194 - Connection lost
2026-04-21 18:54:34,822 [INFO] WebApp:191 - Connection restablished
2026-04-21 18:54:44,173 [INFO] WebApp:194 - Connection lost
2026-04-21 18:54:44,386 [INFO] WebApp:191 - Connection restablished
2026-04-21 22:50:01,794 [ERROR] LogOutputStream:75 - [STDERR_REDIRECT] 
