2026-01-13 07:57:36,977 [ERROR] LogOutputStream:75 - [STDERR_REDIRECT] 
2026-01-13 09:21:08,890 [INFO] Activator:176 - 


2026-01-13 09:21:08,891 [INFO] Activator:177 - !SESSION log4j initialized
2026-01-13 09:21:16,813 [INFO] LogOutputStream:77 - [STDOUT_REDIRECT] 
2026-01-13 09:21:27,730 [INFO] ApplicationProperties:184 - Using Application install path: C:\ST\STM32CubeIDE_1.10.1\STM32CubeIDE\plugins\com.st.stm32cube.common.mx_6.14.1.202504091515
2026-01-13 09:21:27,751 [INFO] DbMcusXml:78 - Set database path to: C:\ST\STM32CubeIDE_1.10.1\STM32CubeIDE\plugins\com.st.stm32cube.common.mx_6.14.1.202504091515\\db\/mcu/
2026-01-13 09:21:27,755 [INFO] ApiDb:274 - Set plugin database path to: C:\ST\STM32CubeIDE_1.10.1\STM32CubeIDE\plugins\com.st.stm32cube.common.mx_6.14.1.202504091515\\db\/plugins/boardmanager/
2026-01-13 09:21:27,755 [WARN] ApiDb:259 - Overriding images path with different value:  => C:\ST\STM32CubeIDE_1.10.1\STM32CubeIDE\plugins\com.st.stm32cube.common.mx_6.14.1.202504091515\\db\/plugins/mcufinder/images/
2026-01-13 09:21:27,776 [INFO] ApiDb:250 - Set database path to: C:\Users\abhil\.stmcufinder\plugins\mcufinder//mcu/
2026-01-13 09:21:27,776 [INFO] DbMcusAds:125 - Set database path to: C:\Users\abhil\.stmcufinder\plugins\mcufinder//mcu/
2026-01-13 09:21:27,782 [INFO] CrossReferenceDbSqlite:203 - Set database path to: C:\Users\abhil\.stmcufinder\plugins\mcufinder//mcu/cs/
2026-01-13 09:21:27,934 [INFO] RulesReader:64 - Compatibility file has been processed (302 Rules)
2026-01-13 09:21:28,040 [INFO] DbMcusXml:78 - Set database path to: C:\ST\STM32CubeIDE_1.10.1\STM32CubeIDE\plugins\com.st.stm32cube.common.mx_6.14.1.202504091515\\db\/mcu/
2026-01-13 09:21:28,040 [INFO] ApiDb:274 - Set plugin database path to: C:\ST\STM32CubeIDE_1.10.1\STM32CubeIDE\plugins\com.st.stm32cube.common.mx_6.14.1.202504091515\\db\/plugins/boardmanager/
2026-01-13 09:21:28,040 [INFO] ApiDb:261 - Set plugin images path to: C:\ST\STM32CubeIDE_1.10.1\STM32CubeIDE\plugins\com.st.stm32cube.common.mx_6.14.1.202504091515\\db\/plugins/mcufinder/images/
2026-01-13 09:21:28,040 [WARN] DbFile:41 - Overriding database path with different value: C:\Users\abhil\.stmcufinder\plugins\mcufinder/ => C:\Users\abhil\.stmcufinder\plugins\mcufinder
2026-01-13 09:21:28,040 [INFO] ApiDb:250 - Set database path to: C:\Users\abhil\.stmcufinder\plugins\mcufinder//mcu/
2026-01-13 09:21:28,040 [WARN] DbFile:41 - Overriding database path with different value: C:\Users\abhil\.stmcufinder\plugins\mcufinder/ => C:\Users\abhil\.stmcufinder\plugins\mcufinder
2026-01-13 09:21:28,040 [INFO] DbMcusAds:125 - Set database path to: C:\Users\abhil\.stmcufinder\plugins\mcufinder//mcu/
2026-01-13 09:21:28,040 [WARN] DbFile:41 - Overriding database path with different value: C:\Users\abhil\.stmcufinder\plugins\mcufinder/ => C:\Users\abhil\.stmcufinder\plugins\mcufinder
2026-01-13 09:21:28,040 [WARN] DbFile:41 - Overriding database path with different value: C:\Users\abhil\.stmcufinder\plugins\mcufinder/ => C:\Users\abhil\.stmcufinder\plugins\mcufinder
2026-01-13 09:21:28,040 [INFO] CrossReferenceDbSqlite:203 - Set database path to: C:\Users\abhil\.stmcufinder\plugins\mcufinder//mcu/cs/
2026-01-13 09:21:28,137 [INFO] MainPanel:272 - HeapMemory: 268435456
2026-01-13 09:21:28,257 [INFO] DbMcusXml:78 - Set database path to: C:\ST\STM32CubeIDE_1.10.1\STM32CubeIDE\plugins\com.st.stm32cube.common.mx_6.14.1.202504091515\\db\/mcu/
2026-01-13 09:21:28,257 [INFO] ApiDb:274 - Set plugin database path to: C:\ST\STM32CubeIDE_1.10.1\STM32CubeIDE\plugins\com.st.stm32cube.common.mx_6.14.1.202504091515\\db\/plugins/boardmanager/
2026-01-13 09:21:28,257 [INFO] ApiDb:261 - Set plugin images path to: C:\ST\STM32CubeIDE_1.10.1\STM32CubeIDE\plugins\com.st.stm32cube.common.mx_6.14.1.202504091515\\db\/plugins/mcufinder/images/
2026-01-13 09:21:28,257 [WARN] DbFile:41 - Overriding database path with different value: C:\Users\abhil\.stmcufinder\plugins\mcufinder/ => C:\Users\abhil\.stmcufinder\plugins\mcufinder
2026-01-13 09:21:28,257 [INFO] ApiDb:250 - Set database path to: C:\Users\abhil\.stmcufinder\plugins\mcufinder//mcu/
2026-01-13 09:21:28,257 [WARN] DbFile:41 - Overriding database path with different value: C:\Users\abhil\.stmcufinder\plugins\mcufinder/ => C:\Users\abhil\.stmcufinder\plugins\mcufinder
2026-01-13 09:21:28,257 [INFO] DbMcusAds:125 - Set database path to: C:\Users\abhil\.stmcufinder\plugins\mcufinder//mcu/
2026-01-13 09:21:28,257 [WARN] DbFile:41 - Overriding database path with different value: C:\Users\abhil\.stmcufinder\plugins\mcufinder/ => C:\Users\abhil\.stmcufinder\plugins\mcufinder
2026-01-13 09:21:28,257 [WARN] DbFile:41 - Overriding database path with different value: C:\Users\abhil\.stmcufinder\plugins\mcufinder/ => C:\Users\abhil\.stmcufinder\plugins\mcufinder
2026-01-13 09:21:28,257 [INFO] CrossReferenceDbSqlite:203 - Set database path to: C:\Users\abhil\.stmcufinder\plugins\mcufinder//mcu/cs/
2026-01-13 09:21:28,277 [INFO] ApplicationProperties:184 - Using Application install path: C:\ST\STM32CubeIDE_1.10.1\STM32CubeIDE\plugins\com.st.stm32cube.common.mx_6.14.1.202504091515
2026-01-13 09:21:28,277 [INFO] PluginManage:196 - Search for loadable plugins [exclusion list=, ]
2026-01-13 09:21:28,282 [INFO] PluginManage:310 - Check plugin analytics
2026-01-13 09:21:37,961 [INFO] AnalyticsPlugin:253 - Accepted Software Licenses: 
2026-01-13 09:21:37,961 [INFO] AnalyticsPlugin:255 - Accepted CMSIS Pack Licenses: 
2026-01-13 09:21:37,961 [INFO] AnalyticsPlugin:257 - Accepted Firmware Licenses: FW.F4.1.27.0,FW.H7.1.10.0,FW.H7.1.12.0,FW.F4.1.28.0
2026-01-13 09:21:37,965 [INFO] PluginManage:359 - Loaded plugin analytics (category:tool,tabindex:-1)
2026-01-13 09:21:37,965 [INFO] PluginManage:310 - Check plugin cadmodel
2026-01-13 09:21:37,973 [INFO] CADModel:105 - Init CAD model plugin
2026-01-13 09:21:37,973 [INFO] PluginManage:359 - Loaded plugin cadmodel (category:power,tabindex:5)
2026-01-13 09:21:37,973 [INFO] PluginManage:310 - Check plugin clock
2026-01-13 09:21:37,988 [INFO] PluginManage:359 - Loaded plugin clock (category:base,tabindex:2)
2026-01-13 09:21:37,988 [INFO] PluginManage:310 - Check plugin ddr
2026-01-13 09:21:37,991 [INFO] PluginManage:359 - Loaded plugin ddr (category:tool,tabindex:6)
2026-01-13 09:21:37,992 [INFO] PluginManage:310 - Check plugin filemanager
2026-01-13 09:21:38,184 [INFO] PluginManage:359 - Loaded plugin filemanager (category:base,tabindex:10)
2026-01-13 09:21:38,184 [INFO] PluginManage:310 - Check plugin ipmanager
2026-01-13 09:21:38,199 [INFO] PluginManage:359 - Loaded plugin ipmanager (category:base,tabindex:5)
2026-01-13 09:21:38,199 [INFO] PluginManage:310 - Check plugin lpbam
2026-01-13 09:21:38,218 [INFO] PluginManage:359 - Loaded plugin lpbam (category:base,tabindex:0)
2026-01-13 09:21:38,218 [INFO] PluginManage:310 - Check plugin memorymap
2026-01-13 09:21:38,232 [INFO] PluginManage:359 - Loaded plugin memorymap (category:base,tabindex:4)
2026-01-13 09:21:38,232 [INFO] PluginManage:310 - Check plugin pinoutandconfiguration
2026-01-13 09:21:38,234 [INFO] PluginManage:359 - Loaded plugin pinoutandconfiguration (category:base,tabindex:1)
2026-01-13 09:21:38,234 [INFO] PluginManage:310 - Check plugin pinoutconfig
2026-01-13 09:21:38,353 [WARN] SupportedApi:132 - Cannot load RTOS API schema: s4s-elt-must-match.1: The content of 'definitions' must match (annotation?, (simpleType | complexType)?, (unique | key | keyref)*)). A problem was found starting at: attribute.
2026-01-13 09:21:38,532 [INFO] PluginManage:359 - Loaded plugin pinoutconfig (category:base,tabindex:0)
2026-01-13 09:21:38,532 [INFO] PluginManage:310 - Check plugin power
2026-01-13 09:21:38,538 [INFO] PluginManage:359 - Loaded plugin power (category:power,tabindex:4)
2026-01-13 09:21:38,538 [INFO] PluginManage:310 - Check plugin projectmanager
2026-01-13 09:21:38,564 [INFO] PluginManage:359 - Loaded plugin projectmanager (category:projectmanager,tabindex:4)
2026-01-13 09:21:38,564 [INFO] PluginManage:310 - Check plugin rif
2026-01-13 09:21:38,599 [INFO] PluginManage:359 - Loaded plugin rif (category:base,tabindex:3)
2026-01-13 09:21:38,599 [INFO] PluginManage:310 - Check plugin thirdparty
2026-01-13 09:21:38,943 [INFO] PluginManage:359 - Loaded plugin thirdparty (category:base,tabindex:-1)
2026-01-13 09:21:38,943 [WARN] IntegrityCheckThread:84 - waiting for thirdparty lock release [integrity check]
2026-01-13 09:21:38,943 [INFO] PluginManage:310 - Check plugin tools
2026-01-13 09:21:38,943 [INFO] IntegrityCheckThread:86 - entering critical section [integrity check]
2026-01-13 09:21:38,943 [INFO] ThirdPartyUpdaterWithRetryManager:70 - Updater plugin not ready yet. [1/15]
2026-01-13 09:21:38,943 [INFO] PluginManage:359 - Loaded plugin tools (category:base,tabindex:7)
2026-01-13 09:21:38,943 [INFO] PluginManage:310 - Check plugin tutovideos
2026-01-13 09:21:39,202 [INFO] PluginManage:359 - Loaded plugin tutovideos (category:base,tabindex:-1)
2026-01-13 09:21:39,202 [INFO] PluginManage:310 - Check plugin updater
2026-01-13 09:21:39,227 [INFO] PluginManage:359 - Loaded plugin updater (category:base,tabindex:12)
2026-01-13 09:21:39,227 [INFO] PluginManage:310 - Check plugin userauth
2026-01-13 09:21:39,233 [INFO] UserAuth:118 - Init User Auth plugin
2026-01-13 09:21:39,235 [INFO] PluginManage:359 - Loaded plugin userauth (category:base,tabindex:14)
2026-01-13 09:21:39,235 [INFO] PluginManage:283 - PluginManage : Loaded plugins [18]
2026-01-13 09:21:39,501 [INFO] PinOutPanel:1589 - setPackage(No Configuration,No Configuration)
2026-01-13 09:21:39,606 [INFO] CADModel:165 - CPN selected for project level
2026-01-13 09:21:39,606 [INFO] CADModel:114 - Register for checkConnection events
2026-01-13 09:21:39,629 [INFO] IPUIPlugin:80 - create IPUIPlugin
2026-01-13 09:21:39,629 [INFO] PluginManager:220 - loadIPPluginJar : add adc
2026-01-13 09:21:39,629 [INFO] IPUIPlugin:80 - create IPUIPlugin
2026-01-13 09:21:39,629 [INFO] PluginManager:220 - loadIPPluginJar : add aes
2026-01-13 09:21:39,636 [INFO] IPUIPlugin:80 - create IPUIPlugin
2026-01-13 09:21:39,636 [INFO] PluginManager:220 - loadIPPluginJar : add can
2026-01-13 09:21:39,639 [INFO] IPUIPlugin:80 - create IPUIPlugin
2026-01-13 09:21:39,639 [INFO] PluginManager:220 - loadIPPluginJar : add comp
2026-01-13 09:21:39,644 [INFO] IPUIPlugin:80 - create IPUIPlugin
2026-01-13 09:21:39,644 [INFO] PluginManager:220 - loadIPPluginJar : add cryp
2026-01-13 09:21:39,661 [INFO] IPUIPlugin:80 - create IPUIPlugin
2026-01-13 09:21:39,663 [INFO] PluginManager:220 - loadIPPluginJar : add ddr_ctrl_phy
2026-01-13 09:21:39,665 [INFO] IPUIPlugin:80 - create IPUIPlugin
2026-01-13 09:21:39,665 [INFO] PluginManager:220 - loadIPPluginJar : add dfsdm
2026-01-13 09:21:39,671 [INFO] IPUIPlugin:80 - create IPUIPlugin
2026-01-13 09:21:39,673 [INFO] PluginManager:220 - loadIPPluginJar : add dma
2026-01-13 09:21:39,675 [INFO] IPUIPlugin:80 - create IPUIPlugin
2026-01-13 09:21:39,677 [INFO] PluginManager:220 - loadIPPluginJar : add dma3
2026-01-13 09:21:39,679 [INFO] IPUIPlugin:80 - create IPUIPlugin
2026-01-13 09:21:39,679 [INFO] PluginManager:220 - loadIPPluginJar : add extmemmanager
2026-01-13 09:21:39,683 [INFO] IPUIPlugin:80 - create IPUIPlugin
2026-01-13 09:21:39,683 [INFO] PluginManager:220 - loadIPPluginJar : add fatfs
2026-01-13 09:21:39,687 [INFO] IPUIPlugin:80 - create IPUIPlugin
2026-01-13 09:21:39,687 [INFO] PluginManager:220 - loadIPPluginJar : add fmc
2026-01-13 09:21:39,694 [INFO] IPUIPlugin:80 - create IPUIPlugin
2026-01-13 09:21:39,694 [INFO] PluginManager:220 - loadIPPluginJar : add freertos
2026-01-13 09:21:39,694 [INFO] IPUIPlugin:80 - create IPUIPlugin
2026-01-13 09:21:39,694 [INFO] PluginManager:220 - loadIPPluginJar : add genericplugin
2026-01-13 09:21:39,701 [INFO] IPUIPlugin:80 - create IPUIPlugin
2026-01-13 09:21:39,701 [INFO] PluginManager:220 - loadIPPluginJar : add gfxmmu
2026-01-13 09:21:39,707 [INFO] IPUIPlugin:80 - create IPUIPlugin
2026-01-13 09:21:39,707 [INFO] PluginManager:220 - loadIPPluginJar : add gic
2026-01-13 09:21:39,712 [INFO] IPUIPlugin:80 - create IPUIPlugin
2026-01-13 09:21:39,712 [INFO] PluginManager:220 - loadIPPluginJar : add gpio
2026-01-13 09:21:39,715 [INFO] IPUIPlugin:80 - create IPUIPlugin
2026-01-13 09:21:39,715 [INFO] PluginManager:220 - loadIPPluginJar : add gtzc
2026-01-13 09:21:39,719 [INFO] IPUIPlugin:80 - create IPUIPlugin
2026-01-13 09:21:39,729 [INFO] PluginManager:220 - loadIPPluginJar : add hash
2026-01-13 09:21:39,731 [INFO] IPUIPlugin:80 - create IPUIPlugin
2026-01-13 09:21:39,731 [INFO] PluginManager:220 - loadIPPluginJar : add i2c
2026-01-13 09:21:39,737 [INFO] IPUIPlugin:80 - create IPUIPlugin
2026-01-13 09:21:39,737 [INFO] PluginManager:220 - loadIPPluginJar : add i2s
2026-01-13 09:21:39,741 [INFO] IPUIPlugin:80 - create IPUIPlugin
2026-01-13 09:21:39,741 [INFO] PluginManager:220 - loadIPPluginJar : add i3c
2026-01-13 09:21:39,919 [INFO] IPUIPlugin:80 - create IPUIPlugin
2026-01-13 09:21:39,920 [INFO] PluginManager:220 - loadIPPluginJar : add ipddr
2026-01-13 09:21:39,927 [INFO] IPUIPlugin:80 - create IPUIPlugin
2026-01-13 09:21:39,927 [INFO] PluginManager:220 - loadIPPluginJar : add linkedlist
2026-01-13 09:21:39,930 [INFO] IPUIPlugin:80 - create IPUIPlugin
2026-01-13 09:21:39,930 [INFO] PluginManager:220 - loadIPPluginJar : add lorawan
2026-01-13 09:21:39,930 [INFO] IPUIPlugin:80 - create IPUIPlugin
2026-01-13 09:21:39,930 [INFO] PluginManager:220 - loadIPPluginJar : add ltdc
2026-01-13 09:21:39,937 [INFO] IPUIPlugin:80 - create IPUIPlugin
2026-01-13 09:21:39,937 [INFO] PluginManager:220 - loadIPPluginJar : add mdma
2026-01-13 09:21:39,943 [INFO] IPUIPlugin:80 - create IPUIPlugin
2026-01-13 09:21:39,945 [INFO] PluginManager:220 - loadIPPluginJar : add nvic
2026-01-13 09:21:39,945 [INFO] IPUIPlugin:80 - create IPUIPlugin
2026-01-13 09:21:39,945 [INFO] PluginManager:220 - loadIPPluginJar : add opamp
2026-01-13 09:21:39,949 [INFO] IPUIPlugin:80 - create IPUIPlugin
2026-01-13 09:21:39,949 [INFO] PluginManager:220 - loadIPPluginJar : add openamp
2026-01-13 09:21:39,962 [INFO] IPUIPlugin:80 - create IPUIPlugin
2026-01-13 09:21:39,962 [INFO] PluginManager:220 - loadIPPluginJar : add pdm2pcm
2026-01-13 09:21:39,967 [INFO] IPUIPlugin:80 - create IPUIPlugin
2026-01-13 09:21:39,967 [INFO] PluginManager:220 - loadIPPluginJar : add plateformsettings
2026-01-13 09:21:39,967 [INFO] IPUIPlugin:80 - create IPUIPlugin
2026-01-13 09:21:39,967 [INFO] PluginManager:220 - loadIPPluginJar : add quadspi
2026-01-13 09:21:39,967 [INFO] IPUIPlugin:80 - create IPUIPlugin
2026-01-13 09:21:39,967 [INFO] PluginManager:220 - loadIPPluginJar : add radio
2026-01-13 09:21:39,981 [INFO] IPUIPlugin:80 - create IPUIPlugin
2026-01-13 09:21:39,981 [INFO] PluginManager:220 - loadIPPluginJar : add resmgrutility
2026-01-13 09:21:39,981 [INFO] IPUIPlugin:80 - create IPUIPlugin
2026-01-13 09:21:39,981 [INFO] PluginManager:220 - loadIPPluginJar : add sai
2026-01-13 09:21:39,981 [INFO] IPUIPlugin:80 - create IPUIPlugin
2026-01-13 09:21:39,981 [INFO] PluginManager:220 - loadIPPluginJar : add spi
2026-01-13 09:21:39,990 [INFO] IPUIPlugin:80 - create IPUIPlugin
2026-01-13 09:21:39,990 [INFO] PluginManager:220 - loadIPPluginJar : add stm32_wpan
2026-01-13 09:21:39,997 [INFO] IPUIPlugin:80 - create IPUIPlugin
2026-01-13 09:21:39,997 [INFO] PluginManager:220 - loadIPPluginJar : add tim
2026-01-13 09:21:39,997 [INFO] IPUIPlugin:80 - create IPUIPlugin
2026-01-13 09:21:39,997 [INFO] PluginManager:220 - loadIPPluginJar : add touchsensing
2026-01-13 09:21:39,997 [INFO] IPUIPlugin:80 - create IPUIPlugin
2026-01-13 09:21:39,997 [INFO] PluginManager:220 - loadIPPluginJar : add tracer_emb
2026-01-13 09:21:39,997 [INFO] IPUIPlugin:80 - create IPUIPlugin
2026-01-13 09:21:39,997 [INFO] PluginManager:220 - loadIPPluginJar : add ts
2026-01-13 09:21:39,997 [INFO] IPUIPlugin:80 - create IPUIPlugin
2026-01-13 09:21:39,997 [INFO] PluginManager:220 - loadIPPluginJar : add tsc
2026-01-13 09:21:40,013 [INFO] IPUIPlugin:80 - create IPUIPlugin
2026-01-13 09:21:40,013 [INFO] PluginManager:220 - loadIPPluginJar : add ucpd
2026-01-13 09:21:40,013 [INFO] IPUIPlugin:80 - create IPUIPlugin
2026-01-13 09:21:40,013 [INFO] PluginManager:220 - loadIPPluginJar : add usart
2026-01-13 09:21:40,013 [INFO] IPUIPlugin:80 - create IPUIPlugin
2026-01-13 09:21:40,013 [INFO] PluginManager:220 - loadIPPluginJar : add usbx
2026-01-13 09:21:40,163 [FATAL] Updater:351 - Updater called before beeing initialized
2026-01-13 09:21:40,213 [INFO] RulesReader:64 - Compatibility file has been processed (302 Rules)
2026-01-13 09:21:40,223 [INFO] RulesReader:64 - Compatibility file has been processed (302 Rules)
2026-01-13 09:21:40,237 [INFO] CADModel:165 - CPN selected for project level
2026-01-13 09:21:40,237 [INFO] CADModel:114 - Register for checkConnection events
2026-01-13 09:21:40,237 [FATAL] Updater:351 - Updater called before beeing initialized
2026-01-13 09:21:40,237 [ERROR] CADModel:125 - Updater not yet initialized, retry later 
2026-01-13 09:21:40,403 [FATAL] Updater:351 - Updater called before beeing initialized
2026-01-13 09:21:40,416 [INFO] CADModel:165 - CPN selected for project level
2026-01-13 09:21:40,416 [INFO] CADModel:114 - Register for checkConnection events
2026-01-13 09:21:40,416 [FATAL] Updater:351 - Updater called before beeing initialized
2026-01-13 09:21:40,416 [ERROR] CADModel:125 - Updater not yet initialized, retry later 
2026-01-13 09:21:40,416 [FATAL] Updater:351 - Updater called before beeing initialized
2026-01-13 09:21:40,540 [FATAL] Updater:351 - Updater called before beeing initialized
2026-01-13 09:21:40,546 [INFO] DbMcusAds:53 - JSON generation date=Tue Dec 16 04:41:46 IST 2025 (1765840306612)
2026-01-13 09:21:40,547 [FATAL] Updater:351 - Updater called before beeing initialized
2026-01-13 09:21:40,590 [WARN] DetailPanel:346 - Failed to get advertising image, set to default
2026-01-13 09:21:40,900 [FATAL] Updater:351 - Updater called before beeing initialized
2026-01-13 09:21:40,904 [FATAL] Updater:351 - Updater called before beeing initialized
2026-01-13 09:21:40,904 [FATAL] Updater:351 - Updater called before beeing initialized
2026-01-13 09:21:40,904 [WARN] DetailPanel:346 - Failed to get advertising image, set to default
2026-01-13 09:21:40,905 [FATAL] Updater:351 - Updater called before beeing initialized
2026-01-13 09:21:40,965 [ERROR] Updater:1198 - MainUpdater not yet initialized. External WinMGr cannot be set.
2026-01-13 09:21:40,997 [INFO] Updater:1134 - Updater Version found : 6.14.1
2026-01-13 09:21:41,013 [INFO] ApplicationProperties:184 - Using Application install path: C:\ST\STM32CubeIDE_1.10.1\STM32CubeIDE\plugins\com.st.stm32cube.common.mx_6.14.1.202504091515
2026-01-13 09:21:41,468 [INFO] MainUpdater:2872 - connection check result : 10
2026-01-13 09:21:41,468 [INFO] MainUpdater:289 - Updater Check For Update Now.
2026-01-13 09:21:41,468 [INFO] MicroXplorer:498 - Change Database Version : DB.6.0.141
2026-01-13 09:21:41,494 [INFO] McuFinderGlobals:63 - Set McuFinder mode to 2 (CubeIDE integrated)
2026-01-13 09:21:41,506 [INFO] UserAuth:484 - Internet connection configuration mode: 1
2026-01-13 09:21:41,551 [INFO] JxBrowserEngine:152 - Initiate JxBrowser Engine with user profile folder
2026-01-13 09:21:41,716 [INFO] CheckServerUpdateThread:120 - End of CheckServer Thread
2026-01-13 09:21:42,581 [INFO] WebApp:169 - Instantiating new browser for Auth
2026-01-13 09:21:42,655 [WARN] PackLoader:240 - Cannot read IP mode file for STMicroelectronics.FP-SNS-MOTENVWB1.1.4.0
2026-01-13 09:21:42,676 [WARN] PackLoader:240 - Cannot read IP mode file for STMicroelectronics.FP-ATR-ASTRA1.2.0.2
2026-01-13 09:21:42,716 [WARN] PackLoader:240 - Cannot read IP mode file for STMicroelectronics.FP-ATR-ASTRA1.2.0.1
2026-01-13 09:21:42,757 [WARN] PackLoader:240 - Cannot read IP mode file for STMicroelectronics.X-CUBE-SMBUS.2.1.0
2026-01-13 09:21:42,780 [WARN] PackLoader:240 - Cannot read IP mode file for STMicroelectronics.X-CUBE-WB05N.1.1.0
2026-01-13 09:21:42,802 [WARN] PackLoader:240 - Cannot read IP mode file for STMicroelectronics.X-CUBE-ST60.1.0.0
2026-01-13 09:21:42,821 [WARN] PackLoader:240 - Cannot read IP mode file for STMicroelectronics.X-CUBE-TOUCHGFX.4.23.2
2026-01-13 09:21:42,876 [WARN] PackLoader:240 - Cannot read IP mode file for STMicroelectronics.X-CUBE-AZRTOS-F7.1.1.0
2026-01-13 09:21:42,904 [WARN] PackLoader:240 - Cannot read IP mode file for STMicroelectronics.X-CUBE-BLE1.6.2.3
2026-01-13 09:21:43,007 [WARN] PackLoader:240 - Cannot read IP mode file for STMicroelectronics.X-CUBE-MEMS1.11.0.0
2026-01-13 09:21:43,190 [WARN] PackLoader:240 - Cannot read IP mode file for STMicroelectronics.X-CUBE-BLE1.6.2.4
2026-01-13 09:21:43,214 [ERROR] Engine:466 - C:\Users\abhil\.stm32cubemx\thirdparties\pdsc\STMicroelectronics.FP-SNS-MOTENV1.5.1.0.pdsc: PDSC version is not supported
2026-01-13 09:21:43,236 [WARN] PackLoader:240 - Cannot read IP mode file for STMicroelectronics.FP-SNS-FLIGHT1.5.0.2
2026-01-13 09:21:43,269 [WARN] PackLoader:240 - Cannot read IP mode file for STMicroelectronics.X-CUBE-TOF1.3.1.0
2026-01-13 09:21:43,319 [WARN] PackLoader:240 - Cannot read IP mode file for STMicroelectronics.X-CUBE-AZRTOS-H7.3.4.0
2026-01-13 09:21:43,347 [WARN] PackLoader:240 - Cannot read IP mode file for STMicroelectronics.X-CUBE-DISPLAY.3.0.0
2026-01-13 09:21:43,367 [WARN] PackLoader:240 - Cannot read IP mode file for STMicroelectronics.X-CUBE-BLE1.7.0.0
2026-01-13 09:21:43,389 [WARN] PackLoader:240 - Cannot read IP mode file for STMicroelectronics.X-CUBE-NFC10.1.0.0
2026-01-13 09:21:43,413 [WARN] PackLoader:240 - Cannot read IP mode file for STMicroelectronics.X-CUBE-BLEMGR.4.0.0
2026-01-13 09:21:43,434 [WARN] PackLoader:240 - Cannot read IP mode file for STMicroelectronics.X-CUBE-ST60.1.1.0
2026-01-13 09:21:43,455 [WARN] PackLoader:240 - Cannot read IP mode file for STMicroelectronics.X-CUBE-GNSS1.7.1.0
2026-01-13 09:21:43,542 [WARN] PackLoader:240 - Cannot read IP mode file for STMicroelectronics.X-CUBE-MEMS1.9.3.0
2026-01-13 09:21:43,674 [INFO] WebApp:463 - Apply proxy settings
2026-01-13 09:21:43,675 [INFO] WebApp:548 - Chromium requires no authentication
2026-01-13 09:21:43,677 [WARN] PackLoader:240 - Cannot read IP mode file for STMicroelectronics.X-CUBE-AI.7.2.0
2026-01-13 09:21:43,692 [INFO] WebApp:491 - Direct internet connection detected
2026-01-13 09:21:43,701 [WARN] PackLoader:240 - Cannot read IP mode file for STMicroelectronics.X-CUBE-BLEMGR.3.1.0
2026-01-13 09:21:43,713 [WARN] PackLoader:240 - Cannot read IP mode file for STMicroelectronics.X-CUBE-AI.10.0.0
2026-01-13 09:21:43,737 [INFO] WebApp:894 - Register for checkConnection events
2026-01-13 09:21:43,737 [INFO] WebApp:463 - Apply proxy settings
2026-01-13 09:21:43,737 [INFO] WebApp:548 - Chromium requires no authentication
2026-01-13 09:21:43,737 [INFO] WebApp:491 - Direct internet connection detected
2026-01-13 09:21:43,745 [ERROR] Engine:466 - C:\Users\abhil\.stm32cubemx\thirdparties\pdsc\STMicroelectronics.FP-SNS-STBOX1.2.1.0.pdsc: PDSC version is not supported
2026-01-13 09:21:43,770 [WARN] PackLoader:240 - Cannot read IP mode file for STMicroelectronics.FP-SNS-SMARTAG2.1.2.0
2026-01-13 09:21:43,783 [WARN] PackLoader:240 - Cannot read IP mode file for STMicroelectronics.FP-SNS-FLIGHT1.5.1.0
2026-01-13 09:21:43,832 [WARN] PackLoader:240 - Cannot read IP mode file for STMicroelectronics.X-CUBE-MEMS1.11.1.0
2026-01-13 09:21:43,981 [INFO] LogOutputStream:77 - [STDOUT_REDIRECT] 1 : Invalid condition id : UX_CORESTACK_Condition cause : null
2026-01-13 09:21:43,983 [INFO] LogOutputStream:77 - [STDOUT_REDIRECT] 1 : Invalid condition id : UX_CORESTACK_Condition cause : null
2026-01-13 09:21:43,985 [INFO] LogOutputStream:77 - [STDOUT_REDIRECT] 1 : Invalid condition id : UX_CORESTACK_Condition cause : null
2026-01-13 09:21:44,009 [INFO] LogOutputStream:77 - [STDOUT_REDIRECT] 1 : Invalid condition id : UX_CORESTACK_Condition cause : null
2026-01-13 09:21:44,013 [INFO] LogOutputStream:77 - [STDOUT_REDIRECT] 1 : Invalid condition id : UX_CORESTACK_Condition cause : null
2026-01-13 09:21:44,017 [WARN] PackLoader:240 - Cannot read IP mode file for STMicroelectronics.X-CUBE-AZRTOS-WL.2.0.0
2026-01-13 09:21:44,036 [INFO] WebApp:191 - Connection restablished
2026-01-13 09:21:44,050 [WARN] PackLoader:240 - Cannot read IP mode file for STMicroelectronics.FP-SNS-MOTENV1.5.0.0
2026-01-13 09:21:44,080 [INFO] WebApp:225 - Starting web application
2026-01-13 09:21:44,083 [INFO] WebApp:593 - Web application path used C:\ST\STM32CubeIDE_1.10.1\STM32CubeIDE\plugins\com.st.stm32cube.common.mx_6.14.1.202504091515\db\plugins\mcufinder\reactClient1\index.html
2026-01-13 09:21:44,107 [WARN] PackLoader:240 - Cannot read IP mode file for STMicroelectronics.X-CUBE-AZRTOS-H7RS.1.2.0
2026-01-13 09:21:44,137 [WARN] PackLoader:240 - Cannot read IP mode file for wolfSSL.I-CUBE-wolfMQTT.1.19.0
2026-01-13 09:21:44,164 [WARN] PackLoader:240 - Cannot read IP mode file for WES.I-CUBE-Cesium.1.3.0
2026-01-13 09:21:44,196 [WARN] PackLoader:240 - Cannot read IP mode file for STMicroelectronics.X-CUBE-BLE2.3.3.0
2026-01-13 09:21:44,285 [WARN] PackLoader:240 - Cannot read IP mode file for STMicroelectronics.X-CUBE-DISPLAY.2.2.0
2026-01-13 09:21:44,304 [INFO] UserAuth:484 - Internet connection configuration mode: 1
2026-01-13 09:21:44,318 [WARN] PackLoader:240 - Cannot read IP mode file for STMicroelectronics.X-CUBE-TOF1.3.2.0
2026-01-13 09:21:44,355 [WARN] PackLoader:240 - Cannot read IP mode file for STMicroelectronics.X-CUBE-ISPU.1.0.0
2026-01-13 09:21:44,395 [WARN] PackLoader:240 - Cannot read IP mode file for STMicroelectronics.X-CUBE-NFC9.1.0.0
2026-01-13 09:21:44,449 [WARN] PackLoader:240 - Cannot read IP mode file for STMicroelectronics.X-CUBE-AZRTOS-H7.2.1.0
2026-01-13 09:21:44,467 [WARN] PackLoader:240 - Cannot read IP mode file for STMicroelectronics.X-CUBE-BLE1.7.1.0
2026-01-13 09:21:44,499 [WARN] PackLoader:240 - Cannot read IP mode file for STMicroelectronics.X-CUBE-TCPP.4.1.0
2026-01-13 09:21:44,526 [ERROR] Engine:466 - C:\Users\abhil\.stm32cubemx\thirdparties\pdsc\STMicroelectronics.X-CUBE-FREERTOS.1.4.0.pdsc: PDSC version is not supported
2026-01-13 09:21:44,551 [WARN] PackLoader:240 - Cannot read IP mode file for STMicroelectronics.X-CUBE-EEPRMA1.5.2.0
2026-01-13 09:21:44,573 [WARN] PackLoader:240 - Cannot read IP mode file for STMicroelectronics.X-CUBE-TOUCHGFX.4.21.3
2026-01-13 09:21:44,593 [WARN] PackLoader:240 - Cannot read IP mode file for STMicroelectronics.X-CUBE-AI.7.3.0
2026-01-13 09:21:44,612 [ERROR] Engine:466 - C:\Users\abhil\.stm32cubemx\thirdparties\pdsc\STMicroelectronics.X-CUBE-ST67W61.1.1.0.pdsc: PDSC version is not supported
2026-01-13 09:21:44,629 [WARN] PackLoader:240 - Cannot read IP mode file for STMicroelectronics.X-CUBE-AI.10.1.0
2026-01-13 09:21:44,686 [WARN] PackLoader:240 - Cannot read IP mode file for STMicroelectronics.X-CUBE-MEMS1.12.0.0
2026-01-13 09:21:44,745 [WARN] PackLoader:240 - Cannot read IP mode file for STMicroelectronics.X-CUBE-ALGOBUILD.1.3.0
2026-01-13 09:21:44,809 [WARN] PackLoader:240 - Cannot read IP mode file for STMicroelectronics.X-CUBE-MEMS1.11.2.0
2026-01-13 09:21:44,925 [WARN] PackLoader:240 - Cannot read IP mode file for STMicroelectronics.X-CUBE-AZRTOS-G0.1.1.0
2026-01-13 09:21:44,948 [WARN] PackLoader:240 - Cannot read IP mode file for STMicroelectronics.X-CUBE-SAFEA1.1.2.2
2026-01-13 09:21:44,975 [WARN] PackLoader:240 - Cannot read IP mode file for STMicroelectronics.X-CUBE-NFC4.3.0.0
2026-01-13 09:21:45,021 [WARN] PackLoader:240 - Cannot read IP mode file for SEGGER.I-CUBE-embOS.1.2.1
2026-01-13 09:21:45,053 [WARN] PackLoader:240 - Cannot read IP mode file for wolfSSL.I-CUBE-wolfMQTT.1.18.0
2026-01-13 09:21:45,072 [WARN] PackLoader:240 - Cannot read IP mode file for EmbeddedOffice.I-CUBE-FS-RTOS.1.0.1
2026-01-13 09:21:45,090 [WARN] PackLoader:240 - Cannot read IP mode file for STMicroelectronics.X-CUBE-WB05N.2.0.0
2026-01-13 09:21:45,102 [WARN] PackLoader:240 - Cannot read IP mode file for STMicroelectronics.X-CUBE-TCPP.4.2.0
2026-01-13 09:21:45,159 [WARN] PackLoader:240 - Cannot read IP mode file for RealThread.X-CUBE-RT-Thread_Nano.4.1.1
2026-01-13 09:21:45,182 [WARN] PackLoader:240 - Cannot read IP mode file for STMicroelectronics.FP-ATR-SIGFOX1.3.2.0
2026-01-13 09:21:45,203 [WARN] ConditionMgr:438 - getConditionDescription Invalid condition id : Cortex-A Device cause : null
2026-01-13 09:21:45,236 [WARN] ConditionMgr:1044 - genDependencies : Invalid condition id : Cortex-A Device cause : null
2026-01-13 09:21:45,236 [WARN] ConditionMgr:1044 - genDependencies : Invalid condition id : Cortex-A Device cause : null
2026-01-13 09:21:45,236 [WARN] ConditionMgr:1044 - genDependencies : Invalid condition id : Cortex-A Device cause : null
2026-01-13 09:21:45,253 [WARN] PackLoader:240 - Cannot read IP mode file for STMicroelectronics.X-CUBE-EEPRMA1.5.1.0
2026-01-13 09:21:45,285 [WARN] PackLoader:240 - Cannot read IP mode file for emotas.I-CUBE-CANOPEN.1.1.2
2026-01-13 09:21:45,303 [WARN] PackLoader:240 - Cannot read IP mode file for STMicroelectronics.X-CUBE-TOUCHGFX.4.20.0
2026-01-13 09:21:45,319 [WARN] PackLoader:240 - Cannot read IP mode file for ITTIA_DB.I-CUBE-ITTIADB.8.9.0
2026-01-13 09:21:45,369 [WARN] PackLoader:240 - Cannot read IP mode file for STMicroelectronics.X-CUBE-MEMS1.9.5.0
2026-01-13 09:21:45,466 [WARN] PackLoader:240 - Cannot read IP mode file for STMicroelectronics.X-CUBE-ST67W61.1.0.0
2026-01-13 09:21:45,485 [WARN] PackLoader:240 - Cannot read IP mode file for STMicroelectronics.X-CUBE-AI.10.2.0
2026-01-13 09:21:45,501 [WARN] PackLoader:240 - Cannot read IP mode file for SEGGER.I-CUBE-embOS.1.3.1
2026-01-13 09:21:45,552 [WARN] PackLoader:240 - Cannot read IP mode file for STMicroelectronics.X-CUBE-ALGOBUILD.1.4.0
2026-01-13 09:21:45,603 [WARN] PackLoader:240 - Cannot read IP mode file for STMicroelectronics.X-CUBE-MEMS1.11.3.0
2026-01-13 09:21:45,705 [WARN] PackLoader:240 - Cannot read IP mode file for STMicroelectronics.X-CUBE-AI.9.1.0
2026-01-13 09:21:45,726 [WARN] PackLoader:240 - Cannot read IP mode file for STMicroelectronics.X-CUBE-PM33A1.1.0.0
2026-01-13 09:21:45,751 [WARN] PackLoader:240 - Cannot read IP mode file for STMicroelectronics.X-CUBE-GNSS1.6.0.0
2026-01-13 09:21:45,787 [WARN] PackLoader:240 - Cannot read IP mode file for STMicroelectronics.X-CUBE-AZRTOS-F4.1.1.0
2026-01-13 09:21:45,793 [WARN] PackLoader:240 - Cannot read IP mode file for Avnet-IotConnect.X-CUBE-IoTC-DA16k-PMOD.1.0.0
2026-01-13 09:21:45,802 [WARN] PackLoader:240 - Cannot read IP mode file for STMicroelectronics.X-CUBE-ISPU.2.1.0
2026-01-13 09:21:45,837 [ERROR] Engine:466 - C:\Users\abhil\.stm32cubemx\thirdparties\pdsc\STMicroelectronics.X-CUBE-IPS.3.2.0.pdsc: PDSC version is not supported
2026-01-13 09:21:45,852 [WARN] PackLoader:240 - Cannot read IP mode file for STMicroelectronics.X-CUBE-FREERTOS.1.2.0
2026-01-13 09:21:45,869 [WARN] PackLoader:240 - Cannot read IP mode file for STMicroelectronics.X-CUBE-NFC12.1.0.0
2026-01-13 09:21:45,887 [WARN] PackLoader:240 - Cannot read IP mode file for STMicroelectronics.X-CUBE-BLEMGR.1.2.0
2026-01-13 09:21:45,928 [WARN] PackLoader:240 - Cannot read IP mode file for STMicroelectronics.X-CUBE-AZRTOS-L5.2.0.0
2026-01-13 09:21:45,947 [WARN] PackLoader:240 - Cannot read IP mode file for STMicroelectronics.X-CUBE-NFC6.3.1.0
2026-01-13 09:21:45,964 [WARN] PackLoader:240 - Cannot read IP mode file for STMicroelectronics.X-CUBE-BLEMGR.2.0.0
2026-01-13 09:21:45,982 [WARN] PackLoader:240 - Cannot read IP mode file for STMicroelectronics.X-CUBE-DPower.1.2.0
2026-01-13 09:21:45,997 [WARN] PackLoader:240 - Cannot read IP mode file for STMicroelectronics.X-CUBE-NFC4.2.0.4
2026-01-13 09:21:46,014 [WARN] PackLoader:240 - Cannot read IP mode file for STMicroelectronics.X-CUBE-AI.9.0.0
2026-01-13 09:21:46,041 [WARN] ConditionMgr:438 - getConditionDescription Invalid condition id : UX DEVICE CLASS RTOS Condition cause : null
2026-01-13 09:21:46,042 [WARN] ConditionMgr:438 - getConditionDescription Invalid condition id : UX DEVICE CLASS RTOS Condition cause : null
2026-01-13 09:21:46,043 [WARN] PackLoader:240 - Cannot read IP mode file for STMicroelectronics.X-CUBE-AZRTOS-H7.3.1.0
2026-01-13 09:21:46,044 [WARN] ConditionMgr:1044 - genDependencies : Invalid condition id : UX DEVICE CLASS RTOS Condition cause : null
2026-01-13 09:21:46,044 [WARN] ConditionMgr:1044 - genDependencies : Invalid condition id : UX DEVICE CLASS RTOS Condition cause : null
2026-01-13 09:21:46,044 [WARN] ConditionMgr:1044 - genDependencies : Invalid condition id : UX DEVICE CLASS RTOS Condition cause : null
2026-01-13 09:21:46,045 [WARN] ConditionMgr:1044 - genDependencies : Invalid condition id : UX DEVICE CLASS RTOS Condition cause : null
2026-01-13 09:21:46,045 [WARN] ConditionMgr:1044 - genDependencies : Invalid condition id : UX DEVICE CLASS RTOS Condition cause : null
2026-01-13 09:21:46,061 [WARN] PackLoader:240 - Cannot read IP mode file for wolfSSL.I-CUBE-wolfSSL.5.5.1
2026-01-13 09:21:46,072 [WARN] PackLoader:240 - Cannot read IP mode file for STMicroelectronics.X-CUBE-FREERTOS.1.3.1
2026-01-13 09:21:46,095 [WARN] PackLoader:240 - Cannot read IP mode file for STMicroelectronics.X-CUBE-FREERTOS.1.3.0
2026-01-13 09:21:46,112 [WARN] PackLoader:240 - Cannot read IP mode file for STMicroelectronics.X-CUBE-NFC7.1.0.1
2026-01-13 09:21:46,127 [WARN] PackLoader:240 - Cannot read IP mode file for STMicroelectronics.X-CUBE-NFC7.1.0.0
2026-01-13 09:21:46,144 [WARN] PackLoader:240 - Cannot read IP mode file for STMicroelectronics.X-CUBE-TOUCHGFX.4.26.0
2026-01-13 09:21:46,150 [WARN] PackLoader:240 - Cannot read IP mode file for STMicroelectronics.X-CUBE-EEPRMA1.4.1.0
2026-01-13 09:21:46,177 [WARN] PackLoader:240 - Cannot read IP mode file for STMicroelectronics.FP-SNS-STAIOTCFT.1.0.0
2026-01-13 09:21:46,196 [WARN] PackLoader:240 - Cannot read IP mode file for STMicroelectronics.X-CUBE-DPower.1.3.0
2026-01-13 09:21:46,246 [WARN] ConditionMgr:438 - getConditionDescription Invalid condition id : LAN8742 Phy interface Condition cause : null
2026-01-13 09:21:46,246 [WARN] PackLoader:240 - Cannot read IP mode file for STMicroelectronics.X-CUBE-AZRTOS-L4.2.0.0
2026-01-13 09:21:46,248 [WARN] ConditionMgr:1044 - genDependencies : Invalid condition id : LAN8742 Phy interface Condition cause : null
2026-01-13 09:21:46,248 [WARN] ConditionMgr:1044 - genDependencies : Invalid condition id : LAN8742 Phy interface Condition cause : null
2026-01-13 09:21:46,248 [WARN] ConditionMgr:1044 - genDependencies : Invalid condition id : LAN8742 Phy interface Condition cause : null
2026-01-13 09:21:46,272 [WARN] PackLoader:240 - Cannot read IP mode file for STMicroelectronics.X-CUBE-SFXS2LP1.4.0.0
2026-01-13 09:21:46,287 [WARN] PackLoader:240 - Cannot read IP mode file for STMicroelectronics.X-CUBE-ISPU.1.1.0
2026-01-13 09:21:46,323 [WARN] PackLoader:240 - Cannot read IP mode file for STMicroelectronics.X-CUBE-AZRTOS-H7.3.3.0
2026-01-13 09:21:46,347 [WARN] PackLoader:240 - Cannot read IP mode file for RoweBots.I-CUBE-UNISONRTOS.5.5.0-4
2026-01-13 09:21:46,368 [WARN] PackLoader:240 - Cannot read IP mode file for STMicroelectronics.X-CUBE-BLEMGR.4.1.0
2026-01-13 09:21:46,390 [WARN] PackLoader:240 - Cannot read IP mode file for STMicroelectronics.X-CUBE-AI.8.0.0
2026-01-13 09:21:46,408 [WARN] PackLoader:240 - Cannot read IP mode file for STMicroelectronics.X-CUBE-IPS.3.0.0
2026-01-13 09:21:46,437 [WARN] ConditionMgr:438 - getConditionDescription Invalid condition id : UX DEVICE CLASS RTOS Condition cause : null
2026-01-13 09:21:46,437 [WARN] ConditionMgr:438 - getConditionDescription Invalid condition id : UX DEVICE CLASS RTOS Condition cause : null
2026-01-13 09:21:46,437 [WARN] PackLoader:240 - Cannot read IP mode file for STMicroelectronics.X-CUBE-AZRTOS-WB.2.0.0
2026-01-13 09:21:46,437 [WARN] ConditionMgr:1044 - genDependencies : Invalid condition id : UX DEVICE CLASS RTOS Condition cause : null
2026-01-13 09:21:46,437 [WARN] ConditionMgr:1044 - genDependencies : Invalid condition id : UX DEVICE CLASS RTOS Condition cause : null
2026-01-13 09:21:46,437 [WARN] ConditionMgr:1044 - genDependencies : Invalid condition id : UX DEVICE CLASS RTOS Condition cause : null
2026-01-13 09:21:46,437 [WARN] ConditionMgr:1044 - genDependencies : Invalid condition id : UX DEVICE CLASS RTOS Condition cause : null
2026-01-13 09:21:46,437 [WARN] ConditionMgr:1044 - genDependencies : Invalid condition id : UX DEVICE CLASS RTOS Condition cause : null
2026-01-13 09:21:46,463 [WARN] PackLoader:240 - Cannot read IP mode file for STMicroelectronics.X-CUBE-FREERTOS.1.0.1
2026-01-13 09:21:46,481 [WARN] PackLoader:240 - Cannot read IP mode file for STMicroelectronics.X-CUBE-GNSS1.7.0.0
2026-01-13 09:21:46,497 [WARN] PackLoader:240 - Cannot read IP mode file for STMicroelectronics.X-CUBE-GNSS1.7.0.1
2026-01-13 09:21:46,513 [WARN] PackLoader:240 - Cannot read IP mode file for STMicroelectronics.X-CUBE-TOUCHGFX.4.25.0
2026-01-13 09:21:46,536 [WARN] PackLoader:240 - Cannot read IP mode file for STMicroelectronics.FP-SNS-STBOX1.2.0.0
2026-01-13 09:21:46,569 [WARN] PackLoader:240 - Cannot read IP mode file for STMicroelectronics.X-CUBE-AZRTOS-L5.1.1.0
2026-01-13 09:21:46,595 [WARN] PackLoader:240 - Cannot read IP mode file for STMicroelectronics.X-CUBE-SUBG2.5.0.0
2026-01-13 09:21:46,638 [WARN] PackLoader:240 - Cannot read IP mode file for STMicroelectronics.X-CUBE-AZRTOS-H7RS.1.1.0
2026-01-13 09:21:46,658 [WARN] PackLoader:240 - Cannot read IP mode file for Cesanta.I-CUBE-Mongoose.7.13.0
2026-01-13 09:21:46,685 [WARN] PackLoader:240 - Cannot read IP mode file for STMicroelectronics.X-CUBE-AZRTOS-G4.2.0.0
2026-01-13 09:21:46,718 [WARN] PackLoader:240 - Cannot read IP mode file for STMicroelectronics.X-CUBE-TOF1.3.3.0
2026-01-13 09:21:46,730 [WARN] PackLoader:240 - Cannot read IP mode file for STMicroelectronics.FP-ATR-ASTRA1.1.1.1
2026-01-13 09:21:46,745 [WARN] PackLoader:240 - Cannot read IP mode file for STMicroelectronics.X-CUBE-NFC7.2.0.0
2026-01-13 09:21:46,780 [WARN] PackLoader:240 - Cannot read IP mode file for STMicroelectronics.X-CUBE-AZRTOS-G4.1.0.0
2026-01-13 09:21:46,809 [WARN] PackLoader:240 - Cannot read IP mode file for STMicroelectronics.X-CUBE-AZRTOS-L4.1.0.0
2026-01-13 09:21:46,825 [WARN] PackLoader:240 - Cannot read IP mode file for STMicroelectronics.X-CUBE-ISPU.2.0.0
2026-01-13 09:21:46,841 [WARN] PackLoader:240 - Cannot read IP mode file for STMicroelectronics.X-CUBE-IPS.3.1.0
2026-01-13 09:21:46,857 [WARN] PackLoader:240 - Cannot read IP mode file for STMicroelectronics.X-CUBE-ALS.1.0.2
2026-01-13 09:21:46,905 [WARN] PackLoader:240 - Cannot read IP mode file for STMicroelectronics.X-CUBE-MEMS1.10.0.0
2026-01-13 09:21:47,005 [WARN] PackLoader:240 - Cannot read IP mode file for STMicroelectronics.X-CUBE-TOUCHGFX.4.24.2
2026-01-13 09:21:47,028 [WARN] PackLoader:240 - Cannot read IP mode file for STMicroelectronics.X-CUBE-AZRTOS-WL.1.0.0
2026-01-13 09:21:47,043 [WARN] PackLoader:240 - Cannot read IP mode file for STMicroelectronics.X-CUBE-TOUCHGFX.4.24.1
2026-01-13 09:21:47,061 [WARN] PackLoader:240 - Cannot read IP mode file for STMicroelectronics.X-CUBE-STSE01.1.0.0
2026-01-13 09:21:47,077 [WARN] PackLoader:240 - Cannot read IP mode file for wolfSSL.I-CUBE-wolfTPM.3.4.0
2026-01-13 09:21:47,095 [WARN] PackLoader:240 - Cannot read IP mode file for portGmbH.I-Cube-SoM-uGOAL.1.1.0
2026-01-13 09:21:47,109 [WARN] PackLoader:240 - Cannot read IP mode file for STMicroelectronics.X-CUBE-ALS.1.0.1
2026-01-13 09:21:47,133 [WARN] PackLoader:240 - Cannot read IP mode file for STMicroelectronics.X-CUBE-AZRTOS-WB.1.1.0
2026-01-13 09:21:47,163 [WARN] PackLoader:240 - Cannot read IP mode file for STMicroelectronics.X-CUBE-AZRTOS-L5.1.0.0
2026-01-13 09:21:47,180 [WARN] PackLoader:240 - Cannot read IP mode file for STMicroelectronics.X-CUBE-EEPRMA1.3.1.1
2026-01-13 09:21:47,206 [WARN] PackLoader:240 - Cannot read IP mode file for STMicroelectronics.X-CUBE-AZRTOS-H7RS.1.0.0
2026-01-13 09:21:47,224 [WARN] PackLoader:240 - Cannot read IP mode file for STMicroelectronics.FP-ATR-ASTRA1.2.0.0
2026-01-13 09:21:47,247 [WARN] PackLoader:240 - Cannot read IP mode file for STMicroelectronics.X-CUBE-TOF1.3.4.2
2026-01-13 09:21:47,275 [WARN] PackLoader:240 - Cannot read IP mode file for STMicroelectronics.X-CUBE-TOF1.3.4.3
2026-01-13 09:21:47,300 [WARN] PackLoader:240 - Cannot read IP mode file for STMicroelectronics.X-CUBE-TOF1.3.4.1
2026-01-13 09:21:47,333 [WARN] PackLoader:240 - Cannot read IP mode file for STMicroelectronics.X-CUBE-AZRTOS-H7.3.2.0
2026-01-13 09:21:47,370 [WARN] PackLoader:240 - Cannot read IP mode file for Infineon.AIROC-Wi-Fi-Bluetooth-STM32.1.6.0
2026-01-13 09:21:47,381 [WARN] PackLoader:240 - Cannot read IP mode file for wolfSSL.I-CUBE-wolfSSH.1.4.17
2026-01-13 09:21:47,381 [INFO] ThirdParty:978 - Integrity check success = true
2026-01-13 09:21:47,381 [INFO] IntegrityCheckThread:100 - exiting critical section [integrity check]
2026-01-13 09:21:47,381 [INFO] IntegrityCheckThread:103 - End integrity checks thread
2026-01-13 11:59:34,937 [ERROR] LogOutputStream:75 - [STDERR_REDIRECT] 
