2026-03-24 11:28:03,590 [INFO] Activator:176 - 


2026-03-24 11:28:03,596 [INFO] Activator:177 - !SESSION log4j initialized
2026-03-24 11:28:13,608 [INFO] LogOutputStream:77 - [STDOUT_REDIRECT] 
2026-03-24 11:28:14,778 [INFO] ApplicationProperties:184 - Using Application install path: C:\ST\STM32CubeIDE_1.10.1\STM32CubeIDE\plugins\com.st.stm32cube.common.mx_6.14.1.202504091515
2026-03-24 11:28:14,800 [INFO] DbMcusXml:78 - Set database path to: C:\ST\STM32CubeIDE_1.10.1\STM32CubeIDE\plugins\com.st.stm32cube.common.mx_6.14.1.202504091515\\db\/mcu/
2026-03-24 11:28:14,800 [INFO] ApiDb:274 - Set plugin database path to: C:\ST\STM32CubeIDE_1.10.1\STM32CubeIDE\plugins\com.st.stm32cube.common.mx_6.14.1.202504091515\\db\/plugins/boardmanager/
2026-03-24 11:28:14,813 [WARN] ApiDb:259 - Overriding images path with different value:  => C:\ST\STM32CubeIDE_1.10.1\STM32CubeIDE\plugins\com.st.stm32cube.common.mx_6.14.1.202504091515\\db\/plugins/mcufinder/images/
2026-03-24 11:28:14,829 [INFO] ApiDb:250 - Set database path to: C:\Users\abhil\.stmcufinder\plugins\mcufinder//mcu/
2026-03-24 11:28:14,831 [INFO] DbMcusAds:125 - Set database path to: C:\Users\abhil\.stmcufinder\plugins\mcufinder//mcu/
2026-03-24 11:28:14,833 [INFO] CrossReferenceDbSqlite:203 - Set database path to: C:\Users\abhil\.stmcufinder\plugins\mcufinder//mcu/cs/
2026-03-24 11:28:14,972 [INFO] RulesReader:64 - Compatibility file has been processed (302 Rules)
2026-03-24 11:28:15,067 [INFO] DbMcusXml:78 - Set database path to: C:\ST\STM32CubeIDE_1.10.1\STM32CubeIDE\plugins\com.st.stm32cube.common.mx_6.14.1.202504091515\\db\/mcu/
2026-03-24 11:28:15,067 [INFO] ApiDb:274 - Set plugin database path to: C:\ST\STM32CubeIDE_1.10.1\STM32CubeIDE\plugins\com.st.stm32cube.common.mx_6.14.1.202504091515\\db\/plugins/boardmanager/
2026-03-24 11:28:15,068 [INFO] ApiDb:261 - Set plugin images path to: C:\ST\STM32CubeIDE_1.10.1\STM32CubeIDE\plugins\com.st.stm32cube.common.mx_6.14.1.202504091515\\db\/plugins/mcufinder/images/
2026-03-24 11:28:15,068 [WARN] DbFile:41 - Overriding database path with different value: C:\Users\abhil\.stmcufinder\plugins\mcufinder/ => C:\Users\abhil\.stmcufinder\plugins\mcufinder
2026-03-24 11:28:15,068 [INFO] ApiDb:250 - Set database path to: C:\Users\abhil\.stmcufinder\plugins\mcufinder//mcu/
2026-03-24 11:28:15,068 [WARN] DbFile:41 - Overriding database path with different value: C:\Users\abhil\.stmcufinder\plugins\mcufinder/ => C:\Users\abhil\.stmcufinder\plugins\mcufinder
2026-03-24 11:28:15,068 [INFO] DbMcusAds:125 - Set database path to: C:\Users\abhil\.stmcufinder\plugins\mcufinder//mcu/
2026-03-24 11:28:15,068 [WARN] DbFile:41 - Overriding database path with different value: C:\Users\abhil\.stmcufinder\plugins\mcufinder/ => C:\Users\abhil\.stmcufinder\plugins\mcufinder
2026-03-24 11:28:15,068 [WARN] DbFile:41 - Overriding database path with different value: C:\Users\abhil\.stmcufinder\plugins\mcufinder/ => C:\Users\abhil\.stmcufinder\plugins\mcufinder
2026-03-24 11:28:15,068 [INFO] CrossReferenceDbSqlite:203 - Set database path to: C:\Users\abhil\.stmcufinder\plugins\mcufinder//mcu/cs/
2026-03-24 11:28:15,163 [INFO] MainPanel:272 - HeapMemory: 268435456
2026-03-24 11:28:15,291 [INFO] DbMcusXml:78 - Set database path to: C:\ST\STM32CubeIDE_1.10.1\STM32CubeIDE\plugins\com.st.stm32cube.common.mx_6.14.1.202504091515\\db\/mcu/
2026-03-24 11:28:15,291 [INFO] ApiDb:274 - Set plugin database path to: C:\ST\STM32CubeIDE_1.10.1\STM32CubeIDE\plugins\com.st.stm32cube.common.mx_6.14.1.202504091515\\db\/plugins/boardmanager/
2026-03-24 11:28:15,291 [INFO] ApiDb:261 - Set plugin images path to: C:\ST\STM32CubeIDE_1.10.1\STM32CubeIDE\plugins\com.st.stm32cube.common.mx_6.14.1.202504091515\\db\/plugins/mcufinder/images/
2026-03-24 11:28:15,292 [WARN] DbFile:41 - Overriding database path with different value: C:\Users\abhil\.stmcufinder\plugins\mcufinder/ => C:\Users\abhil\.stmcufinder\plugins\mcufinder
2026-03-24 11:28:15,292 [INFO] ApiDb:250 - Set database path to: C:\Users\abhil\.stmcufinder\plugins\mcufinder//mcu/
2026-03-24 11:28:15,292 [WARN] DbFile:41 - Overriding database path with different value: C:\Users\abhil\.stmcufinder\plugins\mcufinder/ => C:\Users\abhil\.stmcufinder\plugins\mcufinder
2026-03-24 11:28:15,292 [INFO] DbMcusAds:125 - Set database path to: C:\Users\abhil\.stmcufinder\plugins\mcufinder//mcu/
2026-03-24 11:28:15,292 [WARN] DbFile:41 - Overriding database path with different value: C:\Users\abhil\.stmcufinder\plugins\mcufinder/ => C:\Users\abhil\.stmcufinder\plugins\mcufinder
2026-03-24 11:28:15,292 [WARN] DbFile:41 - Overriding database path with different value: C:\Users\abhil\.stmcufinder\plugins\mcufinder/ => C:\Users\abhil\.stmcufinder\plugins\mcufinder
2026-03-24 11:28:15,292 [INFO] CrossReferenceDbSqlite:203 - Set database path to: C:\Users\abhil\.stmcufinder\plugins\mcufinder//mcu/cs/
2026-03-24 11:28:15,313 [INFO] ApplicationProperties:184 - Using Application install path: C:\ST\STM32CubeIDE_1.10.1\STM32CubeIDE\plugins\com.st.stm32cube.common.mx_6.14.1.202504091515
2026-03-24 11:28:15,315 [INFO] PluginManage:196 - Search for loadable plugins [exclusion list=, ]
2026-03-24 11:28:15,316 [INFO] PluginManage:310 - Check plugin analytics
2026-03-24 11:28:15,536 [INFO] AnalyticsPlugin:253 - Accepted Software Licenses: 
2026-03-24 11:28:15,536 [INFO] AnalyticsPlugin:255 - Accepted CMSIS Pack Licenses: 
2026-03-24 11:28:15,536 [INFO] AnalyticsPlugin:257 - Accepted Firmware Licenses: FW.F4.1.27.0,FW.H7.1.10.0,FW.H7.1.12.0,FW.F4.1.28.0
2026-03-24 11:28:15,540 [INFO] PluginManage:359 - Loaded plugin analytics (category:tool,tabindex:-1)
2026-03-24 11:28:15,540 [INFO] PluginManage:310 - Check plugin cadmodel
2026-03-24 11:28:15,564 [INFO] CADModel:105 - Init CAD model plugin
2026-03-24 11:28:15,564 [INFO] PluginManage:359 - Loaded plugin cadmodel (category:power,tabindex:5)
2026-03-24 11:28:15,564 [INFO] PluginManage:310 - Check plugin clock
2026-03-24 11:28:15,591 [INFO] PluginManage:359 - Loaded plugin clock (category:base,tabindex:2)
2026-03-24 11:28:15,592 [INFO] PluginManage:310 - Check plugin ddr
2026-03-24 11:28:15,595 [INFO] PluginManage:359 - Loaded plugin ddr (category:tool,tabindex:6)
2026-03-24 11:28:15,595 [INFO] PluginManage:310 - Check plugin filemanager
2026-03-24 11:28:15,750 [INFO] PluginManage:359 - Loaded plugin filemanager (category:base,tabindex:10)
2026-03-24 11:28:15,751 [INFO] PluginManage:310 - Check plugin ipmanager
2026-03-24 11:28:15,759 [INFO] PluginManage:359 - Loaded plugin ipmanager (category:base,tabindex:5)
2026-03-24 11:28:15,759 [INFO] PluginManage:310 - Check plugin lpbam
2026-03-24 11:28:15,781 [INFO] PluginManage:359 - Loaded plugin lpbam (category:base,tabindex:0)
2026-03-24 11:28:15,781 [INFO] PluginManage:310 - Check plugin memorymap
2026-03-24 11:28:15,808 [INFO] PluginManage:359 - Loaded plugin memorymap (category:base,tabindex:4)
2026-03-24 11:28:15,808 [INFO] PluginManage:310 - Check plugin pinoutandconfiguration
2026-03-24 11:28:15,833 [INFO] PluginManage:359 - Loaded plugin pinoutandconfiguration (category:base,tabindex:1)
2026-03-24 11:28:15,833 [INFO] PluginManage:310 - Check plugin pinoutconfig
2026-03-24 11:28:15,986 [WARN] SupportedApi:132 - Cannot load RTOS API schema: s4s-elt-must-match.1: The content of 'definitions' must match (annotation?, (simpleType | complexType)?, (unique | key | keyref)*)). A problem was found starting at: attribute.
2026-03-24 11:28:16,146 [INFO] PluginManage:359 - Loaded plugin pinoutconfig (category:base,tabindex:0)
2026-03-24 11:28:16,146 [INFO] PluginManage:310 - Check plugin power
2026-03-24 11:28:16,173 [INFO] PluginManage:359 - Loaded plugin power (category:power,tabindex:4)
2026-03-24 11:28:16,173 [INFO] PluginManage:310 - Check plugin projectmanager
2026-03-24 11:28:16,191 [INFO] PluginManage:359 - Loaded plugin projectmanager (category:projectmanager,tabindex:4)
2026-03-24 11:28:16,191 [INFO] PluginManage:310 - Check plugin rif
2026-03-24 11:28:16,213 [INFO] PluginManage:359 - Loaded plugin rif (category:base,tabindex:3)
2026-03-24 11:28:16,213 [INFO] PluginManage:310 - Check plugin thirdparty
2026-03-24 11:28:16,569 [INFO] PluginManage:359 - Loaded plugin thirdparty (category:base,tabindex:-1)
2026-03-24 11:28:16,569 [WARN] IntegrityCheckThread:84 - waiting for thirdparty lock release [integrity check]
2026-03-24 11:28:16,569 [INFO] PluginManage:310 - Check plugin tools
2026-03-24 11:28:16,569 [INFO] IntegrityCheckThread:86 - entering critical section [integrity check]
2026-03-24 11:28:16,570 [INFO] ThirdPartyUpdaterWithRetryManager:70 - Updater plugin not ready yet. [1/15]
2026-03-24 11:28:16,618 [INFO] PluginManage:359 - Loaded plugin tools (category:base,tabindex:7)
2026-03-24 11:28:16,618 [INFO] PluginManage:310 - Check plugin tutovideos
2026-03-24 11:28:16,827 [INFO] PluginManage:359 - Loaded plugin tutovideos (category:base,tabindex:-1)
2026-03-24 11:28:16,827 [INFO] PluginManage:310 - Check plugin updater
2026-03-24 11:28:16,853 [INFO] PluginManage:359 - Loaded plugin updater (category:base,tabindex:12)
2026-03-24 11:28:16,853 [INFO] PluginManage:310 - Check plugin userauth
2026-03-24 11:28:16,858 [INFO] UserAuth:118 - Init User Auth plugin
2026-03-24 11:28:16,859 [INFO] PluginManage:359 - Loaded plugin userauth (category:base,tabindex:14)
2026-03-24 11:28:16,859 [INFO] PluginManage:283 - PluginManage : Loaded plugins [18]
2026-03-24 11:28:17,129 [INFO] PinOutPanel:1589 - setPackage(No Configuration,No Configuration)
2026-03-24 11:28:17,246 [INFO] CADModel:165 - CPN selected for project level
2026-03-24 11:28:17,246 [INFO] CADModel:114 - Register for checkConnection events
2026-03-24 11:28:17,286 [INFO] IPUIPlugin:80 - create IPUIPlugin
2026-03-24 11:28:17,286 [INFO] PluginManager:220 - loadIPPluginJar : add adc
2026-03-24 11:28:17,342 [INFO] IPUIPlugin:80 - create IPUIPlugin
2026-03-24 11:28:17,342 [INFO] PluginManager:220 - loadIPPluginJar : add aes
2026-03-24 11:28:17,403 [INFO] IPUIPlugin:80 - create IPUIPlugin
2026-03-24 11:28:17,403 [INFO] PluginManager:220 - loadIPPluginJar : add can
2026-03-24 11:28:17,449 [INFO] IPUIPlugin:80 - create IPUIPlugin
2026-03-24 11:28:17,449 [INFO] PluginManager:220 - loadIPPluginJar : add comp
2026-03-24 11:28:17,496 [INFO] IPUIPlugin:80 - create IPUIPlugin
2026-03-24 11:28:17,496 [INFO] PluginManager:220 - loadIPPluginJar : add cryp
2026-03-24 11:28:17,513 [INFO] IPUIPlugin:80 - create IPUIPlugin
2026-03-24 11:28:17,513 [INFO] PluginManager:220 - loadIPPluginJar : add ddr_ctrl_phy
2026-03-24 11:28:17,558 [INFO] IPUIPlugin:80 - create IPUIPlugin
2026-03-24 11:28:17,558 [INFO] PluginManager:220 - loadIPPluginJar : add dfsdm
2026-03-24 11:28:17,576 [INFO] IPUIPlugin:80 - create IPUIPlugin
2026-03-24 11:28:17,576 [INFO] PluginManager:220 - loadIPPluginJar : add dma
2026-03-24 11:28:17,628 [INFO] IPUIPlugin:80 - create IPUIPlugin
2026-03-24 11:28:17,628 [INFO] PluginManager:220 - loadIPPluginJar : add dma3
2026-03-24 11:28:17,685 [INFO] IPUIPlugin:80 - create IPUIPlugin
2026-03-24 11:28:17,685 [INFO] PluginManager:220 - loadIPPluginJar : add extmemmanager
2026-03-24 11:28:17,714 [INFO] IPUIPlugin:80 - create IPUIPlugin
2026-03-24 11:28:17,714 [INFO] PluginManager:220 - loadIPPluginJar : add fatfs
2026-03-24 11:28:17,779 [INFO] IPUIPlugin:80 - create IPUIPlugin
2026-03-24 11:28:17,779 [INFO] PluginManager:220 - loadIPPluginJar : add fmc
2026-03-24 11:28:17,798 [INFO] IPUIPlugin:80 - create IPUIPlugin
2026-03-24 11:28:17,799 [INFO] PluginManager:220 - loadIPPluginJar : add freertos
2026-03-24 11:28:17,827 [INFO] IPUIPlugin:80 - create IPUIPlugin
2026-03-24 11:28:17,827 [INFO] PluginManager:220 - loadIPPluginJar : add genericplugin
2026-03-24 11:28:17,954 [INFO] IPUIPlugin:80 - create IPUIPlugin
2026-03-24 11:28:17,955 [INFO] PluginManager:220 - loadIPPluginJar : add gfxmmu
2026-03-24 11:28:18,128 [INFO] IPUIPlugin:80 - create IPUIPlugin
2026-03-24 11:28:18,129 [INFO] PluginManager:220 - loadIPPluginJar : add gic
2026-03-24 11:28:18,145 [INFO] IPUIPlugin:80 - create IPUIPlugin
2026-03-24 11:28:18,145 [INFO] PluginManager:220 - loadIPPluginJar : add gpio
2026-03-24 11:28:18,265 [INFO] IPUIPlugin:80 - create IPUIPlugin
2026-03-24 11:28:18,265 [INFO] PluginManager:220 - loadIPPluginJar : add gtzc
2026-03-24 11:28:18,310 [INFO] IPUIPlugin:80 - create IPUIPlugin
2026-03-24 11:28:18,310 [INFO] PluginManager:220 - loadIPPluginJar : add hash
2026-03-24 11:28:18,380 [INFO] IPUIPlugin:80 - create IPUIPlugin
2026-03-24 11:28:18,380 [INFO] PluginManager:220 - loadIPPluginJar : add i2c
2026-03-24 11:28:18,432 [INFO] IPUIPlugin:80 - create IPUIPlugin
2026-03-24 11:28:18,433 [INFO] PluginManager:220 - loadIPPluginJar : add i2s
2026-03-24 11:28:18,484 [INFO] IPUIPlugin:80 - create IPUIPlugin
2026-03-24 11:28:18,485 [INFO] PluginManager:220 - loadIPPluginJar : add i3c
2026-03-24 11:28:18,614 [INFO] IPUIPlugin:80 - create IPUIPlugin
2026-03-24 11:28:18,615 [INFO] PluginManager:220 - loadIPPluginJar : add ipddr
2026-03-24 11:28:18,732 [INFO] IPUIPlugin:80 - create IPUIPlugin
2026-03-24 11:28:18,733 [INFO] PluginManager:220 - loadIPPluginJar : add linkedlist
2026-03-24 11:28:18,780 [INFO] IPUIPlugin:80 - create IPUIPlugin
2026-03-24 11:28:18,780 [INFO] PluginManager:220 - loadIPPluginJar : add lorawan
2026-03-24 11:28:18,829 [INFO] IPUIPlugin:80 - create IPUIPlugin
2026-03-24 11:28:18,830 [INFO] PluginManager:220 - loadIPPluginJar : add ltdc
2026-03-24 11:28:18,847 [INFO] IPUIPlugin:80 - create IPUIPlugin
2026-03-24 11:28:18,848 [INFO] PluginManager:220 - loadIPPluginJar : add mdma
2026-03-24 11:28:18,866 [INFO] IPUIPlugin:80 - create IPUIPlugin
2026-03-24 11:28:18,866 [INFO] PluginManager:220 - loadIPPluginJar : add nvic
2026-03-24 11:28:18,920 [INFO] IPUIPlugin:80 - create IPUIPlugin
2026-03-24 11:28:18,920 [INFO] PluginManager:220 - loadIPPluginJar : add opamp
2026-03-24 11:28:19,029 [INFO] IPUIPlugin:80 - create IPUIPlugin
2026-03-24 11:28:19,029 [INFO] PluginManager:220 - loadIPPluginJar : add openamp
2026-03-24 11:28:19,100 [INFO] IPUIPlugin:80 - create IPUIPlugin
2026-03-24 11:28:19,101 [INFO] PluginManager:220 - loadIPPluginJar : add pdm2pcm
2026-03-24 11:28:19,121 [INFO] IPUIPlugin:80 - create IPUIPlugin
2026-03-24 11:28:19,123 [INFO] PluginManager:220 - loadIPPluginJar : add plateformsettings
2026-03-24 11:28:19,158 [INFO] IPUIPlugin:80 - create IPUIPlugin
2026-03-24 11:28:19,158 [INFO] PluginManager:220 - loadIPPluginJar : add quadspi
2026-03-24 11:28:19,192 [INFO] IPUIPlugin:80 - create IPUIPlugin
2026-03-24 11:28:19,193 [INFO] PluginManager:220 - loadIPPluginJar : add radio
2026-03-24 11:28:19,216 [INFO] IPUIPlugin:80 - create IPUIPlugin
2026-03-24 11:28:19,216 [INFO] PluginManager:220 - loadIPPluginJar : add resmgrutility
2026-03-24 11:28:19,280 [INFO] IPUIPlugin:80 - create IPUIPlugin
2026-03-24 11:28:19,280 [INFO] PluginManager:220 - loadIPPluginJar : add sai
2026-03-24 11:28:19,331 [INFO] IPUIPlugin:80 - create IPUIPlugin
2026-03-24 11:28:19,331 [INFO] PluginManager:220 - loadIPPluginJar : add spi
2026-03-24 11:28:19,430 [INFO] IPUIPlugin:80 - create IPUIPlugin
2026-03-24 11:28:19,430 [INFO] PluginManager:220 - loadIPPluginJar : add stm32_wpan
2026-03-24 11:28:19,463 [INFO] IPUIPlugin:80 - create IPUIPlugin
2026-03-24 11:28:19,464 [INFO] PluginManager:220 - loadIPPluginJar : add tim
2026-03-24 11:28:19,540 [INFO] IPUIPlugin:80 - create IPUIPlugin
2026-03-24 11:28:19,540 [INFO] PluginManager:220 - loadIPPluginJar : add touchsensing
2026-03-24 11:28:19,571 [INFO] IPUIPlugin:80 - create IPUIPlugin
2026-03-24 11:28:19,571 [INFO] PluginManager:220 - loadIPPluginJar : add tracer_emb
2026-03-24 11:28:19,580 [INFO] ThirdPartyUpdaterWithRetryManager:70 - Updater plugin not ready yet. [2/15]
2026-03-24 11:28:19,605 [INFO] IPUIPlugin:80 - create IPUIPlugin
2026-03-24 11:28:19,605 [INFO] PluginManager:220 - loadIPPluginJar : add ts
2026-03-24 11:28:19,639 [INFO] IPUIPlugin:80 - create IPUIPlugin
2026-03-24 11:28:19,639 [INFO] PluginManager:220 - loadIPPluginJar : add tsc
2026-03-24 11:28:19,668 [INFO] IPUIPlugin:80 - create IPUIPlugin
2026-03-24 11:28:19,668 [INFO] PluginManager:220 - loadIPPluginJar : add ucpd
2026-03-24 11:28:19,726 [INFO] IPUIPlugin:80 - create IPUIPlugin
2026-03-24 11:28:19,726 [INFO] PluginManager:220 - loadIPPluginJar : add usart
2026-03-24 11:28:19,789 [INFO] IPUIPlugin:80 - create IPUIPlugin
2026-03-24 11:28:19,789 [INFO] PluginManager:220 - loadIPPluginJar : add usbx
2026-03-24 11:28:19,942 [FATAL] Updater:351 - Updater called before beeing initialized
2026-03-24 11:28:19,975 [INFO] RulesReader:64 - Compatibility file has been processed (302 Rules)
2026-03-24 11:28:19,988 [INFO] RulesReader:64 - Compatibility file has been processed (302 Rules)
2026-03-24 11:28:19,998 [INFO] CADModel:165 - CPN selected for project level
2026-03-24 11:28:19,998 [INFO] CADModel:114 - Register for checkConnection events
2026-03-24 11:28:19,998 [FATAL] Updater:351 - Updater called before beeing initialized
2026-03-24 11:28:19,998 [ERROR] CADModel:125 - Updater not yet initialized, retry later 
2026-03-24 11:28:20,190 [FATAL] Updater:351 - Updater called before beeing initialized
2026-03-24 11:28:20,192 [INFO] CADModel:165 - CPN selected for project level
2026-03-24 11:28:20,192 [INFO] CADModel:114 - Register for checkConnection events
2026-03-24 11:28:20,193 [FATAL] Updater:351 - Updater called before beeing initialized
2026-03-24 11:28:20,193 [ERROR] CADModel:125 - Updater not yet initialized, retry later 
2026-03-24 11:28:20,198 [FATAL] Updater:351 - Updater called before beeing initialized
2026-03-24 11:28:20,323 [FATAL] Updater:351 - Updater called before beeing initialized
2026-03-24 11:28:20,337 [INFO] DbMcusAds:53 - JSON generation date=Thu Mar 05 20:02:53 IST 2026 (1772721173050)
2026-03-24 11:28:20,337 [FATAL] Updater:351 - Updater called before beeing initialized
2026-03-24 11:28:20,377 [WARN] DetailPanel:346 - Failed to get advertising image, set to default
2026-03-24 11:28:20,628 [FATAL] Updater:351 - Updater called before beeing initialized
2026-03-24 11:28:20,630 [FATAL] Updater:351 - Updater called before beeing initialized
2026-03-24 11:28:20,630 [FATAL] Updater:351 - Updater called before beeing initialized
2026-03-24 11:28:20,630 [WARN] DetailPanel:346 - Failed to get advertising image, set to default
2026-03-24 11:28:20,631 [FATAL] Updater:351 - Updater called before beeing initialized
2026-03-24 11:28:20,705 [ERROR] Updater:1198 - MainUpdater not yet initialized. External WinMGr cannot be set.
2026-03-24 11:28:20,718 [INFO] Updater:1134 - Updater Version found : 6.14.1
2026-03-24 11:28:20,737 [INFO] ApplicationProperties:184 - Using Application install path: C:\ST\STM32CubeIDE_1.10.1\STM32CubeIDE\plugins\com.st.stm32cube.common.mx_6.14.1.202504091515
2026-03-24 11:28:21,217 [INFO] MainUpdater:2872 - connection check result : 10
2026-03-24 11:28:21,218 [INFO] MainUpdater:289 - Updater Check For Update Now.
2026-03-24 11:28:21,218 [INFO] MicroXplorer:498 - Change Database Version : DB.6.0.141
2026-03-24 11:28:21,238 [INFO] McuFinderGlobals:63 - Set McuFinder mode to 2 (CubeIDE integrated)
2026-03-24 11:28:21,250 [INFO] UserAuth:484 - Internet connection configuration mode: 1
2026-03-24 11:28:21,291 [INFO] JxBrowserEngine:152 - Initiate JxBrowser Engine with user profile folder
2026-03-24 11:28:21,465 [INFO] CheckServerUpdateThread:120 - End of CheckServer Thread
2026-03-24 11:28:22,338 [INFO] WebApp:169 - Instantiating new browser for Auth
2026-03-24 11:28:23,255 [WARN] PackLoader:240 - Cannot read IP mode file for STMicroelectronics.X-CUBE-AZRTOS-H7.3.5.0
2026-03-24 11:28:23,267 [INFO] WebApp:463 - Apply proxy settings
2026-03-24 11:28:23,267 [INFO] WebApp:548 - Chromium requires no authentication
2026-03-24 11:28:23,281 [INFO] WebApp:491 - Direct internet connection detected
2026-03-24 11:28:23,284 [WARN] PackLoader:240 - Cannot read IP mode file for STMicroelectronics.FP-SNS-MOTENVWB1.1.4.0
2026-03-24 11:28:23,307 [WARN] PackLoader:240 - Cannot read IP mode file for STMicroelectronics.FP-ATR-ASTRA1.2.0.2
2026-03-24 11:28:23,321 [INFO] WebApp:894 - Register for checkConnection events
2026-03-24 11:28:23,321 [INFO] WebApp:463 - Apply proxy settings
2026-03-24 11:28:23,321 [INFO] WebApp:548 - Chromium requires no authentication
2026-03-24 11:28:23,321 [INFO] WebApp:491 - Direct internet connection detected
2026-03-24 11:28:23,326 [WARN] PackLoader:240 - Cannot read IP mode file for STMicroelectronics.FP-ATR-ASTRA1.2.0.1
2026-03-24 11:28:23,347 [WARN] PackLoader:240 - Cannot read IP mode file for STMicroelectronics.X-CUBE-SMBUS.2.1.0
2026-03-24 11:28:23,368 [WARN] PackLoader:240 - Cannot read IP mode file for STMicroelectronics.X-CUBE-WB05N.1.1.0
2026-03-24 11:28:23,385 [WARN] PackLoader:240 - Cannot read IP mode file for STMicroelectronics.X-CUBE-ST60.1.0.0
2026-03-24 11:28:23,402 [WARN] PackLoader:240 - Cannot read IP mode file for STMicroelectronics.X-CUBE-TOUCHGFX.4.23.2
2026-03-24 11:28:23,438 [WARN] PackLoader:240 - Cannot read IP mode file for STMicroelectronics.X-CUBE-AZRTOS-F7.1.1.0
2026-03-24 11:28:23,458 [WARN] PackLoader:240 - Cannot read IP mode file for STMicroelectronics.X-CUBE-BLE1.6.2.3
2026-03-24 11:28:23,533 [WARN] PackLoader:240 - Cannot read IP mode file for STMicroelectronics.X-CUBE-MEMS1.11.0.0
2026-03-24 11:28:23,608 [INFO] WebApp:191 - Connection restablished
2026-03-24 11:28:23,701 [INFO] WebApp:225 - Starting web application
2026-03-24 11:28:23,701 [INFO] WebApp:593 - Web application path used C:\ST\STM32CubeIDE_1.10.1\STM32CubeIDE\plugins\com.st.stm32cube.common.mx_6.14.1.202504091515\db\plugins\mcufinder\reactClient1\index.html
2026-03-24 11:28:23,770 [WARN] PackLoader:240 - Cannot read IP mode file for STMicroelectronics.X-CUBE-BLE1.6.2.4
2026-03-24 11:28:23,789 [ERROR] Engine:466 - C:\Users\abhil\.stm32cubemx\thirdparties\pdsc\STMicroelectronics.FP-SNS-MOTENV1.5.1.0.pdsc: PDSC version is not supported
2026-03-24 11:28:23,816 [WARN] PackLoader:240 - Cannot read IP mode file for STMicroelectronics.FP-SNS-FLIGHT1.5.0.2
2026-03-24 11:28:23,841 [WARN] PackLoader:240 - Cannot read IP mode file for STMicroelectronics.X-CUBE-TOF1.3.1.0
2026-03-24 11:28:23,893 [WARN] PackLoader:240 - Cannot read IP mode file for STMicroelectronics.X-CUBE-AZRTOS-H7.3.4.0
2026-03-24 11:28:23,928 [INFO] UserAuth:484 - Internet connection configuration mode: 1
2026-03-24 11:28:23,942 [WARN] PackLoader:240 - Cannot read IP mode file for STMicroelectronics.X-CUBE-DISPLAY.3.0.0
2026-03-24 11:28:23,966 [ERROR] Engine:466 - C:\Users\abhil\.stm32cubemx\thirdparties\pdsc\STMicroelectronics.FP-SNS-MOTENVWB1.1.5.0.pdsc: PDSC version is not supported
2026-03-24 11:28:23,986 [WARN] PackLoader:240 - Cannot read IP mode file for STMicroelectronics.X-CUBE-BLE1.7.0.0
2026-03-24 11:28:24,014 [WARN] PackLoader:240 - Cannot read IP mode file for STMicroelectronics.X-CUBE-NFC10.1.0.0
2026-03-24 11:28:24,050 [WARN] PackLoader:240 - Cannot read IP mode file for STMicroelectronics.X-CUBE-BLEMGR.4.0.0
2026-03-24 11:28:24,075 [WARN] PackLoader:240 - Cannot read IP mode file for STMicroelectronics.X-CUBE-ST60.1.1.0
2026-03-24 11:28:24,099 [WARN] PackLoader:240 - Cannot read IP mode file for STMicroelectronics.X-CUBE-GNSS1.7.1.0
2026-03-24 11:28:24,146 [WARN] PackLoader:240 - Cannot read IP mode file for STMicroelectronics.X-CUBE-MEMS1.9.3.0
2026-03-24 11:28:24,240 [WARN] PackLoader:240 - Cannot read IP mode file for STMicroelectronics.X-CUBE-AI.7.2.0
2026-03-24 11:28:24,262 [WARN] PackLoader:240 - Cannot read IP mode file for STMicroelectronics.X-CUBE-BLEMGR.3.1.0
2026-03-24 11:28:24,281 [WARN] PackLoader:240 - Cannot read IP mode file for STMicroelectronics.X-CUBE-AI.10.0.0
2026-03-24 11:28:24,300 [ERROR] Engine:466 - C:\Users\abhil\.stm32cubemx\thirdparties\pdsc\STMicroelectronics.FP-SNS-STBOX1.2.1.0.pdsc: PDSC version is not supported
2026-03-24 11:28:24,320 [WARN] PackLoader:240 - Cannot read IP mode file for STMicroelectronics.FP-SNS-SMARTAG2.1.2.0
2026-03-24 11:28:24,339 [WARN] PackLoader:240 - Cannot read IP mode file for STMicroelectronics.FP-SNS-FLIGHT1.5.1.0
2026-03-24 11:28:24,401 [WARN] PackLoader:240 - Cannot read IP mode file for STMicroelectronics.X-CUBE-MEMS1.11.1.0
2026-03-24 11:28:24,516 [INFO] LogOutputStream:77 - [STDOUT_REDIRECT] 1 : Invalid condition id : UX_CORESTACK_Condition cause : null
2026-03-24 11:28:24,516 [INFO] LogOutputStream:77 - [STDOUT_REDIRECT] 1 : Invalid condition id : UX_CORESTACK_Condition cause : null
2026-03-24 11:28:24,517 [INFO] LogOutputStream:77 - [STDOUT_REDIRECT] 1 : Invalid condition id : UX_CORESTACK_Condition cause : null
2026-03-24 11:28:24,518 [INFO] LogOutputStream:77 - [STDOUT_REDIRECT] 1 : Invalid condition id : UX_CORESTACK_Condition cause : null
2026-03-24 11:28:24,520 [INFO] LogOutputStream:77 - [STDOUT_REDIRECT] 1 : Invalid condition id : UX_CORESTACK_Condition cause : null
2026-03-24 11:28:24,524 [WARN] PackLoader:240 - Cannot read IP mode file for STMicroelectronics.X-CUBE-AZRTOS-WL.2.0.0
2026-03-24 11:28:24,546 [WARN] PackLoader:240 - Cannot read IP mode file for STMicroelectronics.FP-SNS-MOTENV1.5.0.0
2026-03-24 11:28:24,582 [WARN] PackLoader:240 - Cannot read IP mode file for STMicroelectronics.X-CUBE-AZRTOS-H7RS.1.2.0
2026-03-24 11:28:24,603 [WARN] PackLoader:240 - Cannot read IP mode file for wolfSSL.I-CUBE-wolfMQTT.1.19.0
2026-03-24 11:28:24,624 [WARN] PackLoader:240 - Cannot read IP mode file for WES.I-CUBE-Cesium.1.3.0
2026-03-24 11:28:24,644 [WARN] PackLoader:240 - Cannot read IP mode file for STMicroelectronics.X-CUBE-BLE2.3.3.0
2026-03-24 11:28:24,728 [WARN] PackLoader:240 - Cannot read IP mode file for STMicroelectronics.X-CUBE-DISPLAY.2.2.0
2026-03-24 11:28:24,757 [WARN] PackLoader:240 - Cannot read IP mode file for STMicroelectronics.X-CUBE-TOF1.3.2.0
2026-03-24 11:28:24,804 [WARN] PackLoader:240 - Cannot read IP mode file for STMicroelectronics.X-CUBE-ISPU.1.0.0
2026-03-24 11:28:24,836 [WARN] PackLoader:240 - Cannot read IP mode file for STMicroelectronics.X-CUBE-NFC9.1.0.0
2026-03-24 11:28:24,871 [WARN] PackLoader:240 - Cannot read IP mode file for STMicroelectronics.X-CUBE-AZRTOS-H7.2.1.0
2026-03-24 11:28:24,890 [WARN] PackLoader:240 - Cannot read IP mode file for STMicroelectronics.X-CUBE-BLE1.7.1.0
2026-03-24 11:28:24,908 [WARN] PackLoader:240 - Cannot read IP mode file for STMicroelectronics.X-CUBE-TCPP.4.1.0
2026-03-24 11:28:24,923 [ERROR] Engine:466 - C:\Users\abhil\.stm32cubemx\thirdparties\pdsc\STMicroelectronics.X-CUBE-FREERTOS.1.4.0.pdsc: PDSC version is not supported
2026-03-24 11:28:24,941 [WARN] PackLoader:240 - Cannot read IP mode file for STMicroelectronics.X-CUBE-EEPRMA1.5.2.0
2026-03-24 11:28:24,961 [WARN] PackLoader:240 - Cannot read IP mode file for STMicroelectronics.X-CUBE-TOUCHGFX.4.21.3
2026-03-24 11:28:24,978 [WARN] PackLoader:240 - Cannot read IP mode file for STMicroelectronics.X-CUBE-AI.7.3.0
2026-03-24 11:28:24,995 [ERROR] Engine:466 - C:\Users\abhil\.stm32cubemx\thirdparties\pdsc\STMicroelectronics.X-CUBE-ST67W61.1.1.0.pdsc: PDSC version is not supported
2026-03-24 11:28:25,010 [WARN] PackLoader:240 - Cannot read IP mode file for STMicroelectronics.X-CUBE-AI.10.1.0
2026-03-24 11:28:25,059 [WARN] PackLoader:240 - Cannot read IP mode file for STMicroelectronics.X-CUBE-MEMS1.12.0.0
2026-03-24 11:28:25,127 [WARN] PackLoader:240 - Cannot read IP mode file for STMicroelectronics.X-CUBE-ALGOBUILD.1.3.0
2026-03-24 11:28:25,185 [WARN] PackLoader:240 - Cannot read IP mode file for STMicroelectronics.X-CUBE-MEMS1.11.2.0
2026-03-24 11:28:25,295 [WARN] PackLoader:240 - Cannot read IP mode file for STMicroelectronics.X-CUBE-AZRTOS-G0.1.1.0
2026-03-24 11:28:25,317 [WARN] PackLoader:240 - Cannot read IP mode file for STMicroelectronics.X-CUBE-SAFEA1.1.2.2
2026-03-24 11:28:25,338 [WARN] PackLoader:240 - Cannot read IP mode file for STMicroelectronics.X-CUBE-NFC4.3.0.0
2026-03-24 11:28:25,378 [WARN] PackLoader:240 - Cannot read IP mode file for SEGGER.I-CUBE-embOS.1.2.1
2026-03-24 11:28:25,413 [WARN] PackLoader:240 - Cannot read IP mode file for wolfSSL.I-CUBE-wolfMQTT.1.18.0
2026-03-24 11:28:25,433 [WARN] PackLoader:240 - Cannot read IP mode file for EmbeddedOffice.I-CUBE-FS-RTOS.1.0.1
2026-03-24 11:28:25,449 [WARN] PackLoader:240 - Cannot read IP mode file for STMicroelectronics.X-CUBE-WB05N.2.0.0
2026-03-24 11:28:25,468 [WARN] PackLoader:240 - Cannot read IP mode file for STMicroelectronics.X-CUBE-TCPP.4.2.0
2026-03-24 11:28:25,489 [WARN] PackLoader:240 - Cannot read IP mode file for RealThread.X-CUBE-RT-Thread_Nano.4.1.1
2026-03-24 11:28:25,507 [WARN] PackLoader:240 - Cannot read IP mode file for STMicroelectronics.FP-ATR-SIGFOX1.3.2.0
2026-03-24 11:28:25,525 [WARN] ConditionMgr:438 - getConditionDescription Invalid condition id : Cortex-A Device cause : null
2026-03-24 11:28:25,547 [WARN] ConditionMgr:1044 - genDependencies : Invalid condition id : Cortex-A Device cause : null
2026-03-24 11:28:25,548 [WARN] ConditionMgr:1044 - genDependencies : Invalid condition id : Cortex-A Device cause : null
2026-03-24 11:28:25,548 [WARN] ConditionMgr:1044 - genDependencies : Invalid condition id : Cortex-A Device cause : null
2026-03-24 11:28:25,562 [WARN] PackLoader:240 - Cannot read IP mode file for STMicroelectronics.X-CUBE-EEPRMA1.5.1.0
2026-03-24 11:28:25,577 [ERROR] Engine:466 - C:\Users\abhil\.stm32cubemx\thirdparties\pdsc\STMicroelectronics.X-CUBE-FREERTOS.1.5.0.pdsc: PDSC version is not supported
2026-03-24 11:28:25,594 [WARN] PackLoader:240 - Cannot read IP mode file for emotas.I-CUBE-CANOPEN.1.1.2
2026-03-24 11:28:25,609 [WARN] PackLoader:240 - Cannot read IP mode file for STMicroelectronics.X-CUBE-TOUCHGFX.4.20.0
2026-03-24 11:28:25,626 [WARN] PackLoader:240 - Cannot read IP mode file for ITTIA_DB.I-CUBE-ITTIADB.8.9.0
2026-03-24 11:28:25,640 [WARN] PackLoader:240 - Cannot read IP mode file for STMicroelectronics.X-CUBE-NFC6.3.2.0
2026-03-24 11:28:25,679 [WARN] PackLoader:240 - Cannot read IP mode file for STMicroelectronics.X-CUBE-MEMS1.9.5.0
2026-03-24 11:28:25,789 [WARN] PackLoader:240 - Cannot read IP mode file for STMicroelectronics.X-CUBE-ST67W61.1.0.0
2026-03-24 11:28:25,803 [WARN] PackLoader:240 - Cannot read IP mode file for STMicroelectronics.X-CUBE-AI.10.2.0
2026-03-24 11:28:25,844 [WARN] PackLoader:240 - Cannot read IP mode file for SEGGER.I-CUBE-embOS.1.3.1
2026-03-24 11:28:25,880 [WARN] PackLoader:240 - Cannot read IP mode file for STMicroelectronics.X-CUBE-ALGOBUILD.1.4.0
2026-03-24 11:28:25,932 [WARN] PackLoader:240 - Cannot read IP mode file for STMicroelectronics.X-CUBE-MEMS1.11.3.0
2026-03-24 11:28:26,031 [WARN] PackLoader:240 - Cannot read IP mode file for STMicroelectronics.X-CUBE-AI.9.1.0
2026-03-24 11:28:26,049 [WARN] PackLoader:240 - Cannot read IP mode file for STMicroelectronics.X-CUBE-PM33A1.1.0.0
2026-03-24 11:28:26,075 [WARN] PackLoader:240 - Cannot read IP mode file for STMicroelectronics.X-CUBE-GNSS1.6.0.0
2026-03-24 11:28:26,108 [WARN] PackLoader:240 - Cannot read IP mode file for STMicroelectronics.X-CUBE-AZRTOS-F4.1.1.0
2026-03-24 11:28:26,127 [WARN] PackLoader:240 - Cannot read IP mode file for Avnet-IotConnect.X-CUBE-IoTC-DA16k-PMOD.1.0.0
2026-03-24 11:28:26,141 [WARN] PackLoader:240 - Cannot read IP mode file for STMicroelectronics.X-CUBE-ISPU.2.1.0
2026-03-24 11:28:26,162 [ERROR] Engine:466 - C:\Users\abhil\.stm32cubemx\thirdparties\pdsc\STMicroelectronics.X-CUBE-IPS.3.2.0.pdsc: PDSC version is not supported
2026-03-24 11:28:26,180 [WARN] PackLoader:240 - Cannot read IP mode file for STMicroelectronics.X-CUBE-FREERTOS.1.2.0
2026-03-24 11:28:26,199 [WARN] PackLoader:240 - Cannot read IP mode file for STMicroelectronics.X-CUBE-NFC12.1.0.0
2026-03-24 11:28:26,219 [WARN] PackLoader:240 - Cannot read IP mode file for STMicroelectronics.X-CUBE-BLEMGR.1.2.0
2026-03-24 11:28:26,253 [WARN] PackLoader:240 - Cannot read IP mode file for STMicroelectronics.X-CUBE-AZRTOS-L5.2.0.0
2026-03-24 11:28:26,270 [WARN] PackLoader:240 - Cannot read IP mode file for STMicroelectronics.X-CUBE-NFC6.3.1.0
2026-03-24 11:28:26,290 [WARN] PackLoader:240 - Cannot read IP mode file for STMicroelectronics.X-CUBE-BLEMGR.2.0.0
2026-03-24 11:28:26,308 [WARN] PackLoader:240 - Cannot read IP mode file for STMicroelectronics.X-CUBE-DPower.1.2.0
2026-03-24 11:28:26,328 [WARN] PackLoader:240 - Cannot read IP mode file for STMicroelectronics.X-CUBE-NFC4.2.0.4
2026-03-24 11:28:26,346 [WARN] PackLoader:240 - Cannot read IP mode file for STMicroelectronics.X-CUBE-AI.9.0.0
2026-03-24 11:28:26,377 [WARN] ConditionMgr:438 - getConditionDescription Invalid condition id : UX DEVICE CLASS RTOS Condition cause : null
2026-03-24 11:28:26,378 [WARN] ConditionMgr:438 - getConditionDescription Invalid condition id : UX DEVICE CLASS RTOS Condition cause : null
2026-03-24 11:28:26,384 [WARN] PackLoader:240 - Cannot read IP mode file for STMicroelectronics.X-CUBE-AZRTOS-H7.3.1.0
2026-03-24 11:28:26,385 [WARN] ConditionMgr:1044 - genDependencies : Invalid condition id : UX DEVICE CLASS RTOS Condition cause : null
2026-03-24 11:28:26,385 [WARN] ConditionMgr:1044 - genDependencies : Invalid condition id : UX DEVICE CLASS RTOS Condition cause : null
2026-03-24 11:28:26,387 [WARN] ConditionMgr:1044 - genDependencies : Invalid condition id : UX DEVICE CLASS RTOS Condition cause : null
2026-03-24 11:28:26,387 [WARN] ConditionMgr:1044 - genDependencies : Invalid condition id : UX DEVICE CLASS RTOS Condition cause : null
2026-03-24 11:28:26,387 [WARN] ConditionMgr:1044 - genDependencies : Invalid condition id : UX DEVICE CLASS RTOS Condition cause : null
2026-03-24 11:28:26,403 [WARN] PackLoader:240 - Cannot read IP mode file for wolfSSL.I-CUBE-wolfSSL.5.5.1
2026-03-24 11:28:26,418 [WARN] PackLoader:240 - Cannot read IP mode file for STMicroelectronics.X-CUBE-FREERTOS.1.3.1
2026-03-24 11:28:26,435 [WARN] PackLoader:240 - Cannot read IP mode file for STMicroelectronics.X-CUBE-FREERTOS.1.3.0
2026-03-24 11:28:26,453 [WARN] PackLoader:240 - Cannot read IP mode file for STMicroelectronics.X-CUBE-NFC7.1.0.1
2026-03-24 11:28:26,471 [WARN] PackLoader:240 - Cannot read IP mode file for STMicroelectronics.X-CUBE-NFC7.1.0.0
2026-03-24 11:28:26,488 [WARN] PackLoader:240 - Cannot read IP mode file for STMicroelectronics.X-CUBE-TOUCHGFX.4.26.0
2026-03-24 11:28:26,505 [WARN] PackLoader:240 - Cannot read IP mode file for STMicroelectronics.X-CUBE-TOUCHGFX.4.26.1
2026-03-24 11:28:26,520 [WARN] PackLoader:240 - Cannot read IP mode file for STMicroelectronics.X-CUBE-EEPRMA1.4.1.0
2026-03-24 11:28:26,538 [WARN] PackLoader:240 - Cannot read IP mode file for STMicroelectronics.FP-SNS-STAIOTCFT.1.0.0
2026-03-24 11:28:26,553 [WARN] PackLoader:240 - Cannot read IP mode file for STMicroelectronics.X-CUBE-DPower.1.3.0
2026-03-24 11:28:26,586 [WARN] ConditionMgr:438 - getConditionDescription Invalid condition id : LAN8742 Phy interface Condition cause : null
2026-03-24 11:28:26,586 [WARN] PackLoader:240 - Cannot read IP mode file for STMicroelectronics.X-CUBE-AZRTOS-L4.2.0.0
2026-03-24 11:28:26,587 [WARN] ConditionMgr:1044 - genDependencies : Invalid condition id : LAN8742 Phy interface Condition cause : null
2026-03-24 11:28:26,587 [WARN] ConditionMgr:1044 - genDependencies : Invalid condition id : LAN8742 Phy interface Condition cause : null
2026-03-24 11:28:26,588 [WARN] ConditionMgr:1044 - genDependencies : Invalid condition id : LAN8742 Phy interface Condition cause : null
2026-03-24 11:28:26,605 [WARN] PackLoader:240 - Cannot read IP mode file for STMicroelectronics.X-CUBE-SFXS2LP1.4.0.0
2026-03-24 11:28:26,621 [ERROR] Engine:466 - C:\Users\abhil\.stm32cubemx\thirdparties\pdsc\STMicroelectronics.X-CUBE-ST67W61.1.2.0.pdsc: PDSC version is not supported
2026-03-24 11:28:26,636 [WARN] PackLoader:240 - Cannot read IP mode file for STMicroelectronics.X-CUBE-ISPU.1.1.0
2026-03-24 11:28:26,664 [WARN] PackLoader:240 - Cannot read IP mode file for STMicroelectronics.X-CUBE-AZRTOS-H7.3.3.0
2026-03-24 11:28:26,685 [WARN] PackLoader:240 - Cannot read IP mode file for RoweBots.I-CUBE-UNISONRTOS.5.5.0-4
2026-03-24 11:28:26,703 [WARN] PackLoader:240 - Cannot read IP mode file for STMicroelectronics.X-CUBE-BLEMGR.4.1.0
2026-03-24 11:28:26,717 [WARN] PackLoader:240 - Cannot read IP mode file for STMicroelectronics.X-CUBE-AI.8.0.0
2026-03-24 11:28:26,736 [WARN] PackLoader:240 - Cannot read IP mode file for STMicroelectronics.X-CUBE-IPS.3.0.0
2026-03-24 11:28:26,761 [WARN] ConditionMgr:438 - getConditionDescription Invalid condition id : UX DEVICE CLASS RTOS Condition cause : null
2026-03-24 11:28:26,761 [WARN] ConditionMgr:438 - getConditionDescription Invalid condition id : UX DEVICE CLASS RTOS Condition cause : null
2026-03-24 11:28:26,762 [WARN] PackLoader:240 - Cannot read IP mode file for STMicroelectronics.X-CUBE-AZRTOS-WB.2.0.0
2026-03-24 11:28:26,763 [WARN] ConditionMgr:1044 - genDependencies : Invalid condition id : UX DEVICE CLASS RTOS Condition cause : null
2026-03-24 11:28:26,763 [WARN] ConditionMgr:1044 - genDependencies : Invalid condition id : UX DEVICE CLASS RTOS Condition cause : null
2026-03-24 11:28:26,763 [WARN] ConditionMgr:1044 - genDependencies : Invalid condition id : UX DEVICE CLASS RTOS Condition cause : null
2026-03-24 11:28:26,763 [WARN] ConditionMgr:1044 - genDependencies : Invalid condition id : UX DEVICE CLASS RTOS Condition cause : null
2026-03-24 11:28:26,763 [WARN] ConditionMgr:1044 - genDependencies : Invalid condition id : UX DEVICE CLASS RTOS Condition cause : null
2026-03-24 11:28:26,780 [WARN] PackLoader:240 - Cannot read IP mode file for STMicroelectronics.X-CUBE-FREERTOS.1.0.1
2026-03-24 11:28:26,796 [WARN] PackLoader:240 - Cannot read IP mode file for STMicroelectronics.X-CUBE-GNSS1.7.0.0
2026-03-24 11:28:26,809 [WARN] PackLoader:240 - Cannot read IP mode file for STMicroelectronics.X-CUBE-GNSS1.7.0.1
2026-03-24 11:28:26,824 [WARN] PackLoader:240 - Cannot read IP mode file for STMicroelectronics.X-CUBE-TOUCHGFX.4.25.0
2026-03-24 11:28:26,854 [WARN] PackLoader:240 - Cannot read IP mode file for STMicroelectronics.FP-SNS-STBOX1.2.0.0
2026-03-24 11:28:26,899 [WARN] PackLoader:240 - Cannot read IP mode file for STMicroelectronics.X-CUBE-STSE01.2.0.0
2026-03-24 11:28:26,927 [WARN] PackLoader:240 - Cannot read IP mode file for STMicroelectronics.X-CUBE-AZRTOS-L5.1.1.0
2026-03-24 11:28:26,948 [WARN] PackLoader:240 - Cannot read IP mode file for STMicroelectronics.X-CUBE-SUBG2.5.0.0
2026-03-24 11:28:26,977 [WARN] PackLoader:240 - Cannot read IP mode file for STMicroelectronics.X-CUBE-AZRTOS-H7RS.1.1.0
2026-03-24 11:28:26,995 [WARN] PackLoader:240 - Cannot read IP mode file for Cesanta.I-CUBE-Mongoose.7.13.0
2026-03-24 11:28:27,023 [WARN] PackLoader:240 - Cannot read IP mode file for STMicroelectronics.X-CUBE-AZRTOS-G4.2.0.0
2026-03-24 11:28:27,048 [WARN] PackLoader:240 - Cannot read IP mode file for STMicroelectronics.X-CUBE-TOF1.3.3.0
2026-03-24 11:28:27,072 [WARN] PackLoader:240 - Cannot read IP mode file for STMicroelectronics.FP-ATR-ASTRA1.1.1.1
2026-03-24 11:28:27,091 [WARN] PackLoader:240 - Cannot read IP mode file for STMicroelectronics.X-CUBE-NFC7.2.0.0
2026-03-24 11:28:27,125 [WARN] PackLoader:240 - Cannot read IP mode file for STMicroelectronics.X-CUBE-AZRTOS-G4.1.0.0
2026-03-24 11:28:27,156 [WARN] PackLoader:240 - Cannot read IP mode file for STMicroelectronics.X-CUBE-AZRTOS-L4.1.0.0
2026-03-24 11:28:27,172 [WARN] PackLoader:240 - Cannot read IP mode file for STMicroelectronics.X-CUBE-ISPU.2.0.0
2026-03-24 11:28:27,191 [WARN] PackLoader:240 - Cannot read IP mode file for STMicroelectronics.X-CUBE-IPS.3.1.0
2026-03-24 11:28:27,208 [WARN] PackLoader:240 - Cannot read IP mode file for STMicroelectronics.X-CUBE-ALS.1.0.2
2026-03-24 11:28:27,245 [WARN] PackLoader:240 - Cannot read IP mode file for STMicroelectronics.X-CUBE-MEMS1.10.0.0
2026-03-24 11:28:27,317 [WARN] PackLoader:240 - Cannot read IP mode file for STMicroelectronics.X-CUBE-TOUCHGFX.4.24.2
2026-03-24 11:28:27,343 [WARN] PackLoader:240 - Cannot read IP mode file for STMicroelectronics.X-CUBE-AZRTOS-WL.1.0.0
2026-03-24 11:28:27,360 [WARN] PackLoader:240 - Cannot read IP mode file for STMicroelectronics.X-CUBE-TOUCHGFX.4.24.1
2026-03-24 11:28:27,377 [WARN] PackLoader:240 - Cannot read IP mode file for STMicroelectronics.X-CUBE-STSE01.1.0.0
2026-03-24 11:28:27,396 [WARN] PackLoader:240 - Cannot read IP mode file for wolfSSL.I-CUBE-wolfTPM.3.4.0
2026-03-24 11:28:27,416 [WARN] PackLoader:240 - Cannot read IP mode file for portGmbH.I-Cube-SoM-uGOAL.1.1.0
2026-03-24 11:28:27,433 [WARN] PackLoader:240 - Cannot read IP mode file for STMicroelectronics.X-CUBE-ALS.1.0.1
2026-03-24 11:28:27,458 [WARN] PackLoader:240 - Cannot read IP mode file for STMicroelectronics.X-CUBE-AZRTOS-WB.1.1.0
2026-03-24 11:28:27,482 [WARN] PackLoader:240 - Cannot read IP mode file for STMicroelectronics.X-CUBE-AZRTOS-L5.1.0.0
2026-03-24 11:28:27,497 [WARN] PackLoader:240 - Cannot read IP mode file for STMicroelectronics.X-CUBE-EEPRMA1.3.1.1
2026-03-24 11:28:27,524 [WARN] PackLoader:240 - Cannot read IP mode file for STMicroelectronics.X-CUBE-AZRTOS-H7RS.1.0.0
2026-03-24 11:28:27,538 [WARN] PackLoader:240 - Cannot read IP mode file for STMicroelectronics.FP-ATR-ASTRA1.2.0.0
2026-03-24 11:28:27,559 [WARN] PackLoader:240 - Cannot read IP mode file for STMicroelectronics.X-CUBE-TOF1.3.4.2
2026-03-24 11:28:27,585 [WARN] PackLoader:240 - Cannot read IP mode file for STMicroelectronics.X-CUBE-TOF1.3.4.3
2026-03-24 11:28:27,614 [WARN] PackLoader:240 - Cannot read IP mode file for STMicroelectronics.X-CUBE-TOF1.3.4.1
2026-03-24 11:28:27,648 [WARN] PackLoader:240 - Cannot read IP mode file for STMicroelectronics.X-CUBE-AZRTOS-H7.3.2.0
2026-03-24 11:28:27,673 [WARN] PackLoader:240 - Cannot read IP mode file for Infineon.AIROC-Wi-Fi-Bluetooth-STM32.1.6.0
2026-03-24 11:28:27,693 [WARN] PackLoader:240 - Cannot read IP mode file for wolfSSL.I-CUBE-wolfSSH.1.4.17
2026-03-24 11:28:27,694 [INFO] ThirdParty:978 - Integrity check success = true
2026-03-24 11:28:27,694 [INFO] IntegrityCheckThread:100 - exiting critical section [integrity check]
2026-03-24 11:28:27,694 [INFO] IntegrityCheckThread:103 - End integrity checks thread
2026-03-24 13:42:13,947 [INFO] WebApp:194 - Connection lost
2026-03-24 13:42:15,640 [INFO] WebApp:191 - Connection restablished
2026-03-24 13:42:16,683 [INFO] WebApp:194 - Connection lost
2026-03-24 13:42:16,930 [INFO] WebApp:191 - Connection restablished
2026-03-24 13:42:19,519 [INFO] WebApp:194 - Connection lost
2026-03-24 13:42:19,742 [INFO] WebApp:191 - Connection restablished
2026-03-24 13:43:09,447 [INFO] WebApp:194 - Connection lost
2026-03-24 13:43:09,686 [INFO] WebApp:191 - Connection restablished
2026-03-24 13:50:55,525 [INFO] WebApp:194 - Connection lost
2026-03-24 13:50:55,879 [INFO] WebApp:191 - Connection restablished
2026-03-24 13:51:03,432 [INFO] WebApp:194 - Connection lost
2026-03-24 13:51:03,767 [INFO] WebApp:191 - Connection restablished
2026-03-24 17:17:24,149 [INFO] WebApp:194 - Connection lost
2026-03-24 17:17:26,990 [INFO] WebApp:191 - Connection restablished
2026-03-24 17:17:29,492 [INFO] WebApp:194 - Connection lost
2026-03-24 17:17:29,665 [INFO] WebApp:191 - Connection restablished
2026-03-24 21:01:05,927 [INFO] WebApp:194 - Connection lost
2026-03-24 21:01:08,536 [INFO] WebApp:191 - Connection restablished
2026-03-24 21:01:11,116 [INFO] WebApp:194 - Connection lost
2026-03-24 21:01:11,455 [INFO] WebApp:191 - Connection restablished
2026-03-24 21:01:19,450 [INFO] WebApp:194 - Connection lost
2026-03-24 21:01:19,675 [INFO] WebApp:191 - Connection restablished
2026-03-24 21:01:41,457 [INFO] WebApp:194 - Connection lost
2026-03-24 21:01:41,703 [INFO] WebApp:191 - Connection restablished
2026-03-24 21:11:54,662 [ERROR] LogOutputStream:75 - [STDERR_REDIRECT] 
