2026-03-17 20:58:27,260 [INFO] Activator:176 - 


2026-03-17 20:58:27,268 [INFO] Activator:177 - !SESSION log4j initialized
2026-03-17 20:58:37,389 [INFO] LogOutputStream:77 - [STDOUT_REDIRECT] 
2026-03-17 20:58:48,419 [INFO] ApplicationProperties:184 - Using Application install path: C:\ST\STM32CubeIDE_1.10.1\STM32CubeIDE\plugins\com.st.stm32cube.common.mx_6.14.1.202504091515
2026-03-17 20:58:48,442 [INFO] DbMcusXml:78 - Set database path to: C:\ST\STM32CubeIDE_1.10.1\STM32CubeIDE\plugins\com.st.stm32cube.common.mx_6.14.1.202504091515\\db\/mcu/
2026-03-17 20:58:48,443 [INFO] ApiDb:274 - Set plugin database path to: C:\ST\STM32CubeIDE_1.10.1\STM32CubeIDE\plugins\com.st.stm32cube.common.mx_6.14.1.202504091515\\db\/plugins/boardmanager/
2026-03-17 20:58:48,454 [WARN] ApiDb:259 - Overriding images path with different value:  => C:\ST\STM32CubeIDE_1.10.1\STM32CubeIDE\plugins\com.st.stm32cube.common.mx_6.14.1.202504091515\\db\/plugins/mcufinder/images/
2026-03-17 20:58:48,470 [INFO] ApiDb:250 - Set database path to: C:\Users\abhil\.stmcufinder\plugins\mcufinder//mcu/
2026-03-17 20:58:48,471 [INFO] DbMcusAds:125 - Set database path to: C:\Users\abhil\.stmcufinder\plugins\mcufinder//mcu/
2026-03-17 20:58:49,581 [INFO] CrossReferenceDbSqlite:203 - Set database path to: C:\Users\abhil\.stmcufinder\plugins\mcufinder//mcu/cs/
2026-03-17 20:58:49,747 [INFO] RulesReader:64 - Compatibility file has been processed (302 Rules)
2026-03-17 20:58:49,858 [INFO] DbMcusXml:78 - Set database path to: C:\ST\STM32CubeIDE_1.10.1\STM32CubeIDE\plugins\com.st.stm32cube.common.mx_6.14.1.202504091515\\db\/mcu/
2026-03-17 20:58:49,859 [INFO] ApiDb:274 - Set plugin database path to: C:\ST\STM32CubeIDE_1.10.1\STM32CubeIDE\plugins\com.st.stm32cube.common.mx_6.14.1.202504091515\\db\/plugins/boardmanager/
2026-03-17 20:58:49,859 [INFO] ApiDb:261 - Set plugin images path to: C:\ST\STM32CubeIDE_1.10.1\STM32CubeIDE\plugins\com.st.stm32cube.common.mx_6.14.1.202504091515\\db\/plugins/mcufinder/images/
2026-03-17 20:58:49,859 [WARN] DbFile:41 - Overriding database path with different value: C:\Users\abhil\.stmcufinder\plugins\mcufinder/ => C:\Users\abhil\.stmcufinder\plugins\mcufinder
2026-03-17 20:58:49,859 [INFO] ApiDb:250 - Set database path to: C:\Users\abhil\.stmcufinder\plugins\mcufinder//mcu/
2026-03-17 20:58:49,859 [WARN] DbFile:41 - Overriding database path with different value: C:\Users\abhil\.stmcufinder\plugins\mcufinder/ => C:\Users\abhil\.stmcufinder\plugins\mcufinder
2026-03-17 20:58:49,859 [INFO] DbMcusAds:125 - Set database path to: C:\Users\abhil\.stmcufinder\plugins\mcufinder//mcu/
2026-03-17 20:58:49,859 [WARN] DbFile:41 - Overriding database path with different value: C:\Users\abhil\.stmcufinder\plugins\mcufinder/ => C:\Users\abhil\.stmcufinder\plugins\mcufinder
2026-03-17 20:58:49,859 [WARN] DbFile:41 - Overriding database path with different value: C:\Users\abhil\.stmcufinder\plugins\mcufinder/ => C:\Users\abhil\.stmcufinder\plugins\mcufinder
2026-03-17 20:58:49,860 [INFO] CrossReferenceDbSqlite:203 - Set database path to: C:\Users\abhil\.stmcufinder\plugins\mcufinder//mcu/cs/
2026-03-17 20:58:49,967 [INFO] MainPanel:272 - HeapMemory: 268435456
2026-03-17 20:58:50,107 [INFO] DbMcusXml:78 - Set database path to: C:\ST\STM32CubeIDE_1.10.1\STM32CubeIDE\plugins\com.st.stm32cube.common.mx_6.14.1.202504091515\\db\/mcu/
2026-03-17 20:58:50,107 [INFO] ApiDb:274 - Set plugin database path to: C:\ST\STM32CubeIDE_1.10.1\STM32CubeIDE\plugins\com.st.stm32cube.common.mx_6.14.1.202504091515\\db\/plugins/boardmanager/
2026-03-17 20:58:50,107 [INFO] ApiDb:261 - Set plugin images path to: C:\ST\STM32CubeIDE_1.10.1\STM32CubeIDE\plugins\com.st.stm32cube.common.mx_6.14.1.202504091515\\db\/plugins/mcufinder/images/
2026-03-17 20:58:50,107 [WARN] DbFile:41 - Overriding database path with different value: C:\Users\abhil\.stmcufinder\plugins\mcufinder/ => C:\Users\abhil\.stmcufinder\plugins\mcufinder
2026-03-17 20:58:50,107 [INFO] ApiDb:250 - Set database path to: C:\Users\abhil\.stmcufinder\plugins\mcufinder//mcu/
2026-03-17 20:58:50,107 [WARN] DbFile:41 - Overriding database path with different value: C:\Users\abhil\.stmcufinder\plugins\mcufinder/ => C:\Users\abhil\.stmcufinder\plugins\mcufinder
2026-03-17 20:58:50,107 [INFO] DbMcusAds:125 - Set database path to: C:\Users\abhil\.stmcufinder\plugins\mcufinder//mcu/
2026-03-17 20:58:50,107 [WARN] DbFile:41 - Overriding database path with different value: C:\Users\abhil\.stmcufinder\plugins\mcufinder/ => C:\Users\abhil\.stmcufinder\plugins\mcufinder
2026-03-17 20:58:50,107 [WARN] DbFile:41 - Overriding database path with different value: C:\Users\abhil\.stmcufinder\plugins\mcufinder/ => C:\Users\abhil\.stmcufinder\plugins\mcufinder
2026-03-17 20:58:50,108 [INFO] CrossReferenceDbSqlite:203 - Set database path to: C:\Users\abhil\.stmcufinder\plugins\mcufinder//mcu/cs/
2026-03-17 20:58:50,132 [INFO] ApplicationProperties:184 - Using Application install path: C:\ST\STM32CubeIDE_1.10.1\STM32CubeIDE\plugins\com.st.stm32cube.common.mx_6.14.1.202504091515
2026-03-17 20:58:50,134 [INFO] PluginManage:196 - Search for loadable plugins [exclusion list=, ]
2026-03-17 20:58:50,137 [INFO] PluginManage:310 - Check plugin analytics
2026-03-17 20:59:00,355 [INFO] AnalyticsPlugin:253 - Accepted Software Licenses: 
2026-03-17 20:59:00,355 [INFO] AnalyticsPlugin:255 - Accepted CMSIS Pack Licenses: 
2026-03-17 20:59:00,356 [INFO] AnalyticsPlugin:257 - Accepted Firmware Licenses: FW.F4.1.27.0,FW.H7.1.10.0,FW.H7.1.12.0,FW.F4.1.28.0
2026-03-17 20:59:00,360 [INFO] PluginManage:359 - Loaded plugin analytics (category:tool,tabindex:-1)
2026-03-17 20:59:00,361 [INFO] PluginManage:310 - Check plugin cadmodel
2026-03-17 20:59:00,380 [INFO] CADModel:105 - Init CAD model plugin
2026-03-17 20:59:00,380 [INFO] PluginManage:359 - Loaded plugin cadmodel (category:power,tabindex:5)
2026-03-17 20:59:00,380 [INFO] PluginManage:310 - Check plugin clock
2026-03-17 20:59:00,402 [INFO] PluginManage:359 - Loaded plugin clock (category:base,tabindex:2)
2026-03-17 20:59:00,402 [INFO] PluginManage:310 - Check plugin ddr
2026-03-17 20:59:00,405 [INFO] PluginManage:359 - Loaded plugin ddr (category:tool,tabindex:6)
2026-03-17 20:59:00,405 [INFO] PluginManage:310 - Check plugin filemanager
2026-03-17 20:59:00,555 [INFO] PluginManage:359 - Loaded plugin filemanager (category:base,tabindex:10)
2026-03-17 20:59:00,555 [INFO] PluginManage:310 - Check plugin ipmanager
2026-03-17 20:59:00,564 [INFO] PluginManage:359 - Loaded plugin ipmanager (category:base,tabindex:5)
2026-03-17 20:59:00,564 [INFO] PluginManage:310 - Check plugin lpbam
2026-03-17 20:59:00,585 [INFO] PluginManage:359 - Loaded plugin lpbam (category:base,tabindex:0)
2026-03-17 20:59:00,585 [INFO] PluginManage:310 - Check plugin memorymap
2026-03-17 20:59:00,616 [INFO] PluginManage:359 - Loaded plugin memorymap (category:base,tabindex:4)
2026-03-17 20:59:00,617 [INFO] PluginManage:310 - Check plugin pinoutandconfiguration
2026-03-17 20:59:00,641 [INFO] PluginManage:359 - Loaded plugin pinoutandconfiguration (category:base,tabindex:1)
2026-03-17 20:59:00,641 [INFO] PluginManage:310 - Check plugin pinoutconfig
2026-03-17 20:59:00,766 [WARN] SupportedApi:132 - Cannot load RTOS API schema: s4s-elt-must-match.1: The content of 'definitions' must match (annotation?, (simpleType | complexType)?, (unique | key | keyref)*)). A problem was found starting at: attribute.
2026-03-17 20:59:00,895 [INFO] PluginManage:359 - Loaded plugin pinoutconfig (category:base,tabindex:0)
2026-03-17 20:59:00,895 [INFO] PluginManage:310 - Check plugin power
2026-03-17 20:59:00,921 [INFO] PluginManage:359 - Loaded plugin power (category:power,tabindex:4)
2026-03-17 20:59:00,921 [INFO] PluginManage:310 - Check plugin projectmanager
2026-03-17 20:59:00,939 [INFO] PluginManage:359 - Loaded plugin projectmanager (category:projectmanager,tabindex:4)
2026-03-17 20:59:00,939 [INFO] PluginManage:310 - Check plugin rif
2026-03-17 20:59:00,963 [INFO] PluginManage:359 - Loaded plugin rif (category:base,tabindex:3)
2026-03-17 20:59:00,964 [INFO] PluginManage:310 - Check plugin thirdparty
2026-03-17 20:59:01,321 [INFO] PluginManage:359 - Loaded plugin thirdparty (category:base,tabindex:-1)
2026-03-17 20:59:01,321 [WARN] IntegrityCheckThread:84 - waiting for thirdparty lock release [integrity check]
2026-03-17 20:59:01,322 [INFO] PluginManage:310 - Check plugin tools
2026-03-17 20:59:01,322 [INFO] IntegrityCheckThread:86 - entering critical section [integrity check]
2026-03-17 20:59:01,322 [INFO] ThirdPartyUpdaterWithRetryManager:70 - Updater plugin not ready yet. [1/15]
2026-03-17 20:59:01,367 [INFO] PluginManage:359 - Loaded plugin tools (category:base,tabindex:7)
2026-03-17 20:59:01,368 [INFO] PluginManage:310 - Check plugin tutovideos
2026-03-17 20:59:01,585 [INFO] PluginManage:359 - Loaded plugin tutovideos (category:base,tabindex:-1)
2026-03-17 20:59:01,585 [INFO] PluginManage:310 - Check plugin updater
2026-03-17 20:59:01,610 [INFO] PluginManage:359 - Loaded plugin updater (category:base,tabindex:12)
2026-03-17 20:59:01,610 [INFO] PluginManage:310 - Check plugin userauth
2026-03-17 20:59:01,615 [INFO] UserAuth:118 - Init User Auth plugin
2026-03-17 20:59:01,616 [INFO] PluginManage:359 - Loaded plugin userauth (category:base,tabindex:14)
2026-03-17 20:59:01,616 [INFO] PluginManage:283 - PluginManage : Loaded plugins [18]
2026-03-17 20:59:01,865 [INFO] PinOutPanel:1589 - setPackage(No Configuration,No Configuration)
2026-03-17 20:59:01,974 [INFO] CADModel:165 - CPN selected for project level
2026-03-17 20:59:01,974 [INFO] CADModel:114 - Register for checkConnection events
2026-03-17 20:59:02,014 [INFO] IPUIPlugin:80 - create IPUIPlugin
2026-03-17 20:59:02,014 [INFO] PluginManager:220 - loadIPPluginJar : add adc
2026-03-17 20:59:02,068 [INFO] IPUIPlugin:80 - create IPUIPlugin
2026-03-17 20:59:02,068 [INFO] PluginManager:220 - loadIPPluginJar : add aes
2026-03-17 20:59:02,131 [INFO] IPUIPlugin:80 - create IPUIPlugin
2026-03-17 20:59:02,131 [INFO] PluginManager:220 - loadIPPluginJar : add can
2026-03-17 20:59:02,163 [INFO] IPUIPlugin:80 - create IPUIPlugin
2026-03-17 20:59:02,163 [INFO] PluginManager:220 - loadIPPluginJar : add comp
2026-03-17 20:59:02,210 [INFO] IPUIPlugin:80 - create IPUIPlugin
2026-03-17 20:59:02,210 [INFO] PluginManager:220 - loadIPPluginJar : add cryp
2026-03-17 20:59:02,225 [INFO] IPUIPlugin:80 - create IPUIPlugin
2026-03-17 20:59:02,225 [INFO] PluginManager:220 - loadIPPluginJar : add ddr_ctrl_phy
2026-03-17 20:59:02,267 [INFO] IPUIPlugin:80 - create IPUIPlugin
2026-03-17 20:59:02,267 [INFO] PluginManager:220 - loadIPPluginJar : add dfsdm
2026-03-17 20:59:02,288 [INFO] IPUIPlugin:80 - create IPUIPlugin
2026-03-17 20:59:02,288 [INFO] PluginManager:220 - loadIPPluginJar : add dma
2026-03-17 20:59:02,346 [INFO] IPUIPlugin:80 - create IPUIPlugin
2026-03-17 20:59:02,346 [INFO] PluginManager:220 - loadIPPluginJar : add dma3
2026-03-17 20:59:02,403 [INFO] IPUIPlugin:80 - create IPUIPlugin
2026-03-17 20:59:02,403 [INFO] PluginManager:220 - loadIPPluginJar : add extmemmanager
2026-03-17 20:59:02,431 [INFO] IPUIPlugin:80 - create IPUIPlugin
2026-03-17 20:59:02,432 [INFO] PluginManager:220 - loadIPPluginJar : add fatfs
2026-03-17 20:59:02,493 [INFO] IPUIPlugin:80 - create IPUIPlugin
2026-03-17 20:59:02,493 [INFO] PluginManager:220 - loadIPPluginJar : add fmc
2026-03-17 20:59:02,514 [INFO] IPUIPlugin:80 - create IPUIPlugin
2026-03-17 20:59:02,514 [INFO] PluginManager:220 - loadIPPluginJar : add freertos
2026-03-17 20:59:02,543 [INFO] IPUIPlugin:80 - create IPUIPlugin
2026-03-17 20:59:02,543 [INFO] PluginManager:220 - loadIPPluginJar : add genericplugin
2026-03-17 20:59:02,674 [INFO] IPUIPlugin:80 - create IPUIPlugin
2026-03-17 20:59:02,674 [INFO] PluginManager:220 - loadIPPluginJar : add gfxmmu
2026-03-17 20:59:02,875 [INFO] IPUIPlugin:80 - create IPUIPlugin
2026-03-17 20:59:02,875 [INFO] PluginManager:220 - loadIPPluginJar : add gic
2026-03-17 20:59:02,894 [INFO] IPUIPlugin:80 - create IPUIPlugin
2026-03-17 20:59:02,894 [INFO] PluginManager:220 - loadIPPluginJar : add gpio
2026-03-17 20:59:03,011 [INFO] IPUIPlugin:80 - create IPUIPlugin
2026-03-17 20:59:03,011 [INFO] PluginManager:220 - loadIPPluginJar : add gtzc
2026-03-17 20:59:03,054 [INFO] IPUIPlugin:80 - create IPUIPlugin
2026-03-17 20:59:03,054 [INFO] PluginManager:220 - loadIPPluginJar : add hash
2026-03-17 20:59:03,127 [INFO] IPUIPlugin:80 - create IPUIPlugin
2026-03-17 20:59:03,127 [INFO] PluginManager:220 - loadIPPluginJar : add i2c
2026-03-17 20:59:03,179 [INFO] IPUIPlugin:80 - create IPUIPlugin
2026-03-17 20:59:03,179 [INFO] PluginManager:220 - loadIPPluginJar : add i2s
2026-03-17 20:59:03,233 [INFO] IPUIPlugin:80 - create IPUIPlugin
2026-03-17 20:59:03,233 [INFO] PluginManager:220 - loadIPPluginJar : add i3c
2026-03-17 20:59:03,356 [INFO] IPUIPlugin:80 - create IPUIPlugin
2026-03-17 20:59:03,398 [INFO] PluginManager:220 - loadIPPluginJar : add ipddr
2026-03-17 20:59:03,523 [INFO] IPUIPlugin:80 - create IPUIPlugin
2026-03-17 20:59:03,523 [INFO] PluginManager:220 - loadIPPluginJar : add linkedlist
2026-03-17 20:59:03,572 [INFO] IPUIPlugin:80 - create IPUIPlugin
2026-03-17 20:59:03,572 [INFO] PluginManager:220 - loadIPPluginJar : add lorawan
2026-03-17 20:59:03,622 [INFO] IPUIPlugin:80 - create IPUIPlugin
2026-03-17 20:59:03,623 [INFO] PluginManager:220 - loadIPPluginJar : add ltdc
2026-03-17 20:59:03,644 [INFO] IPUIPlugin:80 - create IPUIPlugin
2026-03-17 20:59:03,644 [INFO] PluginManager:220 - loadIPPluginJar : add mdma
2026-03-17 20:59:03,661 [INFO] IPUIPlugin:80 - create IPUIPlugin
2026-03-17 20:59:03,661 [INFO] PluginManager:220 - loadIPPluginJar : add nvic
2026-03-17 20:59:03,714 [INFO] IPUIPlugin:80 - create IPUIPlugin
2026-03-17 20:59:03,714 [INFO] PluginManager:220 - loadIPPluginJar : add opamp
2026-03-17 20:59:03,795 [INFO] IPUIPlugin:80 - create IPUIPlugin
2026-03-17 20:59:03,796 [INFO] PluginManager:220 - loadIPPluginJar : add openamp
2026-03-17 20:59:03,861 [INFO] IPUIPlugin:80 - create IPUIPlugin
2026-03-17 20:59:03,861 [INFO] PluginManager:220 - loadIPPluginJar : add pdm2pcm
2026-03-17 20:59:03,880 [INFO] IPUIPlugin:80 - create IPUIPlugin
2026-03-17 20:59:03,882 [INFO] PluginManager:220 - loadIPPluginJar : add plateformsettings
2026-03-17 20:59:03,917 [INFO] IPUIPlugin:80 - create IPUIPlugin
2026-03-17 20:59:03,917 [INFO] PluginManager:220 - loadIPPluginJar : add quadspi
2026-03-17 20:59:03,955 [INFO] IPUIPlugin:80 - create IPUIPlugin
2026-03-17 20:59:03,955 [INFO] PluginManager:220 - loadIPPluginJar : add radio
2026-03-17 20:59:03,972 [INFO] IPUIPlugin:80 - create IPUIPlugin
2026-03-17 20:59:03,972 [INFO] PluginManager:220 - loadIPPluginJar : add resmgrutility
2026-03-17 20:59:04,032 [INFO] IPUIPlugin:80 - create IPUIPlugin
2026-03-17 20:59:04,032 [INFO] PluginManager:220 - loadIPPluginJar : add sai
2026-03-17 20:59:04,083 [INFO] IPUIPlugin:80 - create IPUIPlugin
2026-03-17 20:59:04,083 [INFO] PluginManager:220 - loadIPPluginJar : add spi
2026-03-17 20:59:04,180 [INFO] IPUIPlugin:80 - create IPUIPlugin
2026-03-17 20:59:04,180 [INFO] PluginManager:220 - loadIPPluginJar : add stm32_wpan
2026-03-17 20:59:04,217 [INFO] IPUIPlugin:80 - create IPUIPlugin
2026-03-17 20:59:04,217 [INFO] PluginManager:220 - loadIPPluginJar : add tim
2026-03-17 20:59:04,301 [INFO] IPUIPlugin:80 - create IPUIPlugin
2026-03-17 20:59:04,301 [INFO] PluginManager:220 - loadIPPluginJar : add touchsensing
2026-03-17 20:59:04,324 [INFO] ThirdPartyUpdaterWithRetryManager:70 - Updater plugin not ready yet. [2/15]
2026-03-17 20:59:04,332 [INFO] IPUIPlugin:80 - create IPUIPlugin
2026-03-17 20:59:04,332 [INFO] PluginManager:220 - loadIPPluginJar : add tracer_emb
2026-03-17 20:59:04,365 [INFO] IPUIPlugin:80 - create IPUIPlugin
2026-03-17 20:59:04,365 [INFO] PluginManager:220 - loadIPPluginJar : add ts
2026-03-17 20:59:04,395 [INFO] IPUIPlugin:80 - create IPUIPlugin
2026-03-17 20:59:04,395 [INFO] PluginManager:220 - loadIPPluginJar : add tsc
2026-03-17 20:59:04,427 [INFO] IPUIPlugin:80 - create IPUIPlugin
2026-03-17 20:59:04,427 [INFO] PluginManager:220 - loadIPPluginJar : add ucpd
2026-03-17 20:59:04,488 [INFO] IPUIPlugin:80 - create IPUIPlugin
2026-03-17 20:59:04,488 [INFO] PluginManager:220 - loadIPPluginJar : add usart
2026-03-17 20:59:04,546 [INFO] IPUIPlugin:80 - create IPUIPlugin
2026-03-17 20:59:04,546 [INFO] PluginManager:220 - loadIPPluginJar : add usbx
2026-03-17 20:59:04,685 [FATAL] Updater:351 - Updater called before beeing initialized
2026-03-17 20:59:04,716 [INFO] RulesReader:64 - Compatibility file has been processed (302 Rules)
2026-03-17 20:59:04,730 [INFO] RulesReader:64 - Compatibility file has been processed (302 Rules)
2026-03-17 20:59:04,739 [INFO] CADModel:165 - CPN selected for project level
2026-03-17 20:59:04,739 [INFO] CADModel:114 - Register for checkConnection events
2026-03-17 20:59:04,739 [FATAL] Updater:351 - Updater called before beeing initialized
2026-03-17 20:59:04,739 [ERROR] CADModel:125 - Updater not yet initialized, retry later 
2026-03-17 20:59:04,914 [FATAL] Updater:351 - Updater called before beeing initialized
2026-03-17 20:59:04,916 [INFO] CADModel:165 - CPN selected for project level
2026-03-17 20:59:04,917 [INFO] CADModel:114 - Register for checkConnection events
2026-03-17 20:59:04,917 [FATAL] Updater:351 - Updater called before beeing initialized
2026-03-17 20:59:04,917 [ERROR] CADModel:125 - Updater not yet initialized, retry later 
2026-03-17 20:59:04,921 [FATAL] Updater:351 - Updater called before beeing initialized
2026-03-17 20:59:05,067 [FATAL] Updater:351 - Updater called before beeing initialized
2026-03-17 20:59:05,082 [INFO] DbMcusAds:53 - JSON generation date=Thu Mar 05 20:02:53 IST 2026 (1772721173050)
2026-03-17 20:59:05,083 [FATAL] Updater:351 - Updater called before beeing initialized
2026-03-17 20:59:05,121 [WARN] DetailPanel:346 - Failed to get advertising image, set to default
2026-03-17 20:59:05,369 [FATAL] Updater:351 - Updater called before beeing initialized
2026-03-17 20:59:05,372 [FATAL] Updater:351 - Updater called before beeing initialized
2026-03-17 20:59:05,372 [FATAL] Updater:351 - Updater called before beeing initialized
2026-03-17 20:59:05,372 [WARN] DetailPanel:346 - Failed to get advertising image, set to default
2026-03-17 20:59:05,373 [FATAL] Updater:351 - Updater called before beeing initialized
2026-03-17 20:59:05,449 [ERROR] Updater:1198 - MainUpdater not yet initialized. External WinMGr cannot be set.
2026-03-17 20:59:05,465 [INFO] Updater:1134 - Updater Version found : 6.14.1
2026-03-17 20:59:05,483 [INFO] ApplicationProperties:184 - Using Application install path: C:\ST\STM32CubeIDE_1.10.1\STM32CubeIDE\plugins\com.st.stm32cube.common.mx_6.14.1.202504091515
2026-03-17 20:59:07,325 [INFO] ThirdPartyUpdaterWithRetryManager:70 - Updater plugin not ready yet. [3/15]
2026-03-17 20:59:07,669 [INFO] MainUpdater:2872 - connection check result : 10
2026-03-17 20:59:07,669 [INFO] MainUpdater:3566 - Updater definition file requires update
2026-03-17 20:59:07,671 [INFO] MainUpdater:289 - Updater Check For Update Now.
2026-03-17 20:59:07,671 [INFO] MicroXplorer:498 - Change Database Version : DB.6.0.141
2026-03-17 20:59:07,691 [INFO] McuFinderGlobals:63 - Set McuFinder mode to 2 (CubeIDE integrated)
2026-03-17 20:59:07,700 [INFO] UserAuth:484 - Internet connection configuration mode: 1
2026-03-17 20:59:07,734 [INFO] JxBrowserEngine:152 - Initiate JxBrowser Engine with user profile folder
2026-03-17 20:59:07,742 [INFO] ServerAccessManage:473 - Download File updaters.zip
2026-03-17 20:59:07,834 [INFO] FileExtend:242 - Unzip File : updaters.zip
2026-03-17 20:59:07,834 [INFO] FileExtend:257 - Standard Zip Deflate
2026-03-17 20:59:09,233 [INFO] ServerAccessManage:473 - Download File PacksControlFlags.xml
2026-03-17 20:59:09,347 [INFO] ServerAccessManage:473 - Download File cubemx.pidx
2026-03-17 20:59:09,513 [INFO] LoadServerUpdatesThread:375 - End of LoadServerUpdate Thread
2026-03-17 20:59:09,530 [INFO] WebApp:169 - Instantiating new browser for Auth
2026-03-17 20:59:09,733 [INFO] CheckServerUpdateThread:120 - End of CheckServer Thread
2026-03-17 20:59:10,387 [INFO] WebApp:463 - Apply proxy settings
2026-03-17 20:59:10,387 [INFO] WebApp:548 - Chromium requires no authentication
2026-03-17 20:59:10,400 [INFO] WebApp:491 - Direct internet connection detected
2026-03-17 20:59:10,435 [INFO] WebApp:894 - Register for checkConnection events
2026-03-17 20:59:10,435 [INFO] WebApp:463 - Apply proxy settings
2026-03-17 20:59:10,435 [INFO] WebApp:548 - Chromium requires no authentication
2026-03-17 20:59:10,436 [INFO] WebApp:491 - Direct internet connection detected
2026-03-17 20:59:10,688 [INFO] WebApp:225 - Starting web application
2026-03-17 20:59:10,689 [INFO] WebApp:593 - Web application path used C:\ST\STM32CubeIDE_1.10.1\STM32CubeIDE\plugins\com.st.stm32cube.common.mx_6.14.1.202504091515\db\plugins\mcufinder\reactClient1\index.html
2026-03-17 20:59:10,693 [INFO] WebApp:191 - Connection restablished
2026-03-17 20:59:10,772 [WARN] PackLoader:240 - Cannot read IP mode file for STMicroelectronics.X-CUBE-AZRTOS-H7.3.5.0
2026-03-17 20:59:10,805 [WARN] PackLoader:240 - Cannot read IP mode file for STMicroelectronics.FP-SNS-MOTENVWB1.1.4.0
2026-03-17 20:59:10,829 [WARN] PackLoader:240 - Cannot read IP mode file for STMicroelectronics.FP-ATR-ASTRA1.2.0.2
2026-03-17 20:59:10,847 [WARN] PackLoader:240 - Cannot read IP mode file for STMicroelectronics.FP-ATR-ASTRA1.2.0.1
2026-03-17 20:59:10,866 [WARN] PackLoader:240 - Cannot read IP mode file for STMicroelectronics.X-CUBE-SMBUS.2.1.0
2026-03-17 20:59:10,886 [WARN] PackLoader:240 - Cannot read IP mode file for STMicroelectronics.X-CUBE-WB05N.1.1.0
2026-03-17 20:59:10,894 [INFO] UserAuth:484 - Internet connection configuration mode: 1
2026-03-17 20:59:10,906 [WARN] PackLoader:240 - Cannot read IP mode file for STMicroelectronics.X-CUBE-ST60.1.0.0
2026-03-17 20:59:10,933 [WARN] PackLoader:240 - Cannot read IP mode file for STMicroelectronics.X-CUBE-TOUCHGFX.4.23.2
2026-03-17 20:59:10,981 [WARN] PackLoader:240 - Cannot read IP mode file for STMicroelectronics.X-CUBE-AZRTOS-F7.1.1.0
2026-03-17 20:59:11,011 [WARN] PackLoader:240 - Cannot read IP mode file for STMicroelectronics.X-CUBE-BLE1.6.2.3
2026-03-17 20:59:11,095 [WARN] PackLoader:240 - Cannot read IP mode file for STMicroelectronics.X-CUBE-MEMS1.11.0.0
2026-03-17 20:59:11,276 [WARN] PackLoader:240 - Cannot read IP mode file for STMicroelectronics.X-CUBE-BLE1.6.2.4
2026-03-17 20:59:11,296 [ERROR] Engine:466 - C:\Users\abhil\.stm32cubemx\thirdparties\pdsc\STMicroelectronics.FP-SNS-MOTENV1.5.1.0.pdsc: PDSC version is not supported
2026-03-17 20:59:11,313 [WARN] PackLoader:240 - Cannot read IP mode file for STMicroelectronics.FP-SNS-FLIGHT1.5.0.2
2026-03-17 20:59:11,336 [WARN] PackLoader:240 - Cannot read IP mode file for STMicroelectronics.X-CUBE-TOF1.3.1.0
2026-03-17 20:59:11,380 [WARN] PackLoader:240 - Cannot read IP mode file for STMicroelectronics.X-CUBE-AZRTOS-H7.3.4.0
2026-03-17 20:59:11,402 [WARN] PackLoader:240 - Cannot read IP mode file for STMicroelectronics.X-CUBE-DISPLAY.3.0.0
2026-03-17 20:59:11,417 [ERROR] Engine:466 - C:\Users\abhil\.stm32cubemx\thirdparties\pdsc\STMicroelectronics.FP-SNS-MOTENVWB1.1.5.0.pdsc: PDSC version is not supported
2026-03-17 20:59:11,433 [WARN] PackLoader:240 - Cannot read IP mode file for STMicroelectronics.X-CUBE-BLE1.7.0.0
2026-03-17 20:59:11,451 [WARN] PackLoader:240 - Cannot read IP mode file for STMicroelectronics.X-CUBE-NFC10.1.0.0
2026-03-17 20:59:11,474 [WARN] PackLoader:240 - Cannot read IP mode file for STMicroelectronics.X-CUBE-BLEMGR.4.0.0
2026-03-17 20:59:11,490 [WARN] PackLoader:240 - Cannot read IP mode file for STMicroelectronics.X-CUBE-ST60.1.1.0
2026-03-17 20:59:11,508 [WARN] PackLoader:240 - Cannot read IP mode file for STMicroelectronics.X-CUBE-GNSS1.7.1.0
2026-03-17 20:59:11,558 [WARN] PackLoader:240 - Cannot read IP mode file for STMicroelectronics.X-CUBE-MEMS1.9.3.0
2026-03-17 20:59:11,649 [WARN] PackLoader:240 - Cannot read IP mode file for STMicroelectronics.X-CUBE-AI.7.2.0
2026-03-17 20:59:11,671 [WARN] PackLoader:240 - Cannot read IP mode file for STMicroelectronics.X-CUBE-BLEMGR.3.1.0
2026-03-17 20:59:11,688 [WARN] PackLoader:240 - Cannot read IP mode file for STMicroelectronics.X-CUBE-AI.10.0.0
2026-03-17 20:59:11,701 [ERROR] Engine:466 - C:\Users\abhil\.stm32cubemx\thirdparties\pdsc\STMicroelectronics.FP-SNS-STBOX1.2.1.0.pdsc: PDSC version is not supported
2026-03-17 20:59:11,719 [WARN] PackLoader:240 - Cannot read IP mode file for STMicroelectronics.FP-SNS-SMARTAG2.1.2.0
2026-03-17 20:59:11,734 [WARN] PackLoader:240 - Cannot read IP mode file for STMicroelectronics.FP-SNS-FLIGHT1.5.1.0
2026-03-17 20:59:11,794 [WARN] PackLoader:240 - Cannot read IP mode file for STMicroelectronics.X-CUBE-MEMS1.11.1.0
2026-03-17 20:59:11,917 [INFO] LogOutputStream:77 - [STDOUT_REDIRECT] 1 : Invalid condition id : UX_CORESTACK_Condition cause : null
2026-03-17 20:59:11,918 [INFO] LogOutputStream:77 - [STDOUT_REDIRECT] 1 : Invalid condition id : UX_CORESTACK_Condition cause : null
2026-03-17 20:59:11,919 [INFO] LogOutputStream:77 - [STDOUT_REDIRECT] 1 : Invalid condition id : UX_CORESTACK_Condition cause : null
2026-03-17 20:59:11,920 [INFO] LogOutputStream:77 - [STDOUT_REDIRECT] 1 : Invalid condition id : UX_CORESTACK_Condition cause : null
2026-03-17 20:59:11,921 [INFO] LogOutputStream:77 - [STDOUT_REDIRECT] 1 : Invalid condition id : UX_CORESTACK_Condition cause : null
2026-03-17 20:59:11,924 [WARN] PackLoader:240 - Cannot read IP mode file for STMicroelectronics.X-CUBE-AZRTOS-WL.2.0.0
2026-03-17 20:59:11,941 [WARN] PackLoader:240 - Cannot read IP mode file for STMicroelectronics.FP-SNS-MOTENV1.5.0.0
2026-03-17 20:59:11,976 [WARN] PackLoader:240 - Cannot read IP mode file for STMicroelectronics.X-CUBE-AZRTOS-H7RS.1.2.0
2026-03-17 20:59:11,996 [WARN] PackLoader:240 - Cannot read IP mode file for wolfSSL.I-CUBE-wolfMQTT.1.19.0
2026-03-17 20:59:12,017 [WARN] PackLoader:240 - Cannot read IP mode file for WES.I-CUBE-Cesium.1.3.0
2026-03-17 20:59:12,036 [WARN] PackLoader:240 - Cannot read IP mode file for STMicroelectronics.X-CUBE-BLE2.3.3.0
2026-03-17 20:59:12,090 [WARN] PackLoader:240 - Cannot read IP mode file for STMicroelectronics.X-CUBE-DISPLAY.2.2.0
2026-03-17 20:59:12,113 [WARN] PackLoader:240 - Cannot read IP mode file for STMicroelectronics.X-CUBE-TOF1.3.2.0
2026-03-17 20:59:12,134 [WARN] PackLoader:240 - Cannot read IP mode file for STMicroelectronics.X-CUBE-ISPU.1.0.0
2026-03-17 20:59:12,153 [WARN] PackLoader:240 - Cannot read IP mode file for STMicroelectronics.X-CUBE-NFC9.1.0.0
2026-03-17 20:59:12,185 [WARN] PackLoader:240 - Cannot read IP mode file for STMicroelectronics.X-CUBE-AZRTOS-H7.2.1.0
2026-03-17 20:59:12,203 [WARN] PackLoader:240 - Cannot read IP mode file for STMicroelectronics.X-CUBE-BLE1.7.1.0
2026-03-17 20:59:12,220 [WARN] PackLoader:240 - Cannot read IP mode file for STMicroelectronics.X-CUBE-TCPP.4.1.0
2026-03-17 20:59:12,235 [ERROR] Engine:466 - C:\Users\abhil\.stm32cubemx\thirdparties\pdsc\STMicroelectronics.X-CUBE-FREERTOS.1.4.0.pdsc: PDSC version is not supported
2026-03-17 20:59:12,253 [WARN] PackLoader:240 - Cannot read IP mode file for STMicroelectronics.X-CUBE-EEPRMA1.5.2.0
2026-03-17 20:59:12,271 [WARN] PackLoader:240 - Cannot read IP mode file for STMicroelectronics.X-CUBE-TOUCHGFX.4.21.3
2026-03-17 20:59:12,301 [WARN] PackLoader:240 - Cannot read IP mode file for STMicroelectronics.X-CUBE-AI.7.3.0
2026-03-17 20:59:12,316 [ERROR] Engine:466 - C:\Users\abhil\.stm32cubemx\thirdparties\pdsc\STMicroelectronics.X-CUBE-ST67W61.1.1.0.pdsc: PDSC version is not supported
2026-03-17 20:59:12,330 [WARN] PackLoader:240 - Cannot read IP mode file for STMicroelectronics.X-CUBE-AI.10.1.0
2026-03-17 20:59:12,376 [WARN] PackLoader:240 - Cannot read IP mode file for STMicroelectronics.X-CUBE-MEMS1.12.0.0
2026-03-17 20:59:12,445 [WARN] PackLoader:240 - Cannot read IP mode file for STMicroelectronics.X-CUBE-ALGOBUILD.1.3.0
2026-03-17 20:59:12,497 [WARN] PackLoader:240 - Cannot read IP mode file for STMicroelectronics.X-CUBE-MEMS1.11.2.0
2026-03-17 20:59:12,603 [WARN] PackLoader:240 - Cannot read IP mode file for STMicroelectronics.X-CUBE-AZRTOS-G0.1.1.0
2026-03-17 20:59:12,622 [WARN] PackLoader:240 - Cannot read IP mode file for STMicroelectronics.X-CUBE-SAFEA1.1.2.2
2026-03-17 20:59:12,639 [WARN] PackLoader:240 - Cannot read IP mode file for STMicroelectronics.X-CUBE-NFC4.3.0.0
2026-03-17 20:59:12,716 [WARN] PackLoader:240 - Cannot read IP mode file for SEGGER.I-CUBE-embOS.1.2.1
2026-03-17 20:59:12,754 [WARN] PackLoader:240 - Cannot read IP mode file for wolfSSL.I-CUBE-wolfMQTT.1.18.0
2026-03-17 20:59:12,776 [WARN] PackLoader:240 - Cannot read IP mode file for EmbeddedOffice.I-CUBE-FS-RTOS.1.0.1
2026-03-17 20:59:12,794 [WARN] PackLoader:240 - Cannot read IP mode file for STMicroelectronics.X-CUBE-WB05N.2.0.0
2026-03-17 20:59:12,812 [WARN] PackLoader:240 - Cannot read IP mode file for STMicroelectronics.X-CUBE-TCPP.4.2.0
2026-03-17 20:59:12,830 [WARN] PackLoader:240 - Cannot read IP mode file for RealThread.X-CUBE-RT-Thread_Nano.4.1.1
2026-03-17 20:59:12,851 [WARN] PackLoader:240 - Cannot read IP mode file for STMicroelectronics.FP-ATR-SIGFOX1.3.2.0
2026-03-17 20:59:12,868 [WARN] ConditionMgr:438 - getConditionDescription Invalid condition id : Cortex-A Device cause : null
2026-03-17 20:59:12,889 [WARN] ConditionMgr:1044 - genDependencies : Invalid condition id : Cortex-A Device cause : null
2026-03-17 20:59:12,890 [WARN] ConditionMgr:1044 - genDependencies : Invalid condition id : Cortex-A Device cause : null
2026-03-17 20:59:12,890 [WARN] ConditionMgr:1044 - genDependencies : Invalid condition id : Cortex-A Device cause : null
2026-03-17 20:59:12,911 [WARN] PackLoader:240 - Cannot read IP mode file for STMicroelectronics.X-CUBE-EEPRMA1.5.1.0
2026-03-17 20:59:12,932 [ERROR] Engine:466 - C:\Users\abhil\.stm32cubemx\thirdparties\pdsc\STMicroelectronics.X-CUBE-FREERTOS.1.5.0.pdsc: PDSC version is not supported
2026-03-17 20:59:12,949 [WARN] PackLoader:240 - Cannot read IP mode file for emotas.I-CUBE-CANOPEN.1.1.2
2026-03-17 20:59:12,964 [WARN] PackLoader:240 - Cannot read IP mode file for STMicroelectronics.X-CUBE-TOUCHGFX.4.20.0
2026-03-17 20:59:12,981 [WARN] PackLoader:240 - Cannot read IP mode file for ITTIA_DB.I-CUBE-ITTIADB.8.9.0
2026-03-17 20:59:12,997 [WARN] PackLoader:240 - Cannot read IP mode file for STMicroelectronics.X-CUBE-NFC6.3.2.0
2026-03-17 20:59:13,037 [WARN] PackLoader:240 - Cannot read IP mode file for STMicroelectronics.X-CUBE-MEMS1.9.5.0
2026-03-17 20:59:13,141 [WARN] PackLoader:240 - Cannot read IP mode file for STMicroelectronics.X-CUBE-ST67W61.1.0.0
2026-03-17 20:59:13,157 [WARN] PackLoader:240 - Cannot read IP mode file for STMicroelectronics.X-CUBE-AI.10.2.0
2026-03-17 20:59:13,184 [WARN] PackLoader:240 - Cannot read IP mode file for SEGGER.I-CUBE-embOS.1.3.1
2026-03-17 20:59:13,230 [WARN] PackLoader:240 - Cannot read IP mode file for STMicroelectronics.X-CUBE-ALGOBUILD.1.4.0
2026-03-17 20:59:13,275 [WARN] PackLoader:240 - Cannot read IP mode file for STMicroelectronics.X-CUBE-MEMS1.11.3.0
2026-03-17 20:59:13,364 [WARN] PackLoader:240 - Cannot read IP mode file for STMicroelectronics.X-CUBE-AI.9.1.0
2026-03-17 20:59:13,383 [WARN] PackLoader:240 - Cannot read IP mode file for STMicroelectronics.X-CUBE-PM33A1.1.0.0
2026-03-17 20:59:13,399 [WARN] PackLoader:240 - Cannot read IP mode file for STMicroelectronics.X-CUBE-GNSS1.6.0.0
2026-03-17 20:59:13,428 [WARN] PackLoader:240 - Cannot read IP mode file for STMicroelectronics.X-CUBE-AZRTOS-F4.1.1.0
2026-03-17 20:59:13,445 [WARN] PackLoader:240 - Cannot read IP mode file for Avnet-IotConnect.X-CUBE-IoTC-DA16k-PMOD.1.0.0
2026-03-17 20:59:13,459 [WARN] PackLoader:240 - Cannot read IP mode file for STMicroelectronics.X-CUBE-ISPU.2.1.0
2026-03-17 20:59:13,475 [ERROR] Engine:466 - C:\Users\abhil\.stm32cubemx\thirdparties\pdsc\STMicroelectronics.X-CUBE-IPS.3.2.0.pdsc: PDSC version is not supported
2026-03-17 20:59:13,491 [WARN] PackLoader:240 - Cannot read IP mode file for STMicroelectronics.X-CUBE-FREERTOS.1.2.0
2026-03-17 20:59:13,507 [WARN] PackLoader:240 - Cannot read IP mode file for STMicroelectronics.X-CUBE-NFC12.1.0.0
2026-03-17 20:59:13,524 [WARN] PackLoader:240 - Cannot read IP mode file for STMicroelectronics.X-CUBE-BLEMGR.1.2.0
2026-03-17 20:59:13,552 [WARN] PackLoader:240 - Cannot read IP mode file for STMicroelectronics.X-CUBE-AZRTOS-L5.2.0.0
2026-03-17 20:59:13,570 [WARN] PackLoader:240 - Cannot read IP mode file for STMicroelectronics.X-CUBE-NFC6.3.1.0
2026-03-17 20:59:13,588 [WARN] PackLoader:240 - Cannot read IP mode file for STMicroelectronics.X-CUBE-BLEMGR.2.0.0
2026-03-17 20:59:13,604 [WARN] PackLoader:240 - Cannot read IP mode file for STMicroelectronics.X-CUBE-DPower.1.2.0
2026-03-17 20:59:13,620 [WARN] PackLoader:240 - Cannot read IP mode file for STMicroelectronics.X-CUBE-NFC4.2.0.4
2026-03-17 20:59:13,635 [WARN] PackLoader:240 - Cannot read IP mode file for STMicroelectronics.X-CUBE-AI.9.0.0
2026-03-17 20:59:13,666 [WARN] ConditionMgr:438 - getConditionDescription Invalid condition id : UX DEVICE CLASS RTOS Condition cause : null
2026-03-17 20:59:13,666 [WARN] ConditionMgr:438 - getConditionDescription Invalid condition id : UX DEVICE CLASS RTOS Condition cause : null
2026-03-17 20:59:13,668 [WARN] PackLoader:240 - Cannot read IP mode file for STMicroelectronics.X-CUBE-AZRTOS-H7.3.1.0
2026-03-17 20:59:13,669 [WARN] ConditionMgr:1044 - genDependencies : Invalid condition id : UX DEVICE CLASS RTOS Condition cause : null
2026-03-17 20:59:13,669 [WARN] ConditionMgr:1044 - genDependencies : Invalid condition id : UX DEVICE CLASS RTOS Condition cause : null
2026-03-17 20:59:13,669 [WARN] ConditionMgr:1044 - genDependencies : Invalid condition id : UX DEVICE CLASS RTOS Condition cause : null
2026-03-17 20:59:13,670 [WARN] ConditionMgr:1044 - genDependencies : Invalid condition id : UX DEVICE CLASS RTOS Condition cause : null
2026-03-17 20:59:13,670 [WARN] ConditionMgr:1044 - genDependencies : Invalid condition id : UX DEVICE CLASS RTOS Condition cause : null
2026-03-17 20:59:13,690 [WARN] PackLoader:240 - Cannot read IP mode file for wolfSSL.I-CUBE-wolfSSL.5.5.1
2026-03-17 20:59:13,705 [WARN] PackLoader:240 - Cannot read IP mode file for STMicroelectronics.X-CUBE-FREERTOS.1.3.1
2026-03-17 20:59:13,721 [WARN] PackLoader:240 - Cannot read IP mode file for STMicroelectronics.X-CUBE-FREERTOS.1.3.0
2026-03-17 20:59:13,738 [WARN] PackLoader:240 - Cannot read IP mode file for STMicroelectronics.X-CUBE-NFC7.1.0.1
2026-03-17 20:59:13,753 [WARN] PackLoader:240 - Cannot read IP mode file for STMicroelectronics.X-CUBE-NFC7.1.0.0
2026-03-17 20:59:13,771 [WARN] PackLoader:240 - Cannot read IP mode file for STMicroelectronics.X-CUBE-TOUCHGFX.4.26.0
2026-03-17 20:59:13,786 [WARN] PackLoader:240 - Cannot read IP mode file for STMicroelectronics.X-CUBE-TOUCHGFX.4.26.1
2026-03-17 20:59:13,801 [WARN] PackLoader:240 - Cannot read IP mode file for STMicroelectronics.X-CUBE-EEPRMA1.4.1.0
2026-03-17 20:59:13,817 [WARN] PackLoader:240 - Cannot read IP mode file for STMicroelectronics.FP-SNS-STAIOTCFT.1.0.0
2026-03-17 20:59:13,832 [WARN] PackLoader:240 - Cannot read IP mode file for STMicroelectronics.X-CUBE-DPower.1.3.0
2026-03-17 20:59:13,875 [WARN] ConditionMgr:438 - getConditionDescription Invalid condition id : LAN8742 Phy interface Condition cause : null
2026-03-17 20:59:13,875 [WARN] PackLoader:240 - Cannot read IP mode file for STMicroelectronics.X-CUBE-AZRTOS-L4.2.0.0
2026-03-17 20:59:13,876 [WARN] ConditionMgr:1044 - genDependencies : Invalid condition id : LAN8742 Phy interface Condition cause : null
2026-03-17 20:59:13,877 [WARN] ConditionMgr:1044 - genDependencies : Invalid condition id : LAN8742 Phy interface Condition cause : null
2026-03-17 20:59:13,878 [WARN] ConditionMgr:1044 - genDependencies : Invalid condition id : LAN8742 Phy interface Condition cause : null
2026-03-17 20:59:13,896 [WARN] PackLoader:240 - Cannot read IP mode file for STMicroelectronics.X-CUBE-SFXS2LP1.4.0.0
2026-03-17 20:59:13,914 [ERROR] Engine:466 - C:\Users\abhil\.stm32cubemx\thirdparties\pdsc\STMicroelectronics.X-CUBE-ST67W61.1.2.0.pdsc: PDSC version is not supported
2026-03-17 20:59:13,936 [WARN] PackLoader:240 - Cannot read IP mode file for STMicroelectronics.X-CUBE-ISPU.1.1.0
2026-03-17 20:59:13,967 [WARN] PackLoader:240 - Cannot read IP mode file for STMicroelectronics.X-CUBE-AZRTOS-H7.3.3.0
2026-03-17 20:59:13,988 [WARN] PackLoader:240 - Cannot read IP mode file for RoweBots.I-CUBE-UNISONRTOS.5.5.0-4
2026-03-17 20:59:14,004 [WARN] PackLoader:240 - Cannot read IP mode file for STMicroelectronics.X-CUBE-BLEMGR.4.1.0
2026-03-17 20:59:14,022 [WARN] PackLoader:240 - Cannot read IP mode file for STMicroelectronics.X-CUBE-AI.8.0.0
2026-03-17 20:59:14,041 [WARN] PackLoader:240 - Cannot read IP mode file for STMicroelectronics.X-CUBE-IPS.3.0.0
2026-03-17 20:59:14,066 [WARN] ConditionMgr:438 - getConditionDescription Invalid condition id : UX DEVICE CLASS RTOS Condition cause : null
2026-03-17 20:59:14,066 [WARN] ConditionMgr:438 - getConditionDescription Invalid condition id : UX DEVICE CLASS RTOS Condition cause : null
2026-03-17 20:59:14,068 [WARN] PackLoader:240 - Cannot read IP mode file for STMicroelectronics.X-CUBE-AZRTOS-WB.2.0.0
2026-03-17 20:59:14,068 [WARN] ConditionMgr:1044 - genDependencies : Invalid condition id : UX DEVICE CLASS RTOS Condition cause : null
2026-03-17 20:59:14,068 [WARN] ConditionMgr:1044 - genDependencies : Invalid condition id : UX DEVICE CLASS RTOS Condition cause : null
2026-03-17 20:59:14,068 [WARN] ConditionMgr:1044 - genDependencies : Invalid condition id : UX DEVICE CLASS RTOS Condition cause : null
2026-03-17 20:59:14,068 [WARN] ConditionMgr:1044 - genDependencies : Invalid condition id : UX DEVICE CLASS RTOS Condition cause : null
2026-03-17 20:59:14,068 [WARN] ConditionMgr:1044 - genDependencies : Invalid condition id : UX DEVICE CLASS RTOS Condition cause : null
2026-03-17 20:59:14,086 [WARN] PackLoader:240 - Cannot read IP mode file for STMicroelectronics.X-CUBE-FREERTOS.1.0.1
2026-03-17 20:59:14,102 [WARN] PackLoader:240 - Cannot read IP mode file for STMicroelectronics.X-CUBE-GNSS1.7.0.0
2026-03-17 20:59:14,118 [WARN] PackLoader:240 - Cannot read IP mode file for STMicroelectronics.X-CUBE-GNSS1.7.0.1
2026-03-17 20:59:14,133 [WARN] PackLoader:240 - Cannot read IP mode file for STMicroelectronics.X-CUBE-TOUCHGFX.4.25.0
2026-03-17 20:59:14,153 [WARN] PackLoader:240 - Cannot read IP mode file for STMicroelectronics.FP-SNS-STBOX1.2.0.0
2026-03-17 20:59:14,170 [WARN] PackLoader:240 - Cannot read IP mode file for STMicroelectronics.X-CUBE-STSE01.2.0.0
2026-03-17 20:59:14,197 [WARN] PackLoader:240 - Cannot read IP mode file for STMicroelectronics.X-CUBE-AZRTOS-L5.1.1.0
2026-03-17 20:59:14,222 [WARN] PackLoader:240 - Cannot read IP mode file for STMicroelectronics.X-CUBE-SUBG2.5.0.0
2026-03-17 20:59:14,253 [WARN] PackLoader:240 - Cannot read IP mode file for STMicroelectronics.X-CUBE-AZRTOS-H7RS.1.1.0
2026-03-17 20:59:14,272 [WARN] PackLoader:240 - Cannot read IP mode file for Cesanta.I-CUBE-Mongoose.7.13.0
2026-03-17 20:59:14,304 [WARN] PackLoader:240 - Cannot read IP mode file for STMicroelectronics.X-CUBE-AZRTOS-G4.2.0.0
2026-03-17 20:59:14,323 [WARN] PackLoader:240 - Cannot read IP mode file for STMicroelectronics.X-CUBE-TOF1.3.3.0
2026-03-17 20:59:14,343 [WARN] PackLoader:240 - Cannot read IP mode file for STMicroelectronics.FP-ATR-ASTRA1.1.1.1
2026-03-17 20:59:14,356 [WARN] PackLoader:240 - Cannot read IP mode file for STMicroelectronics.X-CUBE-NFC7.2.0.0
2026-03-17 20:59:14,383 [WARN] PackLoader:240 - Cannot read IP mode file for STMicroelectronics.X-CUBE-AZRTOS-G4.1.0.0
2026-03-17 20:59:14,414 [WARN] PackLoader:240 - Cannot read IP mode file for STMicroelectronics.X-CUBE-AZRTOS-L4.1.0.0
2026-03-17 20:59:14,432 [WARN] PackLoader:240 - Cannot read IP mode file for STMicroelectronics.X-CUBE-ISPU.2.0.0
2026-03-17 20:59:14,454 [WARN] PackLoader:240 - Cannot read IP mode file for STMicroelectronics.X-CUBE-IPS.3.1.0
2026-03-17 20:59:14,471 [WARN] PackLoader:240 - Cannot read IP mode file for STMicroelectronics.X-CUBE-ALS.1.0.2
2026-03-17 20:59:14,517 [WARN] PackLoader:240 - Cannot read IP mode file for STMicroelectronics.X-CUBE-MEMS1.10.0.0
2026-03-17 20:59:14,582 [WARN] PackLoader:240 - Cannot read IP mode file for STMicroelectronics.X-CUBE-TOUCHGFX.4.24.2
2026-03-17 20:59:14,600 [WARN] PackLoader:240 - Cannot read IP mode file for STMicroelectronics.X-CUBE-AZRTOS-WL.1.0.0
2026-03-17 20:59:14,616 [WARN] PackLoader:240 - Cannot read IP mode file for STMicroelectronics.X-CUBE-TOUCHGFX.4.24.1
2026-03-17 20:59:14,635 [WARN] PackLoader:240 - Cannot read IP mode file for STMicroelectronics.X-CUBE-STSE01.1.0.0
2026-03-17 20:59:14,651 [WARN] PackLoader:240 - Cannot read IP mode file for wolfSSL.I-CUBE-wolfTPM.3.4.0
2026-03-17 20:59:14,667 [WARN] PackLoader:240 - Cannot read IP mode file for portGmbH.I-Cube-SoM-uGOAL.1.1.0
2026-03-17 20:59:14,683 [WARN] PackLoader:240 - Cannot read IP mode file for STMicroelectronics.X-CUBE-ALS.1.0.1
2026-03-17 20:59:14,705 [WARN] PackLoader:240 - Cannot read IP mode file for STMicroelectronics.X-CUBE-AZRTOS-WB.1.1.0
2026-03-17 20:59:14,731 [WARN] PackLoader:240 - Cannot read IP mode file for STMicroelectronics.X-CUBE-AZRTOS-L5.1.0.0
2026-03-17 20:59:14,746 [WARN] PackLoader:240 - Cannot read IP mode file for STMicroelectronics.X-CUBE-EEPRMA1.3.1.1
2026-03-17 20:59:14,771 [WARN] PackLoader:240 - Cannot read IP mode file for STMicroelectronics.X-CUBE-AZRTOS-H7RS.1.0.0
2026-03-17 20:59:14,786 [WARN] PackLoader:240 - Cannot read IP mode file for STMicroelectronics.FP-ATR-ASTRA1.2.0.0
2026-03-17 20:59:14,807 [WARN] PackLoader:240 - Cannot read IP mode file for STMicroelectronics.X-CUBE-TOF1.3.4.2
2026-03-17 20:59:14,834 [WARN] PackLoader:240 - Cannot read IP mode file for STMicroelectronics.X-CUBE-TOF1.3.4.3
2026-03-17 20:59:14,862 [WARN] PackLoader:240 - Cannot read IP mode file for STMicroelectronics.X-CUBE-TOF1.3.4.1
2026-03-17 20:59:14,891 [WARN] PackLoader:240 - Cannot read IP mode file for STMicroelectronics.X-CUBE-AZRTOS-H7.3.2.0
2026-03-17 20:59:14,916 [WARN] PackLoader:240 - Cannot read IP mode file for Infineon.AIROC-Wi-Fi-Bluetooth-STM32.1.6.0
2026-03-17 20:59:14,933 [WARN] PackLoader:240 - Cannot read IP mode file for wolfSSL.I-CUBE-wolfSSH.1.4.17
2026-03-17 20:59:14,934 [INFO] ThirdParty:978 - Integrity check success = true
2026-03-17 20:59:14,934 [INFO] IntegrityCheckThread:100 - exiting critical section [integrity check]
2026-03-17 20:59:14,934 [INFO] IntegrityCheckThread:103 - End integrity checks thread
2026-03-17 22:16:56,700 [ERROR] LogOutputStream:75 - [STDERR_REDIRECT] 
