2026-07-19 23:01:52,132 [INFO] Activator:176 - 


2026-07-19 23:01:52,139 [INFO] Activator:177 - !SESSION log4j initialized
2026-07-19 23:01:59,037 [INFO] LogOutputStream:77 - [STDOUT_REDIRECT] 
2026-07-19 23:01:59,754 [INFO] ApplicationProperties:184 - Using Application install path: C:\ST\STM32CubeIDE_1.10.1\STM32CubeIDE\plugins\com.st.stm32cube.common.mx_6.14.1.202504091515
2026-07-19 23:01:59,771 [INFO] DbMcusXml:78 - Set database path to: C:\ST\STM32CubeIDE_1.10.1\STM32CubeIDE\plugins\com.st.stm32cube.common.mx_6.14.1.202504091515\\db\/mcu/
2026-07-19 23:01:59,771 [INFO] ApiDb:274 - Set plugin database path to: C:\ST\STM32CubeIDE_1.10.1\STM32CubeIDE\plugins\com.st.stm32cube.common.mx_6.14.1.202504091515\\db\/plugins/boardmanager/
2026-07-19 23:01:59,772 [WARN] ApiDb:259 - Overriding images path with different value:  => C:\ST\STM32CubeIDE_1.10.1\STM32CubeIDE\plugins\com.st.stm32cube.common.mx_6.14.1.202504091515\\db\/plugins/mcufinder/images/
2026-07-19 23:01:59,780 [INFO] ApiDb:250 - Set database path to: C:\Users\abhil\.stmcufinder\plugins\mcufinder//mcu/
2026-07-19 23:01:59,781 [INFO] DbMcusAds:125 - Set database path to: C:\Users\abhil\.stmcufinder\plugins\mcufinder//mcu/
2026-07-19 23:01:59,785 [INFO] CrossReferenceDbSqlite:203 - Set database path to: C:\Users\abhil\.stmcufinder\plugins\mcufinder//mcu/cs/
2026-07-19 23:01:59,916 [INFO] RulesReader:64 - Compatibility file has been processed (302 Rules)
2026-07-19 23:02:00,009 [INFO] DbMcusXml:78 - Set database path to: C:\ST\STM32CubeIDE_1.10.1\STM32CubeIDE\plugins\com.st.stm32cube.common.mx_6.14.1.202504091515\\db\/mcu/
2026-07-19 23:02:00,009 [INFO] ApiDb:274 - Set plugin database path to: C:\ST\STM32CubeIDE_1.10.1\STM32CubeIDE\plugins\com.st.stm32cube.common.mx_6.14.1.202504091515\\db\/plugins/boardmanager/
2026-07-19 23:02:00,009 [INFO] ApiDb:261 - Set plugin images path to: C:\ST\STM32CubeIDE_1.10.1\STM32CubeIDE\plugins\com.st.stm32cube.common.mx_6.14.1.202504091515\\db\/plugins/mcufinder/images/
2026-07-19 23:02:00,009 [WARN] DbFile:41 - Overriding database path with different value: C:\Users\abhil\.stmcufinder\plugins\mcufinder/ => C:\Users\abhil\.stmcufinder\plugins\mcufinder
2026-07-19 23:02:00,009 [INFO] ApiDb:250 - Set database path to: C:\Users\abhil\.stmcufinder\plugins\mcufinder//mcu/
2026-07-19 23:02:00,009 [WARN] DbFile:41 - Overriding database path with different value: C:\Users\abhil\.stmcufinder\plugins\mcufinder/ => C:\Users\abhil\.stmcufinder\plugins\mcufinder
2026-07-19 23:02:00,009 [INFO] DbMcusAds:125 - Set database path to: C:\Users\abhil\.stmcufinder\plugins\mcufinder//mcu/
2026-07-19 23:02:00,009 [WARN] DbFile:41 - Overriding database path with different value: C:\Users\abhil\.stmcufinder\plugins\mcufinder/ => C:\Users\abhil\.stmcufinder\plugins\mcufinder
2026-07-19 23:02:00,010 [WARN] DbFile:41 - Overriding database path with different value: C:\Users\abhil\.stmcufinder\plugins\mcufinder/ => C:\Users\abhil\.stmcufinder\plugins\mcufinder
2026-07-19 23:02:00,010 [INFO] CrossReferenceDbSqlite:203 - Set database path to: C:\Users\abhil\.stmcufinder\plugins\mcufinder//mcu/cs/
2026-07-19 23:02:00,093 [INFO] MainPanel:272 - HeapMemory: 268435456
2026-07-19 23:02:00,200 [INFO] DbMcusXml:78 - Set database path to: C:\ST\STM32CubeIDE_1.10.1\STM32CubeIDE\plugins\com.st.stm32cube.common.mx_6.14.1.202504091515\\db\/mcu/
2026-07-19 23:02:00,200 [INFO] ApiDb:274 - Set plugin database path to: C:\ST\STM32CubeIDE_1.10.1\STM32CubeIDE\plugins\com.st.stm32cube.common.mx_6.14.1.202504091515\\db\/plugins/boardmanager/
2026-07-19 23:02:00,202 [INFO] ApiDb:261 - Set plugin images path to: C:\ST\STM32CubeIDE_1.10.1\STM32CubeIDE\plugins\com.st.stm32cube.common.mx_6.14.1.202504091515\\db\/plugins/mcufinder/images/
2026-07-19 23:02:00,202 [WARN] DbFile:41 - Overriding database path with different value: C:\Users\abhil\.stmcufinder\plugins\mcufinder/ => C:\Users\abhil\.stmcufinder\plugins\mcufinder
2026-07-19 23:02:00,202 [INFO] ApiDb:250 - Set database path to: C:\Users\abhil\.stmcufinder\plugins\mcufinder//mcu/
2026-07-19 23:02:00,202 [WARN] DbFile:41 - Overriding database path with different value: C:\Users\abhil\.stmcufinder\plugins\mcufinder/ => C:\Users\abhil\.stmcufinder\plugins\mcufinder
2026-07-19 23:02:00,202 [INFO] DbMcusAds:125 - Set database path to: C:\Users\abhil\.stmcufinder\plugins\mcufinder//mcu/
2026-07-19 23:02:00,203 [WARN] DbFile:41 - Overriding database path with different value: C:\Users\abhil\.stmcufinder\plugins\mcufinder/ => C:\Users\abhil\.stmcufinder\plugins\mcufinder
2026-07-19 23:02:00,203 [WARN] DbFile:41 - Overriding database path with different value: C:\Users\abhil\.stmcufinder\plugins\mcufinder/ => C:\Users\abhil\.stmcufinder\plugins\mcufinder
2026-07-19 23:02:00,203 [INFO] CrossReferenceDbSqlite:203 - Set database path to: C:\Users\abhil\.stmcufinder\plugins\mcufinder//mcu/cs/
2026-07-19 23:02:00,232 [INFO] ApplicationProperties:184 - Using Application install path: C:\ST\STM32CubeIDE_1.10.1\STM32CubeIDE\plugins\com.st.stm32cube.common.mx_6.14.1.202504091515
2026-07-19 23:02:00,235 [INFO] PluginManage:196 - Search for loadable plugins [exclusion list=, ]
2026-07-19 23:02:00,237 [INFO] PluginManage:310 - Check plugin analytics
2026-07-19 23:02:00,431 [INFO] AnalyticsPlugin:253 - Accepted Software Licenses: 
2026-07-19 23:02:00,431 [INFO] AnalyticsPlugin:255 - Accepted CMSIS Pack Licenses: 
2026-07-19 23:02:00,431 [INFO] AnalyticsPlugin:257 - Accepted Firmware Licenses: FW.F4.1.27.0,FW.H7.1.10.0,FW.H7.1.12.0,FW.F4.1.28.0
2026-07-19 23:02:00,435 [INFO] PluginManage:359 - Loaded plugin analytics (category:tool,tabindex:-1)
2026-07-19 23:02:00,435 [INFO] PluginManage:310 - Check plugin cadmodel
2026-07-19 23:02:00,439 [INFO] CADModel:105 - Init CAD model plugin
2026-07-19 23:02:00,439 [INFO] PluginManage:359 - Loaded plugin cadmodel (category:power,tabindex:5)
2026-07-19 23:02:00,439 [INFO] PluginManage:310 - Check plugin clock
2026-07-19 23:02:00,449 [INFO] PluginManage:359 - Loaded plugin clock (category:base,tabindex:2)
2026-07-19 23:02:00,450 [INFO] PluginManage:310 - Check plugin ddr
2026-07-19 23:02:00,452 [INFO] PluginManage:359 - Loaded plugin ddr (category:tool,tabindex:6)
2026-07-19 23:02:00,452 [INFO] PluginManage:310 - Check plugin filemanager
2026-07-19 23:02:00,606 [INFO] PluginManage:359 - Loaded plugin filemanager (category:base,tabindex:10)
2026-07-19 23:02:00,606 [INFO] PluginManage:310 - Check plugin ipmanager
2026-07-19 23:02:00,615 [INFO] PluginManage:359 - Loaded plugin ipmanager (category:base,tabindex:5)
2026-07-19 23:02:00,616 [INFO] PluginManage:310 - Check plugin lpbam
2026-07-19 23:02:00,626 [INFO] PluginManage:359 - Loaded plugin lpbam (category:base,tabindex:0)
2026-07-19 23:02:00,626 [INFO] PluginManage:310 - Check plugin memorymap
2026-07-19 23:02:00,645 [INFO] PluginManage:359 - Loaded plugin memorymap (category:base,tabindex:4)
2026-07-19 23:02:00,646 [INFO] PluginManage:310 - Check plugin pinoutandconfiguration
2026-07-19 23:02:00,656 [INFO] PluginManage:359 - Loaded plugin pinoutandconfiguration (category:base,tabindex:1)
2026-07-19 23:02:00,656 [INFO] PluginManage:310 - Check plugin pinoutconfig
2026-07-19 23:02:00,788 [WARN] SupportedApi:132 - Cannot load RTOS API schema: s4s-elt-must-match.1: The content of 'definitions' must match (annotation?, (simpleType | complexType)?, (unique | key | keyref)*)). A problem was found starting at: attribute.
2026-07-19 23:02:00,958 [INFO] PluginManage:359 - Loaded plugin pinoutconfig (category:base,tabindex:0)
2026-07-19 23:02:00,958 [INFO] PluginManage:310 - Check plugin power
2026-07-19 23:02:00,969 [INFO] PluginManage:359 - Loaded plugin power (category:power,tabindex:4)
2026-07-19 23:02:00,969 [INFO] PluginManage:310 - Check plugin projectmanager
2026-07-19 23:02:00,988 [INFO] PluginManage:359 - Loaded plugin projectmanager (category:projectmanager,tabindex:4)
2026-07-19 23:02:00,988 [INFO] PluginManage:310 - Check plugin rif
2026-07-19 23:02:00,996 [INFO] PluginManage:359 - Loaded plugin rif (category:base,tabindex:3)
2026-07-19 23:02:00,997 [INFO] PluginManage:310 - Check plugin thirdparty
2026-07-19 23:02:01,145 [INFO] PluginManage:359 - Loaded plugin thirdparty (category:base,tabindex:-1)
2026-07-19 23:02:01,145 [WARN] IntegrityCheckThread:84 - waiting for thirdparty lock release [integrity check]
2026-07-19 23:02:01,146 [INFO] PluginManage:310 - Check plugin tools
2026-07-19 23:02:01,146 [INFO] IntegrityCheckThread:86 - entering critical section [integrity check]
2026-07-19 23:02:01,146 [INFO] ThirdPartyUpdaterWithRetryManager:70 - Updater plugin not ready yet. [1/15]
2026-07-19 23:02:01,150 [INFO] PluginManage:359 - Loaded plugin tools (category:base,tabindex:7)
2026-07-19 23:02:01,150 [INFO] PluginManage:310 - Check plugin tutovideos
2026-07-19 23:02:01,360 [INFO] PluginManage:359 - Loaded plugin tutovideos (category:base,tabindex:-1)
2026-07-19 23:02:01,360 [INFO] PluginManage:310 - Check plugin updater
2026-07-19 23:02:01,381 [INFO] PluginManage:359 - Loaded plugin updater (category:base,tabindex:12)
2026-07-19 23:02:01,382 [INFO] PluginManage:310 - Check plugin userauth
2026-07-19 23:02:01,386 [INFO] UserAuth:118 - Init User Auth plugin
2026-07-19 23:02:01,387 [INFO] PluginManage:359 - Loaded plugin userauth (category:base,tabindex:14)
2026-07-19 23:02:01,387 [INFO] PluginManage:283 - PluginManage : Loaded plugins [18]
2026-07-19 23:02:01,641 [INFO] PinOutPanel:1589 - setPackage(No Configuration,No Configuration)
2026-07-19 23:02:01,747 [INFO] CADModel:165 - CPN selected for project level
2026-07-19 23:02:01,747 [INFO] CADModel:114 - Register for checkConnection events
2026-07-19 23:02:01,770 [INFO] IPUIPlugin:80 - create IPUIPlugin
2026-07-19 23:02:01,770 [INFO] PluginManager:220 - loadIPPluginJar : add adc
2026-07-19 23:02:01,773 [INFO] IPUIPlugin:80 - create IPUIPlugin
2026-07-19 23:02:01,773 [INFO] PluginManager:220 - loadIPPluginJar : add aes
2026-07-19 23:02:01,776 [INFO] IPUIPlugin:80 - create IPUIPlugin
2026-07-19 23:02:01,777 [INFO] PluginManager:220 - loadIPPluginJar : add can
2026-07-19 23:02:01,779 [INFO] IPUIPlugin:80 - create IPUIPlugin
2026-07-19 23:02:01,779 [INFO] PluginManager:220 - loadIPPluginJar : add comp
2026-07-19 23:02:01,782 [INFO] IPUIPlugin:80 - create IPUIPlugin
2026-07-19 23:02:01,782 [INFO] PluginManager:220 - loadIPPluginJar : add cryp
2026-07-19 23:02:01,785 [INFO] IPUIPlugin:80 - create IPUIPlugin
2026-07-19 23:02:01,786 [INFO] PluginManager:220 - loadIPPluginJar : add ddr_ctrl_phy
2026-07-19 23:02:01,789 [INFO] IPUIPlugin:80 - create IPUIPlugin
2026-07-19 23:02:01,789 [INFO] PluginManager:220 - loadIPPluginJar : add dfsdm
2026-07-19 23:02:01,795 [INFO] IPUIPlugin:80 - create IPUIPlugin
2026-07-19 23:02:01,795 [INFO] PluginManager:220 - loadIPPluginJar : add dma
2026-07-19 23:02:01,799 [INFO] IPUIPlugin:80 - create IPUIPlugin
2026-07-19 23:02:01,799 [INFO] PluginManager:220 - loadIPPluginJar : add dma3
2026-07-19 23:02:01,803 [INFO] IPUIPlugin:80 - create IPUIPlugin
2026-07-19 23:02:01,803 [INFO] PluginManager:220 - loadIPPluginJar : add extmemmanager
2026-07-19 23:02:01,805 [INFO] IPUIPlugin:80 - create IPUIPlugin
2026-07-19 23:02:01,805 [INFO] PluginManager:220 - loadIPPluginJar : add fatfs
2026-07-19 23:02:01,812 [INFO] IPUIPlugin:80 - create IPUIPlugin
2026-07-19 23:02:01,812 [INFO] PluginManager:220 - loadIPPluginJar : add fmc
2026-07-19 23:02:01,819 [INFO] IPUIPlugin:80 - create IPUIPlugin
2026-07-19 23:02:01,820 [INFO] PluginManager:220 - loadIPPluginJar : add freertos
2026-07-19 23:02:01,821 [INFO] IPUIPlugin:80 - create IPUIPlugin
2026-07-19 23:02:01,822 [INFO] PluginManager:220 - loadIPPluginJar : add genericplugin
2026-07-19 23:02:01,824 [INFO] IPUIPlugin:80 - create IPUIPlugin
2026-07-19 23:02:01,824 [INFO] PluginManager:220 - loadIPPluginJar : add gfxmmu
2026-07-19 23:02:01,829 [INFO] IPUIPlugin:80 - create IPUIPlugin
2026-07-19 23:02:01,829 [INFO] PluginManager:220 - loadIPPluginJar : add gic
2026-07-19 23:02:01,835 [INFO] IPUIPlugin:80 - create IPUIPlugin
2026-07-19 23:02:01,835 [INFO] PluginManager:220 - loadIPPluginJar : add gpio
2026-07-19 23:02:01,838 [INFO] IPUIPlugin:80 - create IPUIPlugin
2026-07-19 23:02:01,838 [INFO] PluginManager:220 - loadIPPluginJar : add gtzc
2026-07-19 23:02:01,841 [INFO] IPUIPlugin:80 - create IPUIPlugin
2026-07-19 23:02:01,841 [INFO] PluginManager:220 - loadIPPluginJar : add hash
2026-07-19 23:02:01,844 [INFO] IPUIPlugin:80 - create IPUIPlugin
2026-07-19 23:02:01,844 [INFO] PluginManager:220 - loadIPPluginJar : add i2c
2026-07-19 23:02:01,847 [INFO] IPUIPlugin:80 - create IPUIPlugin
2026-07-19 23:02:01,847 [INFO] PluginManager:220 - loadIPPluginJar : add i2s
2026-07-19 23:02:01,851 [INFO] IPUIPlugin:80 - create IPUIPlugin
2026-07-19 23:02:01,852 [INFO] PluginManager:220 - loadIPPluginJar : add i3c
2026-07-19 23:02:01,856 [INFO] IPUIPlugin:80 - create IPUIPlugin
2026-07-19 23:02:01,856 [INFO] PluginManager:220 - loadIPPluginJar : add ipddr
2026-07-19 23:02:01,863 [INFO] IPUIPlugin:80 - create IPUIPlugin
2026-07-19 23:02:01,863 [INFO] PluginManager:220 - loadIPPluginJar : add linkedlist
2026-07-19 23:02:01,866 [INFO] IPUIPlugin:80 - create IPUIPlugin
2026-07-19 23:02:01,867 [INFO] PluginManager:220 - loadIPPluginJar : add lorawan
2026-07-19 23:02:01,868 [INFO] IPUIPlugin:80 - create IPUIPlugin
2026-07-19 23:02:01,869 [INFO] PluginManager:220 - loadIPPluginJar : add ltdc
2026-07-19 23:02:01,875 [INFO] IPUIPlugin:80 - create IPUIPlugin
2026-07-19 23:02:01,875 [INFO] PluginManager:220 - loadIPPluginJar : add mdma
2026-07-19 23:02:01,880 [INFO] IPUIPlugin:80 - create IPUIPlugin
2026-07-19 23:02:01,880 [INFO] PluginManager:220 - loadIPPluginJar : add nvic
2026-07-19 23:02:01,886 [INFO] IPUIPlugin:80 - create IPUIPlugin
2026-07-19 23:02:01,886 [INFO] PluginManager:220 - loadIPPluginJar : add opamp
2026-07-19 23:02:01,889 [INFO] IPUIPlugin:80 - create IPUIPlugin
2026-07-19 23:02:01,889 [INFO] PluginManager:220 - loadIPPluginJar : add openamp
2026-07-19 23:02:01,893 [INFO] IPUIPlugin:80 - create IPUIPlugin
2026-07-19 23:02:01,893 [INFO] PluginManager:220 - loadIPPluginJar : add pdm2pcm
2026-07-19 23:02:01,909 [INFO] IPUIPlugin:80 - create IPUIPlugin
2026-07-19 23:02:01,912 [INFO] PluginManager:220 - loadIPPluginJar : add plateformsettings
2026-07-19 23:02:01,915 [INFO] IPUIPlugin:80 - create IPUIPlugin
2026-07-19 23:02:01,915 [INFO] PluginManager:220 - loadIPPluginJar : add quadspi
2026-07-19 23:02:01,918 [INFO] IPUIPlugin:80 - create IPUIPlugin
2026-07-19 23:02:01,919 [INFO] PluginManager:220 - loadIPPluginJar : add radio
2026-07-19 23:02:01,924 [INFO] IPUIPlugin:80 - create IPUIPlugin
2026-07-19 23:02:01,924 [INFO] PluginManager:220 - loadIPPluginJar : add resmgrutility
2026-07-19 23:02:01,935 [INFO] IPUIPlugin:80 - create IPUIPlugin
2026-07-19 23:02:01,936 [INFO] PluginManager:220 - loadIPPluginJar : add sai
2026-07-19 23:02:01,939 [INFO] IPUIPlugin:80 - create IPUIPlugin
2026-07-19 23:02:01,939 [INFO] PluginManager:220 - loadIPPluginJar : add spi
2026-07-19 23:02:01,948 [INFO] IPUIPlugin:80 - create IPUIPlugin
2026-07-19 23:02:01,949 [INFO] PluginManager:220 - loadIPPluginJar : add stm32_wpan
2026-07-19 23:02:01,950 [INFO] IPUIPlugin:80 - create IPUIPlugin
2026-07-19 23:02:01,951 [INFO] PluginManager:220 - loadIPPluginJar : add tim
2026-07-19 23:02:01,955 [INFO] IPUIPlugin:80 - create IPUIPlugin
2026-07-19 23:02:01,955 [INFO] PluginManager:220 - loadIPPluginJar : add touchsensing
2026-07-19 23:02:01,957 [INFO] IPUIPlugin:80 - create IPUIPlugin
2026-07-19 23:02:01,958 [INFO] PluginManager:220 - loadIPPluginJar : add tracer_emb
2026-07-19 23:02:01,960 [INFO] IPUIPlugin:80 - create IPUIPlugin
2026-07-19 23:02:01,961 [INFO] PluginManager:220 - loadIPPluginJar : add ts
2026-07-19 23:02:01,963 [INFO] IPUIPlugin:80 - create IPUIPlugin
2026-07-19 23:02:01,963 [INFO] PluginManager:220 - loadIPPluginJar : add tsc
2026-07-19 23:02:01,966 [INFO] IPUIPlugin:80 - create IPUIPlugin
2026-07-19 23:02:01,966 [INFO] PluginManager:220 - loadIPPluginJar : add ucpd
2026-07-19 23:02:01,969 [INFO] IPUIPlugin:80 - create IPUIPlugin
2026-07-19 23:02:01,970 [INFO] PluginManager:220 - loadIPPluginJar : add usart
2026-07-19 23:02:01,973 [INFO] IPUIPlugin:80 - create IPUIPlugin
2026-07-19 23:02:01,973 [INFO] PluginManager:220 - loadIPPluginJar : add usbx
2026-07-19 23:02:02,109 [FATAL] Updater:351 - Updater called before beeing initialized
2026-07-19 23:02:02,137 [INFO] RulesReader:64 - Compatibility file has been processed (302 Rules)
2026-07-19 23:02:02,150 [INFO] RulesReader:64 - Compatibility file has been processed (302 Rules)
2026-07-19 23:02:02,158 [INFO] CADModel:165 - CPN selected for project level
2026-07-19 23:02:02,158 [INFO] CADModel:114 - Register for checkConnection events
2026-07-19 23:02:02,158 [FATAL] Updater:351 - Updater called before beeing initialized
2026-07-19 23:02:02,158 [ERROR] CADModel:125 - Updater not yet initialized, retry later 
2026-07-19 23:02:02,315 [FATAL] Updater:351 - Updater called before beeing initialized
2026-07-19 23:02:02,317 [INFO] CADModel:165 - CPN selected for project level
2026-07-19 23:02:02,317 [INFO] CADModel:114 - Register for checkConnection events
2026-07-19 23:02:02,317 [FATAL] Updater:351 - Updater called before beeing initialized
2026-07-19 23:02:02,317 [ERROR] CADModel:125 - Updater not yet initialized, retry later 
2026-07-19 23:02:02,321 [FATAL] Updater:351 - Updater called before beeing initialized
2026-07-19 23:02:02,448 [FATAL] Updater:351 - Updater called before beeing initialized
2026-07-19 23:02:02,453 [INFO] DbMcusAds:53 - JSON generation date=Thu May 28 21:38:17 IST 2026 (1779984497073)
2026-07-19 23:02:02,453 [FATAL] Updater:351 - Updater called before beeing initialized
2026-07-19 23:02:02,501 [WARN] DetailPanel:346 - Failed to get advertising image, set to default
2026-07-19 23:02:02,805 [FATAL] Updater:351 - Updater called before beeing initialized
2026-07-19 23:02:02,807 [FATAL] Updater:351 - Updater called before beeing initialized
2026-07-19 23:02:02,807 [FATAL] Updater:351 - Updater called before beeing initialized
2026-07-19 23:02:02,807 [WARN] DetailPanel:346 - Failed to get advertising image, set to default
2026-07-19 23:02:02,808 [FATAL] Updater:351 - Updater called before beeing initialized
2026-07-19 23:02:02,866 [ERROR] Updater:1198 - MainUpdater not yet initialized. External WinMGr cannot be set.
2026-07-19 23:02:02,868 [INFO] Updater:1134 - Updater Version found : 6.14.1
2026-07-19 23:02:02,885 [INFO] ApplicationProperties:184 - Using Application install path: C:\ST\STM32CubeIDE_1.10.1\STM32CubeIDE\plugins\com.st.stm32cube.common.mx_6.14.1.202504091515
2026-07-19 23:02:03,215 [INFO] MainUpdater:2872 - connection check result : 10
2026-07-19 23:02:03,216 [INFO] MainUpdater:289 - Updater Check For Update Now.
2026-07-19 23:02:03,217 [INFO] MicroXplorer:498 - Change Database Version : DB.6.0.141
2026-07-19 23:02:03,225 [INFO] McuFinderGlobals:63 - Set McuFinder mode to 2 (CubeIDE integrated)
2026-07-19 23:02:03,226 [INFO] UserAuth:484 - Internet connection configuration mode: 1
2026-07-19 23:02:03,248 [INFO] JxBrowserEngine:152 - Initiate JxBrowser Engine with user profile folder
2026-07-19 23:02:03,409 [INFO] CheckServerUpdateThread:120 - End of CheckServer Thread
2026-07-19 23:02:03,927 [INFO] WebApp:169 - Instantiating new browser for Auth
2026-07-19 23:02:04,632 [WARN] PackLoader:240 - Cannot read IP mode file for STMicroelectronics.X-CUBE-AZRTOS-H7.3.5.0
2026-07-19 23:02:04,649 [WARN] PackLoader:240 - Cannot read IP mode file for STMicroelectronics.FP-SNS-MOTENVWB1.1.4.0
2026-07-19 23:02:04,659 [WARN] PackLoader:240 - Cannot read IP mode file for STMicroelectronics.FP-ATR-ASTRA1.2.0.2
2026-07-19 23:02:04,667 [WARN] PackLoader:240 - Cannot read IP mode file for STMicroelectronics.FP-ATR-ASTRA1.2.0.1
2026-07-19 23:02:04,676 [ERROR] Engine:466 - C:\Users\abhil\.stm32cubemx\thirdparties\pdsc\STMicroelectronics.X-CUBE-SMBUS.2.1.1.pdsc: PDSC version is not supported
2026-07-19 23:02:04,683 [WARN] PackLoader:240 - Cannot read IP mode file for STMicroelectronics.X-CUBE-SMBUS.2.1.0
2026-07-19 23:02:04,695 [WARN] PackLoader:240 - Cannot read IP mode file for STMicroelectronics.X-CUBE-WB05N.1.1.0
2026-07-19 23:02:04,707 [WARN] PackLoader:240 - Cannot read IP mode file for STMicroelectronics.X-CUBE-ST60.1.0.0
2026-07-19 23:02:04,720 [WARN] PackLoader:240 - Cannot read IP mode file for STMicroelectronics.X-CUBE-TOUCHGFX.4.23.2
2026-07-19 23:02:04,748 [WARN] PackLoader:240 - Cannot read IP mode file for STMicroelectronics.X-CUBE-AZRTOS-F7.1.1.0
2026-07-19 23:02:04,754 [ERROR] Engine:466 - C:\Users\abhil\.stm32cubemx\thirdparties\pdsc\STMicroelectronics.X-CUBE-FREERTOS.1.6.0.pdsc: PDSC version is not supported
2026-07-19 23:02:04,762 [WARN] PackLoader:240 - Cannot read IP mode file for STMicroelectronics.X-CUBE-BLE1.6.2.3
2026-07-19 23:02:04,822 [WARN] PackLoader:240 - Cannot read IP mode file for STMicroelectronics.X-CUBE-MEMS1.11.0.0
2026-07-19 23:02:04,868 [INFO] WebApp:463 - Apply proxy settings
2026-07-19 23:02:04,868 [INFO] WebApp:548 - Chromium requires no authentication
2026-07-19 23:02:04,875 [INFO] WebApp:491 - Direct internet connection detected
2026-07-19 23:02:04,902 [INFO] WebApp:894 - Register for checkConnection events
2026-07-19 23:02:04,902 [INFO] WebApp:463 - Apply proxy settings
2026-07-19 23:02:04,902 [INFO] WebApp:548 - Chromium requires no authentication
2026-07-19 23:02:04,903 [INFO] WebApp:491 - Direct internet connection detected
2026-07-19 23:02:04,956 [WARN] PackLoader:240 - Cannot read IP mode file for STMicroelectronics.X-CUBE-BLE1.6.2.4
2026-07-19 23:02:04,960 [ERROR] Engine:466 - C:\Users\abhil\.stm32cubemx\thirdparties\pdsc\STMicroelectronics.FP-SNS-MOTENV1.5.1.0.pdsc: PDSC version is not supported
2026-07-19 23:02:04,976 [WARN] PackLoader:240 - Cannot read IP mode file for STMicroelectronics.X-CUBE-AZRTOS-H7RS.1.3.0
2026-07-19 23:02:04,984 [WARN] PackLoader:240 - Cannot read IP mode file for STMicroelectronics.FP-SNS-FLIGHT1.5.0.2
2026-07-19 23:02:04,994 [WARN] PackLoader:240 - Cannot read IP mode file for STMicroelectronics.X-CUBE-TOF1.3.1.0
2026-07-19 23:02:05,011 [WARN] PackLoader:240 - Cannot read IP mode file for STMicroelectronics.X-CUBE-AZRTOS-H7.3.4.0
2026-07-19 23:02:05,019 [WARN] PackLoader:240 - Cannot read IP mode file for STMicroelectronics.X-CUBE-DISPLAY.3.0.0
2026-07-19 23:02:05,028 [WARN] PackLoader:240 - Cannot read IP mode file for STMicroelectronics.X-CUBE-GNSS1.7.1.1
2026-07-19 23:02:05,030 [ERROR] Engine:466 - C:\Users\abhil\.stm32cubemx\thirdparties\pdsc\STMicroelectronics.FP-SNS-MOTENVWB1.1.5.0.pdsc: PDSC version is not supported
2026-07-19 23:02:05,034 [WARN] PackLoader:240 - Cannot read IP mode file for STMicroelectronics.X-CUBE-BLE1.7.0.0
2026-07-19 23:02:05,040 [WARN] PackLoader:240 - Cannot read IP mode file for STMicroelectronics.X-CUBE-NFC10.1.0.0
2026-07-19 23:02:05,050 [WARN] PackLoader:240 - Cannot read IP mode file for STMicroelectronics.X-CUBE-BLEMGR.4.0.0
2026-07-19 23:02:05,055 [WARN] PackLoader:240 - Cannot read IP mode file for STMicroelectronics.X-CUBE-ST60.1.1.0
2026-07-19 23:02:05,058 [ERROR] Engine:466 - C:\Users\abhil\.stm32cubemx\thirdparties\pdsc\STMicroelectronics.X-CUBE-WBA.1.1.0.pdsc: PDSC version is not supported
2026-07-19 23:02:05,062 [WARN] PackLoader:240 - Cannot read IP mode file for STMicroelectronics.X-CUBE-GNSS1.7.1.0
2026-07-19 23:02:05,087 [WARN] PackLoader:240 - Cannot read IP mode file for STMicroelectronics.X-CUBE-MEMS1.9.3.0
2026-07-19 23:02:05,176 [INFO] WebApp:191 - Connection restablished
2026-07-19 23:02:05,192 [INFO] WebApp:225 - Starting web application
2026-07-19 23:02:05,193 [INFO] WebApp:593 - Web application path used C:\ST\STM32CubeIDE_1.10.1\STM32CubeIDE\plugins\com.st.stm32cube.common.mx_6.14.1.202504091515\db\plugins\mcufinder\reactClient1\index.html
2026-07-19 23:02:05,237 [WARN] PackLoader:240 - Cannot read IP mode file for STMicroelectronics.X-CUBE-AI.7.2.0
2026-07-19 23:02:05,246 [WARN] PackLoader:240 - Cannot read IP mode file for STMicroelectronics.X-CUBE-BLEMGR.3.1.0
2026-07-19 23:02:05,253 [WARN] PackLoader:240 - Cannot read IP mode file for STMicroelectronics.X-CUBE-AI.10.0.0
2026-07-19 23:02:05,258 [ERROR] Engine:466 - C:\Users\abhil\.stm32cubemx\thirdparties\pdsc\STMicroelectronics.FP-SNS-STBOX1.2.1.0.pdsc: PDSC version is not supported
2026-07-19 23:02:05,265 [WARN] PackLoader:240 - Cannot read IP mode file for STMicroelectronics.FP-SNS-SMARTAG2.1.2.0
2026-07-19 23:02:05,269 [WARN] PackLoader:240 - Cannot read IP mode file for STMicroelectronics.FP-SNS-FLIGHT1.5.1.0
2026-07-19 23:02:05,307 [WARN] PackLoader:240 - Cannot read IP mode file for STMicroelectronics.X-CUBE-MEMS1.11.1.0
2026-07-19 23:02:05,345 [INFO] UserAuth:484 - Internet connection configuration mode: 1
2026-07-19 23:02:05,413 [INFO] LogOutputStream:77 - [STDOUT_REDIRECT] 1 : Invalid condition id : UX_CORESTACK_Condition cause : null
2026-07-19 23:02:05,414 [INFO] LogOutputStream:77 - [STDOUT_REDIRECT] 1 : Invalid condition id : UX_CORESTACK_Condition cause : null
2026-07-19 23:02:05,415 [INFO] LogOutputStream:77 - [STDOUT_REDIRECT] 1 : Invalid condition id : UX_CORESTACK_Condition cause : null
2026-07-19 23:02:05,416 [INFO] LogOutputStream:77 - [STDOUT_REDIRECT] 1 : Invalid condition id : UX_CORESTACK_Condition cause : null
2026-07-19 23:02:05,417 [INFO] LogOutputStream:77 - [STDOUT_REDIRECT] 1 : Invalid condition id : UX_CORESTACK_Condition cause : null
2026-07-19 23:02:05,420 [WARN] PackLoader:240 - Cannot read IP mode file for STMicroelectronics.X-CUBE-AZRTOS-WL.2.0.0
2026-07-19 23:02:05,428 [WARN] PackLoader:240 - Cannot read IP mode file for STMicroelectronics.FP-SNS-MOTENV1.5.0.0
2026-07-19 23:02:05,444 [WARN] PackLoader:240 - Cannot read IP mode file for STMicroelectronics.X-CUBE-AZRTOS-H7RS.1.2.0
2026-07-19 23:02:05,454 [WARN] PackLoader:240 - Cannot read IP mode file for wolfSSL.I-CUBE-wolfMQTT.1.19.0
2026-07-19 23:02:05,464 [WARN] PackLoader:240 - Cannot read IP mode file for WES.I-CUBE-Cesium.1.3.0
2026-07-19 23:02:05,471 [WARN] PackLoader:240 - Cannot read IP mode file for STMicroelectronics.X-CUBE-BLE2.3.3.0
2026-07-19 23:02:05,495 [WARN] PackLoader:240 - Cannot read IP mode file for STMicroelectronics.X-CUBE-DISPLAY.2.2.0
2026-07-19 23:02:05,505 [WARN] PackLoader:240 - Cannot read IP mode file for STMicroelectronics.X-CUBE-TOF1.3.2.0
2026-07-19 23:02:05,513 [WARN] PackLoader:240 - Cannot read IP mode file for STMicroelectronics.X-CUBE-ISPU.1.0.0
2026-07-19 23:02:05,521 [WARN] PackLoader:240 - Cannot read IP mode file for STMicroelectronics.X-CUBE-NFC9.1.0.0
2026-07-19 23:02:05,537 [WARN] PackLoader:240 - Cannot read IP mode file for STMicroelectronics.X-CUBE-AZRTOS-H7.2.1.0
2026-07-19 23:02:05,550 [WARN] PackLoader:240 - Cannot read IP mode file for STMicroelectronics.X-CUBE-BLE1.7.1.0
2026-07-19 23:02:05,557 [WARN] PackLoader:240 - Cannot read IP mode file for STMicroelectronics.X-CUBE-TCPP.4.1.0
2026-07-19 23:02:05,562 [ERROR] Engine:466 - C:\Users\abhil\.stm32cubemx\thirdparties\pdsc\STMicroelectronics.X-CUBE-FREERTOS.1.4.0.pdsc: PDSC version is not supported
2026-07-19 23:02:05,571 [WARN] PackLoader:240 - Cannot read IP mode file for STMicroelectronics.X-CUBE-EEPRMA1.5.2.0
2026-07-19 23:02:05,576 [WARN] PackLoader:240 - Cannot read IP mode file for STMicroelectronics.X-CUBE-TOUCHGFX.4.21.3
2026-07-19 23:02:05,580 [WARN] PackLoader:240 - Cannot read IP mode file for STMicroelectronics.X-CUBE-AI.7.3.0
2026-07-19 23:02:05,583 [ERROR] Engine:466 - C:\Users\abhil\.stm32cubemx\thirdparties\pdsc\STMicroelectronics.X-CUBE-ST67W61.1.1.0.pdsc: PDSC version is not supported
2026-07-19 23:02:05,587 [WARN] PackLoader:240 - Cannot read IP mode file for STMicroelectronics.X-CUBE-AI.10.1.0
2026-07-19 23:02:05,591 [ERROR] Engine:466 - C:\Users\abhil\.stm32cubemx\thirdparties\pdsc\STMicroelectronics.FP-SNS-STAIOTCFT.1.1.0.pdsc: PDSC version is not supported
2026-07-19 23:02:05,631 [WARN] PackLoader:240 - Cannot read IP mode file for STMicroelectronics.X-CUBE-MEMS1.12.0.0
2026-07-19 23:02:05,688 [WARN] PackLoader:240 - Cannot read IP mode file for STMicroelectronics.X-CUBE-ALGOBUILD.1.3.0
2026-07-19 23:02:05,724 [WARN] PackLoader:240 - Cannot read IP mode file for STMicroelectronics.X-CUBE-MEMS1.11.2.0
2026-07-19 23:02:05,854 [WARN] PackLoader:240 - Cannot read IP mode file for STMicroelectronics.X-CUBE-AZRTOS-G0.1.1.0
2026-07-19 23:02:05,864 [WARN] PackLoader:240 - Cannot read IP mode file for STMicroelectronics.X-CUBE-SAFEA1.1.2.2
2026-07-19 23:02:05,870 [WARN] PackLoader:240 - Cannot read IP mode file for STMicroelectronics.X-CUBE-NFC4.3.0.0
2026-07-19 23:02:05,895 [WARN] PackLoader:240 - Cannot read IP mode file for SEGGER.I-CUBE-embOS.1.2.1
2026-07-19 23:02:05,922 [WARN] PackLoader:240 - Cannot read IP mode file for wolfSSL.I-CUBE-wolfMQTT.1.18.0
2026-07-19 23:02:05,930 [WARN] PackLoader:240 - Cannot read IP mode file for EmbeddedOffice.I-CUBE-FS-RTOS.1.0.1
2026-07-19 23:02:05,936 [WARN] PackLoader:240 - Cannot read IP mode file for STMicroelectronics.X-CUBE-WB05N.2.0.0
2026-07-19 23:02:05,942 [WARN] PackLoader:240 - Cannot read IP mode file for STMicroelectronics.X-CUBE-TCPP.4.2.0
2026-07-19 23:02:05,950 [WARN] PackLoader:240 - Cannot read IP mode file for RealThread.X-CUBE-RT-Thread_Nano.4.1.1
2026-07-19 23:02:05,955 [WARN] PackLoader:240 - Cannot read IP mode file for STMicroelectronics.FP-ATR-SIGFOX1.3.2.0
2026-07-19 23:02:05,960 [WARN] ConditionMgr:438 - getConditionDescription Invalid condition id : Cortex-A Device cause : null
2026-07-19 23:02:05,971 [WARN] ConditionMgr:1044 - genDependencies : Invalid condition id : Cortex-A Device cause : null
2026-07-19 23:02:05,971 [WARN] ConditionMgr:1044 - genDependencies : Invalid condition id : Cortex-A Device cause : null
2026-07-19 23:02:05,971 [WARN] ConditionMgr:1044 - genDependencies : Invalid condition id : Cortex-A Device cause : null
2026-07-19 23:02:05,976 [WARN] PackLoader:240 - Cannot read IP mode file for STMicroelectronics.X-CUBE-EEPRMA1.5.1.0
2026-07-19 23:02:05,979 [ERROR] Engine:466 - C:\Users\abhil\.stm32cubemx\thirdparties\pdsc\STMicroelectronics.X-CUBE-FREERTOS.1.5.0.pdsc: PDSC version is not supported
2026-07-19 23:02:05,988 [WARN] PackLoader:240 - Cannot read IP mode file for emotas.I-CUBE-CANOPEN.1.1.2
2026-07-19 23:02:05,991 [WARN] PackLoader:240 - Cannot read IP mode file for STMicroelectronics.X-CUBE-TOUCHGFX.4.20.0
2026-07-19 23:02:05,998 [WARN] PackLoader:240 - Cannot read IP mode file for ITTIA_DB.I-CUBE-ITTIADB.8.9.0
2026-07-19 23:02:06,005 [WARN] PackLoader:240 - Cannot read IP mode file for STMicroelectronics.X-CUBE-NFC6.3.2.0
2026-07-19 23:02:06,031 [WARN] PackLoader:240 - Cannot read IP mode file for STMicroelectronics.X-CUBE-MEMS1.9.5.0
2026-07-19 23:02:06,108 [WARN] PackLoader:240 - Cannot read IP mode file for STMicroelectronics.X-CUBE-ST67W61.1.0.0
2026-07-19 23:02:06,114 [WARN] PackLoader:240 - Cannot read IP mode file for STMicroelectronics.X-CUBE-AI.10.2.1
2026-07-19 23:02:06,117 [WARN] PackLoader:240 - Cannot read IP mode file for STMicroelectronics.X-CUBE-AI.10.2.0
2026-07-19 23:02:06,148 [WARN] PackLoader:240 - Cannot read IP mode file for STMicroelectronics.X-CUBE-MEMS1.12.1.0
2026-07-19 23:02:06,206 [WARN] PackLoader:240 - Cannot read IP mode file for SEGGER.I-CUBE-embOS.1.3.1
2026-07-19 23:02:06,231 [WARN] PackLoader:240 - Cannot read IP mode file for STMicroelectronics.X-CUBE-ALGOBUILD.1.4.0
2026-07-19 23:02:06,270 [WARN] PackLoader:240 - Cannot read IP mode file for STMicroelectronics.X-CUBE-MEMS1.11.3.0
2026-07-19 23:02:06,360 [WARN] PackLoader:240 - Cannot read IP mode file for STMicroelectronics.X-CUBE-AI.9.1.0
2026-07-19 23:02:06,368 [WARN] PackLoader:240 - Cannot read IP mode file for STMicroelectronics.X-CUBE-NFC13.1.0.0
2026-07-19 23:02:06,373 [WARN] PackLoader:240 - Cannot read IP mode file for STMicroelectronics.X-CUBE-PM33A1.1.0.0
2026-07-19 23:02:06,377 [WARN] PackLoader:240 - Cannot read IP mode file for STMicroelectronics.X-CUBE-GNSS1.6.0.0
2026-07-19 23:02:06,389 [WARN] PackLoader:240 - Cannot read IP mode file for STMicroelectronics.X-CUBE-AZRTOS-F4.1.1.0
2026-07-19 23:02:06,394 [WARN] PackLoader:240 - Cannot read IP mode file for Avnet-IotConnect.X-CUBE-IoTC-DA16k-PMOD.1.0.0
2026-07-19 23:02:06,397 [WARN] PackLoader:240 - Cannot read IP mode file for STMicroelectronics.X-CUBE-ISPU.2.1.0
2026-07-19 23:02:06,401 [ERROR] Engine:466 - C:\Users\abhil\.stm32cubemx\thirdparties\pdsc\STMicroelectronics.X-CUBE-IPS.3.2.0.pdsc: PDSC version is not supported
2026-07-19 23:02:06,405 [WARN] PackLoader:240 - Cannot read IP mode file for STMicroelectronics.eDS-WB_DPC_TT-BIDIR.2.1.1
2026-07-19 23:02:06,410 [WARN] PackLoader:240 - Cannot read IP mode file for STMicroelectronics.X-CUBE-FREERTOS.1.2.0
2026-07-19 23:02:06,417 [WARN] PackLoader:240 - Cannot read IP mode file for STMicroelectronics.X-CUBE-NFC12.1.0.0
2026-07-19 23:02:06,424 [WARN] PackLoader:240 - Cannot read IP mode file for STMicroelectronics.X-CUBE-BLEMGR.1.2.0
2026-07-19 23:02:06,438 [WARN] PackLoader:240 - Cannot read IP mode file for STMicroelectronics.X-CUBE-AZRTOS-L5.2.0.0
2026-07-19 23:02:06,444 [WARN] PackLoader:240 - Cannot read IP mode file for STMicroelectronics.X-CUBE-NFC6.3.1.0
2026-07-19 23:02:06,450 [WARN] PackLoader:240 - Cannot read IP mode file for STMicroelectronics.X-CUBE-ALGOBUILD.1.5.0
2026-07-19 23:02:06,458 [WARN] PackLoader:240 - Cannot read IP mode file for STMicroelectronics.X-CUBE-BLEMGR.2.0.0
2026-07-19 23:02:06,466 [WARN] PackLoader:240 - Cannot read IP mode file for STMicroelectronics.X-CUBE-DPower.1.2.0
2026-07-19 23:02:06,470 [WARN] PackLoader:240 - Cannot read IP mode file for STMicroelectronics.eDS-WB_DPC_VIENNA.1.2.0
2026-07-19 23:02:06,473 [WARN] PackLoader:240 - Cannot read IP mode file for STMicroelectronics.eDS-WB_DPC_3PH2L-BIDIR.1.1.1
2026-07-19 23:02:06,477 [WARN] PackLoader:240 - Cannot read IP mode file for STMicroelectronics.X-CUBE-NFC4.2.0.4
2026-07-19 23:02:06,482 [WARN] PackLoader:240 - Cannot read IP mode file for STMicroelectronics.X-CUBE-AI.9.0.0
2026-07-19 23:02:06,491 [WARN] ConditionMgr:438 - getConditionDescription Invalid condition id : UX DEVICE CLASS RTOS Condition cause : null
2026-07-19 23:02:06,491 [WARN] ConditionMgr:438 - getConditionDescription Invalid condition id : UX DEVICE CLASS RTOS Condition cause : null
2026-07-19 23:02:06,493 [WARN] PackLoader:240 - Cannot read IP mode file for STMicroelectronics.X-CUBE-AZRTOS-H7.3.1.0
2026-07-19 23:02:06,493 [WARN] ConditionMgr:1044 - genDependencies : Invalid condition id : UX DEVICE CLASS RTOS Condition cause : null
2026-07-19 23:02:06,493 [WARN] ConditionMgr:1044 - genDependencies : Invalid condition id : UX DEVICE CLASS RTOS Condition cause : null
2026-07-19 23:02:06,494 [WARN] ConditionMgr:1044 - genDependencies : Invalid condition id : UX DEVICE CLASS RTOS Condition cause : null
2026-07-19 23:02:06,494 [WARN] ConditionMgr:1044 - genDependencies : Invalid condition id : UX DEVICE CLASS RTOS Condition cause : null
2026-07-19 23:02:06,494 [WARN] ConditionMgr:1044 - genDependencies : Invalid condition id : UX DEVICE CLASS RTOS Condition cause : null
2026-07-19 23:02:06,498 [ERROR] Engine:466 - C:\Users\abhil\.stm32cubemx\thirdparties\pdsc\STMicroelectronics.X-CUBE-ST67W61.1.3.0.pdsc: PDSC version is not supported
2026-07-19 23:02:06,502 [WARN] PackLoader:240 - Cannot read IP mode file for wolfSSL.I-CUBE-wolfSSL.5.5.1
2026-07-19 23:02:06,505 [WARN] PackLoader:240 - Cannot read IP mode file for STMicroelectronics.X-CUBE-FREERTOS.1.3.1
2026-07-19 23:02:06,509 [WARN] PackLoader:240 - Cannot read IP mode file for STMicroelectronics.X-CUBE-FREERTOS.1.3.0
2026-07-19 23:02:06,515 [WARN] PackLoader:240 - Cannot read IP mode file for STMicroelectronics.X-CUBE-NFC7.1.0.1
2026-07-19 23:02:06,518 [WARN] PackLoader:240 - Cannot read IP mode file for STMicroelectronics.X-CUBE-NFC7.1.0.0
2026-07-19 23:02:06,521 [WARN] PackLoader:240 - Cannot read IP mode file for STMicroelectronics.X-CUBE-TOUCHGFX.4.26.0
2026-07-19 23:02:06,524 [WARN] PackLoader:240 - Cannot read IP mode file for STMicroelectronics.X-CUBE-TOUCHGFX.4.26.1
2026-07-19 23:02:06,527 [WARN] PackLoader:240 - Cannot read IP mode file for STMicroelectronics.X-CUBE-EEPRMA1.4.1.0
2026-07-19 23:02:06,533 [WARN] PackLoader:240 - Cannot read IP mode file for STMicroelectronics.FP-SNS-STAIOTCFT.1.0.0
2026-07-19 23:02:06,537 [WARN] PackLoader:240 - Cannot read IP mode file for STMicroelectronics.X-CUBE-DPower.1.3.0
2026-07-19 23:02:06,550 [WARN] ConditionMgr:438 - getConditionDescription Invalid condition id : LAN8742 Phy interface Condition cause : null
2026-07-19 23:02:06,550 [WARN] PackLoader:240 - Cannot read IP mode file for STMicroelectronics.X-CUBE-AZRTOS-L4.2.0.0
2026-07-19 23:02:06,551 [WARN] ConditionMgr:1044 - genDependencies : Invalid condition id : LAN8742 Phy interface Condition cause : null
2026-07-19 23:02:06,551 [WARN] ConditionMgr:1044 - genDependencies : Invalid condition id : LAN8742 Phy interface Condition cause : null
2026-07-19 23:02:06,552 [WARN] ConditionMgr:1044 - genDependencies : Invalid condition id : LAN8742 Phy interface Condition cause : null
2026-07-19 23:02:06,557 [WARN] PackLoader:240 - Cannot read IP mode file for STMicroelectronics.X-CUBE-SFXS2LP1.4.0.0
2026-07-19 23:02:06,561 [WARN] PackLoader:240 - Cannot read IP mode file for STMicroelectronics.X-CUBE-WB05N.2.1.0
2026-07-19 23:02:06,565 [ERROR] Engine:466 - C:\Users\abhil\.stm32cubemx\thirdparties\pdsc\STMicroelectronics.X-CUBE-ST67W61.1.2.0.pdsc: PDSC version is not supported
2026-07-19 23:02:06,568 [WARN] PackLoader:240 - Cannot read IP mode file for STMicroelectronics.X-CUBE-ISPU.1.1.0
2026-07-19 23:02:06,579 [WARN] PackLoader:240 - Cannot read IP mode file for STMicroelectronics.X-CUBE-AZRTOS-H7.3.3.0
2026-07-19 23:02:06,587 [WARN] PackLoader:240 - Cannot read IP mode file for RoweBots.I-CUBE-UNISONRTOS.5.5.0-4
2026-07-19 23:02:06,593 [WARN] PackLoader:240 - Cannot read IP mode file for STMicroelectronics.X-CUBE-BLEMGR.4.1.0
2026-07-19 23:02:06,599 [WARN] PackLoader:240 - Cannot read IP mode file for STMicroelectronics.X-CUBE-AI.8.0.0
2026-07-19 23:02:06,607 [WARN] PackLoader:240 - Cannot read IP mode file for STMicroelectronics.X-CUBE-IPS.3.0.0
2026-07-19 23:02:06,617 [WARN] ConditionMgr:438 - getConditionDescription Invalid condition id : UX DEVICE CLASS RTOS Condition cause : null
2026-07-19 23:02:06,618 [WARN] ConditionMgr:438 - getConditionDescription Invalid condition id : UX DEVICE CLASS RTOS Condition cause : null
2026-07-19 23:02:06,619 [WARN] PackLoader:240 - Cannot read IP mode file for STMicroelectronics.X-CUBE-AZRTOS-WB.2.0.0
2026-07-19 23:02:06,619 [WARN] ConditionMgr:1044 - genDependencies : Invalid condition id : UX DEVICE CLASS RTOS Condition cause : null
2026-07-19 23:02:06,619 [WARN] ConditionMgr:1044 - genDependencies : Invalid condition id : UX DEVICE CLASS RTOS Condition cause : null
2026-07-19 23:02:06,619 [WARN] ConditionMgr:1044 - genDependencies : Invalid condition id : UX DEVICE CLASS RTOS Condition cause : null
2026-07-19 23:02:06,619 [WARN] ConditionMgr:1044 - genDependencies : Invalid condition id : UX DEVICE CLASS RTOS Condition cause : null
2026-07-19 23:02:06,619 [WARN] ConditionMgr:1044 - genDependencies : Invalid condition id : UX DEVICE CLASS RTOS Condition cause : null
2026-07-19 23:02:06,623 [WARN] PackLoader:240 - Cannot read IP mode file for STMicroelectronics.X-CUBE-FREERTOS.1.0.1
2026-07-19 23:02:06,626 [WARN] PackLoader:240 - Cannot read IP mode file for STMicroelectronics.X-CUBE-GNSS1.7.0.0
2026-07-19 23:02:06,631 [WARN] PackLoader:240 - Cannot read IP mode file for STMicroelectronics.X-CUBE-GNSS1.7.0.1
2026-07-19 23:02:06,634 [WARN] PackLoader:240 - Cannot read IP mode file for STMicroelectronics.X-CUBE-TOUCHGFX.4.25.0
2026-07-19 23:02:06,641 [WARN] PackLoader:240 - Cannot read IP mode file for STMicroelectronics.FP-SNS-STBOX1.2.0.0
2026-07-19 23:02:06,651 [WARN] PackLoader:240 - Cannot read IP mode file for STMicroelectronics.X-CUBE-STSE01.2.0.0
2026-07-19 23:02:06,662 [WARN] PackLoader:240 - Cannot read IP mode file for STMicroelectronics.X-CUBE-AZRTOS-L5.1.1.0
2026-07-19 23:02:06,673 [WARN] PackLoader:240 - Cannot read IP mode file for STMicroelectronics.X-CUBE-SUBG2.5.0.0
2026-07-19 23:02:06,688 [WARN] PackLoader:240 - Cannot read IP mode file for STMicroelectronics.X-CUBE-AZRTOS-H7RS.1.1.0
2026-07-19 23:02:06,698 [WARN] PackLoader:240 - Cannot read IP mode file for Cesanta.I-CUBE-Mongoose.7.13.0
2026-07-19 23:02:06,709 [WARN] PackLoader:240 - Cannot read IP mode file for STMicroelectronics.X-CUBE-AZRTOS-G4.2.0.0
2026-07-19 23:02:06,717 [WARN] PackLoader:240 - Cannot read IP mode file for STMicroelectronics.X-CUBE-TOF1.3.3.0
2026-07-19 23:02:06,724 [WARN] PackLoader:240 - Cannot read IP mode file for STMicroelectronics.FP-ATR-ASTRA1.1.1.1
2026-07-19 23:02:06,729 [WARN] PackLoader:240 - Cannot read IP mode file for STMicroelectronics.X-CUBE-NFC7.2.0.0
2026-07-19 23:02:06,744 [WARN] PackLoader:240 - Cannot read IP mode file for STMicroelectronics.X-CUBE-AZRTOS-G4.1.0.0
2026-07-19 23:02:06,752 [WARN] PackLoader:240 - Cannot read IP mode file for STMicroelectronics.X-CUBE-AZRTOS-L4.1.0.0
2026-07-19 23:02:06,757 [WARN] PackLoader:240 - Cannot read IP mode file for STMicroelectronics.X-CUBE-ISPU.2.0.0
2026-07-19 23:02:06,763 [WARN] PackLoader:240 - Cannot read IP mode file for STMicroelectronics.X-CUBE-IPS.3.1.0
2026-07-19 23:02:06,768 [ERROR] Engine:466 - C:\Users\abhil\.stm32cubemx\thirdparties\pdsc\STMicroelectronics.X-CUBE-BLEMGR.4.2.0.pdsc: PDSC version is not supported
2026-07-19 23:02:06,772 [WARN] PackLoader:240 - Cannot read IP mode file for STMicroelectronics.X-CUBE-ALS.1.0.2
2026-07-19 23:02:06,790 [WARN] PackLoader:240 - Cannot read IP mode file for STMicroelectronics.X-CUBE-MEMS1.10.0.0
2026-07-19 23:02:06,842 [WARN] PackLoader:240 - Cannot read IP mode file for STMicroelectronics.X-CUBE-TOUCHGFX.4.24.2
2026-07-19 23:02:06,850 [WARN] PackLoader:240 - Cannot read IP mode file for STMicroelectronics.X-CUBE-AZRTOS-WL.1.0.0
2026-07-19 23:02:06,853 [WARN] PackLoader:240 - Cannot read IP mode file for STMicroelectronics.X-CUBE-TOUCHGFX.4.24.1
2026-07-19 23:02:06,856 [WARN] PackLoader:240 - Cannot read IP mode file for STMicroelectronics.X-CUBE-STSE01.1.0.0
2026-07-19 23:02:06,861 [WARN] PackLoader:240 - Cannot read IP mode file for wolfSSL.I-CUBE-wolfTPM.3.4.0
2026-07-19 23:02:06,868 [WARN] PackLoader:240 - Cannot read IP mode file for portGmbH.I-Cube-SoM-uGOAL.1.1.0
2026-07-19 23:02:06,871 [WARN] PackLoader:240 - Cannot read IP mode file for STMicroelectronics.X-CUBE-ALS.1.0.1
2026-07-19 23:02:06,878 [WARN] PackLoader:240 - Cannot read IP mode file for STMicroelectronics.X-CUBE-AZRTOS-WB.1.1.0
2026-07-19 23:02:06,889 [WARN] PackLoader:240 - Cannot read IP mode file for STMicroelectronics.X-CUBE-AZRTOS-L5.1.0.0
2026-07-19 23:02:06,892 [WARN] PackLoader:240 - Cannot read IP mode file for STMicroelectronics.X-CUBE-EEPRMA1.3.1.1
2026-07-19 23:02:06,902 [WARN] PackLoader:240 - Cannot read IP mode file for STMicroelectronics.X-CUBE-AZRTOS-H7RS.1.0.0
2026-07-19 23:02:06,905 [WARN] PackLoader:240 - Cannot read IP mode file for STMicroelectronics.FP-ATR-ASTRA1.2.0.0
2026-07-19 23:02:06,919 [WARN] PackLoader:240 - Cannot read IP mode file for STMicroelectronics.X-CUBE-TOF1.3.4.2
2026-07-19 23:02:06,933 [WARN] PackLoader:240 - Cannot read IP mode file for STMicroelectronics.X-CUBE-TOF1.3.4.3
2026-07-19 23:02:06,944 [WARN] PackLoader:240 - Cannot read IP mode file for STMicroelectronics.X-CUBE-TOF1.3.4.1
2026-07-19 23:02:06,968 [WARN] PackLoader:240 - Cannot read IP mode file for STMicroelectronics.X-CUBE-AZRTOS-H7.3.2.0
2026-07-19 23:02:06,983 [WARN] PackLoader:240 - Cannot read IP mode file for Infineon.AIROC-Wi-Fi-Bluetooth-STM32.1.6.0
2026-07-19 23:02:06,990 [WARN] PackLoader:240 - Cannot read IP mode file for wolfSSL.I-CUBE-wolfSSH.1.4.17
2026-07-19 23:02:06,991 [INFO] ThirdParty:978 - Integrity check success = true
2026-07-19 23:02:06,991 [INFO] IntegrityCheckThread:100 - exiting critical section [integrity check]
2026-07-19 23:02:06,991 [INFO] IntegrityCheckThread:103 - End integrity checks thread
2026-07-19 23:45:44,902 [ERROR] LogOutputStream:75 - [STDERR_REDIRECT] 
