2026-06-24 00:08:56,511 [ERROR] LogOutputStream:75 - [STDERR_REDIRECT] 
2026-06-24 12:20:51,908 [INFO] Activator:176 - 


2026-06-24 12:20:51,908 [INFO] Activator:177 - !SESSION log4j initialized
2026-06-24 12:20:58,740 [INFO] LogOutputStream:77 - [STDOUT_REDIRECT] 
2026-06-24 12:21:00,217 [INFO] ApplicationProperties:184 - Using Application install path: C:\ST\STM32CubeIDE_1.10.1\STM32CubeIDE\plugins\com.st.stm32cube.common.mx_6.14.1.202504091515
2026-06-24 12:21:00,242 [INFO] DbMcusXml:78 - Set database path to: C:\ST\STM32CubeIDE_1.10.1\STM32CubeIDE\plugins\com.st.stm32cube.common.mx_6.14.1.202504091515\\db\/mcu/
2026-06-24 12:21:00,243 [INFO] ApiDb:274 - Set plugin database path to: C:\ST\STM32CubeIDE_1.10.1\STM32CubeIDE\plugins\com.st.stm32cube.common.mx_6.14.1.202504091515\\db\/plugins/boardmanager/
2026-06-24 12:21:00,243 [WARN] ApiDb:259 - Overriding images path with different value:  => C:\ST\STM32CubeIDE_1.10.1\STM32CubeIDE\plugins\com.st.stm32cube.common.mx_6.14.1.202504091515\\db\/plugins/mcufinder/images/
2026-06-24 12:21:00,256 [INFO] ApiDb:250 - Set database path to: C:\Users\abhil\.stmcufinder\plugins\mcufinder//mcu/
2026-06-24 12:21:00,258 [INFO] DbMcusAds:125 - Set database path to: C:\Users\abhil\.stmcufinder\plugins\mcufinder//mcu/
2026-06-24 12:21:00,261 [INFO] CrossReferenceDbSqlite:203 - Set database path to: C:\Users\abhil\.stmcufinder\plugins\mcufinder//mcu/cs/
2026-06-24 12:21:00,479 [INFO] RulesReader:64 - Compatibility file has been processed (302 Rules)
2026-06-24 12:21:00,589 [INFO] DbMcusXml:78 - Set database path to: C:\ST\STM32CubeIDE_1.10.1\STM32CubeIDE\plugins\com.st.stm32cube.common.mx_6.14.1.202504091515\\db\/mcu/
2026-06-24 12:21:00,589 [INFO] ApiDb:274 - Set plugin database path to: C:\ST\STM32CubeIDE_1.10.1\STM32CubeIDE\plugins\com.st.stm32cube.common.mx_6.14.1.202504091515\\db\/plugins/boardmanager/
2026-06-24 12:21:00,589 [INFO] ApiDb:261 - Set plugin images path to: C:\ST\STM32CubeIDE_1.10.1\STM32CubeIDE\plugins\com.st.stm32cube.common.mx_6.14.1.202504091515\\db\/plugins/mcufinder/images/
2026-06-24 12:21:00,589 [WARN] DbFile:41 - Overriding database path with different value: C:\Users\abhil\.stmcufinder\plugins\mcufinder/ => C:\Users\abhil\.stmcufinder\plugins\mcufinder
2026-06-24 12:21:00,589 [INFO] ApiDb:250 - Set database path to: C:\Users\abhil\.stmcufinder\plugins\mcufinder//mcu/
2026-06-24 12:21:00,589 [WARN] DbFile:41 - Overriding database path with different value: C:\Users\abhil\.stmcufinder\plugins\mcufinder/ => C:\Users\abhil\.stmcufinder\plugins\mcufinder
2026-06-24 12:21:00,589 [INFO] DbMcusAds:125 - Set database path to: C:\Users\abhil\.stmcufinder\plugins\mcufinder//mcu/
2026-06-24 12:21:00,590 [WARN] DbFile:41 - Overriding database path with different value: C:\Users\abhil\.stmcufinder\plugins\mcufinder/ => C:\Users\abhil\.stmcufinder\plugins\mcufinder
2026-06-24 12:21:00,590 [WARN] DbFile:41 - Overriding database path with different value: C:\Users\abhil\.stmcufinder\plugins\mcufinder/ => C:\Users\abhil\.stmcufinder\plugins\mcufinder
2026-06-24 12:21:00,590 [INFO] CrossReferenceDbSqlite:203 - Set database path to: C:\Users\abhil\.stmcufinder\plugins\mcufinder//mcu/cs/
2026-06-24 12:21:00,681 [INFO] MainPanel:272 - HeapMemory: 268435456
2026-06-24 12:21:00,801 [INFO] DbMcusXml:78 - Set database path to: C:\ST\STM32CubeIDE_1.10.1\STM32CubeIDE\plugins\com.st.stm32cube.common.mx_6.14.1.202504091515\\db\/mcu/
2026-06-24 12:21:00,801 [INFO] ApiDb:274 - Set plugin database path to: C:\ST\STM32CubeIDE_1.10.1\STM32CubeIDE\plugins\com.st.stm32cube.common.mx_6.14.1.202504091515\\db\/plugins/boardmanager/
2026-06-24 12:21:00,802 [INFO] ApiDb:261 - Set plugin images path to: C:\ST\STM32CubeIDE_1.10.1\STM32CubeIDE\plugins\com.st.stm32cube.common.mx_6.14.1.202504091515\\db\/plugins/mcufinder/images/
2026-06-24 12:21:00,802 [WARN] DbFile:41 - Overriding database path with different value: C:\Users\abhil\.stmcufinder\plugins\mcufinder/ => C:\Users\abhil\.stmcufinder\plugins\mcufinder
2026-06-24 12:21:00,802 [INFO] ApiDb:250 - Set database path to: C:\Users\abhil\.stmcufinder\plugins\mcufinder//mcu/
2026-06-24 12:21:00,803 [WARN] DbFile:41 - Overriding database path with different value: C:\Users\abhil\.stmcufinder\plugins\mcufinder/ => C:\Users\abhil\.stmcufinder\plugins\mcufinder
2026-06-24 12:21:00,803 [INFO] DbMcusAds:125 - Set database path to: C:\Users\abhil\.stmcufinder\plugins\mcufinder//mcu/
2026-06-24 12:21:00,803 [WARN] DbFile:41 - Overriding database path with different value: C:\Users\abhil\.stmcufinder\plugins\mcufinder/ => C:\Users\abhil\.stmcufinder\plugins\mcufinder
2026-06-24 12:21:00,803 [WARN] DbFile:41 - Overriding database path with different value: C:\Users\abhil\.stmcufinder\plugins\mcufinder/ => C:\Users\abhil\.stmcufinder\plugins\mcufinder
2026-06-24 12:21:00,803 [INFO] CrossReferenceDbSqlite:203 - Set database path to: C:\Users\abhil\.stmcufinder\plugins\mcufinder//mcu/cs/
2026-06-24 12:21:00,826 [INFO] ApplicationProperties:184 - Using Application install path: C:\ST\STM32CubeIDE_1.10.1\STM32CubeIDE\plugins\com.st.stm32cube.common.mx_6.14.1.202504091515
2026-06-24 12:21:00,828 [INFO] PluginManage:196 - Search for loadable plugins [exclusion list=, ]
2026-06-24 12:21:00,831 [INFO] PluginManage:310 - Check plugin analytics
2026-06-24 12:21:01,051 [INFO] AnalyticsPlugin:253 - Accepted Software Licenses: 
2026-06-24 12:21:01,051 [INFO] AnalyticsPlugin:255 - Accepted CMSIS Pack Licenses: 
2026-06-24 12:21:01,053 [INFO] AnalyticsPlugin:257 - Accepted Firmware Licenses: FW.F4.1.27.0,FW.H7.1.10.0,FW.H7.1.12.0,FW.F4.1.28.0
2026-06-24 12:21:01,055 [INFO] PluginManage:359 - Loaded plugin analytics (category:tool,tabindex:-1)
2026-06-24 12:21:01,056 [INFO] PluginManage:310 - Check plugin cadmodel
2026-06-24 12:21:01,076 [INFO] CADModel:105 - Init CAD model plugin
2026-06-24 12:21:01,076 [INFO] PluginManage:359 - Loaded plugin cadmodel (category:power,tabindex:5)
2026-06-24 12:21:01,078 [INFO] PluginManage:310 - Check plugin clock
2026-06-24 12:21:01,104 [INFO] PluginManage:359 - Loaded plugin clock (category:base,tabindex:2)
2026-06-24 12:21:01,104 [INFO] PluginManage:310 - Check plugin ddr
2026-06-24 12:21:01,107 [INFO] PluginManage:359 - Loaded plugin ddr (category:tool,tabindex:6)
2026-06-24 12:21:01,107 [INFO] PluginManage:310 - Check plugin filemanager
2026-06-24 12:21:01,296 [INFO] PluginManage:359 - Loaded plugin filemanager (category:base,tabindex:10)
2026-06-24 12:21:01,297 [INFO] PluginManage:310 - Check plugin ipmanager
2026-06-24 12:21:01,306 [INFO] PluginManage:359 - Loaded plugin ipmanager (category:base,tabindex:5)
2026-06-24 12:21:01,306 [INFO] PluginManage:310 - Check plugin lpbam
2026-06-24 12:21:01,334 [INFO] PluginManage:359 - Loaded plugin lpbam (category:base,tabindex:0)
2026-06-24 12:21:01,334 [INFO] PluginManage:310 - Check plugin memorymap
2026-06-24 12:21:01,364 [INFO] PluginManage:359 - Loaded plugin memorymap (category:base,tabindex:4)
2026-06-24 12:21:01,364 [INFO] PluginManage:310 - Check plugin pinoutandconfiguration
2026-06-24 12:21:01,390 [INFO] PluginManage:359 - Loaded plugin pinoutandconfiguration (category:base,tabindex:1)
2026-06-24 12:21:01,390 [INFO] PluginManage:310 - Check plugin pinoutconfig
2026-06-24 12:21:01,520 [WARN] SupportedApi:132 - Cannot load RTOS API schema: s4s-elt-must-match.1: The content of 'definitions' must match (annotation?, (simpleType | complexType)?, (unique | key | keyref)*)). A problem was found starting at: attribute.
2026-06-24 12:21:01,677 [INFO] PluginManage:359 - Loaded plugin pinoutconfig (category:base,tabindex:0)
2026-06-24 12:21:01,678 [INFO] PluginManage:310 - Check plugin power
2026-06-24 12:21:01,705 [INFO] PluginManage:359 - Loaded plugin power (category:power,tabindex:4)
2026-06-24 12:21:01,705 [INFO] PluginManage:310 - Check plugin projectmanager
2026-06-24 12:21:01,725 [INFO] PluginManage:359 - Loaded plugin projectmanager (category:projectmanager,tabindex:4)
2026-06-24 12:21:01,726 [INFO] PluginManage:310 - Check plugin rif
2026-06-24 12:21:01,760 [INFO] PluginManage:359 - Loaded plugin rif (category:base,tabindex:3)
2026-06-24 12:21:01,760 [INFO] PluginManage:310 - Check plugin thirdparty
2026-06-24 12:21:02,126 [INFO] PluginManage:359 - Loaded plugin thirdparty (category:base,tabindex:-1)
2026-06-24 12:21:02,126 [WARN] IntegrityCheckThread:84 - waiting for thirdparty lock release [integrity check]
2026-06-24 12:21:02,126 [INFO] PluginManage:310 - Check plugin tools
2026-06-24 12:21:02,126 [INFO] IntegrityCheckThread:86 - entering critical section [integrity check]
2026-06-24 12:21:02,127 [INFO] ThirdPartyUpdaterWithRetryManager:70 - Updater plugin not ready yet. [1/15]
2026-06-24 12:21:02,131 [INFO] PluginManage:359 - Loaded plugin tools (category:base,tabindex:7)
2026-06-24 12:21:02,131 [INFO] PluginManage:310 - Check plugin tutovideos
2026-06-24 12:21:02,391 [INFO] PluginManage:359 - Loaded plugin tutovideos (category:base,tabindex:-1)
2026-06-24 12:21:02,391 [INFO] PluginManage:310 - Check plugin updater
2026-06-24 12:21:02,419 [INFO] PluginManage:359 - Loaded plugin updater (category:base,tabindex:12)
2026-06-24 12:21:02,419 [INFO] PluginManage:310 - Check plugin userauth
2026-06-24 12:21:02,424 [INFO] UserAuth:118 - Init User Auth plugin
2026-06-24 12:21:02,425 [INFO] PluginManage:359 - Loaded plugin userauth (category:base,tabindex:14)
2026-06-24 12:21:02,425 [INFO] PluginManage:283 - PluginManage : Loaded plugins [18]
2026-06-24 12:21:02,689 [INFO] PinOutPanel:1589 - setPackage(No Configuration,No Configuration)
2026-06-24 12:21:02,803 [INFO] CADModel:165 - CPN selected for project level
2026-06-24 12:21:02,803 [INFO] CADModel:114 - Register for checkConnection events
2026-06-24 12:21:02,839 [INFO] IPUIPlugin:80 - create IPUIPlugin
2026-06-24 12:21:02,839 [INFO] PluginManager:220 - loadIPPluginJar : add adc
2026-06-24 12:21:02,907 [INFO] IPUIPlugin:80 - create IPUIPlugin
2026-06-24 12:21:02,909 [INFO] PluginManager:220 - loadIPPluginJar : add aes
2026-06-24 12:21:02,979 [INFO] IPUIPlugin:80 - create IPUIPlugin
2026-06-24 12:21:02,980 [INFO] PluginManager:220 - loadIPPluginJar : add can
2026-06-24 12:21:03,019 [INFO] IPUIPlugin:80 - create IPUIPlugin
2026-06-24 12:21:03,020 [INFO] PluginManager:220 - loadIPPluginJar : add comp
2026-06-24 12:21:03,077 [INFO] IPUIPlugin:80 - create IPUIPlugin
2026-06-24 12:21:03,077 [INFO] PluginManager:220 - loadIPPluginJar : add cryp
2026-06-24 12:21:03,096 [INFO] IPUIPlugin:80 - create IPUIPlugin
2026-06-24 12:21:03,097 [INFO] PluginManager:220 - loadIPPluginJar : add ddr_ctrl_phy
2026-06-24 12:21:03,148 [INFO] IPUIPlugin:80 - create IPUIPlugin
2026-06-24 12:21:03,149 [INFO] PluginManager:220 - loadIPPluginJar : add dfsdm
2026-06-24 12:21:03,171 [INFO] IPUIPlugin:80 - create IPUIPlugin
2026-06-24 12:21:03,171 [INFO] PluginManager:220 - loadIPPluginJar : add dma
2026-06-24 12:21:03,239 [INFO] IPUIPlugin:80 - create IPUIPlugin
2026-06-24 12:21:03,239 [INFO] PluginManager:220 - loadIPPluginJar : add dma3
2026-06-24 12:21:03,319 [INFO] IPUIPlugin:80 - create IPUIPlugin
2026-06-24 12:21:03,319 [INFO] PluginManager:220 - loadIPPluginJar : add extmemmanager
2026-06-24 12:21:03,323 [INFO] IPUIPlugin:80 - create IPUIPlugin
2026-06-24 12:21:03,324 [INFO] PluginManager:220 - loadIPPluginJar : add fatfs
2026-06-24 12:21:03,405 [INFO] IPUIPlugin:80 - create IPUIPlugin
2026-06-24 12:21:03,406 [INFO] PluginManager:220 - loadIPPluginJar : add fmc
2026-06-24 12:21:03,437 [INFO] IPUIPlugin:80 - create IPUIPlugin
2026-06-24 12:21:03,438 [INFO] PluginManager:220 - loadIPPluginJar : add freertos
2026-06-24 12:21:03,474 [INFO] IPUIPlugin:80 - create IPUIPlugin
2026-06-24 12:21:03,474 [INFO] PluginManager:220 - loadIPPluginJar : add genericplugin
2026-06-24 12:21:03,633 [INFO] IPUIPlugin:80 - create IPUIPlugin
2026-06-24 12:21:03,634 [INFO] PluginManager:220 - loadIPPluginJar : add gfxmmu
2026-06-24 12:21:03,861 [INFO] IPUIPlugin:80 - create IPUIPlugin
2026-06-24 12:21:03,861 [INFO] PluginManager:220 - loadIPPluginJar : add gic
2026-06-24 12:21:03,886 [INFO] IPUIPlugin:80 - create IPUIPlugin
2026-06-24 12:21:03,886 [INFO] PluginManager:220 - loadIPPluginJar : add gpio
2026-06-24 12:21:04,060 [INFO] IPUIPlugin:80 - create IPUIPlugin
2026-06-24 12:21:04,061 [INFO] PluginManager:220 - loadIPPluginJar : add gtzc
2026-06-24 12:21:04,117 [INFO] IPUIPlugin:80 - create IPUIPlugin
2026-06-24 12:21:04,117 [INFO] PluginManager:220 - loadIPPluginJar : add hash
2026-06-24 12:21:04,213 [INFO] IPUIPlugin:80 - create IPUIPlugin
2026-06-24 12:21:04,213 [INFO] PluginManager:220 - loadIPPluginJar : add i2c
2026-06-24 12:21:04,278 [INFO] IPUIPlugin:80 - create IPUIPlugin
2026-06-24 12:21:04,279 [INFO] PluginManager:220 - loadIPPluginJar : add i2s
2026-06-24 12:21:04,347 [INFO] IPUIPlugin:80 - create IPUIPlugin
2026-06-24 12:21:04,347 [INFO] PluginManager:220 - loadIPPluginJar : add i3c
2026-06-24 12:21:04,517 [INFO] IPUIPlugin:80 - create IPUIPlugin
2026-06-24 12:21:04,518 [INFO] PluginManager:220 - loadIPPluginJar : add ipddr
2026-06-24 12:21:04,654 [INFO] IPUIPlugin:80 - create IPUIPlugin
2026-06-24 12:21:04,654 [INFO] PluginManager:220 - loadIPPluginJar : add linkedlist
2026-06-24 12:21:04,706 [INFO] IPUIPlugin:80 - create IPUIPlugin
2026-06-24 12:21:04,706 [INFO] PluginManager:220 - loadIPPluginJar : add lorawan
2026-06-24 12:21:04,760 [INFO] IPUIPlugin:80 - create IPUIPlugin
2026-06-24 12:21:04,760 [INFO] PluginManager:220 - loadIPPluginJar : add ltdc
2026-06-24 12:21:04,780 [INFO] IPUIPlugin:80 - create IPUIPlugin
2026-06-24 12:21:04,780 [INFO] PluginManager:220 - loadIPPluginJar : add mdma
2026-06-24 12:21:04,796 [INFO] IPUIPlugin:80 - create IPUIPlugin
2026-06-24 12:21:04,796 [INFO] PluginManager:220 - loadIPPluginJar : add nvic
2026-06-24 12:21:04,846 [INFO] IPUIPlugin:80 - create IPUIPlugin
2026-06-24 12:21:04,846 [INFO] PluginManager:220 - loadIPPluginJar : add opamp
2026-06-24 12:21:04,929 [INFO] IPUIPlugin:80 - create IPUIPlugin
2026-06-24 12:21:04,930 [INFO] PluginManager:220 - loadIPPluginJar : add openamp
2026-06-24 12:21:04,987 [INFO] IPUIPlugin:80 - create IPUIPlugin
2026-06-24 12:21:04,987 [INFO] PluginManager:220 - loadIPPluginJar : add pdm2pcm
2026-06-24 12:21:05,007 [INFO] IPUIPlugin:80 - create IPUIPlugin
2026-06-24 12:21:05,010 [INFO] PluginManager:220 - loadIPPluginJar : add plateformsettings
2026-06-24 12:21:05,014 [INFO] IPUIPlugin:80 - create IPUIPlugin
2026-06-24 12:21:05,014 [INFO] PluginManager:220 - loadIPPluginJar : add quadspi
2026-06-24 12:21:05,049 [INFO] IPUIPlugin:80 - create IPUIPlugin
2026-06-24 12:21:05,050 [INFO] PluginManager:220 - loadIPPluginJar : add radio
2026-06-24 12:21:05,066 [INFO] IPUIPlugin:80 - create IPUIPlugin
2026-06-24 12:21:05,066 [INFO] PluginManager:220 - loadIPPluginJar : add resmgrutility
2026-06-24 12:21:05,128 [INFO] ThirdPartyUpdaterWithRetryManager:70 - Updater plugin not ready yet. [2/15]
2026-06-24 12:21:05,131 [INFO] IPUIPlugin:80 - create IPUIPlugin
2026-06-24 12:21:05,132 [INFO] PluginManager:220 - loadIPPluginJar : add sai
2026-06-24 12:21:05,181 [INFO] IPUIPlugin:80 - create IPUIPlugin
2026-06-24 12:21:05,181 [INFO] PluginManager:220 - loadIPPluginJar : add spi
2026-06-24 12:21:05,282 [INFO] IPUIPlugin:80 - create IPUIPlugin
2026-06-24 12:21:05,282 [INFO] PluginManager:220 - loadIPPluginJar : add stm32_wpan
2026-06-24 12:21:05,312 [INFO] IPUIPlugin:80 - create IPUIPlugin
2026-06-24 12:21:05,312 [INFO] PluginManager:220 - loadIPPluginJar : add tim
2026-06-24 12:21:05,390 [INFO] IPUIPlugin:80 - create IPUIPlugin
2026-06-24 12:21:05,390 [INFO] PluginManager:220 - loadIPPluginJar : add touchsensing
2026-06-24 12:21:05,394 [INFO] IPUIPlugin:80 - create IPUIPlugin
2026-06-24 12:21:05,394 [INFO] PluginManager:220 - loadIPPluginJar : add tracer_emb
2026-06-24 12:21:05,398 [INFO] IPUIPlugin:80 - create IPUIPlugin
2026-06-24 12:21:05,398 [INFO] PluginManager:220 - loadIPPluginJar : add ts
2026-06-24 12:21:05,401 [INFO] IPUIPlugin:80 - create IPUIPlugin
2026-06-24 12:21:05,401 [INFO] PluginManager:220 - loadIPPluginJar : add tsc
2026-06-24 12:21:05,427 [INFO] IPUIPlugin:80 - create IPUIPlugin
2026-06-24 12:21:05,427 [INFO] PluginManager:220 - loadIPPluginJar : add ucpd
2026-06-24 12:21:05,481 [INFO] IPUIPlugin:80 - create IPUIPlugin
2026-06-24 12:21:05,481 [INFO] PluginManager:220 - loadIPPluginJar : add usart
2026-06-24 12:21:05,532 [INFO] IPUIPlugin:80 - create IPUIPlugin
2026-06-24 12:21:05,533 [INFO] PluginManager:220 - loadIPPluginJar : add usbx
2026-06-24 12:21:05,660 [FATAL] Updater:351 - Updater called before beeing initialized
2026-06-24 12:21:05,683 [INFO] RulesReader:64 - Compatibility file has been processed (302 Rules)
2026-06-24 12:21:05,692 [INFO] RulesReader:64 - Compatibility file has been processed (302 Rules)
2026-06-24 12:21:05,699 [INFO] CADModel:165 - CPN selected for project level
2026-06-24 12:21:05,699 [INFO] CADModel:114 - Register for checkConnection events
2026-06-24 12:21:05,699 [FATAL] Updater:351 - Updater called before beeing initialized
2026-06-24 12:21:05,699 [ERROR] CADModel:125 - Updater not yet initialized, retry later 
2026-06-24 12:21:05,843 [FATAL] Updater:351 - Updater called before beeing initialized
2026-06-24 12:21:05,844 [INFO] CADModel:165 - CPN selected for project level
2026-06-24 12:21:05,844 [INFO] CADModel:114 - Register for checkConnection events
2026-06-24 12:21:05,844 [FATAL] Updater:351 - Updater called before beeing initialized
2026-06-24 12:21:05,844 [ERROR] CADModel:125 - Updater not yet initialized, retry later 
2026-06-24 12:21:05,848 [FATAL] Updater:351 - Updater called before beeing initialized
2026-06-24 12:21:05,954 [FATAL] Updater:351 - Updater called before beeing initialized
2026-06-24 12:21:05,965 [INFO] DbMcusAds:53 - JSON generation date=Thu May 28 21:38:17 IST 2026 (1779984497073)
2026-06-24 12:21:05,967 [FATAL] Updater:351 - Updater called before beeing initialized
2026-06-24 12:21:05,997 [WARN] DetailPanel:346 - Failed to get advertising image, set to default
2026-06-24 12:21:06,233 [FATAL] Updater:351 - Updater called before beeing initialized
2026-06-24 12:21:06,234 [FATAL] Updater:351 - Updater called before beeing initialized
2026-06-24 12:21:06,235 [FATAL] Updater:351 - Updater called before beeing initialized
2026-06-24 12:21:06,235 [WARN] DetailPanel:346 - Failed to get advertising image, set to default
2026-06-24 12:21:06,235 [FATAL] Updater:351 - Updater called before beeing initialized
2026-06-24 12:21:06,299 [ERROR] Updater:1198 - MainUpdater not yet initialized. External WinMGr cannot be set.
2026-06-24 12:21:06,311 [INFO] Updater:1134 - Updater Version found : 6.14.1
2026-06-24 12:21:06,326 [INFO] ApplicationProperties:184 - Using Application install path: C:\ST\STM32CubeIDE_1.10.1\STM32CubeIDE\plugins\com.st.stm32cube.common.mx_6.14.1.202504091515
2026-06-24 12:21:06,719 [INFO] MainUpdater:2872 - connection check result : 10
2026-06-24 12:21:06,720 [INFO] MainUpdater:289 - Updater Check For Update Now.
2026-06-24 12:21:06,720 [INFO] MicroXplorer:498 - Change Database Version : DB.6.0.141
2026-06-24 12:21:06,736 [INFO] McuFinderGlobals:63 - Set McuFinder mode to 2 (CubeIDE integrated)
2026-06-24 12:21:06,737 [INFO] UserAuth:484 - Internet connection configuration mode: 1
2026-06-24 12:21:06,755 [INFO] JxBrowserEngine:152 - Initiate JxBrowser Engine with user profile folder
2026-06-24 12:21:06,924 [INFO] CheckServerUpdateThread:120 - End of CheckServer Thread
2026-06-24 12:21:07,418 [INFO] WebApp:169 - Instantiating new browser for Auth
2026-06-24 12:21:08,033 [INFO] WebApp:463 - Apply proxy settings
2026-06-24 12:21:08,033 [INFO] WebApp:548 - Chromium requires no authentication
2026-06-24 12:21:08,039 [INFO] WebApp:491 - Direct internet connection detected
2026-06-24 12:21:08,057 [INFO] WebApp:894 - Register for checkConnection events
2026-06-24 12:21:08,057 [INFO] WebApp:463 - Apply proxy settings
2026-06-24 12:21:08,057 [INFO] WebApp:548 - Chromium requires no authentication
2026-06-24 12:21:08,058 [INFO] WebApp:491 - Direct internet connection detected
2026-06-24 12:21:08,223 [INFO] WebApp:225 - Starting web application
2026-06-24 12:21:08,223 [INFO] WebApp:593 - Web application path used C:\ST\STM32CubeIDE_1.10.1\STM32CubeIDE\plugins\com.st.stm32cube.common.mx_6.14.1.202504091515\db\plugins\mcufinder\reactClient1\index.html
2026-06-24 12:21:08,393 [INFO] WebApp:191 - Connection restablished
2026-06-24 12:21:08,519 [WARN] PackLoader:240 - Cannot read IP mode file for STMicroelectronics.X-CUBE-AZRTOS-H7.3.5.0
2026-06-24 12:21:08,533 [WARN] PackLoader:240 - Cannot read IP mode file for STMicroelectronics.FP-SNS-MOTENVWB1.1.4.0
2026-06-24 12:21:08,541 [WARN] PackLoader:240 - Cannot read IP mode file for STMicroelectronics.FP-ATR-ASTRA1.2.0.2
2026-06-24 12:21:08,547 [WARN] PackLoader:240 - Cannot read IP mode file for STMicroelectronics.FP-ATR-ASTRA1.2.0.1
2026-06-24 12:21:08,564 [ERROR] Engine:466 - C:\Users\abhil\.stm32cubemx\thirdparties\pdsc\STMicroelectronics.X-CUBE-SMBUS.2.1.1.pdsc: PDSC version is not supported
2026-06-24 12:21:08,579 [WARN] PackLoader:240 - Cannot read IP mode file for STMicroelectronics.X-CUBE-SMBUS.2.1.0
2026-06-24 12:21:08,601 [WARN] PackLoader:240 - Cannot read IP mode file for STMicroelectronics.X-CUBE-WB05N.1.1.0
2026-06-24 12:21:08,621 [WARN] PackLoader:240 - Cannot read IP mode file for STMicroelectronics.X-CUBE-ST60.1.0.0
2026-06-24 12:21:08,639 [WARN] PackLoader:240 - Cannot read IP mode file for STMicroelectronics.X-CUBE-TOUCHGFX.4.23.2
2026-06-24 12:21:08,676 [WARN] PackLoader:240 - Cannot read IP mode file for STMicroelectronics.X-CUBE-AZRTOS-F7.1.1.0
2026-06-24 12:21:08,701 [ERROR] Engine:466 - C:\Users\abhil\.stm32cubemx\thirdparties\pdsc\STMicroelectronics.X-CUBE-FREERTOS.1.6.0.pdsc: PDSC version is not supported
2026-06-24 12:21:08,724 [WARN] PackLoader:240 - Cannot read IP mode file for STMicroelectronics.X-CUBE-BLE1.6.2.3
2026-06-24 12:21:08,726 [INFO] UserAuth:484 - Internet connection configuration mode: 1
2026-06-24 12:21:08,803 [WARN] PackLoader:240 - Cannot read IP mode file for STMicroelectronics.X-CUBE-MEMS1.11.0.0
2026-06-24 12:21:08,982 [WARN] PackLoader:240 - Cannot read IP mode file for STMicroelectronics.X-CUBE-BLE1.6.2.4
2026-06-24 12:21:09,010 [ERROR] Engine:466 - C:\Users\abhil\.stm32cubemx\thirdparties\pdsc\STMicroelectronics.FP-SNS-MOTENV1.5.1.0.pdsc: PDSC version is not supported
2026-06-24 12:21:09,051 [WARN] PackLoader:240 - Cannot read IP mode file for STMicroelectronics.X-CUBE-AZRTOS-H7RS.1.3.0
2026-06-24 12:21:09,062 [WARN] PackLoader:240 - Cannot read IP mode file for STMicroelectronics.FP-SNS-FLIGHT1.5.0.2
2026-06-24 12:21:09,084 [WARN] PackLoader:240 - Cannot read IP mode file for STMicroelectronics.X-CUBE-TOF1.3.1.0
2026-06-24 12:21:09,115 [WARN] PackLoader:240 - Cannot read IP mode file for STMicroelectronics.X-CUBE-AZRTOS-H7.3.4.0
2026-06-24 12:21:09,135 [WARN] PackLoader:240 - Cannot read IP mode file for STMicroelectronics.X-CUBE-DISPLAY.3.0.0
2026-06-24 12:21:09,156 [WARN] PackLoader:240 - Cannot read IP mode file for STMicroelectronics.X-CUBE-GNSS1.7.1.1
2026-06-24 12:21:09,170 [ERROR] Engine:466 - C:\Users\abhil\.stm32cubemx\thirdparties\pdsc\STMicroelectronics.FP-SNS-MOTENVWB1.1.5.0.pdsc: PDSC version is not supported
2026-06-24 12:21:09,187 [WARN] PackLoader:240 - Cannot read IP mode file for STMicroelectronics.X-CUBE-BLE1.7.0.0
2026-06-24 12:21:09,203 [WARN] PackLoader:240 - Cannot read IP mode file for STMicroelectronics.X-CUBE-NFC10.1.0.0
2026-06-24 12:21:09,222 [WARN] PackLoader:240 - Cannot read IP mode file for STMicroelectronics.X-CUBE-BLEMGR.4.0.0
2026-06-24 12:21:09,238 [WARN] PackLoader:240 - Cannot read IP mode file for STMicroelectronics.X-CUBE-ST60.1.1.0
2026-06-24 12:21:09,252 [ERROR] Engine:466 - C:\Users\abhil\.stm32cubemx\thirdparties\pdsc\STMicroelectronics.X-CUBE-WBA.1.1.0.pdsc: PDSC version is not supported
2026-06-24 12:21:09,266 [WARN] PackLoader:240 - Cannot read IP mode file for STMicroelectronics.X-CUBE-GNSS1.7.1.0
2026-06-24 12:21:09,305 [WARN] PackLoader:240 - Cannot read IP mode file for STMicroelectronics.X-CUBE-MEMS1.9.3.0
2026-06-24 12:21:09,381 [WARN] PackLoader:240 - Cannot read IP mode file for STMicroelectronics.X-CUBE-AI.7.2.0
2026-06-24 12:21:09,397 [WARN] PackLoader:240 - Cannot read IP mode file for STMicroelectronics.X-CUBE-BLEMGR.3.1.0
2026-06-24 12:21:09,412 [WARN] PackLoader:240 - Cannot read IP mode file for STMicroelectronics.X-CUBE-AI.10.0.0
2026-06-24 12:21:09,424 [ERROR] Engine:466 - C:\Users\abhil\.stm32cubemx\thirdparties\pdsc\STMicroelectronics.FP-SNS-STBOX1.2.1.0.pdsc: PDSC version is not supported
2026-06-24 12:21:09,440 [WARN] PackLoader:240 - Cannot read IP mode file for STMicroelectronics.FP-SNS-SMARTAG2.1.2.0
2026-06-24 12:21:09,444 [WARN] PackLoader:240 - Cannot read IP mode file for STMicroelectronics.FP-SNS-FLIGHT1.5.1.0
2026-06-24 12:21:09,496 [WARN] PackLoader:240 - Cannot read IP mode file for STMicroelectronics.X-CUBE-MEMS1.11.1.0
2026-06-24 12:21:09,589 [INFO] LogOutputStream:77 - [STDOUT_REDIRECT] 1 : Invalid condition id : UX_CORESTACK_Condition cause : null
2026-06-24 12:21:09,590 [INFO] LogOutputStream:77 - [STDOUT_REDIRECT] 1 : Invalid condition id : UX_CORESTACK_Condition cause : null
2026-06-24 12:21:09,591 [INFO] LogOutputStream:77 - [STDOUT_REDIRECT] 1 : Invalid condition id : UX_CORESTACK_Condition cause : null
2026-06-24 12:21:09,592 [INFO] LogOutputStream:77 - [STDOUT_REDIRECT] 1 : Invalid condition id : UX_CORESTACK_Condition cause : null
2026-06-24 12:21:09,593 [INFO] LogOutputStream:77 - [STDOUT_REDIRECT] 1 : Invalid condition id : UX_CORESTACK_Condition cause : null
2026-06-24 12:21:09,595 [WARN] PackLoader:240 - Cannot read IP mode file for STMicroelectronics.X-CUBE-AZRTOS-WL.2.0.0
2026-06-24 12:21:09,610 [WARN] PackLoader:240 - Cannot read IP mode file for STMicroelectronics.FP-SNS-MOTENV1.5.0.0
2026-06-24 12:21:09,635 [WARN] PackLoader:240 - Cannot read IP mode file for STMicroelectronics.X-CUBE-AZRTOS-H7RS.1.2.0
2026-06-24 12:21:09,650 [WARN] PackLoader:240 - Cannot read IP mode file for wolfSSL.I-CUBE-wolfMQTT.1.19.0
2026-06-24 12:21:09,666 [WARN] PackLoader:240 - Cannot read IP mode file for WES.I-CUBE-Cesium.1.3.0
2026-06-24 12:21:09,681 [WARN] PackLoader:240 - Cannot read IP mode file for STMicroelectronics.X-CUBE-BLE2.3.3.0
2026-06-24 12:21:09,732 [WARN] PackLoader:240 - Cannot read IP mode file for STMicroelectronics.X-CUBE-DISPLAY.2.2.0
2026-06-24 12:21:09,752 [WARN] PackLoader:240 - Cannot read IP mode file for STMicroelectronics.X-CUBE-TOF1.3.2.0
2026-06-24 12:21:09,768 [WARN] PackLoader:240 - Cannot read IP mode file for STMicroelectronics.X-CUBE-ISPU.1.0.0
2026-06-24 12:21:09,784 [WARN] PackLoader:240 - Cannot read IP mode file for STMicroelectronics.X-CUBE-NFC9.1.0.0
2026-06-24 12:21:09,811 [WARN] PackLoader:240 - Cannot read IP mode file for STMicroelectronics.X-CUBE-AZRTOS-H7.2.1.0
2026-06-24 12:21:09,831 [WARN] PackLoader:240 - Cannot read IP mode file for STMicroelectronics.X-CUBE-BLE1.7.1.0
2026-06-24 12:21:09,848 [WARN] PackLoader:240 - Cannot read IP mode file for STMicroelectronics.X-CUBE-TCPP.4.1.0
2026-06-24 12:21:09,867 [ERROR] Engine:466 - C:\Users\abhil\.stm32cubemx\thirdparties\pdsc\STMicroelectronics.X-CUBE-FREERTOS.1.4.0.pdsc: PDSC version is not supported
2026-06-24 12:21:09,884 [WARN] PackLoader:240 - Cannot read IP mode file for STMicroelectronics.X-CUBE-EEPRMA1.5.2.0
2026-06-24 12:21:09,899 [WARN] PackLoader:240 - Cannot read IP mode file for STMicroelectronics.X-CUBE-TOUCHGFX.4.21.3
2026-06-24 12:21:09,915 [WARN] PackLoader:240 - Cannot read IP mode file for STMicroelectronics.X-CUBE-AI.7.3.0
2026-06-24 12:21:09,927 [ERROR] Engine:466 - C:\Users\abhil\.stm32cubemx\thirdparties\pdsc\STMicroelectronics.X-CUBE-ST67W61.1.1.0.pdsc: PDSC version is not supported
2026-06-24 12:21:09,938 [WARN] PackLoader:240 - Cannot read IP mode file for STMicroelectronics.X-CUBE-AI.10.1.0
2026-06-24 12:21:09,951 [ERROR] Engine:466 - C:\Users\abhil\.stm32cubemx\thirdparties\pdsc\STMicroelectronics.FP-SNS-STAIOTCFT.1.1.0.pdsc: PDSC version is not supported
2026-06-24 12:21:09,990 [WARN] PackLoader:240 - Cannot read IP mode file for STMicroelectronics.X-CUBE-MEMS1.12.0.0
2026-06-24 12:21:10,041 [WARN] PackLoader:240 - Cannot read IP mode file for STMicroelectronics.X-CUBE-ALGOBUILD.1.3.0
2026-06-24 12:21:10,085 [WARN] PackLoader:240 - Cannot read IP mode file for STMicroelectronics.X-CUBE-MEMS1.11.2.0
2026-06-24 12:21:10,158 [WARN] PackLoader:240 - Cannot read IP mode file for STMicroelectronics.X-CUBE-AZRTOS-G0.1.1.0
2026-06-24 12:21:10,175 [WARN] PackLoader:240 - Cannot read IP mode file for STMicroelectronics.X-CUBE-SAFEA1.1.2.2
2026-06-24 12:21:10,190 [WARN] PackLoader:240 - Cannot read IP mode file for STMicroelectronics.X-CUBE-NFC4.3.0.0
2026-06-24 12:21:10,221 [WARN] PackLoader:240 - Cannot read IP mode file for SEGGER.I-CUBE-embOS.1.2.1
2026-06-24 12:21:10,254 [WARN] PackLoader:240 - Cannot read IP mode file for wolfSSL.I-CUBE-wolfMQTT.1.18.0
2026-06-24 12:21:10,276 [WARN] PackLoader:240 - Cannot read IP mode file for EmbeddedOffice.I-CUBE-FS-RTOS.1.0.1
2026-06-24 12:21:10,291 [WARN] PackLoader:240 - Cannot read IP mode file for STMicroelectronics.X-CUBE-WB05N.2.0.0
2026-06-24 12:21:10,307 [WARN] PackLoader:240 - Cannot read IP mode file for STMicroelectronics.X-CUBE-TCPP.4.2.0
2026-06-24 12:21:10,326 [WARN] PackLoader:240 - Cannot read IP mode file for RealThread.X-CUBE-RT-Thread_Nano.4.1.1
2026-06-24 12:21:10,334 [WARN] PackLoader:240 - Cannot read IP mode file for STMicroelectronics.FP-ATR-SIGFOX1.3.2.0
2026-06-24 12:21:10,352 [WARN] ConditionMgr:438 - getConditionDescription Invalid condition id : Cortex-A Device cause : null
2026-06-24 12:21:10,380 [WARN] ConditionMgr:1044 - genDependencies : Invalid condition id : Cortex-A Device cause : null
2026-06-24 12:21:10,381 [WARN] ConditionMgr:1044 - genDependencies : Invalid condition id : Cortex-A Device cause : null
2026-06-24 12:21:10,381 [WARN] ConditionMgr:1044 - genDependencies : Invalid condition id : Cortex-A Device cause : null
2026-06-24 12:21:10,397 [WARN] PackLoader:240 - Cannot read IP mode file for STMicroelectronics.X-CUBE-EEPRMA1.5.1.0
2026-06-24 12:21:10,413 [ERROR] Engine:466 - C:\Users\abhil\.stm32cubemx\thirdparties\pdsc\STMicroelectronics.X-CUBE-FREERTOS.1.5.0.pdsc: PDSC version is not supported
2026-06-24 12:21:10,433 [WARN] PackLoader:240 - Cannot read IP mode file for emotas.I-CUBE-CANOPEN.1.1.2
2026-06-24 12:21:10,449 [WARN] PackLoader:240 - Cannot read IP mode file for STMicroelectronics.X-CUBE-TOUCHGFX.4.20.0
2026-06-24 12:21:10,464 [WARN] PackLoader:240 - Cannot read IP mode file for ITTIA_DB.I-CUBE-ITTIADB.8.9.0
2026-06-24 12:21:10,480 [WARN] PackLoader:240 - Cannot read IP mode file for STMicroelectronics.X-CUBE-NFC6.3.2.0
2026-06-24 12:21:10,522 [WARN] PackLoader:240 - Cannot read IP mode file for STMicroelectronics.X-CUBE-MEMS1.9.5.0
2026-06-24 12:21:10,609 [WARN] PackLoader:240 - Cannot read IP mode file for STMicroelectronics.X-CUBE-ST67W61.1.0.0
2026-06-24 12:21:10,622 [WARN] PackLoader:240 - Cannot read IP mode file for STMicroelectronics.X-CUBE-AI.10.2.1
2026-06-24 12:21:10,633 [WARN] PackLoader:240 - Cannot read IP mode file for STMicroelectronics.X-CUBE-AI.10.2.0
2026-06-24 12:21:10,679 [WARN] PackLoader:240 - Cannot read IP mode file for STMicroelectronics.X-CUBE-MEMS1.12.1.0
2026-06-24 12:21:10,775 [WARN] PackLoader:240 - Cannot read IP mode file for SEGGER.I-CUBE-embOS.1.3.1
2026-06-24 12:21:10,803 [WARN] PackLoader:240 - Cannot read IP mode file for STMicroelectronics.X-CUBE-ALGOBUILD.1.4.0
2026-06-24 12:21:10,851 [WARN] PackLoader:240 - Cannot read IP mode file for STMicroelectronics.X-CUBE-MEMS1.11.3.0
2026-06-24 12:21:10,920 [WARN] PackLoader:240 - Cannot read IP mode file for STMicroelectronics.X-CUBE-AI.9.1.0
2026-06-24 12:21:10,937 [WARN] PackLoader:240 - Cannot read IP mode file for STMicroelectronics.X-CUBE-NFC13.1.0.0
2026-06-24 12:21:10,951 [WARN] PackLoader:240 - Cannot read IP mode file for STMicroelectronics.X-CUBE-PM33A1.1.0.0
2026-06-24 12:21:10,968 [WARN] PackLoader:240 - Cannot read IP mode file for STMicroelectronics.X-CUBE-GNSS1.6.0.0
2026-06-24 12:21:10,993 [WARN] PackLoader:240 - Cannot read IP mode file for STMicroelectronics.X-CUBE-AZRTOS-F4.1.1.0
2026-06-24 12:21:11,010 [WARN] PackLoader:240 - Cannot read IP mode file for Avnet-IotConnect.X-CUBE-IoTC-DA16k-PMOD.1.0.0
2026-06-24 12:21:11,024 [WARN] PackLoader:240 - Cannot read IP mode file for STMicroelectronics.X-CUBE-ISPU.2.1.0
2026-06-24 12:21:11,039 [ERROR] Engine:466 - C:\Users\abhil\.stm32cubemx\thirdparties\pdsc\STMicroelectronics.X-CUBE-IPS.3.2.0.pdsc: PDSC version is not supported
2026-06-24 12:21:11,045 [WARN] PackLoader:240 - Cannot read IP mode file for STMicroelectronics.eDS-WB_DPC_TT-BIDIR.2.1.1
2026-06-24 12:21:11,060 [WARN] PackLoader:240 - Cannot read IP mode file for STMicroelectronics.X-CUBE-FREERTOS.1.2.0
2026-06-24 12:21:11,077 [WARN] PackLoader:240 - Cannot read IP mode file for STMicroelectronics.X-CUBE-NFC12.1.0.0
2026-06-24 12:21:11,093 [WARN] PackLoader:240 - Cannot read IP mode file for STMicroelectronics.X-CUBE-BLEMGR.1.2.0
2026-06-24 12:21:11,120 [WARN] PackLoader:240 - Cannot read IP mode file for STMicroelectronics.X-CUBE-AZRTOS-L5.2.0.0
2026-06-24 12:21:11,138 [WARN] PackLoader:240 - Cannot read IP mode file for STMicroelectronics.X-CUBE-NFC6.3.1.0
2026-06-24 12:21:11,154 [WARN] PackLoader:240 - Cannot read IP mode file for STMicroelectronics.X-CUBE-ALGOBUILD.1.5.0
2026-06-24 12:21:11,170 [WARN] PackLoader:240 - Cannot read IP mode file for STMicroelectronics.X-CUBE-BLEMGR.2.0.0
2026-06-24 12:21:11,187 [WARN] PackLoader:240 - Cannot read IP mode file for STMicroelectronics.X-CUBE-DPower.1.2.0
2026-06-24 12:21:11,194 [WARN] PackLoader:240 - Cannot read IP mode file for STMicroelectronics.eDS-WB_DPC_VIENNA.1.2.0
2026-06-24 12:21:11,216 [WARN] PackLoader:240 - Cannot read IP mode file for STMicroelectronics.eDS-WB_DPC_3PH2L-BIDIR.1.1.1
2026-06-24 12:21:11,231 [WARN] PackLoader:240 - Cannot read IP mode file for STMicroelectronics.X-CUBE-NFC4.2.0.4
2026-06-24 12:21:11,251 [WARN] PackLoader:240 - Cannot read IP mode file for STMicroelectronics.X-CUBE-AI.9.0.0
2026-06-24 12:21:11,282 [WARN] ConditionMgr:438 - getConditionDescription Invalid condition id : UX DEVICE CLASS RTOS Condition cause : null
2026-06-24 12:21:11,282 [WARN] ConditionMgr:438 - getConditionDescription Invalid condition id : UX DEVICE CLASS RTOS Condition cause : null
2026-06-24 12:21:11,284 [WARN] PackLoader:240 - Cannot read IP mode file for STMicroelectronics.X-CUBE-AZRTOS-H7.3.1.0
2026-06-24 12:21:11,285 [WARN] ConditionMgr:1044 - genDependencies : Invalid condition id : UX DEVICE CLASS RTOS Condition cause : null
2026-06-24 12:21:11,285 [WARN] ConditionMgr:1044 - genDependencies : Invalid condition id : UX DEVICE CLASS RTOS Condition cause : null
2026-06-24 12:21:11,286 [WARN] ConditionMgr:1044 - genDependencies : Invalid condition id : UX DEVICE CLASS RTOS Condition cause : null
2026-06-24 12:21:11,287 [WARN] ConditionMgr:1044 - genDependencies : Invalid condition id : UX DEVICE CLASS RTOS Condition cause : null
2026-06-24 12:21:11,287 [WARN] ConditionMgr:1044 - genDependencies : Invalid condition id : UX DEVICE CLASS RTOS Condition cause : null
2026-06-24 12:21:11,307 [ERROR] Engine:466 - C:\Users\abhil\.stm32cubemx\thirdparties\pdsc\STMicroelectronics.X-CUBE-ST67W61.1.3.0.pdsc: PDSC version is not supported
2026-06-24 12:21:11,328 [WARN] PackLoader:240 - Cannot read IP mode file for wolfSSL.I-CUBE-wolfSSL.5.5.1
2026-06-24 12:21:11,347 [WARN] PackLoader:240 - Cannot read IP mode file for STMicroelectronics.X-CUBE-FREERTOS.1.3.1
2026-06-24 12:21:11,368 [WARN] PackLoader:240 - Cannot read IP mode file for STMicroelectronics.X-CUBE-FREERTOS.1.3.0
2026-06-24 12:21:11,385 [WARN] PackLoader:240 - Cannot read IP mode file for STMicroelectronics.X-CUBE-NFC7.1.0.1
2026-06-24 12:21:11,401 [WARN] PackLoader:240 - Cannot read IP mode file for STMicroelectronics.X-CUBE-NFC7.1.0.0
2026-06-24 12:21:11,417 [WARN] PackLoader:240 - Cannot read IP mode file for STMicroelectronics.X-CUBE-TOUCHGFX.4.26.0
2026-06-24 12:21:11,432 [WARN] PackLoader:240 - Cannot read IP mode file for STMicroelectronics.X-CUBE-TOUCHGFX.4.26.1
2026-06-24 12:21:11,447 [WARN] PackLoader:240 - Cannot read IP mode file for STMicroelectronics.X-CUBE-EEPRMA1.4.1.0
2026-06-24 12:21:11,464 [WARN] PackLoader:240 - Cannot read IP mode file for STMicroelectronics.FP-SNS-STAIOTCFT.1.0.0
2026-06-24 12:21:11,479 [WARN] PackLoader:240 - Cannot read IP mode file for STMicroelectronics.X-CUBE-DPower.1.3.0
2026-06-24 12:21:11,506 [WARN] ConditionMgr:438 - getConditionDescription Invalid condition id : LAN8742 Phy interface Condition cause : null
2026-06-24 12:21:11,507 [WARN] PackLoader:240 - Cannot read IP mode file for STMicroelectronics.X-CUBE-AZRTOS-L4.2.0.0
2026-06-24 12:21:11,508 [WARN] ConditionMgr:1044 - genDependencies : Invalid condition id : LAN8742 Phy interface Condition cause : null
2026-06-24 12:21:11,508 [WARN] ConditionMgr:1044 - genDependencies : Invalid condition id : LAN8742 Phy interface Condition cause : null
2026-06-24 12:21:11,509 [WARN] ConditionMgr:1044 - genDependencies : Invalid condition id : LAN8742 Phy interface Condition cause : null
2026-06-24 12:21:11,526 [WARN] PackLoader:240 - Cannot read IP mode file for STMicroelectronics.X-CUBE-SFXS2LP1.4.0.0
2026-06-24 12:21:11,542 [WARN] PackLoader:240 - Cannot read IP mode file for STMicroelectronics.X-CUBE-WB05N.2.1.0
2026-06-24 12:21:11,563 [ERROR] LogOutputStream:75 - [STDERR_REDIRECT] 
