2026-03-26 20:19:30,940 [INFO] Activator:176 - 


2026-03-26 20:19:30,951 [INFO] Activator:177 - !SESSION log4j initialized
2026-03-26 20:19:42,648 [INFO] LogOutputStream:77 - [STDOUT_REDIRECT] 
2026-03-26 20:19:54,034 [INFO] ApplicationProperties:184 - Using Application install path: C:\ST\STM32CubeIDE_1.10.1\STM32CubeIDE\plugins\com.st.stm32cube.common.mx_6.14.1.202504091515
2026-03-26 20:19:54,065 [INFO] DbMcusXml:78 - Set database path to: C:\ST\STM32CubeIDE_1.10.1\STM32CubeIDE\plugins\com.st.stm32cube.common.mx_6.14.1.202504091515\\db\/mcu/
2026-03-26 20:19:54,065 [INFO] ApiDb:274 - Set plugin database path to: C:\ST\STM32CubeIDE_1.10.1\STM32CubeIDE\plugins\com.st.stm32cube.common.mx_6.14.1.202504091515\\db\/plugins/boardmanager/
2026-03-26 20:19:54,076 [WARN] ApiDb:259 - Overriding images path with different value:  => C:\ST\STM32CubeIDE_1.10.1\STM32CubeIDE\plugins\com.st.stm32cube.common.mx_6.14.1.202504091515\\db\/plugins/mcufinder/images/
2026-03-26 20:19:54,098 [INFO] ApiDb:250 - Set database path to: C:\Users\abhil\.stmcufinder\plugins\mcufinder//mcu/
2026-03-26 20:19:54,099 [INFO] DbMcusAds:125 - Set database path to: C:\Users\abhil\.stmcufinder\plugins\mcufinder//mcu/
2026-03-26 20:19:54,705 [INFO] CrossReferenceDbSqlite:203 - Set database path to: C:\Users\abhil\.stmcufinder\plugins\mcufinder//mcu/cs/
2026-03-26 20:19:54,865 [INFO] RulesReader:64 - Compatibility file has been processed (302 Rules)
2026-03-26 20:19:54,982 [INFO] DbMcusXml:78 - Set database path to: C:\ST\STM32CubeIDE_1.10.1\STM32CubeIDE\plugins\com.st.stm32cube.common.mx_6.14.1.202504091515\\db\/mcu/
2026-03-26 20:19:54,982 [INFO] ApiDb:274 - Set plugin database path to: C:\ST\STM32CubeIDE_1.10.1\STM32CubeIDE\plugins\com.st.stm32cube.common.mx_6.14.1.202504091515\\db\/plugins/boardmanager/
2026-03-26 20:19:54,983 [INFO] ApiDb:261 - Set plugin images path to: C:\ST\STM32CubeIDE_1.10.1\STM32CubeIDE\plugins\com.st.stm32cube.common.mx_6.14.1.202504091515\\db\/plugins/mcufinder/images/
2026-03-26 20:19:54,983 [WARN] DbFile:41 - Overriding database path with different value: C:\Users\abhil\.stmcufinder\plugins\mcufinder/ => C:\Users\abhil\.stmcufinder\plugins\mcufinder
2026-03-26 20:19:54,983 [INFO] ApiDb:250 - Set database path to: C:\Users\abhil\.stmcufinder\plugins\mcufinder//mcu/
2026-03-26 20:19:54,983 [WARN] DbFile:41 - Overriding database path with different value: C:\Users\abhil\.stmcufinder\plugins\mcufinder/ => C:\Users\abhil\.stmcufinder\plugins\mcufinder
2026-03-26 20:19:54,983 [INFO] DbMcusAds:125 - Set database path to: C:\Users\abhil\.stmcufinder\plugins\mcufinder//mcu/
2026-03-26 20:19:54,983 [WARN] DbFile:41 - Overriding database path with different value: C:\Users\abhil\.stmcufinder\plugins\mcufinder/ => C:\Users\abhil\.stmcufinder\plugins\mcufinder
2026-03-26 20:19:54,983 [WARN] DbFile:41 - Overriding database path with different value: C:\Users\abhil\.stmcufinder\plugins\mcufinder/ => C:\Users\abhil\.stmcufinder\plugins\mcufinder
2026-03-26 20:19:54,983 [INFO] CrossReferenceDbSqlite:203 - Set database path to: C:\Users\abhil\.stmcufinder\plugins\mcufinder//mcu/cs/
2026-03-26 20:19:55,093 [INFO] MainPanel:272 - HeapMemory: 268435456
2026-03-26 20:19:55,219 [INFO] DbMcusXml:78 - Set database path to: C:\ST\STM32CubeIDE_1.10.1\STM32CubeIDE\plugins\com.st.stm32cube.common.mx_6.14.1.202504091515\\db\/mcu/
2026-03-26 20:19:55,220 [INFO] ApiDb:274 - Set plugin database path to: C:\ST\STM32CubeIDE_1.10.1\STM32CubeIDE\plugins\com.st.stm32cube.common.mx_6.14.1.202504091515\\db\/plugins/boardmanager/
2026-03-26 20:19:55,220 [INFO] ApiDb:261 - Set plugin images path to: C:\ST\STM32CubeIDE_1.10.1\STM32CubeIDE\plugins\com.st.stm32cube.common.mx_6.14.1.202504091515\\db\/plugins/mcufinder/images/
2026-03-26 20:19:55,220 [WARN] DbFile:41 - Overriding database path with different value: C:\Users\abhil\.stmcufinder\plugins\mcufinder/ => C:\Users\abhil\.stmcufinder\plugins\mcufinder
2026-03-26 20:19:55,220 [INFO] ApiDb:250 - Set database path to: C:\Users\abhil\.stmcufinder\plugins\mcufinder//mcu/
2026-03-26 20:19:55,220 [WARN] DbFile:41 - Overriding database path with different value: C:\Users\abhil\.stmcufinder\plugins\mcufinder/ => C:\Users\abhil\.stmcufinder\plugins\mcufinder
2026-03-26 20:19:55,221 [INFO] DbMcusAds:125 - Set database path to: C:\Users\abhil\.stmcufinder\plugins\mcufinder//mcu/
2026-03-26 20:19:55,221 [WARN] DbFile:41 - Overriding database path with different value: C:\Users\abhil\.stmcufinder\plugins\mcufinder/ => C:\Users\abhil\.stmcufinder\plugins\mcufinder
2026-03-26 20:19:55,221 [WARN] DbFile:41 - Overriding database path with different value: C:\Users\abhil\.stmcufinder\plugins\mcufinder/ => C:\Users\abhil\.stmcufinder\plugins\mcufinder
2026-03-26 20:19:55,221 [INFO] CrossReferenceDbSqlite:203 - Set database path to: C:\Users\abhil\.stmcufinder\plugins\mcufinder//mcu/cs/
2026-03-26 20:19:55,246 [INFO] ApplicationProperties:184 - Using Application install path: C:\ST\STM32CubeIDE_1.10.1\STM32CubeIDE\plugins\com.st.stm32cube.common.mx_6.14.1.202504091515
2026-03-26 20:19:55,247 [INFO] PluginManage:196 - Search for loadable plugins [exclusion list=, ]
2026-03-26 20:19:55,249 [INFO] PluginManage:310 - Check plugin analytics
2026-03-26 20:20:05,532 [INFO] AnalyticsPlugin:253 - Accepted Software Licenses: 
2026-03-26 20:20:05,532 [INFO] AnalyticsPlugin:255 - Accepted CMSIS Pack Licenses: 
2026-03-26 20:20:05,532 [INFO] AnalyticsPlugin:257 - Accepted Firmware Licenses: FW.F4.1.27.0,FW.H7.1.10.0,FW.H7.1.12.0,FW.F4.1.28.0
2026-03-26 20:20:05,536 [INFO] PluginManage:359 - Loaded plugin analytics (category:tool,tabindex:-1)
2026-03-26 20:20:05,536 [INFO] PluginManage:310 - Check plugin cadmodel
2026-03-26 20:20:05,563 [INFO] CADModel:105 - Init CAD model plugin
2026-03-26 20:20:05,563 [INFO] PluginManage:359 - Loaded plugin cadmodel (category:power,tabindex:5)
2026-03-26 20:20:05,564 [INFO] PluginManage:310 - Check plugin clock
2026-03-26 20:20:05,592 [INFO] PluginManage:359 - Loaded plugin clock (category:base,tabindex:2)
2026-03-26 20:20:05,592 [INFO] PluginManage:310 - Check plugin ddr
2026-03-26 20:20:05,596 [INFO] PluginManage:359 - Loaded plugin ddr (category:tool,tabindex:6)
2026-03-26 20:20:05,596 [INFO] PluginManage:310 - Check plugin filemanager
2026-03-26 20:20:05,785 [INFO] PluginManage:359 - Loaded plugin filemanager (category:base,tabindex:10)
2026-03-26 20:20:05,786 [INFO] PluginManage:310 - Check plugin ipmanager
2026-03-26 20:20:05,794 [INFO] PluginManage:359 - Loaded plugin ipmanager (category:base,tabindex:5)
2026-03-26 20:20:05,795 [INFO] PluginManage:310 - Check plugin lpbam
2026-03-26 20:20:05,818 [INFO] PluginManage:359 - Loaded plugin lpbam (category:base,tabindex:0)
2026-03-26 20:20:05,818 [INFO] PluginManage:310 - Check plugin memorymap
2026-03-26 20:20:05,845 [INFO] PluginManage:359 - Loaded plugin memorymap (category:base,tabindex:4)
2026-03-26 20:20:05,846 [INFO] PluginManage:310 - Check plugin pinoutandconfiguration
2026-03-26 20:20:05,873 [INFO] PluginManage:359 - Loaded plugin pinoutandconfiguration (category:base,tabindex:1)
2026-03-26 20:20:05,873 [INFO] PluginManage:310 - Check plugin pinoutconfig
2026-03-26 20:20:05,993 [WARN] SupportedApi:132 - Cannot load RTOS API schema: s4s-elt-must-match.1: The content of 'definitions' must match (annotation?, (simpleType | complexType)?, (unique | key | keyref)*)). A problem was found starting at: attribute.
2026-03-26 20:20:06,152 [INFO] PluginManage:359 - Loaded plugin pinoutconfig (category:base,tabindex:0)
2026-03-26 20:20:06,152 [INFO] PluginManage:310 - Check plugin power
2026-03-26 20:20:06,177 [INFO] PluginManage:359 - Loaded plugin power (category:power,tabindex:4)
2026-03-26 20:20:06,178 [INFO] PluginManage:310 - Check plugin projectmanager
2026-03-26 20:20:06,198 [INFO] PluginManage:359 - Loaded plugin projectmanager (category:projectmanager,tabindex:4)
2026-03-26 20:20:06,198 [INFO] PluginManage:310 - Check plugin rif
2026-03-26 20:20:06,220 [INFO] PluginManage:359 - Loaded plugin rif (category:base,tabindex:3)
2026-03-26 20:20:06,221 [INFO] PluginManage:310 - Check plugin thirdparty
2026-03-26 20:20:06,613 [INFO] PluginManage:359 - Loaded plugin thirdparty (category:base,tabindex:-1)
2026-03-26 20:20:06,613 [WARN] IntegrityCheckThread:84 - waiting for thirdparty lock release [integrity check]
2026-03-26 20:20:06,613 [INFO] PluginManage:310 - Check plugin tools
2026-03-26 20:20:06,613 [INFO] IntegrityCheckThread:86 - entering critical section [integrity check]
2026-03-26 20:20:06,613 [INFO] ThirdPartyUpdaterWithRetryManager:70 - Updater plugin not ready yet. [1/15]
2026-03-26 20:20:06,666 [INFO] PluginManage:359 - Loaded plugin tools (category:base,tabindex:7)
2026-03-26 20:20:06,666 [INFO] PluginManage:310 - Check plugin tutovideos
2026-03-26 20:20:06,898 [INFO] PluginManage:359 - Loaded plugin tutovideos (category:base,tabindex:-1)
2026-03-26 20:20:06,899 [INFO] PluginManage:310 - Check plugin updater
2026-03-26 20:20:06,925 [INFO] PluginManage:359 - Loaded plugin updater (category:base,tabindex:12)
2026-03-26 20:20:06,926 [INFO] PluginManage:310 - Check plugin userauth
2026-03-26 20:20:06,931 [INFO] UserAuth:118 - Init User Auth plugin
2026-03-26 20:20:06,932 [INFO] PluginManage:359 - Loaded plugin userauth (category:base,tabindex:14)
2026-03-26 20:20:06,933 [INFO] PluginManage:283 - PluginManage : Loaded plugins [18]
2026-03-26 20:20:07,206 [INFO] PinOutPanel:1589 - setPackage(No Configuration,No Configuration)
2026-03-26 20:20:07,320 [INFO] CADModel:165 - CPN selected for project level
2026-03-26 20:20:07,320 [INFO] CADModel:114 - Register for checkConnection events
2026-03-26 20:20:07,362 [INFO] IPUIPlugin:80 - create IPUIPlugin
2026-03-26 20:20:07,362 [INFO] PluginManager:220 - loadIPPluginJar : add adc
2026-03-26 20:20:07,429 [INFO] IPUIPlugin:80 - create IPUIPlugin
2026-03-26 20:20:07,429 [INFO] PluginManager:220 - loadIPPluginJar : add aes
2026-03-26 20:20:07,492 [INFO] IPUIPlugin:80 - create IPUIPlugin
2026-03-26 20:20:07,492 [INFO] PluginManager:220 - loadIPPluginJar : add can
2026-03-26 20:20:07,531 [INFO] IPUIPlugin:80 - create IPUIPlugin
2026-03-26 20:20:07,531 [INFO] PluginManager:220 - loadIPPluginJar : add comp
2026-03-26 20:20:07,581 [INFO] IPUIPlugin:80 - create IPUIPlugin
2026-03-26 20:20:07,581 [INFO] PluginManager:220 - loadIPPluginJar : add cryp
2026-03-26 20:20:07,599 [INFO] IPUIPlugin:80 - create IPUIPlugin
2026-03-26 20:20:07,599 [INFO] PluginManager:220 - loadIPPluginJar : add ddr_ctrl_phy
2026-03-26 20:20:07,643 [INFO] IPUIPlugin:80 - create IPUIPlugin
2026-03-26 20:20:07,644 [INFO] PluginManager:220 - loadIPPluginJar : add dfsdm
2026-03-26 20:20:07,667 [INFO] IPUIPlugin:80 - create IPUIPlugin
2026-03-26 20:20:07,667 [INFO] PluginManager:220 - loadIPPluginJar : add dma
2026-03-26 20:20:07,738 [INFO] IPUIPlugin:80 - create IPUIPlugin
2026-03-26 20:20:07,738 [INFO] PluginManager:220 - loadIPPluginJar : add dma3
2026-03-26 20:20:07,802 [INFO] IPUIPlugin:80 - create IPUIPlugin
2026-03-26 20:20:07,802 [INFO] PluginManager:220 - loadIPPluginJar : add extmemmanager
2026-03-26 20:20:07,837 [INFO] IPUIPlugin:80 - create IPUIPlugin
2026-03-26 20:20:07,837 [INFO] PluginManager:220 - loadIPPluginJar : add fatfs
2026-03-26 20:20:07,927 [INFO] IPUIPlugin:80 - create IPUIPlugin
2026-03-26 20:20:07,928 [INFO] PluginManager:220 - loadIPPluginJar : add fmc
2026-03-26 20:20:07,950 [INFO] IPUIPlugin:80 - create IPUIPlugin
2026-03-26 20:20:07,951 [INFO] PluginManager:220 - loadIPPluginJar : add freertos
2026-03-26 20:20:07,983 [INFO] IPUIPlugin:80 - create IPUIPlugin
2026-03-26 20:20:07,983 [INFO] PluginManager:220 - loadIPPluginJar : add genericplugin
2026-03-26 20:20:08,129 [INFO] IPUIPlugin:80 - create IPUIPlugin
2026-03-26 20:20:08,129 [INFO] PluginManager:220 - loadIPPluginJar : add gfxmmu
2026-03-26 20:20:08,316 [INFO] IPUIPlugin:80 - create IPUIPlugin
2026-03-26 20:20:08,316 [INFO] PluginManager:220 - loadIPPluginJar : add gic
2026-03-26 20:20:08,334 [INFO] IPUIPlugin:80 - create IPUIPlugin
2026-03-26 20:20:08,335 [INFO] PluginManager:220 - loadIPPluginJar : add gpio
2026-03-26 20:20:08,464 [INFO] IPUIPlugin:80 - create IPUIPlugin
2026-03-26 20:20:08,464 [INFO] PluginManager:220 - loadIPPluginJar : add gtzc
2026-03-26 20:20:08,511 [INFO] IPUIPlugin:80 - create IPUIPlugin
2026-03-26 20:20:08,511 [INFO] PluginManager:220 - loadIPPluginJar : add hash
2026-03-26 20:20:08,590 [INFO] IPUIPlugin:80 - create IPUIPlugin
2026-03-26 20:20:08,591 [INFO] PluginManager:220 - loadIPPluginJar : add i2c
2026-03-26 20:20:08,645 [INFO] IPUIPlugin:80 - create IPUIPlugin
2026-03-26 20:20:08,645 [INFO] PluginManager:220 - loadIPPluginJar : add i2s
2026-03-26 20:20:08,701 [INFO] IPUIPlugin:80 - create IPUIPlugin
2026-03-26 20:20:08,701 [INFO] PluginManager:220 - loadIPPluginJar : add i3c
2026-03-26 20:20:08,841 [INFO] IPUIPlugin:80 - create IPUIPlugin
2026-03-26 20:20:08,841 [INFO] PluginManager:220 - loadIPPluginJar : add ipddr
2026-03-26 20:20:08,975 [INFO] IPUIPlugin:80 - create IPUIPlugin
2026-03-26 20:20:08,976 [INFO] PluginManager:220 - loadIPPluginJar : add linkedlist
2026-03-26 20:20:09,027 [INFO] IPUIPlugin:80 - create IPUIPlugin
2026-03-26 20:20:09,027 [INFO] PluginManager:220 - loadIPPluginJar : add lorawan
2026-03-26 20:20:09,084 [INFO] IPUIPlugin:80 - create IPUIPlugin
2026-03-26 20:20:09,084 [INFO] PluginManager:220 - loadIPPluginJar : add ltdc
2026-03-26 20:20:09,104 [INFO] IPUIPlugin:80 - create IPUIPlugin
2026-03-26 20:20:09,104 [INFO] PluginManager:220 - loadIPPluginJar : add mdma
2026-03-26 20:20:09,126 [INFO] IPUIPlugin:80 - create IPUIPlugin
2026-03-26 20:20:09,126 [INFO] PluginManager:220 - loadIPPluginJar : add nvic
2026-03-26 20:20:09,185 [INFO] IPUIPlugin:80 - create IPUIPlugin
2026-03-26 20:20:09,185 [INFO] PluginManager:220 - loadIPPluginJar : add opamp
2026-03-26 20:20:09,268 [INFO] IPUIPlugin:80 - create IPUIPlugin
2026-03-26 20:20:09,268 [INFO] PluginManager:220 - loadIPPluginJar : add openamp
2026-03-26 20:20:09,336 [INFO] IPUIPlugin:80 - create IPUIPlugin
2026-03-26 20:20:09,336 [INFO] PluginManager:220 - loadIPPluginJar : add pdm2pcm
2026-03-26 20:20:09,358 [INFO] IPUIPlugin:80 - create IPUIPlugin
2026-03-26 20:20:09,361 [INFO] PluginManager:220 - loadIPPluginJar : add plateformsettings
2026-03-26 20:20:09,397 [INFO] IPUIPlugin:80 - create IPUIPlugin
2026-03-26 20:20:09,397 [INFO] PluginManager:220 - loadIPPluginJar : add quadspi
2026-03-26 20:20:09,434 [INFO] IPUIPlugin:80 - create IPUIPlugin
2026-03-26 20:20:09,435 [INFO] PluginManager:220 - loadIPPluginJar : add radio
2026-03-26 20:20:09,455 [INFO] IPUIPlugin:80 - create IPUIPlugin
2026-03-26 20:20:09,456 [INFO] PluginManager:220 - loadIPPluginJar : add resmgrutility
2026-03-26 20:20:09,514 [INFO] IPUIPlugin:80 - create IPUIPlugin
2026-03-26 20:20:09,515 [INFO] PluginManager:220 - loadIPPluginJar : add sai
2026-03-26 20:20:09,568 [INFO] IPUIPlugin:80 - create IPUIPlugin
2026-03-26 20:20:09,568 [INFO] PluginManager:220 - loadIPPluginJar : add spi
2026-03-26 20:20:09,615 [INFO] ThirdPartyUpdaterWithRetryManager:70 - Updater plugin not ready yet. [2/15]
2026-03-26 20:20:09,674 [INFO] IPUIPlugin:80 - create IPUIPlugin
2026-03-26 20:20:09,674 [INFO] PluginManager:220 - loadIPPluginJar : add stm32_wpan
2026-03-26 20:20:09,709 [INFO] IPUIPlugin:80 - create IPUIPlugin
2026-03-26 20:20:09,709 [INFO] PluginManager:220 - loadIPPluginJar : add tim
2026-03-26 20:20:09,796 [INFO] IPUIPlugin:80 - create IPUIPlugin
2026-03-26 20:20:09,797 [INFO] PluginManager:220 - loadIPPluginJar : add touchsensing
2026-03-26 20:20:09,831 [INFO] IPUIPlugin:80 - create IPUIPlugin
2026-03-26 20:20:09,831 [INFO] PluginManager:220 - loadIPPluginJar : add tracer_emb
2026-03-26 20:20:09,865 [INFO] IPUIPlugin:80 - create IPUIPlugin
2026-03-26 20:20:09,865 [INFO] PluginManager:220 - loadIPPluginJar : add ts
2026-03-26 20:20:09,904 [INFO] IPUIPlugin:80 - create IPUIPlugin
2026-03-26 20:20:09,904 [INFO] PluginManager:220 - loadIPPluginJar : add tsc
2026-03-26 20:20:09,934 [INFO] IPUIPlugin:80 - create IPUIPlugin
2026-03-26 20:20:09,934 [INFO] PluginManager:220 - loadIPPluginJar : add ucpd
2026-03-26 20:20:09,996 [INFO] IPUIPlugin:80 - create IPUIPlugin
2026-03-26 20:20:09,996 [INFO] PluginManager:220 - loadIPPluginJar : add usart
2026-03-26 20:20:10,063 [INFO] IPUIPlugin:80 - create IPUIPlugin
2026-03-26 20:20:10,063 [INFO] PluginManager:220 - loadIPPluginJar : add usbx
2026-03-26 20:20:10,222 [FATAL] Updater:351 - Updater called before beeing initialized
2026-03-26 20:20:10,253 [INFO] RulesReader:64 - Compatibility file has been processed (302 Rules)
2026-03-26 20:20:10,266 [INFO] RulesReader:64 - Compatibility file has been processed (302 Rules)
2026-03-26 20:20:10,278 [INFO] CADModel:165 - CPN selected for project level
2026-03-26 20:20:10,278 [INFO] CADModel:114 - Register for checkConnection events
2026-03-26 20:20:10,278 [FATAL] Updater:351 - Updater called before beeing initialized
2026-03-26 20:20:10,278 [ERROR] CADModel:125 - Updater not yet initialized, retry later 
2026-03-26 20:20:10,473 [FATAL] Updater:351 - Updater called before beeing initialized
2026-03-26 20:20:10,477 [INFO] CADModel:165 - CPN selected for project level
2026-03-26 20:20:10,477 [INFO] CADModel:114 - Register for checkConnection events
2026-03-26 20:20:10,477 [FATAL] Updater:351 - Updater called before beeing initialized
2026-03-26 20:20:10,478 [ERROR] CADModel:125 - Updater not yet initialized, retry later 
2026-03-26 20:20:10,481 [FATAL] Updater:351 - Updater called before beeing initialized
2026-03-26 20:20:10,633 [FATAL] Updater:351 - Updater called before beeing initialized
2026-03-26 20:20:10,649 [INFO] DbMcusAds:53 - JSON generation date=Thu Mar 05 20:02:53 IST 2026 (1772721173050)
2026-03-26 20:20:10,649 [FATAL] Updater:351 - Updater called before beeing initialized
2026-03-26 20:20:10,696 [WARN] DetailPanel:346 - Failed to get advertising image, set to default
2026-03-26 20:20:10,963 [FATAL] Updater:351 - Updater called before beeing initialized
2026-03-26 20:20:10,966 [FATAL] Updater:351 - Updater called before beeing initialized
2026-03-26 20:20:10,966 [FATAL] Updater:351 - Updater called before beeing initialized
2026-03-26 20:20:10,966 [WARN] DetailPanel:346 - Failed to get advertising image, set to default
2026-03-26 20:20:10,967 [FATAL] Updater:351 - Updater called before beeing initialized
2026-03-26 20:20:11,053 [ERROR] Updater:1198 - MainUpdater not yet initialized. External WinMGr cannot be set.
2026-03-26 20:20:11,067 [INFO] Updater:1134 - Updater Version found : 6.14.1
2026-03-26 20:20:11,087 [INFO] ApplicationProperties:184 - Using Application install path: C:\ST\STM32CubeIDE_1.10.1\STM32CubeIDE\plugins\com.st.stm32cube.common.mx_6.14.1.202504091515
2026-03-26 20:20:12,628 [INFO] ThirdPartyUpdaterWithRetryManager:70 - Updater plugin not ready yet. [3/15]
2026-03-26 20:20:12,953 [INFO] MainUpdater:2872 - connection check result : 10
2026-03-26 20:20:12,954 [INFO] MainUpdater:289 - Updater Check For Update Now.
2026-03-26 20:20:12,954 [INFO] MicroXplorer:498 - Change Database Version : DB.6.0.141
2026-03-26 20:20:12,979 [INFO] McuFinderGlobals:63 - Set McuFinder mode to 2 (CubeIDE integrated)
2026-03-26 20:20:12,990 [INFO] UserAuth:484 - Internet connection configuration mode: 1
2026-03-26 20:20:13,036 [INFO] JxBrowserEngine:152 - Initiate JxBrowser Engine with user profile folder
2026-03-26 20:20:13,232 [INFO] CheckServerUpdateThread:120 - End of CheckServer Thread
2026-03-26 20:20:14,176 [INFO] WebApp:169 - Instantiating new browser for Auth
2026-03-26 20:20:15,100 [INFO] WebApp:463 - Apply proxy settings
2026-03-26 20:20:15,100 [INFO] WebApp:548 - Chromium requires no authentication
2026-03-26 20:20:15,115 [INFO] WebApp:491 - Direct internet connection detected
2026-03-26 20:20:15,152 [INFO] WebApp:894 - Register for checkConnection events
2026-03-26 20:20:15,152 [INFO] WebApp:463 - Apply proxy settings
2026-03-26 20:20:15,152 [INFO] WebApp:548 - Chromium requires no authentication
2026-03-26 20:20:15,153 [INFO] WebApp:491 - Direct internet connection detected
2026-03-26 20:20:15,376 [INFO] WebApp:225 - Starting web application
2026-03-26 20:20:15,376 [INFO] WebApp:593 - Web application path used C:\ST\STM32CubeIDE_1.10.1\STM32CubeIDE\plugins\com.st.stm32cube.common.mx_6.14.1.202504091515\db\plugins\mcufinder\reactClient1\index.html
2026-03-26 20:20:15,592 [INFO] UserAuth:484 - Internet connection configuration mode: 1
2026-03-26 20:20:15,640 [INFO] WebApp:191 - Connection restablished
2026-03-26 20:20:16,224 [WARN] PackLoader:240 - Cannot read IP mode file for STMicroelectronics.X-CUBE-AZRTOS-H7.3.5.0
2026-03-26 20:20:16,254 [WARN] PackLoader:240 - Cannot read IP mode file for STMicroelectronics.FP-SNS-MOTENVWB1.1.4.0
2026-03-26 20:20:16,277 [WARN] PackLoader:240 - Cannot read IP mode file for STMicroelectronics.FP-ATR-ASTRA1.2.0.2
2026-03-26 20:20:16,295 [WARN] PackLoader:240 - Cannot read IP mode file for STMicroelectronics.FP-ATR-ASTRA1.2.0.1
2026-03-26 20:20:16,318 [WARN] PackLoader:240 - Cannot read IP mode file for STMicroelectronics.X-CUBE-SMBUS.2.1.0
2026-03-26 20:20:16,345 [WARN] PackLoader:240 - Cannot read IP mode file for STMicroelectronics.X-CUBE-WB05N.1.1.0
2026-03-26 20:20:16,366 [WARN] PackLoader:240 - Cannot read IP mode file for STMicroelectronics.X-CUBE-ST60.1.0.0
2026-03-26 20:20:16,385 [WARN] PackLoader:240 - Cannot read IP mode file for STMicroelectronics.X-CUBE-TOUCHGFX.4.23.2
2026-03-26 20:20:16,430 [WARN] PackLoader:240 - Cannot read IP mode file for STMicroelectronics.X-CUBE-AZRTOS-F7.1.1.0
2026-03-26 20:20:16,452 [WARN] PackLoader:240 - Cannot read IP mode file for STMicroelectronics.X-CUBE-BLE1.6.2.3
2026-03-26 20:20:16,533 [WARN] PackLoader:240 - Cannot read IP mode file for STMicroelectronics.X-CUBE-MEMS1.11.0.0
2026-03-26 20:20:16,731 [WARN] PackLoader:240 - Cannot read IP mode file for STMicroelectronics.X-CUBE-BLE1.6.2.4
2026-03-26 20:20:16,749 [ERROR] Engine:466 - C:\Users\abhil\.stm32cubemx\thirdparties\pdsc\STMicroelectronics.FP-SNS-MOTENV1.5.1.0.pdsc: PDSC version is not supported
2026-03-26 20:20:16,767 [WARN] PackLoader:240 - Cannot read IP mode file for STMicroelectronics.FP-SNS-FLIGHT1.5.0.2
2026-03-26 20:20:16,792 [WARN] PackLoader:240 - Cannot read IP mode file for STMicroelectronics.X-CUBE-TOF1.3.1.0
2026-03-26 20:20:16,836 [WARN] PackLoader:240 - Cannot read IP mode file for STMicroelectronics.X-CUBE-AZRTOS-H7.3.4.0
2026-03-26 20:20:16,862 [WARN] PackLoader:240 - Cannot read IP mode file for STMicroelectronics.X-CUBE-DISPLAY.3.0.0
2026-03-26 20:20:16,881 [ERROR] Engine:466 - C:\Users\abhil\.stm32cubemx\thirdparties\pdsc\STMicroelectronics.FP-SNS-MOTENVWB1.1.5.0.pdsc: PDSC version is not supported
2026-03-26 20:20:16,904 [WARN] PackLoader:240 - Cannot read IP mode file for STMicroelectronics.X-CUBE-BLE1.7.0.0
2026-03-26 20:20:16,926 [WARN] PackLoader:240 - Cannot read IP mode file for STMicroelectronics.X-CUBE-NFC10.1.0.0
2026-03-26 20:20:16,967 [WARN] PackLoader:240 - Cannot read IP mode file for STMicroelectronics.X-CUBE-BLEMGR.4.0.0
2026-03-26 20:20:16,995 [WARN] PackLoader:240 - Cannot read IP mode file for STMicroelectronics.X-CUBE-ST60.1.1.0
2026-03-26 20:20:17,018 [WARN] PackLoader:240 - Cannot read IP mode file for STMicroelectronics.X-CUBE-GNSS1.7.1.0
2026-03-26 20:20:17,075 [WARN] PackLoader:240 - Cannot read IP mode file for STMicroelectronics.X-CUBE-MEMS1.9.3.0
2026-03-26 20:20:17,168 [WARN] PackLoader:240 - Cannot read IP mode file for STMicroelectronics.X-CUBE-AI.7.2.0
2026-03-26 20:20:17,188 [WARN] PackLoader:240 - Cannot read IP mode file for STMicroelectronics.X-CUBE-BLEMGR.3.1.0
2026-03-26 20:20:17,208 [WARN] PackLoader:240 - Cannot read IP mode file for STMicroelectronics.X-CUBE-AI.10.0.0
2026-03-26 20:20:17,225 [ERROR] Engine:466 - C:\Users\abhil\.stm32cubemx\thirdparties\pdsc\STMicroelectronics.FP-SNS-STBOX1.2.1.0.pdsc: PDSC version is not supported
2026-03-26 20:20:17,246 [WARN] PackLoader:240 - Cannot read IP mode file for STMicroelectronics.FP-SNS-SMARTAG2.1.2.0
2026-03-26 20:20:17,263 [WARN] PackLoader:240 - Cannot read IP mode file for STMicroelectronics.FP-SNS-FLIGHT1.5.1.0
2026-03-26 20:20:17,328 [WARN] PackLoader:240 - Cannot read IP mode file for STMicroelectronics.X-CUBE-MEMS1.11.1.0
2026-03-26 20:20:17,445 [INFO] LogOutputStream:77 - [STDOUT_REDIRECT] 1 : Invalid condition id : UX_CORESTACK_Condition cause : null
2026-03-26 20:20:17,446 [INFO] LogOutputStream:77 - [STDOUT_REDIRECT] 1 : Invalid condition id : UX_CORESTACK_Condition cause : null
2026-03-26 20:20:17,448 [INFO] LogOutputStream:77 - [STDOUT_REDIRECT] 1 : Invalid condition id : UX_CORESTACK_Condition cause : null
2026-03-26 20:20:17,449 [INFO] LogOutputStream:77 - [STDOUT_REDIRECT] 1 : Invalid condition id : UX_CORESTACK_Condition cause : null
2026-03-26 20:20:17,450 [INFO] LogOutputStream:77 - [STDOUT_REDIRECT] 1 : Invalid condition id : UX_CORESTACK_Condition cause : null
2026-03-26 20:20:17,453 [WARN] PackLoader:240 - Cannot read IP mode file for STMicroelectronics.X-CUBE-AZRTOS-WL.2.0.0
2026-03-26 20:20:17,479 [WARN] PackLoader:240 - Cannot read IP mode file for STMicroelectronics.FP-SNS-MOTENV1.5.0.0
2026-03-26 20:20:17,516 [WARN] PackLoader:240 - Cannot read IP mode file for STMicroelectronics.X-CUBE-AZRTOS-H7RS.1.2.0
2026-03-26 20:20:17,545 [WARN] PackLoader:240 - Cannot read IP mode file for wolfSSL.I-CUBE-wolfMQTT.1.19.0
2026-03-26 20:20:17,575 [WARN] PackLoader:240 - Cannot read IP mode file for WES.I-CUBE-Cesium.1.3.0
2026-03-26 20:20:17,596 [WARN] PackLoader:240 - Cannot read IP mode file for STMicroelectronics.X-CUBE-BLE2.3.3.0
2026-03-26 20:20:17,669 [WARN] PackLoader:240 - Cannot read IP mode file for STMicroelectronics.X-CUBE-DISPLAY.2.2.0
2026-03-26 20:20:17,698 [WARN] PackLoader:240 - Cannot read IP mode file for STMicroelectronics.X-CUBE-TOF1.3.2.0
2026-03-26 20:20:17,723 [WARN] PackLoader:240 - Cannot read IP mode file for STMicroelectronics.X-CUBE-ISPU.1.0.0
2026-03-26 20:20:17,748 [WARN] PackLoader:240 - Cannot read IP mode file for STMicroelectronics.X-CUBE-NFC9.1.0.0
2026-03-26 20:20:17,791 [WARN] PackLoader:240 - Cannot read IP mode file for STMicroelectronics.X-CUBE-AZRTOS-H7.2.1.0
2026-03-26 20:20:17,817 [WARN] PackLoader:240 - Cannot read IP mode file for STMicroelectronics.X-CUBE-BLE1.7.1.0
2026-03-26 20:20:17,841 [WARN] PackLoader:240 - Cannot read IP mode file for STMicroelectronics.X-CUBE-TCPP.4.1.0
2026-03-26 20:20:17,876 [ERROR] Engine:466 - C:\Users\abhil\.stm32cubemx\thirdparties\pdsc\STMicroelectronics.X-CUBE-FREERTOS.1.4.0.pdsc: PDSC version is not supported
2026-03-26 20:20:17,903 [WARN] PackLoader:240 - Cannot read IP mode file for STMicroelectronics.X-CUBE-EEPRMA1.5.2.0
2026-03-26 20:20:17,926 [WARN] PackLoader:240 - Cannot read IP mode file for STMicroelectronics.X-CUBE-TOUCHGFX.4.21.3
2026-03-26 20:20:17,945 [WARN] PackLoader:240 - Cannot read IP mode file for STMicroelectronics.X-CUBE-AI.7.3.0
2026-03-26 20:20:17,962 [ERROR] Engine:466 - C:\Users\abhil\.stm32cubemx\thirdparties\pdsc\STMicroelectronics.X-CUBE-ST67W61.1.1.0.pdsc: PDSC version is not supported
2026-03-26 20:20:17,980 [WARN] PackLoader:240 - Cannot read IP mode file for STMicroelectronics.X-CUBE-AI.10.1.0
2026-03-26 20:20:18,043 [WARN] PackLoader:240 - Cannot read IP mode file for STMicroelectronics.X-CUBE-MEMS1.12.0.0
2026-03-26 20:20:18,113 [WARN] PackLoader:240 - Cannot read IP mode file for STMicroelectronics.X-CUBE-ALGOBUILD.1.3.0
2026-03-26 20:20:18,171 [WARN] PackLoader:240 - Cannot read IP mode file for STMicroelectronics.X-CUBE-MEMS1.11.2.0
2026-03-26 20:20:18,292 [WARN] PackLoader:240 - Cannot read IP mode file for STMicroelectronics.X-CUBE-AZRTOS-G0.1.1.0
2026-03-26 20:20:18,318 [WARN] PackLoader:240 - Cannot read IP mode file for STMicroelectronics.X-CUBE-SAFEA1.1.2.2
2026-03-26 20:20:18,338 [WARN] PackLoader:240 - Cannot read IP mode file for STMicroelectronics.X-CUBE-NFC4.3.0.0
2026-03-26 20:20:18,389 [WARN] PackLoader:240 - Cannot read IP mode file for SEGGER.I-CUBE-embOS.1.2.1
2026-03-26 20:20:18,429 [WARN] PackLoader:240 - Cannot read IP mode file for wolfSSL.I-CUBE-wolfMQTT.1.18.0
2026-03-26 20:20:18,460 [WARN] PackLoader:240 - Cannot read IP mode file for EmbeddedOffice.I-CUBE-FS-RTOS.1.0.1
2026-03-26 20:20:18,478 [WARN] PackLoader:240 - Cannot read IP mode file for STMicroelectronics.X-CUBE-WB05N.2.0.0
2026-03-26 20:20:18,496 [WARN] PackLoader:240 - Cannot read IP mode file for STMicroelectronics.X-CUBE-TCPP.4.2.0
2026-03-26 20:20:18,516 [WARN] PackLoader:240 - Cannot read IP mode file for RealThread.X-CUBE-RT-Thread_Nano.4.1.1
2026-03-26 20:20:18,535 [WARN] PackLoader:240 - Cannot read IP mode file for STMicroelectronics.FP-ATR-SIGFOX1.3.2.0
2026-03-26 20:20:18,561 [WARN] ConditionMgr:438 - getConditionDescription Invalid condition id : Cortex-A Device cause : null
2026-03-26 20:20:18,586 [WARN] ConditionMgr:1044 - genDependencies : Invalid condition id : Cortex-A Device cause : null
2026-03-26 20:20:18,586 [WARN] ConditionMgr:1044 - genDependencies : Invalid condition id : Cortex-A Device cause : null
2026-03-26 20:20:18,586 [WARN] ConditionMgr:1044 - genDependencies : Invalid condition id : Cortex-A Device cause : null
2026-03-26 20:20:18,603 [WARN] PackLoader:240 - Cannot read IP mode file for STMicroelectronics.X-CUBE-EEPRMA1.5.1.0
2026-03-26 20:20:18,620 [ERROR] Engine:466 - C:\Users\abhil\.stm32cubemx\thirdparties\pdsc\STMicroelectronics.X-CUBE-FREERTOS.1.5.0.pdsc: PDSC version is not supported
2026-03-26 20:20:18,643 [WARN] PackLoader:240 - Cannot read IP mode file for emotas.I-CUBE-CANOPEN.1.1.2
2026-03-26 20:20:18,660 [WARN] PackLoader:240 - Cannot read IP mode file for STMicroelectronics.X-CUBE-TOUCHGFX.4.20.0
2026-03-26 20:20:18,679 [WARN] PackLoader:240 - Cannot read IP mode file for ITTIA_DB.I-CUBE-ITTIADB.8.9.0
2026-03-26 20:20:18,699 [WARN] PackLoader:240 - Cannot read IP mode file for STMicroelectronics.X-CUBE-NFC6.3.2.0
2026-03-26 20:20:18,744 [WARN] PackLoader:240 - Cannot read IP mode file for STMicroelectronics.X-CUBE-MEMS1.9.5.0
2026-03-26 20:20:18,843 [WARN] PackLoader:240 - Cannot read IP mode file for STMicroelectronics.X-CUBE-ST67W61.1.0.0
2026-03-26 20:20:18,863 [WARN] PackLoader:240 - Cannot read IP mode file for STMicroelectronics.X-CUBE-AI.10.2.0
2026-03-26 20:20:18,897 [WARN] PackLoader:240 - Cannot read IP mode file for SEGGER.I-CUBE-embOS.1.3.1
2026-03-26 20:20:18,945 [WARN] PackLoader:240 - Cannot read IP mode file for STMicroelectronics.X-CUBE-ALGOBUILD.1.4.0
2026-03-26 20:20:19,010 [WARN] PackLoader:240 - Cannot read IP mode file for STMicroelectronics.X-CUBE-MEMS1.11.3.0
2026-03-26 20:20:19,108 [WARN] PackLoader:240 - Cannot read IP mode file for STMicroelectronics.X-CUBE-AI.9.1.0
2026-03-26 20:20:19,129 [WARN] PackLoader:240 - Cannot read IP mode file for STMicroelectronics.X-CUBE-PM33A1.1.0.0
2026-03-26 20:20:19,152 [WARN] PackLoader:240 - Cannot read IP mode file for STMicroelectronics.X-CUBE-GNSS1.6.0.0
2026-03-26 20:20:19,193 [WARN] PackLoader:240 - Cannot read IP mode file for STMicroelectronics.X-CUBE-AZRTOS-F4.1.1.0
2026-03-26 20:20:19,215 [WARN] PackLoader:240 - Cannot read IP mode file for Avnet-IotConnect.X-CUBE-IoTC-DA16k-PMOD.1.0.0
2026-03-26 20:20:19,230 [WARN] PackLoader:240 - Cannot read IP mode file for STMicroelectronics.X-CUBE-ISPU.2.1.0
2026-03-26 20:20:19,248 [ERROR] Engine:466 - C:\Users\abhil\.stm32cubemx\thirdparties\pdsc\STMicroelectronics.X-CUBE-IPS.3.2.0.pdsc: PDSC version is not supported
2026-03-26 20:20:19,264 [WARN] PackLoader:240 - Cannot read IP mode file for STMicroelectronics.X-CUBE-FREERTOS.1.2.0
2026-03-26 20:20:19,283 [WARN] PackLoader:240 - Cannot read IP mode file for STMicroelectronics.X-CUBE-NFC12.1.0.0
2026-03-26 20:20:19,303 [WARN] PackLoader:240 - Cannot read IP mode file for STMicroelectronics.X-CUBE-BLEMGR.1.2.0
2026-03-26 20:20:19,334 [WARN] PackLoader:240 - Cannot read IP mode file for STMicroelectronics.X-CUBE-AZRTOS-L5.2.0.0
2026-03-26 20:20:19,352 [WARN] PackLoader:240 - Cannot read IP mode file for STMicroelectronics.X-CUBE-NFC6.3.1.0
2026-03-26 20:20:19,377 [WARN] PackLoader:240 - Cannot read IP mode file for STMicroelectronics.X-CUBE-BLEMGR.2.0.0
2026-03-26 20:20:19,399 [WARN] PackLoader:240 - Cannot read IP mode file for STMicroelectronics.X-CUBE-DPower.1.2.0
2026-03-26 20:20:19,416 [WARN] PackLoader:240 - Cannot read IP mode file for STMicroelectronics.X-CUBE-NFC4.2.0.4
2026-03-26 20:20:19,431 [WARN] PackLoader:240 - Cannot read IP mode file for STMicroelectronics.X-CUBE-AI.9.0.0
2026-03-26 20:20:19,461 [WARN] ConditionMgr:438 - getConditionDescription Invalid condition id : UX DEVICE CLASS RTOS Condition cause : null
2026-03-26 20:20:19,461 [WARN] ConditionMgr:438 - getConditionDescription Invalid condition id : UX DEVICE CLASS RTOS Condition cause : null
2026-03-26 20:20:19,464 [WARN] PackLoader:240 - Cannot read IP mode file for STMicroelectronics.X-CUBE-AZRTOS-H7.3.1.0
2026-03-26 20:20:19,465 [WARN] ConditionMgr:1044 - genDependencies : Invalid condition id : UX DEVICE CLASS RTOS Condition cause : null
2026-03-26 20:20:19,465 [WARN] ConditionMgr:1044 - genDependencies : Invalid condition id : UX DEVICE CLASS RTOS Condition cause : null
2026-03-26 20:20:19,465 [WARN] ConditionMgr:1044 - genDependencies : Invalid condition id : UX DEVICE CLASS RTOS Condition cause : null
2026-03-26 20:20:19,465 [WARN] ConditionMgr:1044 - genDependencies : Invalid condition id : UX DEVICE CLASS RTOS Condition cause : null
2026-03-26 20:20:19,465 [WARN] ConditionMgr:1044 - genDependencies : Invalid condition id : UX DEVICE CLASS RTOS Condition cause : null
2026-03-26 20:20:19,483 [WARN] PackLoader:240 - Cannot read IP mode file for wolfSSL.I-CUBE-wolfSSL.5.5.1
2026-03-26 20:20:19,501 [WARN] PackLoader:240 - Cannot read IP mode file for STMicroelectronics.X-CUBE-FREERTOS.1.3.1
2026-03-26 20:20:19,518 [WARN] PackLoader:240 - Cannot read IP mode file for STMicroelectronics.X-CUBE-FREERTOS.1.3.0
2026-03-26 20:20:19,538 [WARN] PackLoader:240 - Cannot read IP mode file for STMicroelectronics.X-CUBE-NFC7.1.0.1
2026-03-26 20:20:19,554 [WARN] PackLoader:240 - Cannot read IP mode file for STMicroelectronics.X-CUBE-NFC7.1.0.0
2026-03-26 20:20:19,575 [WARN] PackLoader:240 - Cannot read IP mode file for STMicroelectronics.X-CUBE-TOUCHGFX.4.26.0
2026-03-26 20:20:19,593 [WARN] PackLoader:240 - Cannot read IP mode file for STMicroelectronics.X-CUBE-TOUCHGFX.4.26.1
2026-03-26 20:20:19,609 [WARN] PackLoader:240 - Cannot read IP mode file for STMicroelectronics.X-CUBE-EEPRMA1.4.1.0
2026-03-26 20:20:19,626 [WARN] PackLoader:240 - Cannot read IP mode file for STMicroelectronics.FP-SNS-STAIOTCFT.1.0.0
2026-03-26 20:20:19,642 [WARN] PackLoader:240 - Cannot read IP mode file for STMicroelectronics.X-CUBE-DPower.1.3.0
2026-03-26 20:20:19,673 [WARN] ConditionMgr:438 - getConditionDescription Invalid condition id : LAN8742 Phy interface Condition cause : null
2026-03-26 20:20:19,674 [WARN] PackLoader:240 - Cannot read IP mode file for STMicroelectronics.X-CUBE-AZRTOS-L4.2.0.0
2026-03-26 20:20:19,675 [WARN] ConditionMgr:1044 - genDependencies : Invalid condition id : LAN8742 Phy interface Condition cause : null
2026-03-26 20:20:19,675 [WARN] ConditionMgr:1044 - genDependencies : Invalid condition id : LAN8742 Phy interface Condition cause : null
2026-03-26 20:20:19,675 [WARN] ConditionMgr:1044 - genDependencies : Invalid condition id : LAN8742 Phy interface Condition cause : null
2026-03-26 20:20:19,697 [WARN] PackLoader:240 - Cannot read IP mode file for STMicroelectronics.X-CUBE-SFXS2LP1.4.0.0
2026-03-26 20:20:19,714 [ERROR] Engine:466 - C:\Users\abhil\.stm32cubemx\thirdparties\pdsc\STMicroelectronics.X-CUBE-ST67W61.1.2.0.pdsc: PDSC version is not supported
2026-03-26 20:20:19,730 [WARN] PackLoader:240 - Cannot read IP mode file for STMicroelectronics.X-CUBE-ISPU.1.1.0
2026-03-26 20:20:19,763 [WARN] PackLoader:240 - Cannot read IP mode file for STMicroelectronics.X-CUBE-AZRTOS-H7.3.3.0
2026-03-26 20:20:19,784 [WARN] PackLoader:240 - Cannot read IP mode file for RoweBots.I-CUBE-UNISONRTOS.5.5.0-4
2026-03-26 20:20:19,804 [WARN] PackLoader:240 - Cannot read IP mode file for STMicroelectronics.X-CUBE-BLEMGR.4.1.0
2026-03-26 20:20:19,821 [WARN] PackLoader:240 - Cannot read IP mode file for STMicroelectronics.X-CUBE-AI.8.0.0
2026-03-26 20:20:19,843 [WARN] PackLoader:240 - Cannot read IP mode file for STMicroelectronics.X-CUBE-IPS.3.0.0
2026-03-26 20:20:19,871 [WARN] ConditionMgr:438 - getConditionDescription Invalid condition id : UX DEVICE CLASS RTOS Condition cause : null
2026-03-26 20:20:19,871 [WARN] ConditionMgr:438 - getConditionDescription Invalid condition id : UX DEVICE CLASS RTOS Condition cause : null
2026-03-26 20:20:19,873 [WARN] PackLoader:240 - Cannot read IP mode file for STMicroelectronics.X-CUBE-AZRTOS-WB.2.0.0
2026-03-26 20:20:19,873 [WARN] ConditionMgr:1044 - genDependencies : Invalid condition id : UX DEVICE CLASS RTOS Condition cause : null
2026-03-26 20:20:19,874 [WARN] ConditionMgr:1044 - genDependencies : Invalid condition id : UX DEVICE CLASS RTOS Condition cause : null
2026-03-26 20:20:19,876 [WARN] ConditionMgr:1044 - genDependencies : Invalid condition id : UX DEVICE CLASS RTOS Condition cause : null
2026-03-26 20:20:19,876 [WARN] ConditionMgr:1044 - genDependencies : Invalid condition id : UX DEVICE CLASS RTOS Condition cause : null
2026-03-26 20:20:19,876 [WARN] ConditionMgr:1044 - genDependencies : Invalid condition id : UX DEVICE CLASS RTOS Condition cause : null
2026-03-26 20:20:19,895 [WARN] PackLoader:240 - Cannot read IP mode file for STMicroelectronics.X-CUBE-FREERTOS.1.0.1
2026-03-26 20:20:19,910 [WARN] PackLoader:240 - Cannot read IP mode file for STMicroelectronics.X-CUBE-GNSS1.7.0.0
2026-03-26 20:20:19,924 [WARN] PackLoader:240 - Cannot read IP mode file for STMicroelectronics.X-CUBE-GNSS1.7.0.1
2026-03-26 20:20:19,938 [WARN] PackLoader:240 - Cannot read IP mode file for STMicroelectronics.X-CUBE-TOUCHGFX.4.25.0
2026-03-26 20:20:19,955 [WARN] PackLoader:240 - Cannot read IP mode file for STMicroelectronics.FP-SNS-STBOX1.2.0.0
2026-03-26 20:20:19,978 [WARN] PackLoader:240 - Cannot read IP mode file for STMicroelectronics.X-CUBE-STSE01.2.0.0
2026-03-26 20:20:20,003 [WARN] PackLoader:240 - Cannot read IP mode file for STMicroelectronics.X-CUBE-AZRTOS-L5.1.1.0
2026-03-26 20:20:20,022 [WARN] PackLoader:240 - Cannot read IP mode file for STMicroelectronics.X-CUBE-SUBG2.5.0.0
2026-03-26 20:20:20,053 [WARN] PackLoader:240 - Cannot read IP mode file for STMicroelectronics.X-CUBE-AZRTOS-H7RS.1.1.0
2026-03-26 20:20:20,070 [WARN] PackLoader:240 - Cannot read IP mode file for Cesanta.I-CUBE-Mongoose.7.13.0
2026-03-26 20:20:20,094 [WARN] PackLoader:240 - Cannot read IP mode file for STMicroelectronics.X-CUBE-AZRTOS-G4.2.0.0
2026-03-26 20:20:20,113 [WARN] PackLoader:240 - Cannot read IP mode file for STMicroelectronics.X-CUBE-TOF1.3.3.0
2026-03-26 20:20:20,131 [WARN] PackLoader:240 - Cannot read IP mode file for STMicroelectronics.FP-ATR-ASTRA1.1.1.1
2026-03-26 20:20:20,145 [WARN] PackLoader:240 - Cannot read IP mode file for STMicroelectronics.X-CUBE-NFC7.2.0.0
2026-03-26 20:20:20,171 [WARN] PackLoader:240 - Cannot read IP mode file for STMicroelectronics.X-CUBE-AZRTOS-G4.1.0.0
2026-03-26 20:20:20,197 [WARN] PackLoader:240 - Cannot read IP mode file for STMicroelectronics.X-CUBE-AZRTOS-L4.1.0.0
2026-03-26 20:20:20,211 [WARN] PackLoader:240 - Cannot read IP mode file for STMicroelectronics.X-CUBE-ISPU.2.0.0
2026-03-26 20:20:20,229 [WARN] PackLoader:240 - Cannot read IP mode file for STMicroelectronics.X-CUBE-IPS.3.1.0
2026-03-26 20:20:20,249 [WARN] PackLoader:240 - Cannot read IP mode file for STMicroelectronics.X-CUBE-ALS.1.0.2
2026-03-26 20:20:20,287 [WARN] PackLoader:240 - Cannot read IP mode file for STMicroelectronics.X-CUBE-MEMS1.10.0.0
2026-03-26 20:20:20,392 [WARN] PackLoader:240 - Cannot read IP mode file for STMicroelectronics.X-CUBE-TOUCHGFX.4.24.2
2026-03-26 20:20:20,422 [WARN] PackLoader:240 - Cannot read IP mode file for STMicroelectronics.X-CUBE-AZRTOS-WL.1.0.0
2026-03-26 20:20:20,437 [WARN] PackLoader:240 - Cannot read IP mode file for STMicroelectronics.X-CUBE-TOUCHGFX.4.24.1
2026-03-26 20:20:20,455 [WARN] PackLoader:240 - Cannot read IP mode file for STMicroelectronics.X-CUBE-STSE01.1.0.0
2026-03-26 20:20:20,469 [WARN] PackLoader:240 - Cannot read IP mode file for wolfSSL.I-CUBE-wolfTPM.3.4.0
2026-03-26 20:20:20,486 [WARN] PackLoader:240 - Cannot read IP mode file for portGmbH.I-Cube-SoM-uGOAL.1.1.0
2026-03-26 20:20:20,501 [WARN] PackLoader:240 - Cannot read IP mode file for STMicroelectronics.X-CUBE-ALS.1.0.1
2026-03-26 20:20:20,529 [WARN] PackLoader:240 - Cannot read IP mode file for STMicroelectronics.X-CUBE-AZRTOS-WB.1.1.0
2026-03-26 20:20:20,560 [WARN] PackLoader:240 - Cannot read IP mode file for STMicroelectronics.X-CUBE-AZRTOS-L5.1.0.0
2026-03-26 20:20:20,574 [WARN] PackLoader:240 - Cannot read IP mode file for STMicroelectronics.X-CUBE-EEPRMA1.3.1.1
2026-03-26 20:20:20,606 [WARN] PackLoader:240 - Cannot read IP mode file for STMicroelectronics.X-CUBE-AZRTOS-H7RS.1.0.0
2026-03-26 20:20:20,622 [WARN] PackLoader:240 - Cannot read IP mode file for STMicroelectronics.FP-ATR-ASTRA1.2.0.0
2026-03-26 20:20:20,639 [WARN] PackLoader:240 - Cannot read IP mode file for STMicroelectronics.X-CUBE-TOF1.3.4.2
2026-03-26 20:20:20,665 [WARN] PackLoader:240 - Cannot read IP mode file for STMicroelectronics.X-CUBE-TOF1.3.4.3
2026-03-26 20:20:20,694 [WARN] PackLoader:240 - Cannot read IP mode file for STMicroelectronics.X-CUBE-TOF1.3.4.1
2026-03-26 20:20:20,734 [WARN] PackLoader:240 - Cannot read IP mode file for STMicroelectronics.X-CUBE-AZRTOS-H7.3.2.0
2026-03-26 20:20:20,760 [WARN] PackLoader:240 - Cannot read IP mode file for Infineon.AIROC-Wi-Fi-Bluetooth-STM32.1.6.0
2026-03-26 20:20:20,777 [WARN] PackLoader:240 - Cannot read IP mode file for wolfSSL.I-CUBE-wolfSSH.1.4.17
2026-03-26 20:20:20,777 [INFO] ThirdParty:978 - Integrity check success = true
2026-03-26 20:20:20,777 [INFO] IntegrityCheckThread:100 - exiting critical section [integrity check]
2026-03-26 20:20:20,777 [INFO] IntegrityCheckThread:103 - End integrity checks thread
2026-03-26 20:24:14,760 [ERROR] LogOutputStream:75 - [STDERR_REDIRECT] 
