2026-03-09 11:12:35,020 [INFO] Activator:176 - 


2026-03-09 11:12:35,034 [INFO] Activator:177 - !SESSION log4j initialized
2026-03-09 11:12:46,826 [INFO] LogOutputStream:77 - [STDOUT_REDIRECT] 
2026-03-09 11:12:48,302 [INFO] ApplicationProperties:184 - Using Application install path: C:\ST\STM32CubeIDE_1.10.1\STM32CubeIDE\plugins\com.st.stm32cube.common.mx_6.14.1.202504091515
2026-03-09 11:12:48,337 [INFO] DbMcusXml:78 - Set database path to: C:\ST\STM32CubeIDE_1.10.1\STM32CubeIDE\plugins\com.st.stm32cube.common.mx_6.14.1.202504091515\\db\/mcu/
2026-03-09 11:12:48,338 [INFO] ApiDb:274 - Set plugin database path to: C:\ST\STM32CubeIDE_1.10.1\STM32CubeIDE\plugins\com.st.stm32cube.common.mx_6.14.1.202504091515\\db\/plugins/boardmanager/
2026-03-09 11:12:48,381 [WARN] ApiDb:259 - Overriding images path with different value:  => C:\ST\STM32CubeIDE_1.10.1\STM32CubeIDE\plugins\com.st.stm32cube.common.mx_6.14.1.202504091515\\db\/plugins/mcufinder/images/
2026-03-09 11:12:48,397 [INFO] ApiDb:250 - Set database path to: C:\Users\abhil\.stmcufinder\plugins\mcufinder//mcu/
2026-03-09 11:12:48,400 [INFO] DbMcusAds:125 - Set database path to: C:\Users\abhil\.stmcufinder\plugins\mcufinder//mcu/
2026-03-09 11:12:48,406 [INFO] CrossReferenceDbSqlite:203 - Set database path to: C:\Users\abhil\.stmcufinder\plugins\mcufinder//mcu/cs/
2026-03-09 11:12:48,692 [INFO] RulesReader:64 - Compatibility file has been processed (302 Rules)
2026-03-09 11:12:48,868 [INFO] DbMcusXml:78 - Set database path to: C:\ST\STM32CubeIDE_1.10.1\STM32CubeIDE\plugins\com.st.stm32cube.common.mx_6.14.1.202504091515\\db\/mcu/
2026-03-09 11:12:48,868 [INFO] ApiDb:274 - Set plugin database path to: C:\ST\STM32CubeIDE_1.10.1\STM32CubeIDE\plugins\com.st.stm32cube.common.mx_6.14.1.202504091515\\db\/plugins/boardmanager/
2026-03-09 11:12:48,869 [INFO] ApiDb:261 - Set plugin images path to: C:\ST\STM32CubeIDE_1.10.1\STM32CubeIDE\plugins\com.st.stm32cube.common.mx_6.14.1.202504091515\\db\/plugins/mcufinder/images/
2026-03-09 11:12:48,869 [WARN] DbFile:41 - Overriding database path with different value: C:\Users\abhil\.stmcufinder\plugins\mcufinder/ => C:\Users\abhil\.stmcufinder\plugins\mcufinder
2026-03-09 11:12:48,869 [INFO] ApiDb:250 - Set database path to: C:\Users\abhil\.stmcufinder\plugins\mcufinder//mcu/
2026-03-09 11:12:48,869 [WARN] DbFile:41 - Overriding database path with different value: C:\Users\abhil\.stmcufinder\plugins\mcufinder/ => C:\Users\abhil\.stmcufinder\plugins\mcufinder
2026-03-09 11:12:48,870 [INFO] DbMcusAds:125 - Set database path to: C:\Users\abhil\.stmcufinder\plugins\mcufinder//mcu/
2026-03-09 11:12:48,870 [WARN] DbFile:41 - Overriding database path with different value: C:\Users\abhil\.stmcufinder\plugins\mcufinder/ => C:\Users\abhil\.stmcufinder\plugins\mcufinder
2026-03-09 11:12:48,870 [WARN] DbFile:41 - Overriding database path with different value: C:\Users\abhil\.stmcufinder\plugins\mcufinder/ => C:\Users\abhil\.stmcufinder\plugins\mcufinder
2026-03-09 11:12:48,870 [INFO] CrossReferenceDbSqlite:203 - Set database path to: C:\Users\abhil\.stmcufinder\plugins\mcufinder//mcu/cs/
2026-03-09 11:12:49,039 [INFO] MainPanel:272 - HeapMemory: 268435456
2026-03-09 11:12:49,205 [INFO] DbMcusXml:78 - Set database path to: C:\ST\STM32CubeIDE_1.10.1\STM32CubeIDE\plugins\com.st.stm32cube.common.mx_6.14.1.202504091515\\db\/mcu/
2026-03-09 11:12:49,205 [INFO] ApiDb:274 - Set plugin database path to: C:\ST\STM32CubeIDE_1.10.1\STM32CubeIDE\plugins\com.st.stm32cube.common.mx_6.14.1.202504091515\\db\/plugins/boardmanager/
2026-03-09 11:12:49,206 [INFO] ApiDb:261 - Set plugin images path to: C:\ST\STM32CubeIDE_1.10.1\STM32CubeIDE\plugins\com.st.stm32cube.common.mx_6.14.1.202504091515\\db\/plugins/mcufinder/images/
2026-03-09 11:12:49,206 [WARN] DbFile:41 - Overriding database path with different value: C:\Users\abhil\.stmcufinder\plugins\mcufinder/ => C:\Users\abhil\.stmcufinder\plugins\mcufinder
2026-03-09 11:12:49,207 [INFO] ApiDb:250 - Set database path to: C:\Users\abhil\.stmcufinder\plugins\mcufinder//mcu/
2026-03-09 11:12:49,207 [WARN] DbFile:41 - Overriding database path with different value: C:\Users\abhil\.stmcufinder\plugins\mcufinder/ => C:\Users\abhil\.stmcufinder\plugins\mcufinder
2026-03-09 11:12:49,207 [INFO] DbMcusAds:125 - Set database path to: C:\Users\abhil\.stmcufinder\plugins\mcufinder//mcu/
2026-03-09 11:12:49,207 [WARN] DbFile:41 - Overriding database path with different value: C:\Users\abhil\.stmcufinder\plugins\mcufinder/ => C:\Users\abhil\.stmcufinder\plugins\mcufinder
2026-03-09 11:12:49,207 [WARN] DbFile:41 - Overriding database path with different value: C:\Users\abhil\.stmcufinder\plugins\mcufinder/ => C:\Users\abhil\.stmcufinder\plugins\mcufinder
2026-03-09 11:12:49,208 [INFO] CrossReferenceDbSqlite:203 - Set database path to: C:\Users\abhil\.stmcufinder\plugins\mcufinder//mcu/cs/
2026-03-09 11:12:49,253 [INFO] ApplicationProperties:184 - Using Application install path: C:\ST\STM32CubeIDE_1.10.1\STM32CubeIDE\plugins\com.st.stm32cube.common.mx_6.14.1.202504091515
2026-03-09 11:12:49,256 [INFO] PluginManage:196 - Search for loadable plugins [exclusion list=, ]
2026-03-09 11:12:49,259 [INFO] PluginManage:310 - Check plugin analytics
2026-03-09 11:12:49,640 [INFO] AnalyticsPlugin:253 - Accepted Software Licenses: 
2026-03-09 11:12:49,640 [INFO] AnalyticsPlugin:255 - Accepted CMSIS Pack Licenses: 
2026-03-09 11:12:49,642 [INFO] AnalyticsPlugin:257 - Accepted Firmware Licenses: FW.F4.1.27.0,FW.H7.1.10.0,FW.H7.1.12.0,FW.F4.1.28.0
2026-03-09 11:12:49,649 [INFO] PluginManage:359 - Loaded plugin analytics (category:tool,tabindex:-1)
2026-03-09 11:12:49,649 [INFO] PluginManage:310 - Check plugin cadmodel
2026-03-09 11:12:49,656 [INFO] CADModel:105 - Init CAD model plugin
2026-03-09 11:12:49,656 [INFO] PluginManage:359 - Loaded plugin cadmodel (category:power,tabindex:5)
2026-03-09 11:12:49,657 [INFO] PluginManage:310 - Check plugin clock
2026-03-09 11:12:49,673 [INFO] PluginManage:359 - Loaded plugin clock (category:base,tabindex:2)
2026-03-09 11:12:49,673 [INFO] PluginManage:310 - Check plugin ddr
2026-03-09 11:12:49,677 [INFO] PluginManage:359 - Loaded plugin ddr (category:tool,tabindex:6)
2026-03-09 11:12:49,678 [INFO] PluginManage:310 - Check plugin filemanager
2026-03-09 11:12:49,951 [INFO] PluginManage:359 - Loaded plugin filemanager (category:base,tabindex:10)
2026-03-09 11:12:49,953 [INFO] PluginManage:310 - Check plugin ipmanager
2026-03-09 11:12:49,966 [INFO] PluginManage:359 - Loaded plugin ipmanager (category:base,tabindex:5)
2026-03-09 11:12:49,967 [INFO] PluginManage:310 - Check plugin lpbam
2026-03-09 11:12:49,981 [INFO] PluginManage:359 - Loaded plugin lpbam (category:base,tabindex:0)
2026-03-09 11:12:49,982 [INFO] PluginManage:310 - Check plugin memorymap
2026-03-09 11:12:50,001 [INFO] PluginManage:359 - Loaded plugin memorymap (category:base,tabindex:4)
2026-03-09 11:12:50,001 [INFO] PluginManage:310 - Check plugin pinoutandconfiguration
2026-03-09 11:12:50,015 [INFO] PluginManage:359 - Loaded plugin pinoutandconfiguration (category:base,tabindex:1)
2026-03-09 11:12:50,015 [INFO] PluginManage:310 - Check plugin pinoutconfig
2026-03-09 11:12:50,177 [WARN] SupportedApi:132 - Cannot load RTOS API schema: s4s-elt-must-match.1: The content of 'definitions' must match (annotation?, (simpleType | complexType)?, (unique | key | keyref)*)). A problem was found starting at: attribute.
2026-03-09 11:12:50,478 [INFO] PluginManage:359 - Loaded plugin pinoutconfig (category:base,tabindex:0)
2026-03-09 11:12:50,478 [INFO] PluginManage:310 - Check plugin power
2026-03-09 11:12:50,498 [INFO] PluginManage:359 - Loaded plugin power (category:power,tabindex:4)
2026-03-09 11:12:50,498 [INFO] PluginManage:310 - Check plugin projectmanager
2026-03-09 11:12:50,538 [INFO] PluginManage:359 - Loaded plugin projectmanager (category:projectmanager,tabindex:4)
2026-03-09 11:12:50,538 [INFO] PluginManage:310 - Check plugin rif
2026-03-09 11:12:50,551 [INFO] PluginManage:359 - Loaded plugin rif (category:base,tabindex:3)
2026-03-09 11:12:50,551 [INFO] PluginManage:310 - Check plugin thirdparty
2026-03-09 11:12:50,828 [INFO] PluginManage:359 - Loaded plugin thirdparty (category:base,tabindex:-1)
2026-03-09 11:12:50,828 [WARN] IntegrityCheckThread:84 - waiting for thirdparty lock release [integrity check]
2026-03-09 11:12:50,829 [INFO] PluginManage:310 - Check plugin tools
2026-03-09 11:12:50,829 [INFO] IntegrityCheckThread:86 - entering critical section [integrity check]
2026-03-09 11:12:50,830 [INFO] ThirdPartyUpdaterWithRetryManager:70 - Updater plugin not ready yet. [1/15]
2026-03-09 11:12:50,833 [INFO] PluginManage:359 - Loaded plugin tools (category:base,tabindex:7)
2026-03-09 11:12:50,833 [INFO] PluginManage:310 - Check plugin tutovideos
2026-03-09 11:12:51,150 [INFO] PluginManage:359 - Loaded plugin tutovideos (category:base,tabindex:-1)
2026-03-09 11:12:51,150 [INFO] PluginManage:310 - Check plugin updater
2026-03-09 11:12:51,189 [INFO] PluginManage:359 - Loaded plugin updater (category:base,tabindex:12)
2026-03-09 11:12:51,190 [INFO] PluginManage:310 - Check plugin userauth
2026-03-09 11:12:51,198 [INFO] UserAuth:118 - Init User Auth plugin
2026-03-09 11:12:51,199 [INFO] PluginManage:359 - Loaded plugin userauth (category:base,tabindex:14)
2026-03-09 11:12:51,200 [INFO] PluginManage:283 - PluginManage : Loaded plugins [18]
2026-03-09 11:12:51,630 [INFO] PinOutPanel:1589 - setPackage(No Configuration,No Configuration)
2026-03-09 11:12:51,842 [INFO] CADModel:165 - CPN selected for project level
2026-03-09 11:12:51,842 [INFO] CADModel:114 - Register for checkConnection events
2026-03-09 11:12:51,877 [INFO] IPUIPlugin:80 - create IPUIPlugin
2026-03-09 11:12:51,877 [INFO] PluginManager:220 - loadIPPluginJar : add adc
2026-03-09 11:12:51,883 [INFO] IPUIPlugin:80 - create IPUIPlugin
2026-03-09 11:12:51,883 [INFO] PluginManager:220 - loadIPPluginJar : add aes
2026-03-09 11:12:51,888 [INFO] IPUIPlugin:80 - create IPUIPlugin
2026-03-09 11:12:51,888 [INFO] PluginManager:220 - loadIPPluginJar : add can
2026-03-09 11:12:51,891 [INFO] IPUIPlugin:80 - create IPUIPlugin
2026-03-09 11:12:51,891 [INFO] PluginManager:220 - loadIPPluginJar : add comp
2026-03-09 11:12:51,896 [INFO] IPUIPlugin:80 - create IPUIPlugin
2026-03-09 11:12:51,896 [INFO] PluginManager:220 - loadIPPluginJar : add cryp
2026-03-09 11:12:51,901 [INFO] IPUIPlugin:80 - create IPUIPlugin
2026-03-09 11:12:51,901 [INFO] PluginManager:220 - loadIPPluginJar : add ddr_ctrl_phy
2026-03-09 11:12:51,906 [INFO] IPUIPlugin:80 - create IPUIPlugin
2026-03-09 11:12:51,906 [INFO] PluginManager:220 - loadIPPluginJar : add dfsdm
2026-03-09 11:12:51,915 [INFO] IPUIPlugin:80 - create IPUIPlugin
2026-03-09 11:12:51,915 [INFO] PluginManager:220 - loadIPPluginJar : add dma
2026-03-09 11:12:51,919 [INFO] IPUIPlugin:80 - create IPUIPlugin
2026-03-09 11:12:51,920 [INFO] PluginManager:220 - loadIPPluginJar : add dma3
2026-03-09 11:12:51,926 [INFO] IPUIPlugin:80 - create IPUIPlugin
2026-03-09 11:12:51,926 [INFO] PluginManager:220 - loadIPPluginJar : add extmemmanager
2026-03-09 11:12:51,929 [INFO] IPUIPlugin:80 - create IPUIPlugin
2026-03-09 11:12:51,929 [INFO] PluginManager:220 - loadIPPluginJar : add fatfs
2026-03-09 11:12:51,938 [INFO] IPUIPlugin:80 - create IPUIPlugin
2026-03-09 11:12:51,938 [INFO] PluginManager:220 - loadIPPluginJar : add fmc
2026-03-09 11:12:51,949 [INFO] IPUIPlugin:80 - create IPUIPlugin
2026-03-09 11:12:51,949 [INFO] PluginManager:220 - loadIPPluginJar : add freertos
2026-03-09 11:12:51,952 [INFO] IPUIPlugin:80 - create IPUIPlugin
2026-03-09 11:12:51,952 [INFO] PluginManager:220 - loadIPPluginJar : add genericplugin
2026-03-09 11:12:51,958 [INFO] IPUIPlugin:80 - create IPUIPlugin
2026-03-09 11:12:51,958 [INFO] PluginManager:220 - loadIPPluginJar : add gfxmmu
2026-03-09 11:12:51,967 [INFO] IPUIPlugin:80 - create IPUIPlugin
2026-03-09 11:12:51,967 [INFO] PluginManager:220 - loadIPPluginJar : add gic
2026-03-09 11:12:51,976 [INFO] IPUIPlugin:80 - create IPUIPlugin
2026-03-09 11:12:51,976 [INFO] PluginManager:220 - loadIPPluginJar : add gpio
2026-03-09 11:12:51,981 [INFO] IPUIPlugin:80 - create IPUIPlugin
2026-03-09 11:12:51,981 [INFO] PluginManager:220 - loadIPPluginJar : add gtzc
2026-03-09 11:12:51,985 [INFO] IPUIPlugin:80 - create IPUIPlugin
2026-03-09 11:12:51,985 [INFO] PluginManager:220 - loadIPPluginJar : add hash
2026-03-09 11:12:51,992 [INFO] IPUIPlugin:80 - create IPUIPlugin
2026-03-09 11:12:51,992 [INFO] PluginManager:220 - loadIPPluginJar : add i2c
2026-03-09 11:12:51,996 [INFO] IPUIPlugin:80 - create IPUIPlugin
2026-03-09 11:12:51,997 [INFO] PluginManager:220 - loadIPPluginJar : add i2s
2026-03-09 11:12:52,003 [INFO] IPUIPlugin:80 - create IPUIPlugin
2026-03-09 11:12:52,003 [INFO] PluginManager:220 - loadIPPluginJar : add i3c
2026-03-09 11:12:52,010 [INFO] IPUIPlugin:80 - create IPUIPlugin
2026-03-09 11:12:52,010 [INFO] PluginManager:220 - loadIPPluginJar : add ipddr
2026-03-09 11:12:52,021 [INFO] IPUIPlugin:80 - create IPUIPlugin
2026-03-09 11:12:52,022 [INFO] PluginManager:220 - loadIPPluginJar : add linkedlist
2026-03-09 11:12:52,027 [INFO] IPUIPlugin:80 - create IPUIPlugin
2026-03-09 11:12:52,028 [INFO] PluginManager:220 - loadIPPluginJar : add lorawan
2026-03-09 11:12:52,031 [INFO] IPUIPlugin:80 - create IPUIPlugin
2026-03-09 11:12:52,031 [INFO] PluginManager:220 - loadIPPluginJar : add ltdc
2026-03-09 11:12:52,041 [INFO] IPUIPlugin:80 - create IPUIPlugin
2026-03-09 11:12:52,042 [INFO] PluginManager:220 - loadIPPluginJar : add mdma
2026-03-09 11:12:52,050 [INFO] IPUIPlugin:80 - create IPUIPlugin
2026-03-09 11:12:52,050 [INFO] PluginManager:220 - loadIPPluginJar : add nvic
2026-03-09 11:12:52,056 [INFO] IPUIPlugin:80 - create IPUIPlugin
2026-03-09 11:12:52,056 [INFO] PluginManager:220 - loadIPPluginJar : add opamp
2026-03-09 11:12:52,063 [INFO] IPUIPlugin:80 - create IPUIPlugin
2026-03-09 11:12:52,063 [INFO] PluginManager:220 - loadIPPluginJar : add openamp
2026-03-09 11:12:52,069 [INFO] IPUIPlugin:80 - create IPUIPlugin
2026-03-09 11:12:52,069 [INFO] PluginManager:220 - loadIPPluginJar : add pdm2pcm
2026-03-09 11:12:52,080 [INFO] IPUIPlugin:80 - create IPUIPlugin
2026-03-09 11:12:52,085 [INFO] PluginManager:220 - loadIPPluginJar : add plateformsettings
2026-03-09 11:12:52,087 [INFO] IPUIPlugin:80 - create IPUIPlugin
2026-03-09 11:12:52,089 [INFO] PluginManager:220 - loadIPPluginJar : add quadspi
2026-03-09 11:12:52,092 [INFO] IPUIPlugin:80 - create IPUIPlugin
2026-03-09 11:12:52,093 [INFO] PluginManager:220 - loadIPPluginJar : add radio
2026-03-09 11:12:52,099 [INFO] IPUIPlugin:80 - create IPUIPlugin
2026-03-09 11:12:52,099 [INFO] PluginManager:220 - loadIPPluginJar : add resmgrutility
2026-03-09 11:12:52,106 [INFO] IPUIPlugin:80 - create IPUIPlugin
2026-03-09 11:12:52,107 [INFO] PluginManager:220 - loadIPPluginJar : add sai
2026-03-09 11:12:52,112 [INFO] IPUIPlugin:80 - create IPUIPlugin
2026-03-09 11:12:52,112 [INFO] PluginManager:220 - loadIPPluginJar : add spi
2026-03-09 11:12:52,124 [INFO] IPUIPlugin:80 - create IPUIPlugin
2026-03-09 11:12:52,124 [INFO] PluginManager:220 - loadIPPluginJar : add stm32_wpan
2026-03-09 11:12:52,127 [INFO] IPUIPlugin:80 - create IPUIPlugin
2026-03-09 11:12:52,127 [INFO] PluginManager:220 - loadIPPluginJar : add tim
2026-03-09 11:12:52,133 [INFO] IPUIPlugin:80 - create IPUIPlugin
2026-03-09 11:12:52,134 [INFO] PluginManager:220 - loadIPPluginJar : add touchsensing
2026-03-09 11:12:52,137 [INFO] IPUIPlugin:80 - create IPUIPlugin
2026-03-09 11:12:52,137 [INFO] PluginManager:220 - loadIPPluginJar : add tracer_emb
2026-03-09 11:12:52,141 [INFO] IPUIPlugin:80 - create IPUIPlugin
2026-03-09 11:12:52,141 [INFO] PluginManager:220 - loadIPPluginJar : add ts
2026-03-09 11:12:52,145 [INFO] IPUIPlugin:80 - create IPUIPlugin
2026-03-09 11:12:52,146 [INFO] PluginManager:220 - loadIPPluginJar : add tsc
2026-03-09 11:12:52,158 [INFO] IPUIPlugin:80 - create IPUIPlugin
2026-03-09 11:12:52,158 [INFO] PluginManager:220 - loadIPPluginJar : add ucpd
2026-03-09 11:12:52,162 [INFO] IPUIPlugin:80 - create IPUIPlugin
2026-03-09 11:12:52,163 [INFO] PluginManager:220 - loadIPPluginJar : add usart
2026-03-09 11:12:52,168 [INFO] IPUIPlugin:80 - create IPUIPlugin
2026-03-09 11:12:52,169 [INFO] PluginManager:220 - loadIPPluginJar : add usbx
2026-03-09 11:12:52,371 [FATAL] Updater:351 - Updater called before beeing initialized
2026-03-09 11:12:52,439 [INFO] RulesReader:64 - Compatibility file has been processed (302 Rules)
2026-03-09 11:12:52,462 [INFO] RulesReader:64 - Compatibility file has been processed (302 Rules)
2026-03-09 11:12:52,474 [INFO] CADModel:165 - CPN selected for project level
2026-03-09 11:12:52,474 [INFO] CADModel:114 - Register for checkConnection events
2026-03-09 11:12:52,476 [FATAL] Updater:351 - Updater called before beeing initialized
2026-03-09 11:12:52,476 [ERROR] CADModel:125 - Updater not yet initialized, retry later 
2026-03-09 11:12:52,787 [FATAL] Updater:351 - Updater called before beeing initialized
2026-03-09 11:12:52,791 [INFO] CADModel:165 - CPN selected for project level
2026-03-09 11:12:52,791 [INFO] CADModel:114 - Register for checkConnection events
2026-03-09 11:12:52,791 [FATAL] Updater:351 - Updater called before beeing initialized
2026-03-09 11:12:52,791 [ERROR] CADModel:125 - Updater not yet initialized, retry later 
2026-03-09 11:12:52,798 [FATAL] Updater:351 - Updater called before beeing initialized
2026-03-09 11:12:53,025 [FATAL] Updater:351 - Updater called before beeing initialized
2026-03-09 11:12:53,032 [INFO] DbMcusAds:53 - JSON generation date=Thu Jan 08 21:26:32 IST 2026 (1767887792457)
2026-03-09 11:12:53,033 [FATAL] Updater:351 - Updater called before beeing initialized
2026-03-09 11:12:53,115 [WARN] DetailPanel:346 - Failed to get advertising image, set to default
2026-03-09 11:12:53,715 [FATAL] Updater:351 - Updater called before beeing initialized
2026-03-09 11:12:53,719 [FATAL] Updater:351 - Updater called before beeing initialized
2026-03-09 11:12:53,719 [FATAL] Updater:351 - Updater called before beeing initialized
2026-03-09 11:12:53,719 [WARN] DetailPanel:346 - Failed to get advertising image, set to default
2026-03-09 11:12:53,720 [FATAL] Updater:351 - Updater called before beeing initialized
2026-03-09 11:12:53,831 [INFO] ThirdPartyUpdaterWithRetryManager:70 - Updater plugin not ready yet. [2/15]
2026-03-09 11:12:53,849 [ERROR] Updater:1198 - MainUpdater not yet initialized. External WinMGr cannot be set.
2026-03-09 11:12:53,853 [INFO] Updater:1134 - Updater Version found : 6.14.1
2026-03-09 11:12:53,885 [INFO] ApplicationProperties:184 - Using Application install path: C:\ST\STM32CubeIDE_1.10.1\STM32CubeIDE\plugins\com.st.stm32cube.common.mx_6.14.1.202504091515
2026-03-09 11:12:54,468 [INFO] MainUpdater:2872 - connection check result : 10
2026-03-09 11:12:54,469 [INFO] MainUpdater:289 - Updater Check For Update Now.
2026-03-09 11:12:54,471 [INFO] MicroXplorer:498 - Change Database Version : DB.6.0.141
2026-03-09 11:12:54,483 [INFO] McuFinderGlobals:63 - Set McuFinder mode to 2 (CubeIDE integrated)
2026-03-09 11:12:54,484 [INFO] UserAuth:484 - Internet connection configuration mode: 1
2026-03-09 11:12:54,520 [INFO] JxBrowserEngine:152 - Initiate JxBrowser Engine with user profile folder
2026-03-09 11:12:54,757 [INFO] CheckServerUpdateThread:120 - End of CheckServer Thread
2026-03-09 11:12:55,986 [INFO] WebApp:169 - Instantiating new browser for Auth
2026-03-09 11:12:57,378 [INFO] WebApp:463 - Apply proxy settings
2026-03-09 11:12:57,378 [INFO] WebApp:548 - Chromium requires no authentication
2026-03-09 11:12:57,393 [INFO] WebApp:491 - Direct internet connection detected
2026-03-09 11:12:57,436 [INFO] WebApp:894 - Register for checkConnection events
2026-03-09 11:12:57,436 [INFO] WebApp:463 - Apply proxy settings
2026-03-09 11:12:57,436 [INFO] WebApp:548 - Chromium requires no authentication
2026-03-09 11:12:57,438 [INFO] WebApp:491 - Direct internet connection detected
2026-03-09 11:12:57,708 [WARN] PackLoader:240 - Cannot read IP mode file for STMicroelectronics.X-CUBE-AZRTOS-H7.3.5.0
2026-03-09 11:12:57,735 [WARN] PackLoader:240 - Cannot read IP mode file for STMicroelectronics.FP-SNS-MOTENVWB1.1.4.0
2026-03-09 11:12:57,748 [WARN] PackLoader:240 - Cannot read IP mode file for STMicroelectronics.FP-ATR-ASTRA1.2.0.2
2026-03-09 11:12:57,755 [WARN] PackLoader:240 - Cannot read IP mode file for STMicroelectronics.FP-ATR-ASTRA1.2.0.1
2026-03-09 11:12:57,774 [WARN] PackLoader:240 - Cannot read IP mode file for STMicroelectronics.X-CUBE-SMBUS.2.1.0
2026-03-09 11:12:57,793 [WARN] PackLoader:240 - Cannot read IP mode file for STMicroelectronics.X-CUBE-WB05N.1.1.0
2026-03-09 11:12:57,840 [WARN] PackLoader:240 - Cannot read IP mode file for STMicroelectronics.X-CUBE-ST60.1.0.0
2026-03-09 11:12:57,854 [WARN] PackLoader:240 - Cannot read IP mode file for STMicroelectronics.X-CUBE-TOUCHGFX.4.23.2
2026-03-09 11:12:57,901 [WARN] PackLoader:240 - Cannot read IP mode file for STMicroelectronics.X-CUBE-AZRTOS-F7.1.1.0
2026-03-09 11:12:57,919 [WARN] PackLoader:240 - Cannot read IP mode file for STMicroelectronics.X-CUBE-BLE1.6.2.3
2026-03-09 11:12:57,961 [INFO] WebApp:225 - Starting web application
2026-03-09 11:12:57,962 [INFO] WebApp:593 - Web application path used C:\ST\STM32CubeIDE_1.10.1\STM32CubeIDE\plugins\com.st.stm32cube.common.mx_6.14.1.202504091515\db\plugins\mcufinder\reactClient1\index.html
2026-03-09 11:12:58,022 [WARN] PackLoader:240 - Cannot read IP mode file for STMicroelectronics.X-CUBE-MEMS1.11.0.0
2026-03-09 11:12:58,142 [INFO] UserAuth:484 - Internet connection configuration mode: 1
2026-03-09 11:12:58,328 [WARN] PackLoader:240 - Cannot read IP mode file for STMicroelectronics.X-CUBE-BLE1.6.2.4
2026-03-09 11:12:58,335 [ERROR] Engine:466 - C:\Users\abhil\.stm32cubemx\thirdparties\pdsc\STMicroelectronics.FP-SNS-MOTENV1.5.1.0.pdsc: PDSC version is not supported
2026-03-09 11:12:58,344 [WARN] PackLoader:240 - Cannot read IP mode file for STMicroelectronics.FP-SNS-FLIGHT1.5.0.2
2026-03-09 11:12:58,363 [WARN] PackLoader:240 - Cannot read IP mode file for STMicroelectronics.X-CUBE-TOF1.3.1.0
2026-03-09 11:12:58,411 [WARN] PackLoader:240 - Cannot read IP mode file for STMicroelectronics.X-CUBE-AZRTOS-H7.3.4.0
2026-03-09 11:12:58,470 [INFO] WebApp:191 - Connection restablished
2026-03-09 11:12:58,471 [WARN] PackLoader:240 - Cannot read IP mode file for STMicroelectronics.X-CUBE-DISPLAY.3.0.0
2026-03-09 11:12:58,483 [ERROR] Engine:466 - C:\Users\abhil\.stm32cubemx\thirdparties\pdsc\STMicroelectronics.FP-SNS-MOTENVWB1.1.5.0.pdsc: PDSC version is not supported
2026-03-09 11:12:58,491 [WARN] PackLoader:240 - Cannot read IP mode file for STMicroelectronics.X-CUBE-BLE1.7.0.0
2026-03-09 11:12:58,504 [WARN] PackLoader:240 - Cannot read IP mode file for STMicroelectronics.X-CUBE-NFC10.1.0.0
2026-03-09 11:12:58,530 [WARN] PackLoader:240 - Cannot read IP mode file for STMicroelectronics.X-CUBE-BLEMGR.4.0.0
2026-03-09 11:12:58,544 [WARN] PackLoader:240 - Cannot read IP mode file for STMicroelectronics.X-CUBE-ST60.1.1.0
2026-03-09 11:12:58,558 [WARN] PackLoader:240 - Cannot read IP mode file for STMicroelectronics.X-CUBE-GNSS1.7.1.0
2026-03-09 11:12:58,640 [WARN] PackLoader:240 - Cannot read IP mode file for STMicroelectronics.X-CUBE-MEMS1.9.3.0
2026-03-09 11:12:58,853 [WARN] PackLoader:240 - Cannot read IP mode file for STMicroelectronics.X-CUBE-AI.7.2.0
2026-03-09 11:12:58,867 [WARN] PackLoader:240 - Cannot read IP mode file for STMicroelectronics.X-CUBE-BLEMGR.3.1.0
2026-03-09 11:12:58,882 [WARN] PackLoader:240 - Cannot read IP mode file for STMicroelectronics.X-CUBE-AI.10.0.0
2026-03-09 11:12:58,889 [ERROR] Engine:466 - C:\Users\abhil\.stm32cubemx\thirdparties\pdsc\STMicroelectronics.FP-SNS-STBOX1.2.1.0.pdsc: PDSC version is not supported
2026-03-09 11:12:58,899 [WARN] PackLoader:240 - Cannot read IP mode file for STMicroelectronics.FP-SNS-SMARTAG2.1.2.0
2026-03-09 11:12:58,907 [WARN] PackLoader:240 - Cannot read IP mode file for STMicroelectronics.FP-SNS-FLIGHT1.5.1.0
2026-03-09 11:12:59,017 [WARN] PackLoader:240 - Cannot read IP mode file for STMicroelectronics.X-CUBE-MEMS1.11.1.0
2026-03-09 11:12:59,330 [INFO] LogOutputStream:77 - [STDOUT_REDIRECT] 1 : Invalid condition id : UX_CORESTACK_Condition cause : null
2026-03-09 11:12:59,331 [INFO] LogOutputStream:77 - [STDOUT_REDIRECT] 1 : Invalid condition id : UX_CORESTACK_Condition cause : null
2026-03-09 11:12:59,333 [INFO] LogOutputStream:77 - [STDOUT_REDIRECT] 1 : Invalid condition id : UX_CORESTACK_Condition cause : null
2026-03-09 11:12:59,335 [INFO] LogOutputStream:77 - [STDOUT_REDIRECT] 1 : Invalid condition id : UX_CORESTACK_Condition cause : null
2026-03-09 11:12:59,337 [INFO] LogOutputStream:77 - [STDOUT_REDIRECT] 1 : Invalid condition id : UX_CORESTACK_Condition cause : null
2026-03-09 11:12:59,342 [WARN] PackLoader:240 - Cannot read IP mode file for STMicroelectronics.X-CUBE-AZRTOS-WL.2.0.0
2026-03-09 11:12:59,354 [WARN] PackLoader:240 - Cannot read IP mode file for STMicroelectronics.FP-SNS-MOTENV1.5.0.0
2026-03-09 11:12:59,390 [WARN] PackLoader:240 - Cannot read IP mode file for STMicroelectronics.X-CUBE-AZRTOS-H7RS.1.2.0
2026-03-09 11:12:59,400 [WARN] PackLoader:240 - Cannot read IP mode file for wolfSSL.I-CUBE-wolfMQTT.1.19.0
2026-03-09 11:12:59,413 [WARN] PackLoader:240 - Cannot read IP mode file for WES.I-CUBE-Cesium.1.3.0
2026-03-09 11:12:59,420 [WARN] PackLoader:240 - Cannot read IP mode file for STMicroelectronics.X-CUBE-BLE2.3.3.0
2026-03-09 11:12:59,462 [WARN] PackLoader:240 - Cannot read IP mode file for STMicroelectronics.X-CUBE-DISPLAY.2.2.0
2026-03-09 11:12:59,479 [WARN] PackLoader:240 - Cannot read IP mode file for STMicroelectronics.X-CUBE-TOF1.3.2.0
2026-03-09 11:12:59,493 [WARN] PackLoader:240 - Cannot read IP mode file for STMicroelectronics.X-CUBE-ISPU.1.0.0
2026-03-09 11:12:59,506 [WARN] PackLoader:240 - Cannot read IP mode file for STMicroelectronics.X-CUBE-NFC9.1.0.0
2026-03-09 11:12:59,533 [WARN] PackLoader:240 - Cannot read IP mode file for STMicroelectronics.X-CUBE-AZRTOS-H7.2.1.0
2026-03-09 11:12:59,544 [WARN] PackLoader:240 - Cannot read IP mode file for STMicroelectronics.X-CUBE-BLE1.7.1.0
2026-03-09 11:12:59,552 [WARN] PackLoader:240 - Cannot read IP mode file for STMicroelectronics.X-CUBE-TCPP.4.1.0
2026-03-09 11:12:59,558 [ERROR] Engine:466 - C:\Users\abhil\.stm32cubemx\thirdparties\pdsc\STMicroelectronics.X-CUBE-FREERTOS.1.4.0.pdsc: PDSC version is not supported
2026-03-09 11:12:59,567 [WARN] PackLoader:240 - Cannot read IP mode file for STMicroelectronics.X-CUBE-EEPRMA1.5.2.0
2026-03-09 11:12:59,574 [WARN] PackLoader:240 - Cannot read IP mode file for STMicroelectronics.X-CUBE-TOUCHGFX.4.21.3
2026-03-09 11:12:59,580 [WARN] PackLoader:240 - Cannot read IP mode file for STMicroelectronics.X-CUBE-AI.7.3.0
2026-03-09 11:12:59,583 [ERROR] Engine:466 - C:\Users\abhil\.stm32cubemx\thirdparties\pdsc\STMicroelectronics.X-CUBE-ST67W61.1.1.0.pdsc: PDSC version is not supported
2026-03-09 11:12:59,588 [WARN] PackLoader:240 - Cannot read IP mode file for STMicroelectronics.X-CUBE-AI.10.1.0
2026-03-09 11:12:59,645 [WARN] PackLoader:240 - Cannot read IP mode file for STMicroelectronics.X-CUBE-MEMS1.12.0.0
2026-03-09 11:12:59,758 [WARN] PackLoader:240 - Cannot read IP mode file for STMicroelectronics.X-CUBE-ALGOBUILD.1.3.0
2026-03-09 11:12:59,827 [WARN] PackLoader:240 - Cannot read IP mode file for STMicroelectronics.X-CUBE-MEMS1.11.2.0
2026-03-09 11:13:00,031 [WARN] PackLoader:240 - Cannot read IP mode file for STMicroelectronics.X-CUBE-AZRTOS-G0.1.1.0
2026-03-09 11:13:00,044 [WARN] PackLoader:240 - Cannot read IP mode file for STMicroelectronics.X-CUBE-SAFEA1.1.2.2
2026-03-09 11:13:00,056 [WARN] PackLoader:240 - Cannot read IP mode file for STMicroelectronics.X-CUBE-NFC4.3.0.0
2026-03-09 11:13:00,116 [WARN] PackLoader:240 - Cannot read IP mode file for SEGGER.I-CUBE-embOS.1.2.1
2026-03-09 11:13:00,157 [WARN] PackLoader:240 - Cannot read IP mode file for wolfSSL.I-CUBE-wolfMQTT.1.18.0
2026-03-09 11:13:00,175 [WARN] PackLoader:240 - Cannot read IP mode file for EmbeddedOffice.I-CUBE-FS-RTOS.1.0.1
2026-03-09 11:13:00,181 [WARN] PackLoader:240 - Cannot read IP mode file for STMicroelectronics.X-CUBE-WB05N.2.0.0
2026-03-09 11:13:00,199 [WARN] PackLoader:240 - Cannot read IP mode file for STMicroelectronics.X-CUBE-TCPP.4.2.0
2026-03-09 11:13:00,219 [WARN] PackLoader:240 - Cannot read IP mode file for RealThread.X-CUBE-RT-Thread_Nano.4.1.1
2026-03-09 11:13:00,228 [WARN] PackLoader:240 - Cannot read IP mode file for STMicroelectronics.FP-ATR-SIGFOX1.3.2.0
2026-03-09 11:13:00,239 [WARN] ConditionMgr:438 - getConditionDescription Invalid condition id : Cortex-A Device cause : null
2026-03-09 11:13:00,285 [WARN] ConditionMgr:1044 - genDependencies : Invalid condition id : Cortex-A Device cause : null
2026-03-09 11:13:00,285 [WARN] ConditionMgr:1044 - genDependencies : Invalid condition id : Cortex-A Device cause : null
2026-03-09 11:13:00,285 [WARN] ConditionMgr:1044 - genDependencies : Invalid condition id : Cortex-A Device cause : null
2026-03-09 11:13:00,296 [WARN] PackLoader:240 - Cannot read IP mode file for STMicroelectronics.X-CUBE-EEPRMA1.5.1.0
2026-03-09 11:13:00,305 [ERROR] Engine:466 - C:\Users\abhil\.stm32cubemx\thirdparties\pdsc\STMicroelectronics.X-CUBE-FREERTOS.1.5.0.pdsc: PDSC version is not supported
2026-03-09 11:13:00,321 [WARN] PackLoader:240 - Cannot read IP mode file for emotas.I-CUBE-CANOPEN.1.1.2
2026-03-09 11:13:00,341 [WARN] PackLoader:240 - Cannot read IP mode file for STMicroelectronics.X-CUBE-TOUCHGFX.4.20.0
2026-03-09 11:13:00,358 [WARN] PackLoader:240 - Cannot read IP mode file for ITTIA_DB.I-CUBE-ITTIADB.8.9.0
2026-03-09 11:13:00,374 [WARN] PackLoader:240 - Cannot read IP mode file for STMicroelectronics.X-CUBE-NFC6.3.2.0
2026-03-09 11:13:00,444 [WARN] PackLoader:240 - Cannot read IP mode file for STMicroelectronics.X-CUBE-MEMS1.9.5.0
2026-03-09 11:13:00,593 [WARN] PackLoader:240 - Cannot read IP mode file for STMicroelectronics.X-CUBE-ST67W61.1.0.0
2026-03-09 11:13:00,600 [WARN] PackLoader:240 - Cannot read IP mode file for STMicroelectronics.X-CUBE-AI.10.2.0
2026-03-09 11:13:00,641 [WARN] PackLoader:240 - Cannot read IP mode file for SEGGER.I-CUBE-embOS.1.3.1
2026-03-09 11:13:00,690 [WARN] PackLoader:240 - Cannot read IP mode file for STMicroelectronics.X-CUBE-ALGOBUILD.1.4.0
2026-03-09 11:13:00,760 [WARN] PackLoader:240 - Cannot read IP mode file for STMicroelectronics.X-CUBE-MEMS1.11.3.0
2026-03-09 11:13:00,906 [WARN] PackLoader:240 - Cannot read IP mode file for STMicroelectronics.X-CUBE-AI.9.1.0
2026-03-09 11:13:00,914 [WARN] PackLoader:240 - Cannot read IP mode file for STMicroelectronics.X-CUBE-PM33A1.1.0.0
2026-03-09 11:13:00,920 [WARN] PackLoader:240 - Cannot read IP mode file for STMicroelectronics.X-CUBE-GNSS1.6.0.0
2026-03-09 11:13:00,943 [WARN] PackLoader:240 - Cannot read IP mode file for STMicroelectronics.X-CUBE-AZRTOS-F4.1.1.0
2026-03-09 11:13:00,952 [WARN] PackLoader:240 - Cannot read IP mode file for Avnet-IotConnect.X-CUBE-IoTC-DA16k-PMOD.1.0.0
2026-03-09 11:13:00,957 [WARN] PackLoader:240 - Cannot read IP mode file for STMicroelectronics.X-CUBE-ISPU.2.1.0
2026-03-09 11:13:00,965 [ERROR] Engine:466 - C:\Users\abhil\.stm32cubemx\thirdparties\pdsc\STMicroelectronics.X-CUBE-IPS.3.2.0.pdsc: PDSC version is not supported
2026-03-09 11:13:00,972 [WARN] PackLoader:240 - Cannot read IP mode file for STMicroelectronics.X-CUBE-FREERTOS.1.2.0
2026-03-09 11:13:00,983 [WARN] PackLoader:240 - Cannot read IP mode file for STMicroelectronics.X-CUBE-NFC12.1.0.0
2026-03-09 11:13:00,995 [WARN] PackLoader:240 - Cannot read IP mode file for STMicroelectronics.X-CUBE-BLEMGR.1.2.0
2026-03-09 11:13:01,019 [WARN] PackLoader:240 - Cannot read IP mode file for STMicroelectronics.X-CUBE-AZRTOS-L5.2.0.0
2026-03-09 11:13:01,032 [WARN] PackLoader:240 - Cannot read IP mode file for STMicroelectronics.X-CUBE-NFC6.3.1.0
2026-03-09 11:13:01,045 [WARN] PackLoader:240 - Cannot read IP mode file for STMicroelectronics.X-CUBE-BLEMGR.2.0.0
2026-03-09 11:13:01,054 [WARN] PackLoader:240 - Cannot read IP mode file for STMicroelectronics.X-CUBE-DPower.1.2.0
2026-03-09 11:13:01,061 [WARN] PackLoader:240 - Cannot read IP mode file for STMicroelectronics.X-CUBE-NFC4.2.0.4
2026-03-09 11:13:01,066 [WARN] PackLoader:240 - Cannot read IP mode file for STMicroelectronics.X-CUBE-AI.9.0.0
2026-03-09 11:13:01,099 [WARN] ConditionMgr:438 - getConditionDescription Invalid condition id : UX DEVICE CLASS RTOS Condition cause : null
2026-03-09 11:13:01,099 [WARN] ConditionMgr:438 - getConditionDescription Invalid condition id : UX DEVICE CLASS RTOS Condition cause : null
2026-03-09 11:13:01,104 [WARN] PackLoader:240 - Cannot read IP mode file for STMicroelectronics.X-CUBE-AZRTOS-H7.3.1.0
2026-03-09 11:13:01,105 [WARN] ConditionMgr:1044 - genDependencies : Invalid condition id : UX DEVICE CLASS RTOS Condition cause : null
2026-03-09 11:13:01,106 [WARN] ConditionMgr:1044 - genDependencies : Invalid condition id : UX DEVICE CLASS RTOS Condition cause : null
2026-03-09 11:13:01,106 [WARN] ConditionMgr:1044 - genDependencies : Invalid condition id : UX DEVICE CLASS RTOS Condition cause : null
2026-03-09 11:13:01,107 [WARN] ConditionMgr:1044 - genDependencies : Invalid condition id : UX DEVICE CLASS RTOS Condition cause : null
2026-03-09 11:13:01,107 [WARN] ConditionMgr:1044 - genDependencies : Invalid condition id : UX DEVICE CLASS RTOS Condition cause : null
2026-03-09 11:13:01,115 [WARN] PackLoader:240 - Cannot read IP mode file for wolfSSL.I-CUBE-wolfSSL.5.5.1
2026-03-09 11:13:01,121 [WARN] PackLoader:240 - Cannot read IP mode file for STMicroelectronics.X-CUBE-FREERTOS.1.3.1
2026-03-09 11:13:01,132 [WARN] PackLoader:240 - Cannot read IP mode file for STMicroelectronics.X-CUBE-FREERTOS.1.3.0
2026-03-09 11:13:01,141 [WARN] PackLoader:240 - Cannot read IP mode file for STMicroelectronics.X-CUBE-NFC7.1.0.1
2026-03-09 11:13:01,184 [WARN] PackLoader:240 - Cannot read IP mode file for STMicroelectronics.X-CUBE-NFC7.1.0.0
2026-03-09 11:13:01,189 [WARN] PackLoader:240 - Cannot read IP mode file for STMicroelectronics.X-CUBE-TOUCHGFX.4.26.0
2026-03-09 11:13:01,194 [WARN] PackLoader:240 - Cannot read IP mode file for STMicroelectronics.X-CUBE-TOUCHGFX.4.26.1
2026-03-09 11:13:01,199 [WARN] PackLoader:240 - Cannot read IP mode file for STMicroelectronics.X-CUBE-EEPRMA1.4.1.0
2026-03-09 11:13:01,210 [WARN] PackLoader:240 - Cannot read IP mode file for STMicroelectronics.FP-SNS-STAIOTCFT.1.0.0
2026-03-09 11:13:01,215 [WARN] PackLoader:240 - Cannot read IP mode file for STMicroelectronics.X-CUBE-DPower.1.3.0
2026-03-09 11:13:01,240 [WARN] ConditionMgr:438 - getConditionDescription Invalid condition id : LAN8742 Phy interface Condition cause : null
2026-03-09 11:13:01,241 [WARN] PackLoader:240 - Cannot read IP mode file for STMicroelectronics.X-CUBE-AZRTOS-L4.2.0.0
2026-03-09 11:13:01,243 [WARN] ConditionMgr:1044 - genDependencies : Invalid condition id : LAN8742 Phy interface Condition cause : null
2026-03-09 11:13:01,243 [WARN] ConditionMgr:1044 - genDependencies : Invalid condition id : LAN8742 Phy interface Condition cause : null
2026-03-09 11:13:01,243 [WARN] ConditionMgr:1044 - genDependencies : Invalid condition id : LAN8742 Phy interface Condition cause : null
2026-03-09 11:13:01,253 [WARN] PackLoader:240 - Cannot read IP mode file for STMicroelectronics.X-CUBE-SFXS2LP1.4.0.0
2026-03-09 11:13:01,260 [ERROR] Engine:466 - C:\Users\abhil\.stm32cubemx\thirdparties\pdsc\STMicroelectronics.X-CUBE-ST67W61.1.2.0.pdsc: PDSC version is not supported
2026-03-09 11:13:01,264 [WARN] PackLoader:240 - Cannot read IP mode file for STMicroelectronics.X-CUBE-ISPU.1.1.0
2026-03-09 11:13:01,289 [WARN] PackLoader:240 - Cannot read IP mode file for STMicroelectronics.X-CUBE-AZRTOS-H7.3.3.0
2026-03-09 11:13:01,304 [WARN] PackLoader:240 - Cannot read IP mode file for RoweBots.I-CUBE-UNISONRTOS.5.5.0-4
2026-03-09 11:13:01,317 [WARN] PackLoader:240 - Cannot read IP mode file for STMicroelectronics.X-CUBE-BLEMGR.4.1.0
2026-03-09 11:13:01,328 [WARN] PackLoader:240 - Cannot read IP mode file for STMicroelectronics.X-CUBE-AI.8.0.0
2026-03-09 11:13:01,340 [WARN] PackLoader:240 - Cannot read IP mode file for STMicroelectronics.X-CUBE-IPS.3.0.0
2026-03-09 11:13:01,360 [WARN] ConditionMgr:438 - getConditionDescription Invalid condition id : UX DEVICE CLASS RTOS Condition cause : null
2026-03-09 11:13:01,360 [WARN] ConditionMgr:438 - getConditionDescription Invalid condition id : UX DEVICE CLASS RTOS Condition cause : null
2026-03-09 11:13:01,363 [WARN] PackLoader:240 - Cannot read IP mode file for STMicroelectronics.X-CUBE-AZRTOS-WB.2.0.0
2026-03-09 11:13:01,364 [WARN] ConditionMgr:1044 - genDependencies : Invalid condition id : UX DEVICE CLASS RTOS Condition cause : null
2026-03-09 11:13:01,364 [WARN] ConditionMgr:1044 - genDependencies : Invalid condition id : UX DEVICE CLASS RTOS Condition cause : null
2026-03-09 11:13:01,364 [WARN] ConditionMgr:1044 - genDependencies : Invalid condition id : UX DEVICE CLASS RTOS Condition cause : null
2026-03-09 11:13:01,365 [WARN] ConditionMgr:1044 - genDependencies : Invalid condition id : UX DEVICE CLASS RTOS Condition cause : null
2026-03-09 11:13:01,365 [WARN] ConditionMgr:1044 - genDependencies : Invalid condition id : UX DEVICE CLASS RTOS Condition cause : null
2026-03-09 11:13:01,372 [WARN] PackLoader:240 - Cannot read IP mode file for STMicroelectronics.X-CUBE-FREERTOS.1.0.1
2026-03-09 11:13:01,382 [WARN] PackLoader:240 - Cannot read IP mode file for STMicroelectronics.X-CUBE-GNSS1.7.0.0
2026-03-09 11:13:01,390 [WARN] PackLoader:240 - Cannot read IP mode file for STMicroelectronics.X-CUBE-GNSS1.7.0.1
2026-03-09 11:13:01,395 [WARN] PackLoader:240 - Cannot read IP mode file for STMicroelectronics.X-CUBE-TOUCHGFX.4.25.0
2026-03-09 11:13:01,404 [WARN] PackLoader:240 - Cannot read IP mode file for STMicroelectronics.FP-SNS-STBOX1.2.0.0
2026-03-09 11:13:01,417 [WARN] PackLoader:240 - Cannot read IP mode file for STMicroelectronics.X-CUBE-STSE01.2.0.0
2026-03-09 11:13:01,438 [WARN] PackLoader:240 - Cannot read IP mode file for STMicroelectronics.X-CUBE-AZRTOS-L5.1.1.0
2026-03-09 11:13:01,453 [WARN] PackLoader:240 - Cannot read IP mode file for STMicroelectronics.X-CUBE-SUBG2.5.0.0
2026-03-09 11:13:01,482 [WARN] PackLoader:240 - Cannot read IP mode file for STMicroelectronics.X-CUBE-AZRTOS-H7RS.1.1.0
2026-03-09 11:13:01,492 [WARN] PackLoader:240 - Cannot read IP mode file for Cesanta.I-CUBE-Mongoose.7.13.0
2026-03-09 11:13:01,512 [WARN] PackLoader:240 - Cannot read IP mode file for STMicroelectronics.X-CUBE-AZRTOS-G4.2.0.0
2026-03-09 11:13:01,527 [WARN] PackLoader:240 - Cannot read IP mode file for STMicroelectronics.X-CUBE-TOF1.3.3.0
2026-03-09 11:13:01,539 [WARN] PackLoader:240 - Cannot read IP mode file for STMicroelectronics.FP-ATR-ASTRA1.1.1.1
2026-03-09 11:13:01,546 [WARN] PackLoader:240 - Cannot read IP mode file for STMicroelectronics.X-CUBE-NFC7.2.0.0
2026-03-09 11:13:01,572 [WARN] PackLoader:240 - Cannot read IP mode file for STMicroelectronics.X-CUBE-AZRTOS-G4.1.0.0
2026-03-09 11:13:01,600 [WARN] PackLoader:240 - Cannot read IP mode file for STMicroelectronics.X-CUBE-AZRTOS-L4.1.0.0
2026-03-09 11:13:01,610 [WARN] PackLoader:240 - Cannot read IP mode file for STMicroelectronics.X-CUBE-ISPU.2.0.0
2026-03-09 11:13:01,624 [WARN] PackLoader:240 - Cannot read IP mode file for STMicroelectronics.X-CUBE-IPS.3.1.0
2026-03-09 11:13:01,638 [WARN] PackLoader:240 - Cannot read IP mode file for STMicroelectronics.X-CUBE-ALS.1.0.2
2026-03-09 11:13:01,688 [WARN] PackLoader:240 - Cannot read IP mode file for STMicroelectronics.X-CUBE-MEMS1.10.0.0
2026-03-09 11:13:01,867 [WARN] PackLoader:240 - Cannot read IP mode file for STMicroelectronics.X-CUBE-TOUCHGFX.4.24.2
2026-03-09 11:13:01,880 [WARN] PackLoader:240 - Cannot read IP mode file for STMicroelectronics.X-CUBE-AZRTOS-WL.1.0.0
2026-03-09 11:13:01,885 [WARN] PackLoader:240 - Cannot read IP mode file for STMicroelectronics.X-CUBE-TOUCHGFX.4.24.1
2026-03-09 11:13:01,895 [WARN] PackLoader:240 - Cannot read IP mode file for STMicroelectronics.X-CUBE-STSE01.1.0.0
2026-03-09 11:13:01,902 [WARN] PackLoader:240 - Cannot read IP mode file for wolfSSL.I-CUBE-wolfTPM.3.4.0
2026-03-09 11:13:01,912 [WARN] PackLoader:240 - Cannot read IP mode file for portGmbH.I-Cube-SoM-uGOAL.1.1.0
2026-03-09 11:13:01,918 [WARN] PackLoader:240 - Cannot read IP mode file for STMicroelectronics.X-CUBE-ALS.1.0.1
2026-03-09 11:13:01,933 [WARN] PackLoader:240 - Cannot read IP mode file for STMicroelectronics.X-CUBE-AZRTOS-WB.1.1.0
2026-03-09 11:13:01,955 [WARN] PackLoader:240 - Cannot read IP mode file for STMicroelectronics.X-CUBE-AZRTOS-L5.1.0.0
2026-03-09 11:13:01,962 [WARN] PackLoader:240 - Cannot read IP mode file for STMicroelectronics.X-CUBE-EEPRMA1.3.1.1
2026-03-09 11:13:01,991 [WARN] PackLoader:240 - Cannot read IP mode file for STMicroelectronics.X-CUBE-AZRTOS-H7RS.1.0.0
2026-03-09 11:13:01,998 [WARN] PackLoader:240 - Cannot read IP mode file for STMicroelectronics.FP-ATR-ASTRA1.2.0.0
2026-03-09 11:13:02,009 [WARN] PackLoader:240 - Cannot read IP mode file for STMicroelectronics.X-CUBE-TOF1.3.4.2
2026-03-09 11:13:02,030 [WARN] PackLoader:240 - Cannot read IP mode file for STMicroelectronics.X-CUBE-TOF1.3.4.3
2026-03-09 11:13:02,053 [WARN] PackLoader:240 - Cannot read IP mode file for STMicroelectronics.X-CUBE-TOF1.3.4.1
2026-03-09 11:13:02,086 [WARN] PackLoader:240 - Cannot read IP mode file for STMicroelectronics.X-CUBE-AZRTOS-H7.3.2.0
2026-03-09 11:13:02,107 [WARN] PackLoader:240 - Cannot read IP mode file for Infineon.AIROC-Wi-Fi-Bluetooth-STM32.1.6.0
2026-03-09 11:13:02,118 [WARN] PackLoader:240 - Cannot read IP mode file for wolfSSL.I-CUBE-wolfSSH.1.4.17
2026-03-09 11:13:02,119 [INFO] ThirdParty:978 - Integrity check success = true
2026-03-09 11:13:02,120 [INFO] IntegrityCheckThread:100 - exiting critical section [integrity check]
2026-03-09 11:13:02,120 [INFO] IntegrityCheckThread:103 - End integrity checks thread
2026-03-09 11:13:22,689 [ERROR] LogOutputStream:75 - [STDERR_REDIRECT] 
