2026-09-08 11:13:59,424 [INFO] Activator:176 - 


2026-09-08 11:13:59,430 [INFO] Activator:177 - !SESSION log4j initialized
2026-09-08 11:14:08,749 [INFO] LogOutputStream:77 - [STDOUT_REDIRECT] 
2026-09-08 11:14:09,317 [INFO] ApplicationProperties:184 - Using Application install path: C:\ST\STM32CubeIDE_1.10.1\STM32CubeIDE\plugins\com.st.stm32cube.common.mx_6.14.1.202504091515
2026-09-08 11:14:09,331 [INFO] DbMcusXml:78 - Set database path to: C:\ST\STM32CubeIDE_1.10.1\STM32CubeIDE\plugins\com.st.stm32cube.common.mx_6.14.1.202504091515\\db\/mcu/
2026-09-08 11:14:09,332 [INFO] ApiDb:274 - Set plugin database path to: C:\ST\STM32CubeIDE_1.10.1\STM32CubeIDE\plugins\com.st.stm32cube.common.mx_6.14.1.202504091515\\db\/plugins/boardmanager/
2026-09-08 11:14:09,332 [WARN] ApiDb:259 - Overriding images path with different value:  => C:\ST\STM32CubeIDE_1.10.1\STM32CubeIDE\plugins\com.st.stm32cube.common.mx_6.14.1.202504091515\\db\/plugins/mcufinder/images/
2026-09-08 11:14:09,339 [INFO] ApiDb:250 - Set database path to: C:\Users\abhil\.stmcufinder\plugins\mcufinder//mcu/
2026-09-08 11:14:09,340 [INFO] DbMcusAds:125 - Set database path to: C:\Users\abhil\.stmcufinder\plugins\mcufinder//mcu/
2026-09-08 11:14:09,341 [INFO] CrossReferenceDbSqlite:203 - Set database path to: C:\Users\abhil\.stmcufinder\plugins\mcufinder//mcu/cs/
2026-09-08 11:14:09,437 [INFO] RulesReader:64 - Compatibility file has been processed (302 Rules)
2026-09-08 11:14:09,511 [INFO] DbMcusXml:78 - Set database path to: C:\ST\STM32CubeIDE_1.10.1\STM32CubeIDE\plugins\com.st.stm32cube.common.mx_6.14.1.202504091515\\db\/mcu/
2026-09-08 11:14:09,511 [INFO] ApiDb:274 - Set plugin database path to: C:\ST\STM32CubeIDE_1.10.1\STM32CubeIDE\plugins\com.st.stm32cube.common.mx_6.14.1.202504091515\\db\/plugins/boardmanager/
2026-09-08 11:14:09,511 [INFO] ApiDb:261 - Set plugin images path to: C:\ST\STM32CubeIDE_1.10.1\STM32CubeIDE\plugins\com.st.stm32cube.common.mx_6.14.1.202504091515\\db\/plugins/mcufinder/images/
2026-09-08 11:14:09,512 [WARN] DbFile:41 - Overriding database path with different value: C:\Users\abhil\.stmcufinder\plugins\mcufinder/ => C:\Users\abhil\.stmcufinder\plugins\mcufinder
2026-09-08 11:14:09,512 [INFO] ApiDb:250 - Set database path to: C:\Users\abhil\.stmcufinder\plugins\mcufinder//mcu/
2026-09-08 11:14:09,512 [WARN] DbFile:41 - Overriding database path with different value: C:\Users\abhil\.stmcufinder\plugins\mcufinder/ => C:\Users\abhil\.stmcufinder\plugins\mcufinder
2026-09-08 11:14:09,512 [INFO] DbMcusAds:125 - Set database path to: C:\Users\abhil\.stmcufinder\plugins\mcufinder//mcu/
2026-09-08 11:14:09,512 [WARN] DbFile:41 - Overriding database path with different value: C:\Users\abhil\.stmcufinder\plugins\mcufinder/ => C:\Users\abhil\.stmcufinder\plugins\mcufinder
2026-09-08 11:14:09,512 [WARN] DbFile:41 - Overriding database path with different value: C:\Users\abhil\.stmcufinder\plugins\mcufinder/ => C:\Users\abhil\.stmcufinder\plugins\mcufinder
2026-09-08 11:14:09,512 [INFO] CrossReferenceDbSqlite:203 - Set database path to: C:\Users\abhil\.stmcufinder\plugins\mcufinder//mcu/cs/
2026-09-08 11:14:09,581 [INFO] MainPanel:272 - HeapMemory: 268435456
2026-09-08 11:14:09,655 [INFO] DbMcusXml:78 - Set database path to: C:\ST\STM32CubeIDE_1.10.1\STM32CubeIDE\plugins\com.st.stm32cube.common.mx_6.14.1.202504091515\\db\/mcu/
2026-09-08 11:14:09,655 [INFO] ApiDb:274 - Set plugin database path to: C:\ST\STM32CubeIDE_1.10.1\STM32CubeIDE\plugins\com.st.stm32cube.common.mx_6.14.1.202504091515\\db\/plugins/boardmanager/
2026-09-08 11:14:09,655 [INFO] ApiDb:261 - Set plugin images path to: C:\ST\STM32CubeIDE_1.10.1\STM32CubeIDE\plugins\com.st.stm32cube.common.mx_6.14.1.202504091515\\db\/plugins/mcufinder/images/
2026-09-08 11:14:09,656 [WARN] DbFile:41 - Overriding database path with different value: C:\Users\abhil\.stmcufinder\plugins\mcufinder/ => C:\Users\abhil\.stmcufinder\plugins\mcufinder
2026-09-08 11:14:09,656 [INFO] ApiDb:250 - Set database path to: C:\Users\abhil\.stmcufinder\plugins\mcufinder//mcu/
2026-09-08 11:14:09,656 [WARN] DbFile:41 - Overriding database path with different value: C:\Users\abhil\.stmcufinder\plugins\mcufinder/ => C:\Users\abhil\.stmcufinder\plugins\mcufinder
2026-09-08 11:14:09,656 [INFO] DbMcusAds:125 - Set database path to: C:\Users\abhil\.stmcufinder\plugins\mcufinder//mcu/
2026-09-08 11:14:09,656 [WARN] DbFile:41 - Overriding database path with different value: C:\Users\abhil\.stmcufinder\plugins\mcufinder/ => C:\Users\abhil\.stmcufinder\plugins\mcufinder
2026-09-08 11:14:09,656 [WARN] DbFile:41 - Overriding database path with different value: C:\Users\abhil\.stmcufinder\plugins\mcufinder/ => C:\Users\abhil\.stmcufinder\plugins\mcufinder
2026-09-08 11:14:09,656 [INFO] CrossReferenceDbSqlite:203 - Set database path to: C:\Users\abhil\.stmcufinder\plugins\mcufinder//mcu/cs/
2026-09-08 11:14:09,673 [INFO] ApplicationProperties:184 - Using Application install path: C:\ST\STM32CubeIDE_1.10.1\STM32CubeIDE\plugins\com.st.stm32cube.common.mx_6.14.1.202504091515
2026-09-08 11:14:09,675 [INFO] PluginManage:196 - Search for loadable plugins [exclusion list=, ]
2026-09-08 11:14:09,676 [INFO] PluginManage:310 - Check plugin analytics
2026-09-08 11:14:09,826 [INFO] AnalyticsPlugin:253 - Accepted Software Licenses: 
2026-09-08 11:14:09,826 [INFO] AnalyticsPlugin:255 - Accepted CMSIS Pack Licenses: 
2026-09-08 11:14:09,826 [INFO] AnalyticsPlugin:257 - Accepted Firmware Licenses: FW.F4.1.27.0,FW.H7.1.10.0,FW.H7.1.12.0,FW.F4.1.28.0
2026-09-08 11:14:09,829 [INFO] PluginManage:359 - Loaded plugin analytics (category:tool,tabindex:-1)
2026-09-08 11:14:09,829 [INFO] PluginManage:310 - Check plugin cadmodel
2026-09-08 11:14:09,833 [INFO] CADModel:105 - Init CAD model plugin
2026-09-08 11:14:09,834 [INFO] PluginManage:359 - Loaded plugin cadmodel (category:power,tabindex:5)
2026-09-08 11:14:09,834 [INFO] PluginManage:310 - Check plugin clock
2026-09-08 11:14:09,843 [INFO] PluginManage:359 - Loaded plugin clock (category:base,tabindex:2)
2026-09-08 11:14:09,843 [INFO] PluginManage:310 - Check plugin ddr
2026-09-08 11:14:09,845 [INFO] PluginManage:359 - Loaded plugin ddr (category:tool,tabindex:6)
2026-09-08 11:14:09,846 [INFO] PluginManage:310 - Check plugin filemanager
2026-09-08 11:14:09,970 [INFO] PluginManage:359 - Loaded plugin filemanager (category:base,tabindex:10)
2026-09-08 11:14:09,970 [INFO] PluginManage:310 - Check plugin ipmanager
2026-09-08 11:14:09,977 [INFO] PluginManage:359 - Loaded plugin ipmanager (category:base,tabindex:5)
2026-09-08 11:14:09,978 [INFO] PluginManage:310 - Check plugin lpbam
2026-09-08 11:14:09,984 [INFO] PluginManage:359 - Loaded plugin lpbam (category:base,tabindex:0)
2026-09-08 11:14:09,985 [INFO] PluginManage:310 - Check plugin memorymap
2026-09-08 11:14:09,995 [INFO] PluginManage:359 - Loaded plugin memorymap (category:base,tabindex:4)
2026-09-08 11:14:09,995 [INFO] PluginManage:310 - Check plugin pinoutandconfiguration
2026-09-08 11:14:10,002 [INFO] PluginManage:359 - Loaded plugin pinoutandconfiguration (category:base,tabindex:1)
2026-09-08 11:14:10,002 [INFO] PluginManage:310 - Check plugin pinoutconfig
2026-09-08 11:14:10,079 [WARN] SupportedApi:132 - Cannot load RTOS API schema: s4s-elt-must-match.1: The content of 'definitions' must match (annotation?, (simpleType | complexType)?, (unique | key | keyref)*)). A problem was found starting at: attribute.
2026-09-08 11:14:10,190 [INFO] PluginManage:359 - Loaded plugin pinoutconfig (category:base,tabindex:0)
2026-09-08 11:14:10,190 [INFO] PluginManage:310 - Check plugin power
2026-09-08 11:14:10,199 [INFO] PluginManage:359 - Loaded plugin power (category:power,tabindex:4)
2026-09-08 11:14:10,199 [INFO] PluginManage:310 - Check plugin projectmanager
2026-09-08 11:14:10,214 [INFO] PluginManage:359 - Loaded plugin projectmanager (category:projectmanager,tabindex:4)
2026-09-08 11:14:10,214 [INFO] PluginManage:310 - Check plugin rif
2026-09-08 11:14:10,219 [INFO] PluginManage:359 - Loaded plugin rif (category:base,tabindex:3)
2026-09-08 11:14:10,220 [INFO] PluginManage:310 - Check plugin thirdparty
2026-09-08 11:14:10,340 [INFO] PluginManage:359 - Loaded plugin thirdparty (category:base,tabindex:-1)
2026-09-08 11:14:10,340 [WARN] IntegrityCheckThread:84 - waiting for thirdparty lock release [integrity check]
2026-09-08 11:14:10,340 [INFO] PluginManage:310 - Check plugin tools
2026-09-08 11:14:10,340 [INFO] IntegrityCheckThread:86 - entering critical section [integrity check]
2026-09-08 11:14:10,341 [INFO] ThirdPartyUpdaterWithRetryManager:70 - Updater plugin not ready yet. [1/15]
2026-09-08 11:14:10,343 [INFO] PluginManage:359 - Loaded plugin tools (category:base,tabindex:7)
2026-09-08 11:14:10,343 [INFO] PluginManage:310 - Check plugin tutovideos
2026-09-08 11:14:10,479 [INFO] PluginManage:359 - Loaded plugin tutovideos (category:base,tabindex:-1)
2026-09-08 11:14:10,479 [INFO] PluginManage:310 - Check plugin updater
2026-09-08 11:14:10,497 [INFO] PluginManage:359 - Loaded plugin updater (category:base,tabindex:12)
2026-09-08 11:14:10,497 [INFO] PluginManage:310 - Check plugin userauth
2026-09-08 11:14:10,500 [INFO] UserAuth:118 - Init User Auth plugin
2026-09-08 11:14:10,501 [INFO] PluginManage:359 - Loaded plugin userauth (category:base,tabindex:14)
2026-09-08 11:14:10,502 [INFO] PluginManage:283 - PluginManage : Loaded plugins [18]
2026-09-08 11:14:10,715 [INFO] PinOutPanel:1589 - setPackage(No Configuration,No Configuration)
2026-09-08 11:14:10,800 [INFO] CADModel:165 - CPN selected for project level
2026-09-08 11:14:10,801 [INFO] CADModel:114 - Register for checkConnection events
2026-09-08 11:14:10,819 [INFO] IPUIPlugin:80 - create IPUIPlugin
2026-09-08 11:14:10,819 [INFO] PluginManager:220 - loadIPPluginJar : add adc
2026-09-08 11:14:10,822 [INFO] IPUIPlugin:80 - create IPUIPlugin
2026-09-08 11:14:10,822 [INFO] PluginManager:220 - loadIPPluginJar : add aes
2026-09-08 11:14:10,826 [INFO] IPUIPlugin:80 - create IPUIPlugin
2026-09-08 11:14:10,826 [INFO] PluginManager:220 - loadIPPluginJar : add can
2026-09-08 11:14:10,828 [INFO] IPUIPlugin:80 - create IPUIPlugin
2026-09-08 11:14:10,828 [INFO] PluginManager:220 - loadIPPluginJar : add comp
2026-09-08 11:14:10,832 [INFO] IPUIPlugin:80 - create IPUIPlugin
2026-09-08 11:14:10,832 [INFO] PluginManager:220 - loadIPPluginJar : add cryp
2026-09-08 11:14:10,834 [INFO] IPUIPlugin:80 - create IPUIPlugin
2026-09-08 11:14:10,834 [INFO] PluginManager:220 - loadIPPluginJar : add ddr_ctrl_phy
2026-09-08 11:14:10,836 [INFO] IPUIPlugin:80 - create IPUIPlugin
2026-09-08 11:14:10,836 [INFO] PluginManager:220 - loadIPPluginJar : add dfsdm
2026-09-08 11:14:10,843 [INFO] IPUIPlugin:80 - create IPUIPlugin
2026-09-08 11:14:10,843 [INFO] PluginManager:220 - loadIPPluginJar : add dma
2026-09-08 11:14:10,846 [INFO] IPUIPlugin:80 - create IPUIPlugin
2026-09-08 11:14:10,846 [INFO] PluginManager:220 - loadIPPluginJar : add dma3
2026-09-08 11:14:10,850 [INFO] IPUIPlugin:80 - create IPUIPlugin
2026-09-08 11:14:10,850 [INFO] PluginManager:220 - loadIPPluginJar : add extmemmanager
2026-09-08 11:14:10,852 [INFO] IPUIPlugin:80 - create IPUIPlugin
2026-09-08 11:14:10,852 [INFO] PluginManager:220 - loadIPPluginJar : add fatfs
2026-09-08 11:14:10,857 [INFO] IPUIPlugin:80 - create IPUIPlugin
2026-09-08 11:14:10,858 [INFO] PluginManager:220 - loadIPPluginJar : add fmc
2026-09-08 11:14:10,862 [INFO] IPUIPlugin:80 - create IPUIPlugin
2026-09-08 11:14:10,863 [INFO] PluginManager:220 - loadIPPluginJar : add freertos
2026-09-08 11:14:10,864 [INFO] IPUIPlugin:80 - create IPUIPlugin
2026-09-08 11:14:10,864 [INFO] PluginManager:220 - loadIPPluginJar : add genericplugin
2026-09-08 11:14:10,866 [INFO] IPUIPlugin:80 - create IPUIPlugin
2026-09-08 11:14:10,866 [INFO] PluginManager:220 - loadIPPluginJar : add gfxmmu
2026-09-08 11:14:10,871 [INFO] IPUIPlugin:80 - create IPUIPlugin
2026-09-08 11:14:10,871 [INFO] PluginManager:220 - loadIPPluginJar : add gic
2026-09-08 11:14:10,875 [INFO] IPUIPlugin:80 - create IPUIPlugin
2026-09-08 11:14:10,876 [INFO] PluginManager:220 - loadIPPluginJar : add gpio
2026-09-08 11:14:10,878 [INFO] IPUIPlugin:80 - create IPUIPlugin
2026-09-08 11:14:10,879 [INFO] PluginManager:220 - loadIPPluginJar : add gtzc
2026-09-08 11:14:10,881 [INFO] IPUIPlugin:80 - create IPUIPlugin
2026-09-08 11:14:10,881 [INFO] PluginManager:220 - loadIPPluginJar : add hash
2026-09-08 11:14:10,884 [INFO] IPUIPlugin:80 - create IPUIPlugin
2026-09-08 11:14:10,885 [INFO] PluginManager:220 - loadIPPluginJar : add i2c
2026-09-08 11:14:10,887 [INFO] IPUIPlugin:80 - create IPUIPlugin
2026-09-08 11:14:10,888 [INFO] PluginManager:220 - loadIPPluginJar : add i2s
2026-09-08 11:14:10,891 [INFO] IPUIPlugin:80 - create IPUIPlugin
2026-09-08 11:14:10,891 [INFO] PluginManager:220 - loadIPPluginJar : add i3c
2026-09-08 11:14:10,894 [INFO] IPUIPlugin:80 - create IPUIPlugin
2026-09-08 11:14:10,894 [INFO] PluginManager:220 - loadIPPluginJar : add ipddr
2026-09-08 11:14:10,901 [INFO] IPUIPlugin:80 - create IPUIPlugin
2026-09-08 11:14:10,901 [INFO] PluginManager:220 - loadIPPluginJar : add linkedlist
2026-09-08 11:14:10,904 [INFO] IPUIPlugin:80 - create IPUIPlugin
2026-09-08 11:14:10,904 [INFO] PluginManager:220 - loadIPPluginJar : add lorawan
2026-09-08 11:14:10,906 [INFO] IPUIPlugin:80 - create IPUIPlugin
2026-09-08 11:14:10,906 [INFO] PluginManager:220 - loadIPPluginJar : add ltdc
2026-09-08 11:14:10,911 [INFO] IPUIPlugin:80 - create IPUIPlugin
2026-09-08 11:14:10,911 [INFO] PluginManager:220 - loadIPPluginJar : add mdma
2026-09-08 11:14:10,914 [INFO] IPUIPlugin:80 - create IPUIPlugin
2026-09-08 11:14:10,915 [INFO] PluginManager:220 - loadIPPluginJar : add nvic
2026-09-08 11:14:10,918 [INFO] IPUIPlugin:80 - create IPUIPlugin
2026-09-08 11:14:10,918 [INFO] PluginManager:220 - loadIPPluginJar : add opamp
2026-09-08 11:14:10,921 [INFO] IPUIPlugin:80 - create IPUIPlugin
2026-09-08 11:14:10,921 [INFO] PluginManager:220 - loadIPPluginJar : add openamp
2026-09-08 11:14:10,934 [INFO] IPUIPlugin:80 - create IPUIPlugin
2026-09-08 11:14:10,934 [INFO] PluginManager:220 - loadIPPluginJar : add pdm2pcm
2026-09-08 11:14:10,941 [INFO] IPUIPlugin:80 - create IPUIPlugin
2026-09-08 11:14:10,943 [INFO] PluginManager:220 - loadIPPluginJar : add plateformsettings
2026-09-08 11:14:10,945 [INFO] IPUIPlugin:80 - create IPUIPlugin
2026-09-08 11:14:10,945 [INFO] PluginManager:220 - loadIPPluginJar : add quadspi
2026-09-08 11:14:10,947 [INFO] IPUIPlugin:80 - create IPUIPlugin
2026-09-08 11:14:10,948 [INFO] PluginManager:220 - loadIPPluginJar : add radio
2026-09-08 11:14:10,953 [INFO] IPUIPlugin:80 - create IPUIPlugin
2026-09-08 11:14:10,953 [INFO] PluginManager:220 - loadIPPluginJar : add resmgrutility
2026-09-08 11:14:10,956 [INFO] IPUIPlugin:80 - create IPUIPlugin
2026-09-08 11:14:10,956 [INFO] PluginManager:220 - loadIPPluginJar : add sai
2026-09-08 11:14:10,958 [INFO] IPUIPlugin:80 - create IPUIPlugin
2026-09-08 11:14:10,958 [INFO] PluginManager:220 - loadIPPluginJar : add spi
2026-09-08 11:14:10,964 [INFO] IPUIPlugin:80 - create IPUIPlugin
2026-09-08 11:14:10,964 [INFO] PluginManager:220 - loadIPPluginJar : add stm32_wpan
2026-09-08 11:14:10,965 [INFO] IPUIPlugin:80 - create IPUIPlugin
2026-09-08 11:14:10,965 [INFO] PluginManager:220 - loadIPPluginJar : add tim
2026-09-08 11:14:10,968 [INFO] IPUIPlugin:80 - create IPUIPlugin
2026-09-08 11:14:10,969 [INFO] PluginManager:220 - loadIPPluginJar : add touchsensing
2026-09-08 11:14:10,970 [INFO] IPUIPlugin:80 - create IPUIPlugin
2026-09-08 11:14:10,971 [INFO] PluginManager:220 - loadIPPluginJar : add tracer_emb
2026-09-08 11:14:10,972 [INFO] IPUIPlugin:80 - create IPUIPlugin
2026-09-08 11:14:10,973 [INFO] PluginManager:220 - loadIPPluginJar : add ts
2026-09-08 11:14:10,974 [INFO] IPUIPlugin:80 - create IPUIPlugin
2026-09-08 11:14:10,974 [INFO] PluginManager:220 - loadIPPluginJar : add tsc
2026-09-08 11:14:10,976 [INFO] IPUIPlugin:80 - create IPUIPlugin
2026-09-08 11:14:10,976 [INFO] PluginManager:220 - loadIPPluginJar : add ucpd
2026-09-08 11:14:10,978 [INFO] IPUIPlugin:80 - create IPUIPlugin
2026-09-08 11:14:10,978 [INFO] PluginManager:220 - loadIPPluginJar : add usart
2026-09-08 11:14:10,981 [INFO] IPUIPlugin:80 - create IPUIPlugin
2026-09-08 11:14:10,981 [INFO] PluginManager:220 - loadIPPluginJar : add usbx
2026-09-08 11:14:11,104 [FATAL] Updater:351 - Updater called before beeing initialized
2026-09-08 11:14:11,126 [INFO] RulesReader:64 - Compatibility file has been processed (302 Rules)
2026-09-08 11:14:11,136 [INFO] RulesReader:64 - Compatibility file has been processed (302 Rules)
2026-09-08 11:14:11,142 [INFO] CADModel:165 - CPN selected for project level
2026-09-08 11:14:11,143 [INFO] CADModel:114 - Register for checkConnection events
2026-09-08 11:14:11,143 [FATAL] Updater:351 - Updater called before beeing initialized
2026-09-08 11:14:11,143 [ERROR] CADModel:125 - Updater not yet initialized, retry later 
2026-09-08 11:14:11,274 [FATAL] Updater:351 - Updater called before beeing initialized
2026-09-08 11:14:11,275 [INFO] CADModel:165 - CPN selected for project level
2026-09-08 11:14:11,275 [INFO] CADModel:114 - Register for checkConnection events
2026-09-08 11:14:11,275 [FATAL] Updater:351 - Updater called before beeing initialized
2026-09-08 11:14:11,275 [ERROR] CADModel:125 - Updater not yet initialized, retry later 
2026-09-08 11:14:11,278 [FATAL] Updater:351 - Updater called before beeing initialized
2026-09-08 11:14:11,378 [FATAL] Updater:351 - Updater called before beeing initialized
2026-09-08 11:14:11,382 [INFO] DbMcusAds:53 - JSON generation date=Wed Jul 15 15:14:54 IST 2026 (1784108694001)
2026-09-08 11:14:11,382 [FATAL] Updater:351 - Updater called before beeing initialized
2026-09-08 11:14:11,413 [WARN] DetailPanel:346 - Failed to get advertising image, set to default
2026-09-08 11:14:11,642 [FATAL] Updater:351 - Updater called before beeing initialized
2026-09-08 11:14:11,644 [FATAL] Updater:351 - Updater called before beeing initialized
2026-09-08 11:14:11,644 [FATAL] Updater:351 - Updater called before beeing initialized
2026-09-08 11:14:11,644 [WARN] DetailPanel:346 - Failed to get advertising image, set to default
2026-09-08 11:14:11,645 [FATAL] Updater:351 - Updater called before beeing initialized
2026-09-08 11:14:11,687 [ERROR] Updater:1198 - MainUpdater not yet initialized. External WinMGr cannot be set.
2026-09-08 11:14:11,689 [INFO] Updater:1134 - Updater Version found : 6.14.1
2026-09-08 11:14:11,704 [INFO] ApplicationProperties:184 - Using Application install path: C:\ST\STM32CubeIDE_1.10.1\STM32CubeIDE\plugins\com.st.stm32cube.common.mx_6.14.1.202504091515
2026-09-08 11:14:13,277 [INFO] MainUpdater:2872 - connection check result : 10
2026-09-08 11:14:13,278 [INFO] MainUpdater:289 - Updater Check For Update Now.
2026-09-08 11:14:13,278 [INFO] MicroXplorer:498 - Change Database Version : DB.6.0.141
2026-09-08 11:14:13,285 [INFO] McuFinderGlobals:63 - Set McuFinder mode to 2 (CubeIDE integrated)
2026-09-08 11:14:13,286 [INFO] UserAuth:484 - Internet connection configuration mode: 1
2026-09-08 11:14:13,302 [INFO] JxBrowserEngine:152 - Initiate JxBrowser Engine with user profile folder
2026-09-08 11:14:13,343 [WARN] MainUpdater:1193 - Updater busy. Cannot search thirdparties
2026-09-08 11:14:13,343 [INFO] ThirdPartyUpdaterWithRetryManager:96 - Updater plugin is busy. [1/15]
2026-09-08 11:14:13,455 [INFO] CheckServerUpdateThread:120 - End of CheckServer Thread
2026-09-08 11:14:14,024 [INFO] WebApp:169 - Instantiating new browser for Auth
2026-09-08 11:14:14,819 [INFO] WebApp:463 - Apply proxy settings
2026-09-08 11:14:14,819 [INFO] WebApp:548 - Chromium requires no authentication
2026-09-08 11:14:14,827 [INFO] WebApp:491 - Direct internet connection detected
2026-09-08 11:14:14,847 [INFO] WebApp:894 - Register for checkConnection events
2026-09-08 11:14:14,847 [INFO] WebApp:463 - Apply proxy settings
2026-09-08 11:14:14,847 [INFO] WebApp:548 - Chromium requires no authentication
2026-09-08 11:14:14,847 [INFO] WebApp:491 - Direct internet connection detected
2026-09-08 11:14:15,037 [INFO] WebApp:225 - Starting web application
2026-09-08 11:14:15,038 [INFO] WebApp:593 - Web application path used C:\ST\STM32CubeIDE_1.10.1\STM32CubeIDE\plugins\com.st.stm32cube.common.mx_6.14.1.202504091515\db\plugins\mcufinder\reactClient1\index.html
2026-09-08 11:14:15,143 [INFO] UserAuth:484 - Internet connection configuration mode: 1
2026-09-08 11:14:15,520 [INFO] WebApp:191 - Connection restablished
2026-09-08 11:14:16,891 [WARN] PackLoader:240 - Cannot read IP mode file for STMicroelectronics.X-CUBE-AZRTOS-H7.3.5.0
2026-09-08 11:14:16,901 [WARN] PackLoader:240 - Cannot read IP mode file for STMicroelectronics.FP-SNS-MOTENVWB1.1.4.0
2026-09-08 11:14:16,914 [WARN] PackLoader:240 - Cannot read IP mode file for STMicroelectronics.FP-ATR-ASTRA1.2.0.3
2026-09-08 11:14:16,917 [WARN] PackLoader:240 - Cannot read IP mode file for STMicroelectronics.FP-ATR-ASTRA1.2.0.2
2026-09-08 11:14:16,941 [WARN] PackLoader:240 - Cannot read IP mode file for STMicroelectronics.FP-ATR-ASTRA1.2.0.1
2026-09-08 11:14:16,950 [ERROR] Engine:466 - C:\Users\abhil\.stm32cubemx\thirdparties\pdsc\STMicroelectronics.X-CUBE-SMBUS.2.1.1.pdsc: PDSC version is not supported
2026-09-08 11:14:16,955 [WARN] PackLoader:240 - Cannot read IP mode file for STMicroelectronics.X-CUBE-SMBUS.2.1.0
2026-09-08 11:14:16,963 [WARN] PackLoader:240 - Cannot read IP mode file for STMicroelectronics.X-CUBE-WB05N.1.1.0
2026-09-08 11:14:16,970 [WARN] PackLoader:240 - Cannot read IP mode file for STMicroelectronics.X-CUBE-ST60.1.0.0
2026-09-08 11:14:16,975 [WARN] PackLoader:240 - Cannot read IP mode file for STMicroelectronics.X-CUBE-TOUCHGFX.4.23.2
2026-09-08 11:14:16,992 [WARN] PackLoader:240 - Cannot read IP mode file for STMicroelectronics.X-CUBE-AZRTOS-F7.1.1.0
2026-09-08 11:14:16,997 [ERROR] Engine:466 - C:\Users\abhil\.stm32cubemx\thirdparties\pdsc\STMicroelectronics.X-CUBE-FREERTOS.1.6.0.pdsc: PDSC version is not supported
2026-09-08 11:14:17,002 [WARN] PackLoader:240 - Cannot read IP mode file for STMicroelectronics.X-CUBE-BLE1.6.2.3
2026-09-08 11:14:17,048 [WARN] PackLoader:240 - Cannot read IP mode file for STMicroelectronics.X-CUBE-MEMS1.11.0.0
2026-09-08 11:14:17,221 [WARN] PackLoader:240 - Cannot read IP mode file for STMicroelectronics.X-CUBE-BLE1.6.2.4
2026-09-08 11:14:17,226 [ERROR] Engine:466 - C:\Users\abhil\.stm32cubemx\thirdparties\pdsc\STMicroelectronics.FP-SNS-MOTENV1.5.1.0.pdsc: PDSC version is not supported
2026-09-08 11:14:17,244 [WARN] PackLoader:240 - Cannot read IP mode file for STMicroelectronics.X-CUBE-AZRTOS-H7RS.1.3.0
2026-09-08 11:14:17,251 [WARN] PackLoader:240 - Cannot read IP mode file for STMicroelectronics.FP-SNS-FLIGHT1.5.0.2
2026-09-08 11:14:17,261 [WARN] PackLoader:240 - Cannot read IP mode file for STMicroelectronics.X-CUBE-TOF1.3.1.0
2026-09-08 11:14:17,282 [WARN] PackLoader:240 - Cannot read IP mode file for STMicroelectronics.X-CUBE-AZRTOS-H7.3.4.0
2026-09-08 11:14:17,296 [WARN] PackLoader:240 - Cannot read IP mode file for STMicroelectronics.X-CUBE-DISPLAY.3.0.0
2026-09-08 11:14:17,308 [WARN] PackLoader:240 - Cannot read IP mode file for STMicroelectronics.X-CUBE-GNSS1.7.1.1
2026-09-08 11:14:17,311 [ERROR] Engine:466 - C:\Users\abhil\.stm32cubemx\thirdparties\pdsc\STMicroelectronics.FP-SNS-MOTENVWB1.1.5.0.pdsc: PDSC version is not supported
2026-09-08 11:14:17,316 [WARN] PackLoader:240 - Cannot read IP mode file for STMicroelectronics.X-CUBE-BLE1.7.0.0
2026-09-08 11:14:17,323 [WARN] PackLoader:240 - Cannot read IP mode file for STMicroelectronics.X-CUBE-NFC10.1.0.0
2026-09-08 11:14:17,335 [WARN] PackLoader:240 - Cannot read IP mode file for STMicroelectronics.X-CUBE-BLEMGR.4.0.0
2026-09-08 11:14:17,343 [WARN] PackLoader:240 - Cannot read IP mode file for STMicroelectronics.X-CUBE-ST60.1.1.0
2026-09-08 11:14:17,347 [ERROR] Engine:466 - C:\Users\abhil\.stm32cubemx\thirdparties\pdsc\STMicroelectronics.X-CUBE-WBA.1.1.0.pdsc: PDSC version is not supported
2026-09-08 11:14:17,352 [WARN] PackLoader:240 - Cannot read IP mode file for STMicroelectronics.X-CUBE-GNSS1.7.1.0
2026-09-08 11:14:17,387 [WARN] PackLoader:240 - Cannot read IP mode file for STMicroelectronics.X-CUBE-MEMS1.9.3.0
2026-09-08 11:14:17,477 [WARN] PackLoader:240 - Cannot read IP mode file for STMicroelectronics.X-CUBE-AI.7.2.0
2026-09-08 11:14:17,484 [WARN] PackLoader:240 - Cannot read IP mode file for STMicroelectronics.X-CUBE-BLEMGR.3.1.0
2026-09-08 11:14:17,491 [WARN] PackLoader:240 - Cannot read IP mode file for STMicroelectronics.X-CUBE-AI.10.0.0
2026-09-08 11:14:17,495 [ERROR] Engine:466 - C:\Users\abhil\.stm32cubemx\thirdparties\pdsc\STMicroelectronics.FP-SNS-STBOX1.2.1.0.pdsc: PDSC version is not supported
2026-09-08 11:14:17,501 [WARN] PackLoader:240 - Cannot read IP mode file for STMicroelectronics.FP-SNS-SMARTAG2.1.2.0
2026-09-08 11:14:17,506 [WARN] PackLoader:240 - Cannot read IP mode file for STMicroelectronics.FP-SNS-FLIGHT1.5.1.0
2026-09-08 11:14:17,554 [WARN] PackLoader:240 - Cannot read IP mode file for STMicroelectronics.X-CUBE-MEMS1.11.1.0
2026-09-08 11:14:17,653 [INFO] LogOutputStream:77 - [STDOUT_REDIRECT] 1 : Invalid condition id : UX_CORESTACK_Condition cause : null
2026-09-08 11:14:17,654 [INFO] LogOutputStream:77 - [STDOUT_REDIRECT] 1 : Invalid condition id : UX_CORESTACK_Condition cause : null
2026-09-08 11:14:17,655 [INFO] LogOutputStream:77 - [STDOUT_REDIRECT] 1 : Invalid condition id : UX_CORESTACK_Condition cause : null
2026-09-08 11:14:17,657 [INFO] LogOutputStream:77 - [STDOUT_REDIRECT] 1 : Invalid condition id : UX_CORESTACK_Condition cause : null
2026-09-08 11:14:17,658 [INFO] LogOutputStream:77 - [STDOUT_REDIRECT] 1 : Invalid condition id : UX_CORESTACK_Condition cause : null
2026-09-08 11:14:17,660 [WARN] PackLoader:240 - Cannot read IP mode file for STMicroelectronics.X-CUBE-AZRTOS-WL.2.0.0
2026-09-08 11:14:17,668 [WARN] PackLoader:240 - Cannot read IP mode file for STMicroelectronics.FP-SNS-MOTENV1.5.0.0
2026-09-08 11:14:17,683 [WARN] PackLoader:240 - Cannot read IP mode file for STMicroelectronics.X-CUBE-AZRTOS-H7RS.1.2.0
2026-09-08 11:14:17,690 [WARN] PackLoader:240 - Cannot read IP mode file for wolfSSL.I-CUBE-wolfMQTT.1.19.0
2026-09-08 11:14:17,698 [WARN] PackLoader:240 - Cannot read IP mode file for WES.I-CUBE-Cesium.1.3.0
2026-09-08 11:14:17,705 [WARN] PackLoader:240 - Cannot read IP mode file for STMicroelectronics.X-CUBE-BLE2.3.3.0
2026-09-08 11:14:17,735 [WARN] PackLoader:240 - Cannot read IP mode file for STMicroelectronics.X-CUBE-DISPLAY.2.2.0
2026-09-08 11:14:17,745 [WARN] PackLoader:240 - Cannot read IP mode file for STMicroelectronics.X-CUBE-TOF1.3.2.0
2026-09-08 11:14:17,758 [WARN] PackLoader:240 - Cannot read IP mode file for STMicroelectronics.X-CUBE-ISPU.1.0.0
2026-09-08 11:14:17,765 [WARN] PackLoader:240 - Cannot read IP mode file for STMicroelectronics.X-CUBE-NFC9.1.0.0
2026-09-08 11:14:17,785 [WARN] PackLoader:240 - Cannot read IP mode file for STMicroelectronics.X-CUBE-AZRTOS-H7.2.1.0
2026-09-08 11:14:17,795 [WARN] PackLoader:240 - Cannot read IP mode file for STMicroelectronics.X-CUBE-BLE1.7.1.0
2026-09-08 11:14:17,805 [WARN] PackLoader:240 - Cannot read IP mode file for STMicroelectronics.X-CUBE-TCPP.4.1.0
2026-09-08 11:14:17,809 [ERROR] Engine:466 - C:\Users\abhil\.stm32cubemx\thirdparties\pdsc\STMicroelectronics.X-CUBE-FREERTOS.1.4.0.pdsc: PDSC version is not supported
2026-09-08 11:14:17,830 [WARN] PackLoader:240 - Cannot read IP mode file for STMicroelectronics.X-CUBE-EEPRMA1.5.2.0
2026-09-08 11:14:17,836 [WARN] PackLoader:240 - Cannot read IP mode file for STMicroelectronics.X-CUBE-TOUCHGFX.4.21.3
2026-09-08 11:14:17,843 [WARN] PackLoader:240 - Cannot read IP mode file for STMicroelectronics.X-CUBE-AI.7.3.0
2026-09-08 11:14:17,847 [ERROR] Engine:466 - C:\Users\abhil\.stm32cubemx\thirdparties\pdsc\STMicroelectronics.X-CUBE-ST67W61.1.1.0.pdsc: PDSC version is not supported
2026-09-08 11:14:17,850 [WARN] PackLoader:240 - Cannot read IP mode file for STMicroelectronics.X-CUBE-AI.10.1.0
2026-09-08 11:14:17,856 [ERROR] Engine:466 - C:\Users\abhil\.stm32cubemx\thirdparties\pdsc\STMicroelectronics.FP-SNS-STAIOTCFT.1.1.0.pdsc: PDSC version is not supported
2026-09-08 11:14:17,893 [WARN] PackLoader:240 - Cannot read IP mode file for STMicroelectronics.X-CUBE-MEMS1.12.0.0
2026-09-08 11:14:17,962 [WARN] PackLoader:240 - Cannot read IP mode file for STMicroelectronics.X-CUBE-ALGOBUILD.1.3.0
2026-09-08 11:14:18,001 [WARN] PackLoader:240 - Cannot read IP mode file for STMicroelectronics.X-CUBE-MEMS1.11.2.0
2026-09-08 11:14:18,106 [WARN] PackLoader:240 - Cannot read IP mode file for STMicroelectronics.X-CUBE-AZRTOS-G0.1.1.0
2026-09-08 11:14:18,114 [WARN] PackLoader:240 - Cannot read IP mode file for STMicroelectronics.X-CUBE-SAFEA1.1.2.2
2026-09-08 11:14:18,121 [WARN] PackLoader:240 - Cannot read IP mode file for STMicroelectronics.X-CUBE-NFC4.3.0.0
2026-09-08 11:14:18,147 [WARN] PackLoader:240 - Cannot read IP mode file for SEGGER.I-CUBE-embOS.1.2.1
2026-09-08 11:14:18,172 [WARN] PackLoader:240 - Cannot read IP mode file for wolfSSL.I-CUBE-wolfMQTT.1.18.0
2026-09-08 11:14:18,182 [WARN] PackLoader:240 - Cannot read IP mode file for EmbeddedOffice.I-CUBE-FS-RTOS.1.0.1
2026-09-08 11:14:18,187 [WARN] PackLoader:240 - Cannot read IP mode file for STMicroelectronics.X-CUBE-WB05N.2.0.0
2026-09-08 11:14:18,194 [WARN] PackLoader:240 - Cannot read IP mode file for STMicroelectronics.X-CUBE-TCPP.4.2.0
2026-09-08 11:14:18,201 [WARN] PackLoader:240 - Cannot read IP mode file for RealThread.X-CUBE-RT-Thread_Nano.4.1.1
2026-09-08 11:14:18,208 [WARN] PackLoader:240 - Cannot read IP mode file for STMicroelectronics.FP-ATR-SIGFOX1.3.2.0
2026-09-08 11:14:18,215 [WARN] ConditionMgr:438 - getConditionDescription Invalid condition id : Cortex-A Device cause : null
2026-09-08 11:14:18,228 [WARN] ConditionMgr:1044 - genDependencies : Invalid condition id : Cortex-A Device cause : null
2026-09-08 11:14:18,228 [WARN] ConditionMgr:1044 - genDependencies : Invalid condition id : Cortex-A Device cause : null
2026-09-08 11:14:18,228 [WARN] ConditionMgr:1044 - genDependencies : Invalid condition id : Cortex-A Device cause : null
2026-09-08 11:14:18,235 [WARN] PackLoader:240 - Cannot read IP mode file for STMicroelectronics.X-CUBE-EEPRMA1.5.1.0
2026-09-08 11:14:18,239 [ERROR] Engine:466 - C:\Users\abhil\.stm32cubemx\thirdparties\pdsc\STMicroelectronics.X-CUBE-FREERTOS.1.5.0.pdsc: PDSC version is not supported
2026-09-08 11:14:18,247 [WARN] PackLoader:240 - Cannot read IP mode file for emotas.I-CUBE-CANOPEN.1.1.2
2026-09-08 11:14:18,252 [WARN] PackLoader:240 - Cannot read IP mode file for STMicroelectronics.X-CUBE-TOUCHGFX.4.20.0
2026-09-08 11:14:18,260 [WARN] PackLoader:240 - Cannot read IP mode file for ITTIA_DB.I-CUBE-ITTIADB.8.9.0
2026-09-08 11:14:18,269 [WARN] PackLoader:240 - Cannot read IP mode file for STMicroelectronics.X-CUBE-NFC6.3.2.0
2026-09-08 11:14:18,300 [WARN] PackLoader:240 - Cannot read IP mode file for STMicroelectronics.X-CUBE-MEMS1.9.5.0
2026-09-08 11:14:18,421 [WARN] PackLoader:240 - Cannot read IP mode file for STMicroelectronics.X-CUBE-ST67W61.1.0.0
2026-09-08 11:14:18,427 [WARN] PackLoader:240 - Cannot read IP mode file for STMicroelectronics.X-CUBE-AI.10.2.1
2026-09-08 11:14:18,430 [WARN] PackLoader:240 - Cannot read IP mode file for STMicroelectronics.X-CUBE-AI.10.2.0
2026-09-08 11:14:18,473 [WARN] PackLoader:240 - Cannot read IP mode file for STMicroelectronics.X-CUBE-MEMS1.12.1.0
2026-09-08 11:14:18,584 [WARN] PackLoader:240 - Cannot read IP mode file for SEGGER.I-CUBE-embOS.1.3.1
2026-09-08 11:14:18,612 [WARN] PackLoader:240 - Cannot read IP mode file for STMicroelectronics.X-CUBE-ALGOBUILD.1.4.0
2026-09-08 11:14:18,648 [WARN] PackLoader:240 - Cannot read IP mode file for STMicroelectronics.X-CUBE-MEMS1.11.3.0
2026-09-08 11:14:18,727 [ERROR] Engine:466 - C:\Users\abhil\.stm32cubemx\thirdparties\pdsc\STMicroelectronics.FP-SNS-STAIOTCFT.2.0.0.pdsc: PDSC version is not supported
2026-09-08 11:14:18,731 [WARN] PackLoader:240 - Cannot read IP mode file for STMicroelectronics.X-CUBE-AI.9.1.0
2026-09-08 11:14:18,739 [WARN] PackLoader:240 - Cannot read IP mode file for STMicroelectronics.X-CUBE-NFC13.1.0.0
2026-09-08 11:14:18,746 [WARN] PackLoader:240 - Cannot read IP mode file for STMicroelectronics.X-CUBE-PM33A1.1.0.0
2026-09-08 11:14:18,751 [WARN] PackLoader:240 - Cannot read IP mode file for STMicroelectronics.X-CUBE-GNSS1.6.0.0
2026-09-08 11:14:18,767 [WARN] PackLoader:240 - Cannot read IP mode file for STMicroelectronics.X-CUBE-AZRTOS-F4.1.1.0
2026-09-08 11:14:18,774 [WARN] PackLoader:240 - Cannot read IP mode file for Avnet-IotConnect.X-CUBE-IoTC-DA16k-PMOD.1.0.0
2026-09-08 11:14:18,778 [WARN] PackLoader:240 - Cannot read IP mode file for STMicroelectronics.X-CUBE-ISPU.2.1.0
2026-09-08 11:14:18,783 [ERROR] Engine:466 - C:\Users\abhil\.stm32cubemx\thirdparties\pdsc\STMicroelectronics.X-CUBE-IPS.3.2.0.pdsc: PDSC version is not supported
2026-09-08 11:14:18,787 [WARN] PackLoader:240 - Cannot read IP mode file for STMicroelectronics.eDS-WB_DPC_TT-BIDIR.2.1.1
2026-09-08 11:14:18,794 [WARN] PackLoader:240 - Cannot read IP mode file for STMicroelectronics.X-CUBE-FREERTOS.1.2.0
2026-09-08 11:14:18,800 [WARN] PackLoader:240 - Cannot read IP mode file for STMicroelectronics.X-CUBE-NFC12.1.0.0
2026-09-08 11:14:18,810 [WARN] PackLoader:240 - Cannot read IP mode file for STMicroelectronics.X-CUBE-BLEMGR.1.2.0
2026-09-08 11:14:18,832 [WARN] PackLoader:240 - Cannot read IP mode file for STMicroelectronics.X-CUBE-AZRTOS-L5.2.0.0
2026-09-08 11:14:18,840 [WARN] PackLoader:240 - Cannot read IP mode file for STMicroelectronics.X-CUBE-NFC6.3.1.0
2026-09-08 11:14:18,850 [WARN] PackLoader:240 - Cannot read IP mode file for STMicroelectronics.X-CUBE-ALGOBUILD.1.5.0
2026-09-08 11:14:18,857 [WARN] PackLoader:240 - Cannot read IP mode file for STMicroelectronics.X-CUBE-BLEMGR.2.0.0
2026-09-08 11:14:18,865 [WARN] PackLoader:240 - Cannot read IP mode file for STMicroelectronics.X-CUBE-DPower.1.2.0
2026-09-08 11:14:18,870 [WARN] PackLoader:240 - Cannot read IP mode file for STMicroelectronics.eDS-WB_DPC_VIENNA.1.2.0
2026-09-08 11:14:18,904 [WARN] PackLoader:240 - Cannot read IP mode file for STMicroelectronics.X-CUBE-MEMS1.13.0.0
2026-09-08 11:14:18,964 [WARN] PackLoader:240 - Cannot read IP mode file for STMicroelectronics.eDS-WB_DPC_3PH2L-BIDIR.1.1.1
2026-09-08 11:14:18,969 [WARN] PackLoader:240 - Cannot read IP mode file for STMicroelectronics.X-CUBE-NFC4.2.0.4
2026-09-08 11:14:18,974 [WARN] PackLoader:240 - Cannot read IP mode file for STMicroelectronics.X-CUBE-AI.9.0.0
2026-09-08 11:14:18,987 [WARN] ConditionMgr:438 - getConditionDescription Invalid condition id : UX DEVICE CLASS RTOS Condition cause : null
2026-09-08 11:14:18,987 [WARN] ConditionMgr:438 - getConditionDescription Invalid condition id : UX DEVICE CLASS RTOS Condition cause : null
2026-09-08 11:14:18,990 [WARN] PackLoader:240 - Cannot read IP mode file for STMicroelectronics.X-CUBE-AZRTOS-H7.3.1.0
2026-09-08 11:14:18,991 [WARN] ConditionMgr:1044 - genDependencies : Invalid condition id : UX DEVICE CLASS RTOS Condition cause : null
2026-09-08 11:14:18,992 [WARN] ConditionMgr:1044 - genDependencies : Invalid condition id : UX DEVICE CLASS RTOS Condition cause : null
2026-09-08 11:14:18,992 [WARN] ConditionMgr:1044 - genDependencies : Invalid condition id : UX DEVICE CLASS RTOS Condition cause : null
2026-09-08 11:14:18,993 [WARN] ConditionMgr:1044 - genDependencies : Invalid condition id : UX DEVICE CLASS RTOS Condition cause : null
2026-09-08 11:14:18,993 [WARN] ConditionMgr:1044 - genDependencies : Invalid condition id : UX DEVICE CLASS RTOS Condition cause : null
2026-09-08 11:14:18,998 [ERROR] Engine:466 - C:\Users\abhil\.stm32cubemx\thirdparties\pdsc\STMicroelectronics.X-CUBE-ST67W61.1.3.0.pdsc: PDSC version is not supported
2026-09-08 11:14:19,002 [WARN] PackLoader:240 - Cannot read IP mode file for wolfSSL.I-CUBE-wolfSSL.5.5.1
2026-09-08 11:14:19,008 [WARN] PackLoader:240 - Cannot read IP mode file for STMicroelectronics.X-CUBE-FREERTOS.1.3.1
2026-09-08 11:14:19,014 [WARN] PackLoader:240 - Cannot read IP mode file for STMicroelectronics.X-CUBE-FREERTOS.1.3.0
2026-09-08 11:14:19,020 [WARN] PackLoader:240 - Cannot read IP mode file for STMicroelectronics.X-CUBE-NFC7.1.0.1
2026-09-08 11:14:19,026 [WARN] PackLoader:240 - Cannot read IP mode file for STMicroelectronics.X-CUBE-NFC7.1.0.0
2026-09-08 11:14:19,030 [WARN] PackLoader:240 - Cannot read IP mode file for STMicroelectronics.X-CUBE-TOUCHGFX.4.26.0
2026-09-08 11:14:19,034 [WARN] PackLoader:240 - Cannot read IP mode file for STMicroelectronics.X-CUBE-TOUCHGFX.4.26.1
2026-09-08 11:14:19,040 [WARN] PackLoader:240 - Cannot read IP mode file for STMicroelectronics.X-CUBE-EEPRMA1.4.1.0
2026-09-08 11:14:19,046 [WARN] PackLoader:240 - Cannot read IP mode file for STMicroelectronics.FP-SNS-STAIOTCFT.1.0.0
2026-09-08 11:14:19,052 [WARN] PackLoader:240 - Cannot read IP mode file for STMicroelectronics.X-CUBE-DPower.1.3.0
2026-09-08 11:14:19,068 [WARN] ConditionMgr:438 - getConditionDescription Invalid condition id : LAN8742 Phy interface Condition cause : null
2026-09-08 11:14:19,069 [WARN] PackLoader:240 - Cannot read IP mode file for STMicroelectronics.X-CUBE-AZRTOS-L4.2.0.0
2026-09-08 11:14:19,070 [WARN] ConditionMgr:1044 - genDependencies : Invalid condition id : LAN8742 Phy interface Condition cause : null
2026-09-08 11:14:19,070 [WARN] ConditionMgr:1044 - genDependencies : Invalid condition id : LAN8742 Phy interface Condition cause : null
2026-09-08 11:14:19,071 [WARN] ConditionMgr:1044 - genDependencies : Invalid condition id : LAN8742 Phy interface Condition cause : null
2026-09-08 11:14:19,080 [WARN] PackLoader:240 - Cannot read IP mode file for STMicroelectronics.X-CUBE-SFXS2LP1.4.0.0
2026-09-08 11:14:19,086 [WARN] PackLoader:240 - Cannot read IP mode file for STMicroelectronics.X-CUBE-WB05N.2.1.0
2026-09-08 11:14:19,090 [ERROR] Engine:466 - C:\Users\abhil\.stm32cubemx\thirdparties\pdsc\STMicroelectronics.X-CUBE-ST67W61.1.2.0.pdsc: PDSC version is not supported
2026-09-08 11:14:19,095 [WARN] PackLoader:240 - Cannot read IP mode file for STMicroelectronics.X-CUBE-ISPU.1.1.0
2026-09-08 11:14:19,110 [WARN] PackLoader:240 - Cannot read IP mode file for STMicroelectronics.X-CUBE-AZRTOS-H7.3.3.0
2026-09-08 11:14:19,121 [WARN] PackLoader:240 - Cannot read IP mode file for RoweBots.I-CUBE-UNISONRTOS.5.5.0-4
2026-09-08 11:14:19,130 [WARN] PackLoader:240 - Cannot read IP mode file for STMicroelectronics.X-CUBE-BLEMGR.4.1.0
2026-09-08 11:14:19,136 [WARN] PackLoader:240 - Cannot read IP mode file for STMicroelectronics.X-CUBE-AI.8.0.0
2026-09-08 11:14:19,146 [WARN] PackLoader:240 - Cannot read IP mode file for STMicroelectronics.X-CUBE-IPS.3.0.0
2026-09-08 11:14:19,165 [WARN] ConditionMgr:438 - getConditionDescription Invalid condition id : UX DEVICE CLASS RTOS Condition cause : null
2026-09-08 11:14:19,166 [WARN] ConditionMgr:438 - getConditionDescription Invalid condition id : UX DEVICE CLASS RTOS Condition cause : null
2026-09-08 11:14:19,168 [WARN] PackLoader:240 - Cannot read IP mode file for STMicroelectronics.X-CUBE-AZRTOS-WB.2.0.0
2026-09-08 11:14:19,169 [WARN] ConditionMgr:1044 - genDependencies : Invalid condition id : UX DEVICE CLASS RTOS Condition cause : null
2026-09-08 11:14:19,169 [WARN] ConditionMgr:1044 - genDependencies : Invalid condition id : UX DEVICE CLASS RTOS Condition cause : null
2026-09-08 11:14:19,170 [WARN] ConditionMgr:1044 - genDependencies : Invalid condition id : UX DEVICE CLASS RTOS Condition cause : null
2026-09-08 11:14:19,170 [WARN] ConditionMgr:1044 - genDependencies : Invalid condition id : UX DEVICE CLASS RTOS Condition cause : null
2026-09-08 11:14:19,170 [WARN] ConditionMgr:1044 - genDependencies : Invalid condition id : UX DEVICE CLASS RTOS Condition cause : null
2026-09-08 11:14:19,177 [WARN] PackLoader:240 - Cannot read IP mode file for STMicroelectronics.X-CUBE-FREERTOS.1.0.1
2026-09-08 11:14:19,183 [WARN] PackLoader:240 - Cannot read IP mode file for STMicroelectronics.X-CUBE-GNSS1.7.0.0
2026-09-08 11:14:19,190 [WARN] PackLoader:240 - Cannot read IP mode file for STMicroelectronics.X-CUBE-GNSS1.7.0.1
2026-09-08 11:14:19,194 [WARN] PackLoader:240 - Cannot read IP mode file for STMicroelectronics.X-CUBE-TOUCHGFX.4.25.0
2026-09-08 11:14:19,201 [WARN] PackLoader:240 - Cannot read IP mode file for STMicroelectronics.FP-SNS-STBOX1.2.0.0
2026-09-08 11:14:19,211 [WARN] PackLoader:240 - Cannot read IP mode file for STMicroelectronics.X-CUBE-STSE01.2.0.0
2026-09-08 11:14:19,226 [WARN] PackLoader:240 - Cannot read IP mode file for STMicroelectronics.X-CUBE-AZRTOS-L5.1.1.0
2026-09-08 11:14:19,243 [WARN] PackLoader:240 - Cannot read IP mode file for STMicroelectronics.X-CUBE-SUBG2.5.0.0
2026-09-08 11:14:19,264 [WARN] PackLoader:240 - Cannot read IP mode file for STMicroelectronics.X-CUBE-AZRTOS-H7RS.1.1.0
2026-09-08 11:14:19,273 [WARN] PackLoader:240 - Cannot read IP mode file for Cesanta.I-CUBE-Mongoose.7.13.0
2026-09-08 11:14:19,286 [WARN] PackLoader:240 - Cannot read IP mode file for STMicroelectronics.X-CUBE-AZRTOS-G4.2.0.0
2026-09-08 11:14:19,298 [WARN] PackLoader:240 - Cannot read IP mode file for STMicroelectronics.X-CUBE-TOF1.3.3.0
2026-09-08 11:14:19,307 [WARN] PackLoader:240 - Cannot read IP mode file for STMicroelectronics.FP-ATR-ASTRA1.1.1.1
2026-09-08 11:14:19,312 [WARN] PackLoader:240 - Cannot read IP mode file for STMicroelectronics.X-CUBE-NFC7.2.0.0
2026-09-08 11:14:19,322 [WARN] PackLoader:240 - Cannot read IP mode file for STMicroelectronics.X-CUBE-AZRTOS-G4.1.0.0
2026-09-08 11:14:19,337 [WARN] PackLoader:240 - Cannot read IP mode file for STMicroelectronics.X-CUBE-AZRTOS-L4.1.0.0
2026-09-08 11:14:19,343 [WARN] PackLoader:240 - Cannot read IP mode file for STMicroelectronics.X-CUBE-ISPU.2.0.0
2026-09-08 11:14:19,352 [WARN] PackLoader:240 - Cannot read IP mode file for STMicroelectronics.X-CUBE-IPS.3.1.0
2026-09-08 11:14:19,360 [ERROR] Engine:466 - C:\Users\abhil\.stm32cubemx\thirdparties\pdsc\STMicroelectronics.X-CUBE-BLEMGR.4.2.0.pdsc: PDSC version is not supported
2026-09-08 11:14:19,365 [WARN] PackLoader:240 - Cannot read IP mode file for STMicroelectronics.X-CUBE-ALS.1.0.2
2026-09-08 11:14:19,390 [WARN] PackLoader:240 - Cannot read IP mode file for STMicroelectronics.X-CUBE-MEMS1.10.0.0
2026-09-08 11:14:19,450 [WARN] PackLoader:240 - Cannot read IP mode file for STMicroelectronics.X-CUBE-TOUCHGFX.4.24.2
2026-09-08 11:14:19,459 [WARN] PackLoader:240 - Cannot read IP mode file for STMicroelectronics.X-CUBE-AZRTOS-WL.1.0.0
2026-09-08 11:14:19,465 [WARN] PackLoader:240 - Cannot read IP mode file for STMicroelectronics.X-CUBE-TOUCHGFX.4.24.1
2026-09-08 11:14:19,470 [WARN] PackLoader:240 - Cannot read IP mode file for STMicroelectronics.X-CUBE-STSE01.1.0.0
2026-09-08 11:14:19,477 [WARN] PackLoader:240 - Cannot read IP mode file for wolfSSL.I-CUBE-wolfTPM.3.4.0
2026-09-08 11:14:19,485 [WARN] PackLoader:240 - Cannot read IP mode file for portGmbH.I-Cube-SoM-uGOAL.1.1.0
2026-09-08 11:14:19,489 [WARN] PackLoader:240 - Cannot read IP mode file for STMicroelectronics.X-CUBE-ALS.1.0.1
2026-09-08 11:14:19,499 [WARN] PackLoader:240 - Cannot read IP mode file for STMicroelectronics.X-CUBE-AZRTOS-WB.1.1.0
2026-09-08 11:14:19,514 [WARN] PackLoader:240 - Cannot read IP mode file for STMicroelectronics.X-CUBE-AZRTOS-L5.1.0.0
2026-09-08 11:14:19,519 [WARN] PackLoader:240 - Cannot read IP mode file for STMicroelectronics.X-CUBE-EEPRMA1.3.1.1
2026-09-08 11:14:19,534 [WARN] PackLoader:240 - Cannot read IP mode file for STMicroelectronics.X-CUBE-AZRTOS-H7RS.1.0.0
2026-09-08 11:14:19,540 [WARN] PackLoader:240 - Cannot read IP mode file for STMicroelectronics.FP-ATR-ASTRA1.2.0.0
2026-09-08 11:14:19,548 [WARN] PackLoader:240 - Cannot read IP mode file for STMicroelectronics.X-CUBE-TOF1.3.4.2
2026-09-08 11:14:19,562 [WARN] PackLoader:240 - Cannot read IP mode file for STMicroelectronics.X-CUBE-TOF1.3.4.3
2026-09-08 11:14:19,577 [WARN] PackLoader:240 - Cannot read IP mode file for STMicroelectronics.X-CUBE-TOF1.3.4.1
2026-09-08 11:14:19,597 [WARN] PackLoader:240 - Cannot read IP mode file for STMicroelectronics.X-CUBE-AZRTOS-H7.3.2.0
2026-09-08 11:14:19,613 [WARN] PackLoader:240 - Cannot read IP mode file for Infineon.AIROC-Wi-Fi-Bluetooth-STM32.1.6.0
2026-09-08 11:14:19,621 [WARN] PackLoader:240 - Cannot read IP mode file for wolfSSL.I-CUBE-wolfSSH.1.4.17
2026-09-08 11:14:19,623 [INFO] ThirdParty:978 - Integrity check success = true
2026-09-08 11:14:19,623 [INFO] IntegrityCheckThread:100 - exiting critical section [integrity check]
2026-09-08 11:14:19,623 [INFO] IntegrityCheckThread:103 - End integrity checks thread
2026-09-08 11:33:00,292 [ERROR] LogOutputStream:75 - [STDERR_REDIRECT] 
