2026-03-16 16:03:47,338 [INFO] Activator:176 - 


2026-03-16 16:03:47,346 [INFO] Activator:177 - !SESSION log4j initialized
2026-03-16 16:03:56,572 [INFO] LogOutputStream:77 - [STDOUT_REDIRECT] 
2026-03-16 16:04:07,416 [INFO] ApplicationProperties:184 - Using Application install path: C:\ST\STM32CubeIDE_1.10.1\STM32CubeIDE\plugins\com.st.stm32cube.common.mx_6.14.1.202504091515
2026-03-16 16:04:07,439 [INFO] DbMcusXml:78 - Set database path to: C:\ST\STM32CubeIDE_1.10.1\STM32CubeIDE\plugins\com.st.stm32cube.common.mx_6.14.1.202504091515\\db\/mcu/
2026-03-16 16:04:07,439 [INFO] ApiDb:274 - Set plugin database path to: C:\ST\STM32CubeIDE_1.10.1\STM32CubeIDE\plugins\com.st.stm32cube.common.mx_6.14.1.202504091515\\db\/plugins/boardmanager/
2026-03-16 16:04:07,440 [WARN] ApiDb:259 - Overriding images path with different value:  => C:\ST\STM32CubeIDE_1.10.1\STM32CubeIDE\plugins\com.st.stm32cube.common.mx_6.14.1.202504091515\\db\/plugins/mcufinder/images/
2026-03-16 16:04:07,461 [INFO] ApiDb:250 - Set database path to: C:\Users\abhil\.stmcufinder\plugins\mcufinder//mcu/
2026-03-16 16:04:07,463 [INFO] DbMcusAds:125 - Set database path to: C:\Users\abhil\.stmcufinder\plugins\mcufinder//mcu/
2026-03-16 16:04:07,468 [INFO] CrossReferenceDbSqlite:203 - Set database path to: C:\Users\abhil\.stmcufinder\plugins\mcufinder//mcu/cs/
2026-03-16 16:04:07,629 [INFO] RulesReader:64 - Compatibility file has been processed (302 Rules)
2026-03-16 16:04:07,731 [INFO] DbMcusXml:78 - Set database path to: C:\ST\STM32CubeIDE_1.10.1\STM32CubeIDE\plugins\com.st.stm32cube.common.mx_6.14.1.202504091515\\db\/mcu/
2026-03-16 16:04:07,733 [INFO] ApiDb:274 - Set plugin database path to: C:\ST\STM32CubeIDE_1.10.1\STM32CubeIDE\plugins\com.st.stm32cube.common.mx_6.14.1.202504091515\\db\/plugins/boardmanager/
2026-03-16 16:04:07,733 [INFO] ApiDb:261 - Set plugin images path to: C:\ST\STM32CubeIDE_1.10.1\STM32CubeIDE\plugins\com.st.stm32cube.common.mx_6.14.1.202504091515\\db\/plugins/mcufinder/images/
2026-03-16 16:04:07,733 [WARN] DbFile:41 - Overriding database path with different value: C:\Users\abhil\.stmcufinder\plugins\mcufinder/ => C:\Users\abhil\.stmcufinder\plugins\mcufinder
2026-03-16 16:04:07,733 [INFO] ApiDb:250 - Set database path to: C:\Users\abhil\.stmcufinder\plugins\mcufinder//mcu/
2026-03-16 16:04:07,733 [WARN] DbFile:41 - Overriding database path with different value: C:\Users\abhil\.stmcufinder\plugins\mcufinder/ => C:\Users\abhil\.stmcufinder\plugins\mcufinder
2026-03-16 16:04:07,733 [INFO] DbMcusAds:125 - Set database path to: C:\Users\abhil\.stmcufinder\plugins\mcufinder//mcu/
2026-03-16 16:04:07,733 [WARN] DbFile:41 - Overriding database path with different value: C:\Users\abhil\.stmcufinder\plugins\mcufinder/ => C:\Users\abhil\.stmcufinder\plugins\mcufinder
2026-03-16 16:04:07,733 [WARN] DbFile:41 - Overriding database path with different value: C:\Users\abhil\.stmcufinder\plugins\mcufinder/ => C:\Users\abhil\.stmcufinder\plugins\mcufinder
2026-03-16 16:04:07,733 [INFO] CrossReferenceDbSqlite:203 - Set database path to: C:\Users\abhil\.stmcufinder\plugins\mcufinder//mcu/cs/
2026-03-16 16:04:07,841 [INFO] MainPanel:272 - HeapMemory: 268435456
2026-03-16 16:04:08,002 [INFO] DbMcusXml:78 - Set database path to: C:\ST\STM32CubeIDE_1.10.1\STM32CubeIDE\plugins\com.st.stm32cube.common.mx_6.14.1.202504091515\\db\/mcu/
2026-03-16 16:04:08,002 [INFO] ApiDb:274 - Set plugin database path to: C:\ST\STM32CubeIDE_1.10.1\STM32CubeIDE\plugins\com.st.stm32cube.common.mx_6.14.1.202504091515\\db\/plugins/boardmanager/
2026-03-16 16:04:08,002 [INFO] ApiDb:261 - Set plugin images path to: C:\ST\STM32CubeIDE_1.10.1\STM32CubeIDE\plugins\com.st.stm32cube.common.mx_6.14.1.202504091515\\db\/plugins/mcufinder/images/
2026-03-16 16:04:08,003 [WARN] DbFile:41 - Overriding database path with different value: C:\Users\abhil\.stmcufinder\plugins\mcufinder/ => C:\Users\abhil\.stmcufinder\plugins\mcufinder
2026-03-16 16:04:08,003 [INFO] ApiDb:250 - Set database path to: C:\Users\abhil\.stmcufinder\plugins\mcufinder//mcu/
2026-03-16 16:04:08,003 [WARN] DbFile:41 - Overriding database path with different value: C:\Users\abhil\.stmcufinder\plugins\mcufinder/ => C:\Users\abhil\.stmcufinder\plugins\mcufinder
2026-03-16 16:04:08,013 [INFO] DbMcusAds:125 - Set database path to: C:\Users\abhil\.stmcufinder\plugins\mcufinder//mcu/
2026-03-16 16:04:08,013 [WARN] DbFile:41 - Overriding database path with different value: C:\Users\abhil\.stmcufinder\plugins\mcufinder/ => C:\Users\abhil\.stmcufinder\plugins\mcufinder
2026-03-16 16:04:08,013 [WARN] DbFile:41 - Overriding database path with different value: C:\Users\abhil\.stmcufinder\plugins\mcufinder/ => C:\Users\abhil\.stmcufinder\plugins\mcufinder
2026-03-16 16:04:08,013 [INFO] CrossReferenceDbSqlite:203 - Set database path to: C:\Users\abhil\.stmcufinder\plugins\mcufinder//mcu/cs/
2026-03-16 16:04:08,039 [INFO] ApplicationProperties:184 - Using Application install path: C:\ST\STM32CubeIDE_1.10.1\STM32CubeIDE\plugins\com.st.stm32cube.common.mx_6.14.1.202504091515
2026-03-16 16:04:08,040 [INFO] PluginManage:196 - Search for loadable plugins [exclusion list=, ]
2026-03-16 16:04:08,043 [INFO] PluginManage:310 - Check plugin analytics
2026-03-16 16:04:17,780 [INFO] AnalyticsPlugin:253 - Accepted Software Licenses: 
2026-03-16 16:04:17,780 [INFO] AnalyticsPlugin:255 - Accepted CMSIS Pack Licenses: 
2026-03-16 16:04:17,781 [INFO] AnalyticsPlugin:257 - Accepted Firmware Licenses: FW.F4.1.27.0,FW.H7.1.10.0,FW.H7.1.12.0,FW.F4.1.28.0
2026-03-16 16:04:17,784 [INFO] PluginManage:359 - Loaded plugin analytics (category:tool,tabindex:-1)
2026-03-16 16:04:17,784 [INFO] PluginManage:310 - Check plugin cadmodel
2026-03-16 16:04:17,808 [INFO] CADModel:105 - Init CAD model plugin
2026-03-16 16:04:17,810 [INFO] PluginManage:359 - Loaded plugin cadmodel (category:power,tabindex:5)
2026-03-16 16:04:17,810 [INFO] PluginManage:310 - Check plugin clock
2026-03-16 16:04:17,837 [INFO] PluginManage:359 - Loaded plugin clock (category:base,tabindex:2)
2026-03-16 16:04:17,837 [INFO] PluginManage:310 - Check plugin ddr
2026-03-16 16:04:17,840 [INFO] PluginManage:359 - Loaded plugin ddr (category:tool,tabindex:6)
2026-03-16 16:04:17,840 [INFO] PluginManage:310 - Check plugin filemanager
2026-03-16 16:04:18,019 [INFO] PluginManage:359 - Loaded plugin filemanager (category:base,tabindex:10)
2026-03-16 16:04:18,019 [INFO] PluginManage:310 - Check plugin ipmanager
2026-03-16 16:04:18,028 [INFO] PluginManage:359 - Loaded plugin ipmanager (category:base,tabindex:5)
2026-03-16 16:04:18,029 [INFO] PluginManage:310 - Check plugin lpbam
2026-03-16 16:04:18,055 [INFO] PluginManage:359 - Loaded plugin lpbam (category:base,tabindex:0)
2026-03-16 16:04:18,055 [INFO] PluginManage:310 - Check plugin memorymap
2026-03-16 16:04:18,089 [INFO] PluginManage:359 - Loaded plugin memorymap (category:base,tabindex:4)
2026-03-16 16:04:18,089 [INFO] PluginManage:310 - Check plugin pinoutandconfiguration
2026-03-16 16:04:18,115 [INFO] PluginManage:359 - Loaded plugin pinoutandconfiguration (category:base,tabindex:1)
2026-03-16 16:04:18,115 [INFO] PluginManage:310 - Check plugin pinoutconfig
2026-03-16 16:04:18,265 [WARN] SupportedApi:132 - Cannot load RTOS API schema: s4s-elt-must-match.1: The content of 'definitions' must match (annotation?, (simpleType | complexType)?, (unique | key | keyref)*)). A problem was found starting at: attribute.
2026-03-16 16:04:18,503 [INFO] PluginManage:359 - Loaded plugin pinoutconfig (category:base,tabindex:0)
2026-03-16 16:04:18,503 [INFO] PluginManage:310 - Check plugin power
2026-03-16 16:04:18,534 [INFO] PluginManage:359 - Loaded plugin power (category:power,tabindex:4)
2026-03-16 16:04:18,534 [INFO] PluginManage:310 - Check plugin projectmanager
2026-03-16 16:04:18,555 [INFO] PluginManage:359 - Loaded plugin projectmanager (category:projectmanager,tabindex:4)
2026-03-16 16:04:18,555 [INFO] PluginManage:310 - Check plugin rif
2026-03-16 16:04:18,586 [INFO] PluginManage:359 - Loaded plugin rif (category:base,tabindex:3)
2026-03-16 16:04:18,586 [INFO] PluginManage:310 - Check plugin thirdparty
2026-03-16 16:04:19,008 [INFO] PluginManage:359 - Loaded plugin thirdparty (category:base,tabindex:-1)
2026-03-16 16:04:19,008 [WARN] IntegrityCheckThread:84 - waiting for thirdparty lock release [integrity check]
2026-03-16 16:04:19,018 [INFO] IntegrityCheckThread:86 - entering critical section [integrity check]
2026-03-16 16:04:19,018 [INFO] PluginManage:310 - Check plugin tools
2026-03-16 16:04:19,018 [INFO] ThirdPartyUpdaterWithRetryManager:70 - Updater plugin not ready yet. [1/15]
2026-03-16 16:04:19,066 [INFO] PluginManage:359 - Loaded plugin tools (category:base,tabindex:7)
2026-03-16 16:04:19,067 [INFO] PluginManage:310 - Check plugin tutovideos
2026-03-16 16:04:19,320 [INFO] PluginManage:359 - Loaded plugin tutovideos (category:base,tabindex:-1)
2026-03-16 16:04:19,321 [INFO] PluginManage:310 - Check plugin updater
2026-03-16 16:04:19,349 [INFO] PluginManage:359 - Loaded plugin updater (category:base,tabindex:12)
2026-03-16 16:04:19,349 [INFO] PluginManage:310 - Check plugin userauth
2026-03-16 16:04:19,353 [INFO] UserAuth:118 - Init User Auth plugin
2026-03-16 16:04:19,354 [INFO] PluginManage:359 - Loaded plugin userauth (category:base,tabindex:14)
2026-03-16 16:04:19,355 [INFO] PluginManage:283 - PluginManage : Loaded plugins [18]
2026-03-16 16:04:19,668 [INFO] PinOutPanel:1589 - setPackage(No Configuration,No Configuration)
2026-03-16 16:04:19,790 [INFO] CADModel:165 - CPN selected for project level
2026-03-16 16:04:19,791 [INFO] CADModel:114 - Register for checkConnection events
2026-03-16 16:04:19,831 [INFO] IPUIPlugin:80 - create IPUIPlugin
2026-03-16 16:04:19,831 [INFO] PluginManager:220 - loadIPPluginJar : add adc
2026-03-16 16:04:19,886 [INFO] IPUIPlugin:80 - create IPUIPlugin
2026-03-16 16:04:19,886 [INFO] PluginManager:220 - loadIPPluginJar : add aes
2026-03-16 16:04:19,953 [INFO] IPUIPlugin:80 - create IPUIPlugin
2026-03-16 16:04:19,953 [INFO] PluginManager:220 - loadIPPluginJar : add can
2026-03-16 16:04:19,994 [INFO] IPUIPlugin:80 - create IPUIPlugin
2026-03-16 16:04:19,995 [INFO] PluginManager:220 - loadIPPluginJar : add comp
2026-03-16 16:04:20,046 [INFO] IPUIPlugin:80 - create IPUIPlugin
2026-03-16 16:04:20,046 [INFO] PluginManager:220 - loadIPPluginJar : add cryp
2026-03-16 16:04:20,065 [INFO] IPUIPlugin:80 - create IPUIPlugin
2026-03-16 16:04:20,065 [INFO] PluginManager:220 - loadIPPluginJar : add ddr_ctrl_phy
2026-03-16 16:04:20,110 [INFO] IPUIPlugin:80 - create IPUIPlugin
2026-03-16 16:04:20,110 [INFO] PluginManager:220 - loadIPPluginJar : add dfsdm
2026-03-16 16:04:20,133 [INFO] IPUIPlugin:80 - create IPUIPlugin
2026-03-16 16:04:20,134 [INFO] PluginManager:220 - loadIPPluginJar : add dma
2026-03-16 16:04:20,189 [INFO] IPUIPlugin:80 - create IPUIPlugin
2026-03-16 16:04:20,190 [INFO] PluginManager:220 - loadIPPluginJar : add dma3
2026-03-16 16:04:20,256 [INFO] IPUIPlugin:80 - create IPUIPlugin
2026-03-16 16:04:20,256 [INFO] PluginManager:220 - loadIPPluginJar : add extmemmanager
2026-03-16 16:04:20,294 [INFO] IPUIPlugin:80 - create IPUIPlugin
2026-03-16 16:04:20,294 [INFO] PluginManager:220 - loadIPPluginJar : add fatfs
2026-03-16 16:04:20,362 [INFO] IPUIPlugin:80 - create IPUIPlugin
2026-03-16 16:04:20,362 [INFO] PluginManager:220 - loadIPPluginJar : add fmc
2026-03-16 16:04:20,384 [INFO] IPUIPlugin:80 - create IPUIPlugin
2026-03-16 16:04:20,384 [INFO] PluginManager:220 - loadIPPluginJar : add freertos
2026-03-16 16:04:20,416 [INFO] IPUIPlugin:80 - create IPUIPlugin
2026-03-16 16:04:20,416 [INFO] PluginManager:220 - loadIPPluginJar : add genericplugin
2026-03-16 16:04:20,554 [INFO] IPUIPlugin:80 - create IPUIPlugin
2026-03-16 16:04:20,554 [INFO] PluginManager:220 - loadIPPluginJar : add gfxmmu
2026-03-16 16:04:20,750 [INFO] IPUIPlugin:80 - create IPUIPlugin
2026-03-16 16:04:20,750 [INFO] PluginManager:220 - loadIPPluginJar : add gic
2026-03-16 16:04:20,769 [INFO] IPUIPlugin:80 - create IPUIPlugin
2026-03-16 16:04:20,769 [INFO] PluginManager:220 - loadIPPluginJar : add gpio
2026-03-16 16:04:20,900 [INFO] IPUIPlugin:80 - create IPUIPlugin
2026-03-16 16:04:20,900 [INFO] PluginManager:220 - loadIPPluginJar : add gtzc
2026-03-16 16:04:20,948 [INFO] IPUIPlugin:80 - create IPUIPlugin
2026-03-16 16:04:20,948 [INFO] PluginManager:220 - loadIPPluginJar : add hash
2026-03-16 16:04:21,028 [INFO] IPUIPlugin:80 - create IPUIPlugin
2026-03-16 16:04:21,028 [INFO] PluginManager:220 - loadIPPluginJar : add i2c
2026-03-16 16:04:21,084 [INFO] IPUIPlugin:80 - create IPUIPlugin
2026-03-16 16:04:21,085 [INFO] PluginManager:220 - loadIPPluginJar : add i2s
2026-03-16 16:04:21,145 [INFO] IPUIPlugin:80 - create IPUIPlugin
2026-03-16 16:04:21,145 [INFO] PluginManager:220 - loadIPPluginJar : add i3c
2026-03-16 16:04:21,284 [INFO] IPUIPlugin:80 - create IPUIPlugin
2026-03-16 16:04:21,284 [INFO] PluginManager:220 - loadIPPluginJar : add ipddr
2026-03-16 16:04:21,410 [INFO] IPUIPlugin:80 - create IPUIPlugin
2026-03-16 16:04:21,410 [INFO] PluginManager:220 - loadIPPluginJar : add linkedlist
2026-03-16 16:04:21,464 [INFO] IPUIPlugin:80 - create IPUIPlugin
2026-03-16 16:04:21,464 [INFO] PluginManager:220 - loadIPPluginJar : add lorawan
2026-03-16 16:04:21,515 [INFO] IPUIPlugin:80 - create IPUIPlugin
2026-03-16 16:04:21,515 [INFO] PluginManager:220 - loadIPPluginJar : add ltdc
2026-03-16 16:04:21,533 [INFO] IPUIPlugin:80 - create IPUIPlugin
2026-03-16 16:04:21,533 [INFO] PluginManager:220 - loadIPPluginJar : add mdma
2026-03-16 16:04:21,549 [INFO] IPUIPlugin:80 - create IPUIPlugin
2026-03-16 16:04:21,549 [INFO] PluginManager:220 - loadIPPluginJar : add nvic
2026-03-16 16:04:21,605 [INFO] IPUIPlugin:80 - create IPUIPlugin
2026-03-16 16:04:21,606 [INFO] PluginManager:220 - loadIPPluginJar : add opamp
2026-03-16 16:04:21,696 [INFO] IPUIPlugin:80 - create IPUIPlugin
2026-03-16 16:04:21,697 [INFO] PluginManager:220 - loadIPPluginJar : add openamp
2026-03-16 16:04:21,765 [INFO] IPUIPlugin:80 - create IPUIPlugin
2026-03-16 16:04:21,765 [INFO] PluginManager:220 - loadIPPluginJar : add pdm2pcm
2026-03-16 16:04:21,784 [INFO] IPUIPlugin:80 - create IPUIPlugin
2026-03-16 16:04:21,785 [INFO] PluginManager:220 - loadIPPluginJar : add plateformsettings
2026-03-16 16:04:21,822 [INFO] IPUIPlugin:80 - create IPUIPlugin
2026-03-16 16:04:21,822 [INFO] PluginManager:220 - loadIPPluginJar : add quadspi
2026-03-16 16:04:21,859 [INFO] IPUIPlugin:80 - create IPUIPlugin
2026-03-16 16:04:21,860 [INFO] PluginManager:220 - loadIPPluginJar : add radio
2026-03-16 16:04:21,883 [INFO] IPUIPlugin:80 - create IPUIPlugin
2026-03-16 16:04:21,883 [INFO] PluginManager:220 - loadIPPluginJar : add resmgrutility
2026-03-16 16:04:21,948 [INFO] IPUIPlugin:80 - create IPUIPlugin
2026-03-16 16:04:21,948 [INFO] PluginManager:220 - loadIPPluginJar : add sai
2026-03-16 16:04:22,005 [INFO] IPUIPlugin:80 - create IPUIPlugin
2026-03-16 16:04:22,005 [INFO] PluginManager:220 - loadIPPluginJar : add spi
2026-03-16 16:04:22,019 [INFO] ThirdPartyUpdaterWithRetryManager:70 - Updater plugin not ready yet. [2/15]
2026-03-16 16:04:22,103 [INFO] IPUIPlugin:80 - create IPUIPlugin
2026-03-16 16:04:22,103 [INFO] PluginManager:220 - loadIPPluginJar : add stm32_wpan
2026-03-16 16:04:22,140 [INFO] IPUIPlugin:80 - create IPUIPlugin
2026-03-16 16:04:22,140 [INFO] PluginManager:220 - loadIPPluginJar : add tim
2026-03-16 16:04:22,222 [INFO] IPUIPlugin:80 - create IPUIPlugin
2026-03-16 16:04:22,223 [INFO] PluginManager:220 - loadIPPluginJar : add touchsensing
2026-03-16 16:04:22,258 [INFO] IPUIPlugin:80 - create IPUIPlugin
2026-03-16 16:04:22,258 [INFO] PluginManager:220 - loadIPPluginJar : add tracer_emb
2026-03-16 16:04:22,293 [INFO] IPUIPlugin:80 - create IPUIPlugin
2026-03-16 16:04:22,293 [INFO] PluginManager:220 - loadIPPluginJar : add ts
2026-03-16 16:04:22,327 [INFO] IPUIPlugin:80 - create IPUIPlugin
2026-03-16 16:04:22,327 [INFO] PluginManager:220 - loadIPPluginJar : add tsc
2026-03-16 16:04:22,357 [INFO] IPUIPlugin:80 - create IPUIPlugin
2026-03-16 16:04:22,357 [INFO] PluginManager:220 - loadIPPluginJar : add ucpd
2026-03-16 16:04:22,428 [INFO] IPUIPlugin:80 - create IPUIPlugin
2026-03-16 16:04:22,429 [INFO] PluginManager:220 - loadIPPluginJar : add usart
2026-03-16 16:04:22,510 [INFO] IPUIPlugin:80 - create IPUIPlugin
2026-03-16 16:04:22,510 [INFO] PluginManager:220 - loadIPPluginJar : add usbx
2026-03-16 16:04:22,689 [FATAL] Updater:351 - Updater called before beeing initialized
2026-03-16 16:04:22,723 [INFO] RulesReader:64 - Compatibility file has been processed (302 Rules)
2026-03-16 16:04:22,734 [INFO] RulesReader:64 - Compatibility file has been processed (302 Rules)
2026-03-16 16:04:22,748 [INFO] CADModel:165 - CPN selected for project level
2026-03-16 16:04:22,748 [INFO] CADModel:114 - Register for checkConnection events
2026-03-16 16:04:22,748 [FATAL] Updater:351 - Updater called before beeing initialized
2026-03-16 16:04:22,748 [ERROR] CADModel:125 - Updater not yet initialized, retry later 
2026-03-16 16:04:22,915 [FATAL] Updater:351 - Updater called before beeing initialized
2026-03-16 16:04:22,917 [INFO] CADModel:165 - CPN selected for project level
2026-03-16 16:04:22,917 [INFO] CADModel:114 - Register for checkConnection events
2026-03-16 16:04:22,917 [FATAL] Updater:351 - Updater called before beeing initialized
2026-03-16 16:04:22,917 [ERROR] CADModel:125 - Updater not yet initialized, retry later 
2026-03-16 16:04:22,921 [FATAL] Updater:351 - Updater called before beeing initialized
2026-03-16 16:04:23,063 [FATAL] Updater:351 - Updater called before beeing initialized
2026-03-16 16:04:23,075 [INFO] DbMcusAds:53 - JSON generation date=Thu Mar 05 20:02:53 IST 2026 (1772721173050)
2026-03-16 16:04:23,076 [FATAL] Updater:351 - Updater called before beeing initialized
2026-03-16 16:04:23,113 [WARN] DetailPanel:346 - Failed to get advertising image, set to default
2026-03-16 16:04:23,377 [FATAL] Updater:351 - Updater called before beeing initialized
2026-03-16 16:04:23,380 [FATAL] Updater:351 - Updater called before beeing initialized
2026-03-16 16:04:23,380 [FATAL] Updater:351 - Updater called before beeing initialized
2026-03-16 16:04:23,382 [WARN] DetailPanel:346 - Failed to get advertising image, set to default
2026-03-16 16:04:23,383 [FATAL] Updater:351 - Updater called before beeing initialized
2026-03-16 16:04:23,467 [ERROR] Updater:1198 - MainUpdater not yet initialized. External WinMGr cannot be set.
2026-03-16 16:04:23,480 [INFO] Updater:1134 - Updater Version found : 6.14.1
2026-03-16 16:04:23,500 [INFO] ApplicationProperties:184 - Using Application install path: C:\ST\STM32CubeIDE_1.10.1\STM32CubeIDE\plugins\com.st.stm32cube.common.mx_6.14.1.202504091515
2026-03-16 16:04:24,059 [INFO] MainUpdater:2872 - connection check result : 10
2026-03-16 16:04:24,060 [INFO] MainUpdater:289 - Updater Check For Update Now.
2026-03-16 16:04:24,062 [INFO] MicroXplorer:498 - Change Database Version : DB.6.0.141
2026-03-16 16:04:24,082 [INFO] McuFinderGlobals:63 - Set McuFinder mode to 2 (CubeIDE integrated)
2026-03-16 16:04:24,091 [INFO] UserAuth:484 - Internet connection configuration mode: 1
2026-03-16 16:04:24,135 [INFO] JxBrowserEngine:152 - Initiate JxBrowser Engine with user profile folder
2026-03-16 16:04:24,291 [INFO] CheckServerUpdateThread:120 - End of CheckServer Thread
2026-03-16 16:04:25,179 [INFO] WebApp:169 - Instantiating new browser for Auth
2026-03-16 16:04:25,569 [WARN] PackLoader:240 - Cannot read IP mode file for STMicroelectronics.X-CUBE-AZRTOS-H7.3.5.0
2026-03-16 16:04:25,598 [WARN] PackLoader:240 - Cannot read IP mode file for STMicroelectronics.FP-SNS-MOTENVWB1.1.4.0
2026-03-16 16:04:25,621 [WARN] PackLoader:240 - Cannot read IP mode file for STMicroelectronics.FP-ATR-ASTRA1.2.0.2
2026-03-16 16:04:25,639 [WARN] PackLoader:240 - Cannot read IP mode file for STMicroelectronics.FP-ATR-ASTRA1.2.0.1
2026-03-16 16:04:25,674 [WARN] PackLoader:240 - Cannot read IP mode file for STMicroelectronics.X-CUBE-SMBUS.2.1.0
2026-03-16 16:04:25,704 [WARN] PackLoader:240 - Cannot read IP mode file for STMicroelectronics.X-CUBE-WB05N.1.1.0
2026-03-16 16:04:25,729 [WARN] PackLoader:240 - Cannot read IP mode file for STMicroelectronics.X-CUBE-ST60.1.0.0
2026-03-16 16:04:25,766 [WARN] PackLoader:240 - Cannot read IP mode file for STMicroelectronics.X-CUBE-TOUCHGFX.4.23.2
2026-03-16 16:04:25,809 [WARN] PackLoader:240 - Cannot read IP mode file for STMicroelectronics.X-CUBE-AZRTOS-F7.1.1.0
2026-03-16 16:04:25,833 [WARN] PackLoader:240 - Cannot read IP mode file for STMicroelectronics.X-CUBE-BLE1.6.2.3
2026-03-16 16:04:25,897 [WARN] PackLoader:240 - Cannot read IP mode file for STMicroelectronics.X-CUBE-MEMS1.11.0.0
2026-03-16 16:04:26,024 [WARN] PackLoader:240 - Cannot read IP mode file for STMicroelectronics.X-CUBE-BLE1.6.2.4
2026-03-16 16:04:26,043 [ERROR] Engine:466 - C:\Users\abhil\.stm32cubemx\thirdparties\pdsc\STMicroelectronics.FP-SNS-MOTENV1.5.1.0.pdsc: PDSC version is not supported
2026-03-16 16:04:26,076 [WARN] PackLoader:240 - Cannot read IP mode file for STMicroelectronics.FP-SNS-FLIGHT1.5.0.2
2026-03-16 16:04:26,116 [WARN] PackLoader:240 - Cannot read IP mode file for STMicroelectronics.X-CUBE-TOF1.3.1.0
2026-03-16 16:04:26,176 [WARN] PackLoader:240 - Cannot read IP mode file for STMicroelectronics.X-CUBE-AZRTOS-H7.3.4.0
2026-03-16 16:04:26,206 [WARN] PackLoader:240 - Cannot read IP mode file for STMicroelectronics.X-CUBE-DISPLAY.3.0.0
2026-03-16 16:04:26,234 [ERROR] Engine:466 - C:\Users\abhil\.stm32cubemx\thirdparties\pdsc\STMicroelectronics.FP-SNS-MOTENVWB1.1.5.0.pdsc: PDSC version is not supported
2026-03-16 16:04:26,259 [WARN] PackLoader:240 - Cannot read IP mode file for STMicroelectronics.X-CUBE-BLE1.7.0.0
2026-03-16 16:04:26,286 [WARN] PackLoader:240 - Cannot read IP mode file for STMicroelectronics.X-CUBE-NFC10.1.0.0
2026-03-16 16:04:26,307 [INFO] WebApp:463 - Apply proxy settings
2026-03-16 16:04:26,307 [INFO] WebApp:548 - Chromium requires no authentication
2026-03-16 16:04:26,317 [WARN] PackLoader:240 - Cannot read IP mode file for STMicroelectronics.X-CUBE-BLEMGR.4.0.0
2026-03-16 16:04:26,327 [INFO] WebApp:491 - Direct internet connection detected
2026-03-16 16:04:26,337 [WARN] PackLoader:240 - Cannot read IP mode file for STMicroelectronics.X-CUBE-ST60.1.1.0
2026-03-16 16:04:26,356 [WARN] PackLoader:240 - Cannot read IP mode file for STMicroelectronics.X-CUBE-GNSS1.7.1.0
2026-03-16 16:04:26,365 [INFO] WebApp:894 - Register for checkConnection events
2026-03-16 16:04:26,366 [INFO] WebApp:463 - Apply proxy settings
2026-03-16 16:04:26,366 [INFO] WebApp:548 - Chromium requires no authentication
2026-03-16 16:04:26,366 [INFO] WebApp:491 - Direct internet connection detected
2026-03-16 16:04:26,406 [WARN] PackLoader:240 - Cannot read IP mode file for STMicroelectronics.X-CUBE-MEMS1.9.3.0
2026-03-16 16:04:26,505 [WARN] PackLoader:240 - Cannot read IP mode file for STMicroelectronics.X-CUBE-AI.7.2.0
2026-03-16 16:04:26,529 [WARN] PackLoader:240 - Cannot read IP mode file for STMicroelectronics.X-CUBE-BLEMGR.3.1.0
2026-03-16 16:04:26,549 [WARN] PackLoader:240 - Cannot read IP mode file for STMicroelectronics.X-CUBE-AI.10.0.0
2026-03-16 16:04:26,573 [ERROR] Engine:466 - C:\Users\abhil\.stm32cubemx\thirdparties\pdsc\STMicroelectronics.FP-SNS-STBOX1.2.1.0.pdsc: PDSC version is not supported
2026-03-16 16:04:26,597 [WARN] PackLoader:240 - Cannot read IP mode file for STMicroelectronics.FP-SNS-SMARTAG2.1.2.0
2026-03-16 16:04:26,610 [INFO] WebApp:191 - Connection restablished
2026-03-16 16:04:26,621 [WARN] PackLoader:240 - Cannot read IP mode file for STMicroelectronics.FP-SNS-FLIGHT1.5.1.0
2026-03-16 16:04:26,698 [WARN] PackLoader:240 - Cannot read IP mode file for STMicroelectronics.X-CUBE-MEMS1.11.1.0
2026-03-16 16:04:26,709 [INFO] WebApp:225 - Starting web application
2026-03-16 16:04:26,709 [INFO] WebApp:593 - Web application path used C:\ST\STM32CubeIDE_1.10.1\STM32CubeIDE\plugins\com.st.stm32cube.common.mx_6.14.1.202504091515\db\plugins\mcufinder\reactClient1\index.html
2026-03-16 16:04:26,857 [INFO] LogOutputStream:77 - [STDOUT_REDIRECT] 1 : Invalid condition id : UX_CORESTACK_Condition cause : null
2026-03-16 16:04:26,859 [INFO] LogOutputStream:77 - [STDOUT_REDIRECT] 1 : Invalid condition id : UX_CORESTACK_Condition cause : null
2026-03-16 16:04:26,860 [INFO] LogOutputStream:77 - [STDOUT_REDIRECT] 1 : Invalid condition id : UX_CORESTACK_Condition cause : null
2026-03-16 16:04:26,862 [INFO] LogOutputStream:77 - [STDOUT_REDIRECT] 1 : Invalid condition id : UX_CORESTACK_Condition cause : null
2026-03-16 16:04:26,864 [INFO] LogOutputStream:77 - [STDOUT_REDIRECT] 1 : Invalid condition id : UX_CORESTACK_Condition cause : null
2026-03-16 16:04:26,867 [WARN] PackLoader:240 - Cannot read IP mode file for STMicroelectronics.X-CUBE-AZRTOS-WL.2.0.0
2026-03-16 16:04:26,889 [WARN] PackLoader:240 - Cannot read IP mode file for STMicroelectronics.FP-SNS-MOTENV1.5.0.0
2026-03-16 16:04:26,937 [WARN] PackLoader:240 - Cannot read IP mode file for STMicroelectronics.X-CUBE-AZRTOS-H7RS.1.2.0
2026-03-16 16:04:26,952 [INFO] UserAuth:484 - Internet connection configuration mode: 1
2026-03-16 16:04:26,963 [WARN] PackLoader:240 - Cannot read IP mode file for wolfSSL.I-CUBE-wolfMQTT.1.19.0
2026-03-16 16:04:26,993 [WARN] PackLoader:240 - Cannot read IP mode file for WES.I-CUBE-Cesium.1.3.0
2026-03-16 16:04:27,016 [WARN] PackLoader:240 - Cannot read IP mode file for STMicroelectronics.X-CUBE-BLE2.3.3.0
2026-03-16 16:04:27,097 [WARN] PackLoader:240 - Cannot read IP mode file for STMicroelectronics.X-CUBE-DISPLAY.2.2.0
2026-03-16 16:04:27,125 [WARN] PackLoader:240 - Cannot read IP mode file for STMicroelectronics.X-CUBE-TOF1.3.2.0
2026-03-16 16:04:27,149 [WARN] PackLoader:240 - Cannot read IP mode file for STMicroelectronics.X-CUBE-ISPU.1.0.0
2026-03-16 16:04:27,169 [WARN] PackLoader:240 - Cannot read IP mode file for STMicroelectronics.X-CUBE-NFC9.1.0.0
2026-03-16 16:04:27,206 [WARN] PackLoader:240 - Cannot read IP mode file for STMicroelectronics.X-CUBE-AZRTOS-H7.2.1.0
2026-03-16 16:04:27,225 [WARN] PackLoader:240 - Cannot read IP mode file for STMicroelectronics.X-CUBE-BLE1.7.1.0
2026-03-16 16:04:27,247 [WARN] PackLoader:240 - Cannot read IP mode file for STMicroelectronics.X-CUBE-TCPP.4.1.0
2026-03-16 16:04:27,265 [ERROR] Engine:466 - C:\Users\abhil\.stm32cubemx\thirdparties\pdsc\STMicroelectronics.X-CUBE-FREERTOS.1.4.0.pdsc: PDSC version is not supported
2026-03-16 16:04:27,284 [WARN] PackLoader:240 - Cannot read IP mode file for STMicroelectronics.X-CUBE-EEPRMA1.5.2.0
2026-03-16 16:04:27,303 [WARN] PackLoader:240 - Cannot read IP mode file for STMicroelectronics.X-CUBE-TOUCHGFX.4.21.3
2026-03-16 16:04:27,323 [WARN] PackLoader:240 - Cannot read IP mode file for STMicroelectronics.X-CUBE-AI.7.3.0
2026-03-16 16:04:27,344 [ERROR] Engine:466 - C:\Users\abhil\.stm32cubemx\thirdparties\pdsc\STMicroelectronics.X-CUBE-ST67W61.1.1.0.pdsc: PDSC version is not supported
2026-03-16 16:04:27,360 [WARN] PackLoader:240 - Cannot read IP mode file for STMicroelectronics.X-CUBE-AI.10.1.0
2026-03-16 16:04:27,412 [WARN] PackLoader:240 - Cannot read IP mode file for STMicroelectronics.X-CUBE-MEMS1.12.0.0
2026-03-16 16:04:27,468 [WARN] PackLoader:240 - Cannot read IP mode file for STMicroelectronics.X-CUBE-ALGOBUILD.1.3.0
2026-03-16 16:04:27,529 [WARN] PackLoader:240 - Cannot read IP mode file for STMicroelectronics.X-CUBE-MEMS1.11.2.0
2026-03-16 16:04:27,632 [WARN] PackLoader:240 - Cannot read IP mode file for STMicroelectronics.X-CUBE-AZRTOS-G0.1.1.0
2026-03-16 16:04:27,651 [WARN] PackLoader:240 - Cannot read IP mode file for STMicroelectronics.X-CUBE-SAFEA1.1.2.2
2026-03-16 16:04:27,667 [WARN] PackLoader:240 - Cannot read IP mode file for STMicroelectronics.X-CUBE-NFC4.3.0.0
2026-03-16 16:04:27,704 [WARN] PackLoader:240 - Cannot read IP mode file for SEGGER.I-CUBE-embOS.1.2.1
2026-03-16 16:04:27,737 [WARN] PackLoader:240 - Cannot read IP mode file for wolfSSL.I-CUBE-wolfMQTT.1.18.0
2026-03-16 16:04:27,761 [WARN] PackLoader:240 - Cannot read IP mode file for EmbeddedOffice.I-CUBE-FS-RTOS.1.0.1
2026-03-16 16:04:27,777 [WARN] PackLoader:240 - Cannot read IP mode file for STMicroelectronics.X-CUBE-WB05N.2.0.0
2026-03-16 16:04:27,795 [WARN] PackLoader:240 - Cannot read IP mode file for STMicroelectronics.X-CUBE-TCPP.4.2.0
2026-03-16 16:04:27,814 [WARN] PackLoader:240 - Cannot read IP mode file for RealThread.X-CUBE-RT-Thread_Nano.4.1.1
2026-03-16 16:04:27,831 [WARN] PackLoader:240 - Cannot read IP mode file for STMicroelectronics.FP-ATR-SIGFOX1.3.2.0
2026-03-16 16:04:27,852 [WARN] ConditionMgr:438 - getConditionDescription Invalid condition id : Cortex-A Device cause : null
2026-03-16 16:04:27,871 [WARN] ConditionMgr:1044 - genDependencies : Invalid condition id : Cortex-A Device cause : null
2026-03-16 16:04:27,873 [WARN] ConditionMgr:1044 - genDependencies : Invalid condition id : Cortex-A Device cause : null
2026-03-16 16:04:27,873 [WARN] ConditionMgr:1044 - genDependencies : Invalid condition id : Cortex-A Device cause : null
2026-03-16 16:04:27,888 [WARN] PackLoader:240 - Cannot read IP mode file for STMicroelectronics.X-CUBE-EEPRMA1.5.1.0
2026-03-16 16:04:27,902 [ERROR] Engine:466 - C:\Users\abhil\.stm32cubemx\thirdparties\pdsc\STMicroelectronics.X-CUBE-FREERTOS.1.5.0.pdsc: PDSC version is not supported
2026-03-16 16:04:27,921 [WARN] PackLoader:240 - Cannot read IP mode file for emotas.I-CUBE-CANOPEN.1.1.2
2026-03-16 16:04:27,938 [WARN] PackLoader:240 - Cannot read IP mode file for STMicroelectronics.X-CUBE-TOUCHGFX.4.20.0
2026-03-16 16:04:27,959 [WARN] PackLoader:240 - Cannot read IP mode file for ITTIA_DB.I-CUBE-ITTIADB.8.9.0
2026-03-16 16:04:27,986 [WARN] PackLoader:240 - Cannot read IP mode file for STMicroelectronics.X-CUBE-NFC6.3.2.0
2026-03-16 16:04:28,041 [WARN] PackLoader:240 - Cannot read IP mode file for STMicroelectronics.X-CUBE-MEMS1.9.5.0
2026-03-16 16:04:28,153 [WARN] PackLoader:240 - Cannot read IP mode file for STMicroelectronics.X-CUBE-ST67W61.1.0.0
2026-03-16 16:04:28,170 [WARN] PackLoader:240 - Cannot read IP mode file for STMicroelectronics.X-CUBE-AI.10.2.0
2026-03-16 16:04:28,199 [WARN] PackLoader:240 - Cannot read IP mode file for SEGGER.I-CUBE-embOS.1.3.1
2026-03-16 16:04:28,231 [WARN] PackLoader:240 - Cannot read IP mode file for STMicroelectronics.X-CUBE-ALGOBUILD.1.4.0
2026-03-16 16:04:28,280 [WARN] PackLoader:240 - Cannot read IP mode file for STMicroelectronics.X-CUBE-MEMS1.11.3.0
2026-03-16 16:04:28,353 [WARN] PackLoader:240 - Cannot read IP mode file for STMicroelectronics.X-CUBE-AI.9.1.0
2026-03-16 16:04:28,369 [WARN] PackLoader:240 - Cannot read IP mode file for STMicroelectronics.X-CUBE-PM33A1.1.0.0
2026-03-16 16:04:28,385 [WARN] PackLoader:240 - Cannot read IP mode file for STMicroelectronics.X-CUBE-GNSS1.6.0.0
2026-03-16 16:04:28,415 [WARN] PackLoader:240 - Cannot read IP mode file for STMicroelectronics.X-CUBE-AZRTOS-F4.1.1.0
2026-03-16 16:04:28,432 [WARN] PackLoader:240 - Cannot read IP mode file for Avnet-IotConnect.X-CUBE-IoTC-DA16k-PMOD.1.0.0
2026-03-16 16:04:28,447 [WARN] PackLoader:240 - Cannot read IP mode file for STMicroelectronics.X-CUBE-ISPU.2.1.0
2026-03-16 16:04:28,465 [ERROR] Engine:466 - C:\Users\abhil\.stm32cubemx\thirdparties\pdsc\STMicroelectronics.X-CUBE-IPS.3.2.0.pdsc: PDSC version is not supported
2026-03-16 16:04:28,480 [WARN] PackLoader:240 - Cannot read IP mode file for STMicroelectronics.X-CUBE-FREERTOS.1.2.0
2026-03-16 16:04:28,497 [WARN] PackLoader:240 - Cannot read IP mode file for STMicroelectronics.X-CUBE-NFC12.1.0.0
2026-03-16 16:04:28,514 [WARN] PackLoader:240 - Cannot read IP mode file for STMicroelectronics.X-CUBE-BLEMGR.1.2.0
2026-03-16 16:04:28,545 [WARN] PackLoader:240 - Cannot read IP mode file for STMicroelectronics.X-CUBE-AZRTOS-L5.2.0.0
2026-03-16 16:04:28,563 [WARN] PackLoader:240 - Cannot read IP mode file for STMicroelectronics.X-CUBE-NFC6.3.1.0
2026-03-16 16:04:28,580 [WARN] PackLoader:240 - Cannot read IP mode file for STMicroelectronics.X-CUBE-BLEMGR.2.0.0
2026-03-16 16:04:28,599 [WARN] PackLoader:240 - Cannot read IP mode file for STMicroelectronics.X-CUBE-DPower.1.2.0
2026-03-16 16:04:28,615 [WARN] PackLoader:240 - Cannot read IP mode file for STMicroelectronics.X-CUBE-NFC4.2.0.4
2026-03-16 16:04:28,629 [WARN] PackLoader:240 - Cannot read IP mode file for STMicroelectronics.X-CUBE-AI.9.0.0
2026-03-16 16:04:28,654 [WARN] ConditionMgr:438 - getConditionDescription Invalid condition id : UX DEVICE CLASS RTOS Condition cause : null
2026-03-16 16:04:28,665 [WARN] ConditionMgr:438 - getConditionDescription Invalid condition id : UX DEVICE CLASS RTOS Condition cause : null
2026-03-16 16:04:28,667 [WARN] PackLoader:240 - Cannot read IP mode file for STMicroelectronics.X-CUBE-AZRTOS-H7.3.1.0
2026-03-16 16:04:28,667 [WARN] ConditionMgr:1044 - genDependencies : Invalid condition id : UX DEVICE CLASS RTOS Condition cause : null
2026-03-16 16:04:28,667 [WARN] ConditionMgr:1044 - genDependencies : Invalid condition id : UX DEVICE CLASS RTOS Condition cause : null
2026-03-16 16:04:28,668 [WARN] ConditionMgr:1044 - genDependencies : Invalid condition id : UX DEVICE CLASS RTOS Condition cause : null
2026-03-16 16:04:28,668 [WARN] ConditionMgr:1044 - genDependencies : Invalid condition id : UX DEVICE CLASS RTOS Condition cause : null
2026-03-16 16:04:28,668 [WARN] ConditionMgr:1044 - genDependencies : Invalid condition id : UX DEVICE CLASS RTOS Condition cause : null
2026-03-16 16:04:28,683 [WARN] PackLoader:240 - Cannot read IP mode file for wolfSSL.I-CUBE-wolfSSL.5.5.1
2026-03-16 16:04:28,697 [WARN] PackLoader:240 - Cannot read IP mode file for STMicroelectronics.X-CUBE-FREERTOS.1.3.1
2026-03-16 16:04:28,717 [WARN] PackLoader:240 - Cannot read IP mode file for STMicroelectronics.X-CUBE-FREERTOS.1.3.0
2026-03-16 16:04:28,736 [WARN] PackLoader:240 - Cannot read IP mode file for STMicroelectronics.X-CUBE-NFC7.1.0.1
2026-03-16 16:04:28,754 [WARN] PackLoader:240 - Cannot read IP mode file for STMicroelectronics.X-CUBE-NFC7.1.0.0
2026-03-16 16:04:28,772 [WARN] PackLoader:240 - Cannot read IP mode file for STMicroelectronics.X-CUBE-TOUCHGFX.4.26.0
2026-03-16 16:04:28,790 [WARN] PackLoader:240 - Cannot read IP mode file for STMicroelectronics.X-CUBE-TOUCHGFX.4.26.1
2026-03-16 16:04:28,809 [WARN] PackLoader:240 - Cannot read IP mode file for STMicroelectronics.X-CUBE-EEPRMA1.4.1.0
2026-03-16 16:04:28,827 [WARN] PackLoader:240 - Cannot read IP mode file for STMicroelectronics.FP-SNS-STAIOTCFT.1.0.0
2026-03-16 16:04:28,843 [WARN] PackLoader:240 - Cannot read IP mode file for STMicroelectronics.X-CUBE-DPower.1.3.0
2026-03-16 16:04:28,877 [WARN] ConditionMgr:438 - getConditionDescription Invalid condition id : LAN8742 Phy interface Condition cause : null
2026-03-16 16:04:28,877 [WARN] PackLoader:240 - Cannot read IP mode file for STMicroelectronics.X-CUBE-AZRTOS-L4.2.0.0
2026-03-16 16:04:28,878 [WARN] ConditionMgr:1044 - genDependencies : Invalid condition id : LAN8742 Phy interface Condition cause : null
2026-03-16 16:04:28,878 [WARN] ConditionMgr:1044 - genDependencies : Invalid condition id : LAN8742 Phy interface Condition cause : null
2026-03-16 16:04:28,878 [WARN] ConditionMgr:1044 - genDependencies : Invalid condition id : LAN8742 Phy interface Condition cause : null
2026-03-16 16:04:28,901 [WARN] PackLoader:240 - Cannot read IP mode file for STMicroelectronics.X-CUBE-SFXS2LP1.4.0.0
2026-03-16 16:04:28,917 [ERROR] Engine:466 - C:\Users\abhil\.stm32cubemx\thirdparties\pdsc\STMicroelectronics.X-CUBE-ST67W61.1.2.0.pdsc: PDSC version is not supported
2026-03-16 16:04:28,931 [WARN] PackLoader:240 - Cannot read IP mode file for STMicroelectronics.X-CUBE-ISPU.1.1.0
2026-03-16 16:04:28,957 [WARN] PackLoader:240 - Cannot read IP mode file for STMicroelectronics.X-CUBE-AZRTOS-H7.3.3.0
2026-03-16 16:04:28,978 [WARN] PackLoader:240 - Cannot read IP mode file for RoweBots.I-CUBE-UNISONRTOS.5.5.0-4
2026-03-16 16:04:29,000 [WARN] PackLoader:240 - Cannot read IP mode file for STMicroelectronics.X-CUBE-BLEMGR.4.1.0
2026-03-16 16:04:29,016 [WARN] PackLoader:240 - Cannot read IP mode file for STMicroelectronics.X-CUBE-AI.8.0.0
2026-03-16 16:04:29,036 [WARN] PackLoader:240 - Cannot read IP mode file for STMicroelectronics.X-CUBE-IPS.3.0.0
2026-03-16 16:04:29,064 [WARN] ConditionMgr:438 - getConditionDescription Invalid condition id : UX DEVICE CLASS RTOS Condition cause : null
2026-03-16 16:04:29,064 [WARN] ConditionMgr:438 - getConditionDescription Invalid condition id : UX DEVICE CLASS RTOS Condition cause : null
2026-03-16 16:04:29,066 [WARN] PackLoader:240 - Cannot read IP mode file for STMicroelectronics.X-CUBE-AZRTOS-WB.2.0.0
2026-03-16 16:04:29,066 [WARN] ConditionMgr:1044 - genDependencies : Invalid condition id : UX DEVICE CLASS RTOS Condition cause : null
2026-03-16 16:04:29,066 [WARN] ConditionMgr:1044 - genDependencies : Invalid condition id : UX DEVICE CLASS RTOS Condition cause : null
2026-03-16 16:04:29,067 [WARN] ConditionMgr:1044 - genDependencies : Invalid condition id : UX DEVICE CLASS RTOS Condition cause : null
2026-03-16 16:04:29,067 [WARN] ConditionMgr:1044 - genDependencies : Invalid condition id : UX DEVICE CLASS RTOS Condition cause : null
2026-03-16 16:04:29,067 [WARN] ConditionMgr:1044 - genDependencies : Invalid condition id : UX DEVICE CLASS RTOS Condition cause : null
2026-03-16 16:04:29,082 [WARN] PackLoader:240 - Cannot read IP mode file for STMicroelectronics.X-CUBE-FREERTOS.1.0.1
2026-03-16 16:04:29,097 [WARN] PackLoader:240 - Cannot read IP mode file for STMicroelectronics.X-CUBE-GNSS1.7.0.0
2026-03-16 16:04:29,111 [WARN] PackLoader:240 - Cannot read IP mode file for STMicroelectronics.X-CUBE-GNSS1.7.0.1
2026-03-16 16:04:29,125 [WARN] PackLoader:240 - Cannot read IP mode file for STMicroelectronics.X-CUBE-TOUCHGFX.4.25.0
2026-03-16 16:04:29,141 [WARN] PackLoader:240 - Cannot read IP mode file for STMicroelectronics.FP-SNS-STBOX1.2.0.0
2026-03-16 16:04:29,159 [WARN] PackLoader:240 - Cannot read IP mode file for STMicroelectronics.X-CUBE-STSE01.2.0.0
2026-03-16 16:04:29,184 [WARN] PackLoader:240 - Cannot read IP mode file for STMicroelectronics.X-CUBE-AZRTOS-L5.1.1.0
2026-03-16 16:04:29,214 [WARN] PackLoader:240 - Cannot read IP mode file for STMicroelectronics.X-CUBE-SUBG2.5.0.0
2026-03-16 16:04:29,245 [WARN] PackLoader:240 - Cannot read IP mode file for STMicroelectronics.X-CUBE-AZRTOS-H7RS.1.1.0
2026-03-16 16:04:29,266 [WARN] PackLoader:240 - Cannot read IP mode file for Cesanta.I-CUBE-Mongoose.7.13.0
2026-03-16 16:04:29,290 [WARN] PackLoader:240 - Cannot read IP mode file for STMicroelectronics.X-CUBE-AZRTOS-G4.2.0.0
2026-03-16 16:04:29,311 [WARN] PackLoader:240 - Cannot read IP mode file for STMicroelectronics.X-CUBE-TOF1.3.3.0
2026-03-16 16:04:29,330 [WARN] PackLoader:240 - Cannot read IP mode file for STMicroelectronics.FP-ATR-ASTRA1.1.1.1
2026-03-16 16:04:29,345 [WARN] PackLoader:240 - Cannot read IP mode file for STMicroelectronics.X-CUBE-NFC7.2.0.0
2026-03-16 16:04:29,371 [WARN] PackLoader:240 - Cannot read IP mode file for STMicroelectronics.X-CUBE-AZRTOS-G4.1.0.0
2026-03-16 16:04:29,399 [WARN] PackLoader:240 - Cannot read IP mode file for STMicroelectronics.X-CUBE-AZRTOS-L4.1.0.0
2026-03-16 16:04:29,414 [WARN] PackLoader:240 - Cannot read IP mode file for STMicroelectronics.X-CUBE-ISPU.2.0.0
2026-03-16 16:04:29,433 [WARN] PackLoader:240 - Cannot read IP mode file for STMicroelectronics.X-CUBE-IPS.3.1.0
2026-03-16 16:04:29,454 [WARN] PackLoader:240 - Cannot read IP mode file for STMicroelectronics.X-CUBE-ALS.1.0.2
2026-03-16 16:04:29,489 [WARN] PackLoader:240 - Cannot read IP mode file for STMicroelectronics.X-CUBE-MEMS1.10.0.0
2026-03-16 16:04:29,587 [WARN] PackLoader:240 - Cannot read IP mode file for STMicroelectronics.X-CUBE-TOUCHGFX.4.24.2
2026-03-16 16:04:29,610 [WARN] PackLoader:240 - Cannot read IP mode file for STMicroelectronics.X-CUBE-AZRTOS-WL.1.0.0
2026-03-16 16:04:29,623 [WARN] PackLoader:240 - Cannot read IP mode file for STMicroelectronics.X-CUBE-TOUCHGFX.4.24.1
2026-03-16 16:04:29,639 [WARN] PackLoader:240 - Cannot read IP mode file for STMicroelectronics.X-CUBE-STSE01.1.0.0
2026-03-16 16:04:29,658 [WARN] PackLoader:240 - Cannot read IP mode file for wolfSSL.I-CUBE-wolfTPM.3.4.0
2026-03-16 16:04:29,680 [WARN] PackLoader:240 - Cannot read IP mode file for portGmbH.I-Cube-SoM-uGOAL.1.1.0
2026-03-16 16:04:29,695 [WARN] PackLoader:240 - Cannot read IP mode file for STMicroelectronics.X-CUBE-ALS.1.0.1
2026-03-16 16:04:29,717 [WARN] PackLoader:240 - Cannot read IP mode file for STMicroelectronics.X-CUBE-AZRTOS-WB.1.1.0
2026-03-16 16:04:29,743 [WARN] PackLoader:240 - Cannot read IP mode file for STMicroelectronics.X-CUBE-AZRTOS-L5.1.0.0
2026-03-16 16:04:29,758 [WARN] PackLoader:240 - Cannot read IP mode file for STMicroelectronics.X-CUBE-EEPRMA1.3.1.1
2026-03-16 16:04:29,785 [WARN] PackLoader:240 - Cannot read IP mode file for STMicroelectronics.X-CUBE-AZRTOS-H7RS.1.0.0
2026-03-16 16:04:29,802 [WARN] PackLoader:240 - Cannot read IP mode file for STMicroelectronics.FP-ATR-ASTRA1.2.0.0
2026-03-16 16:04:29,819 [WARN] PackLoader:240 - Cannot read IP mode file for STMicroelectronics.X-CUBE-TOF1.3.4.2
2026-03-16 16:04:29,843 [WARN] PackLoader:240 - Cannot read IP mode file for STMicroelectronics.X-CUBE-TOF1.3.4.3
2026-03-16 16:04:29,866 [WARN] PackLoader:240 - Cannot read IP mode file for STMicroelectronics.X-CUBE-TOF1.3.4.1
2026-03-16 16:04:29,900 [WARN] PackLoader:240 - Cannot read IP mode file for STMicroelectronics.X-CUBE-AZRTOS-H7.3.2.0
2026-03-16 16:04:29,925 [WARN] PackLoader:240 - Cannot read IP mode file for Infineon.AIROC-Wi-Fi-Bluetooth-STM32.1.6.0
2026-03-16 16:04:29,947 [WARN] PackLoader:240 - Cannot read IP mode file for wolfSSL.I-CUBE-wolfSSH.1.4.17
2026-03-16 16:04:29,948 [INFO] ThirdParty:978 - Integrity check success = true
2026-03-16 16:04:29,948 [INFO] IntegrityCheckThread:100 - exiting critical section [integrity check]
2026-03-16 16:04:29,948 [INFO] IntegrityCheckThread:103 - End integrity checks thread
2026-03-16 18:25:48,504 [ERROR] LogOutputStream:75 - [STDERR_REDIRECT] 
