2026-05-14 01:30:09,455 [INFO] LogOutputStream:77 - [STDOUT_REDIRECT] 
2026-05-14 01:30:11,602 [INFO] ProjectBuilder:5191 - Time for Generating toolchain IDE Files: 3249mS.
2026-05-14 01:30:11,603 [INFO] ProjectBuilder:3181 - Time for Copy CMSIS : 1mS.
2026-05-14 01:30:11,613 [INFO] ProjectBuilder:3181 - Time for Copy CMSIS : 0mS.
2026-05-14 01:44:54,356 [INFO] MainUpdater:2872 - connection check result : 10
2026-05-14 01:44:54,356 [INFO] MainUpdater:2872 - connection check result : 10
2026-05-14 01:44:54,369 [INFO] I2sManager:658 - 1.1875E8
2026-05-14 01:44:54,369 [INFO] I2sManager:195 - I2S Clock Value : 1.1875E8
2026-05-14 01:44:54,369 [INFO] I2sManager:553 - AudioClock : 15995Divider : 116Odd : 0
2026-05-14 01:44:54,372 [INFO] MicroXplorer:468 - Change Database Path : 
2026-05-14 01:44:54,372 [INFO] MicroXplorer:498 - Change Database Version : DB.6.0.141
2026-05-14 01:44:54,396 [ERROR] ProjectManagerView:395 - 
java.lang.NullPointerException: Cannot invoke "javax.swing.JTextField.getText()" because the return value of "java.util.List.get(int)" is null
	at com.st.microxplorer.plugins.projectmanager.gui.ProjectChoiceTab$9.caretUpdate(ProjectChoiceTab.java:2678) ~[filemanager.jar:?]
	at javax.swing.text.JTextComponent.fireCaretUpdate(JTextComponent.java:408) ~[?:?]
	at javax.swing.text.JTextComponent$MutableCaretEvent.fire(JTextComponent.java:4484) ~[?:?]
	at javax.swing.text.JTextComponent$MutableCaretEvent.stateChanged(JTextComponent.java:4506) ~[?:?]
	at javax.swing.text.DefaultCaret.fireStateChanged(DefaultCaret.java:857) ~[?:?]
	at javax.swing.text.DefaultCaret.changeCaretPosition(DefaultCaret.java:1343) ~[?:?]
	at javax.swing.text.DefaultCaret.handleSetDot(DefaultCaret.java:1242) ~[?:?]
	at javax.swing.text.DefaultCaret.setDot(DefaultCaret.java:1223) ~[?:?]
	at javax.swing.text.DefaultCaret$Handler.insertUpdate(DefaultCaret.java:1819) ~[?:?]
	at javax.swing.text.AbstractDocument.fireInsertUpdate(AbstractDocument.java:227) ~[?:?]
	at javax.swing.text.AbstractDocument.handleInsertString(AbstractDocument.java:781) ~[?:?]
	at javax.swing.text.AbstractDocument.insertString(AbstractDocument.java:740) ~[?:?]
	at javax.swing.text.PlainDocument.insertString(PlainDocument.java:131) ~[?:?]
	at javax.swing.text.AbstractDocument.replace(AbstractDocument.java:699) ~[?:?]
	at javax.swing.text.JTextComponent.setText(JTextComponent.java:1725) ~[?:?]
	at com.st.microxplorer.plugins.projectmanager.gui.ProjectChoiceTab.createHeapStackFields(ProjectChoiceTab.java:979) ~[filemanager.jar:?]
	at com.st.microxplorer.plugins.projectmanager.gui.ProjectChoiceTab.buildLinkSettingsPanel(ProjectChoiceTab.java:3766) ~[filemanager.jar:?]
	at com.st.microxplorer.plugins.projectmanager.gui.ProjectChoiceTab.defineWindowsFields(ProjectChoiceTab.java:1962) ~[filemanager.jar:?]
	at com.st.microxplorer.plugins.projectmanager.gui.ProjectChoiceTab.updateSettings(ProjectChoiceTab.java:555) ~[filemanager.jar:?]
	at com.st.microxplorer.plugins.projectmanager.gui.ProjectSettingsPanel.UpdateDialog(ProjectSettingsPanel.java:245) ~[filemanager.jar:?]
	at com.st.microxplorer.plugins.projectmanager.ProjectManagerView.propertyChange(ProjectManagerView.java:392) ~[filemanager.jar:?]
	at java.beans.PropertyChangeSupport.fire(PropertyChangeSupport.java:343) ~[?:?]
	at java.beans.PropertyChangeSupport.firePropertyChange(PropertyChangeSupport.java:335) ~[?:?]
	at java.beans.PropertyChangeSupport.firePropertyChange(PropertyChangeSupport.java:268) ~[?:?]
	at com.st.microxplorer.util.MXPropertyChangeSupport.firePropertyChange(MXPropertyChangeSupport.java:54) ~[STM32CubeMX.jar:?]
	at com.st.microxplorer.mxsystem.MxSystem.closeConfig(MxSystem.java:899) ~[STM32CubeMX.jar:?]
	at com.st.microxplorer.maingui.MainPanel.closeConfig(MainPanel.java:789) ~[STM32CubeMX.jar:?]
	at com.st.microxplorer.plugins.filemanager.engine.OpenFileManager.loadConfigurationFile(OpenFileManager.java:287) ~[filemanager.jar:?]
	at com.st.microxplorer.plugins.filemanager.engine.MainFileManager.userLoadConfig(MainFileManager.java:341) ~[filemanager.jar:?]
	at com.st.microxplorer.plugins.filemanager.engine.MainFileManager.userLoadConfig(MainFileManager.java:319) ~[filemanager.jar:?]
	at com.st.microxplorer.plugins.filemanager.FileManagerView.getSpecificTask(FileManagerView.java:246) ~[filemanager.jar:?]
	at com.st.stm32cube.common.mx.editor.CubeMxEditor.getMxTabbedPaneInstance(CubeMxEditor.java:1198) ~[com.st.stm32cube.common.mx_6.14.1.202504091515/:?]
	at com.st.stm32cube.common.mx.editor.CubeMxEditor$12$1.createSwingComponent(CubeMxEditor.java:1068) ~[com.st.stm32cube.common.mx_6.14.1.202504091515/:?]
	at com.st.stm32cube.common.mx.oss.core.awtswtbridge.EmbeddedSwingComposite.doComponentCreation(EmbeddedSwingComposite.java:492) ~[com.st.stm32cube.common.mx.oss_6.14.1.202504091515/:?]
	at com.st.stm32cube.common.mx.oss.core.awtswtbridge.EmbeddedSwingComposite$4.run(EmbeddedSwingComposite.java:291) ~[com.st.stm32cube.common.mx.oss_6.14.1.202504091515/:?]
	at com.st.stm32cube.common.mx.oss.core.awtswtbridge.AwtEnvironment$2.run(AwtEnvironment.java:166) ~[com.st.stm32cube.common.mx.oss_6.14.1.202504091515/:?]
	at java.awt.event.InvocationEvent.dispatch(InvocationEvent.java:318) ~[?:?]
	at java.awt.EventQueue.dispatchEventImpl(EventQueue.java:773) ~[?:?]
	at java.awt.EventQueue$4.run(EventQueue.java:720) ~[?:?]
	at java.awt.EventQueue$4.run(EventQueue.java:714) ~[?:?]
	at java.security.AccessController.doPrivileged(AccessController.java:400) ~[?:?]
	at java.security.ProtectionDomain$JavaSecurityAccessImpl.doIntersectionPrivilege(ProtectionDomain.java:87) ~[?:?]
	at java.awt.EventQueue.dispatchEvent(EventQueue.java:742) ~[?:?]
	at java.awt.EventDispatchThread.pumpOneEventForFilters(EventDispatchThread.java:203) ~[?:?]
	at java.awt.EventDispatchThread.pumpEventsForFilter(EventDispatchThread.java:124) ~[?:?]
	at java.awt.EventDispatchThread.pumpEventsForHierarchy(EventDispatchThread.java:113) ~[?:?]
	at java.awt.EventDispatchThread.pumpEvents(EventDispatchThread.java:109) ~[?:?]
	at java.awt.EventDispatchThread.pumpEvents(EventDispatchThread.java:101) ~[?:?]
	at java.awt.EventDispatchThread.run(EventDispatchThread.java:90) ~[?:?]
2026-05-14 01:44:54,397 [WARN] ThirdParty:871 - waiting for thirdparty lock release [close project]
2026-05-14 01:44:54,397 [INFO] ThirdParty:873 - entering critical section [close project]
2026-05-14 01:44:54,397 [INFO] ThirdParty:883 - exiting critical section [close project]
2026-05-14 01:44:54,399 [INFO] PinOutPanel:1589 - setPackage(No Configuration,No Configuration)
2026-05-14 01:44:54,407 [WARN] IpParametersView:155 - Warning: This peripheral hasn't parameters
2026-05-14 01:44:54,416 [WARN] MainPanel:289 - <html><b><center>Warning: This peripheral has no parameters to be configured<br></b></html>
2026-05-14 01:44:54,419 [INFO] UtilMem:75 - Begin LoadConfig() Used Memory: 802954016 Bytes (1073741824)
2026-05-14 01:44:54,421 [INFO] MicroXplorer:468 - Change Database Path : 
2026-05-14 01:44:54,422 [INFO] MicroXplorer:498 - Change Database Version : DB.6.0.141
2026-05-14 01:44:54,422 [INFO] OpenFileManager:354 - Change cursor
2026-05-14 01:44:54,445 [INFO] RulesReader:64 - Compatibility file has been processed (302 Rules)
2026-05-14 01:44:54,447 [INFO] Mcu:2011 - Initializing MCU STM32F411C(C-E)Ux STM32F411CEUx STM32F411CEU6
2026-05-14 01:44:55,453 [INFO] Context:756 - Trying to add GPIOservice into a context  which must be forbidden
2026-05-14 01:44:55,835 [INFO] ImportTextPane:218 - (OptionalMessage_ERROR) Pin26 (VP_RIF_VS_RIF1) cannot be retrieved for this MCU
2026-05-14 01:44:55,942 [INFO] RtosManager:558 - Registered RTOS mode: class=CMSIS, group=RTOS, mode=CMSIS_V1, owner=FREERTOS
2026-05-14 01:44:55,942 [INFO] RtosManager:558 - Registered RTOS mode: class=CMSIS, group=RTOS2, mode=CMSIS_V2, owner=FREERTOS
2026-05-14 01:44:55,942 [INFO] RtosManager:558 - Registered RTOS mode: class=RTOS, group=Core, mode=CMSIS_V1, owner=FREERTOS
2026-05-14 01:44:55,942 [INFO] RtosManager:558 - Registered RTOS mode: class=RTOS, group=Core, mode=CMSIS_V2, owner=FREERTOS
2026-05-14 01:44:55,942 [WARN] ModelIntegratedComponent:184 - Missing modes for component STMicroelectronics:FreeRTOS:0.0.1:STMicroelectronics:RTOS:FreeRTOS:Core:::10.2.0:
2026-05-14 01:44:55,947 [WARN] ModelIntegratedComponent:63 - No mode defined for component null
2026-05-14 01:44:55,948 [WARN] ModelIntegratedComponent:63 - No mode defined for component null
2026-05-14 01:44:55,948 [WARN] ModelIntegratedComponent:63 - No mode defined for component null
2026-05-14 01:44:55,948 [WARN] ModelIntegratedComponent:63 - No mode defined for component null
2026-05-14 01:44:55,948 [WARN] ModelIntegratedComponent:63 - No mode defined for component null
2026-05-14 01:44:55,948 [WARN] ModelIntegratedComponent:63 - No mode defined for component null
2026-05-14 01:44:55,948 [WARN] ModelIntegratedComponent:63 - No mode defined for component null
2026-05-14 01:44:55,948 [WARN] ModelIntegratedComponent:63 - No mode defined for component null
2026-05-14 01:44:55,948 [WARN] ModelIntegratedComponent:63 - No mode defined for component null
2026-05-14 01:44:55,948 [WARN] ModelIntegratedComponent:63 - No mode defined for component null
2026-05-14 01:44:55,948 [WARN] ModelIntegratedComponent:63 - No mode defined for component null
2026-05-14 01:44:55,948 [WARN] ModelIntegratedComponent:63 - No mode defined for component null
2026-05-14 01:44:55,948 [WARN] ModelIntegratedComponent:63 - No mode defined for component null
2026-05-14 01:44:55,948 [WARN] ModelIntegratedComponent:63 - No mode defined for component null
2026-05-14 01:44:55,948 [WARN] ModelIntegratedComponent:63 - No mode defined for component null
2026-05-14 01:44:55,948 [WARN] ModelIntegratedComponent:63 - No mode defined for component null
2026-05-14 01:44:55,948 [WARN] ModelIntegratedComponent:63 - No mode defined for component null
2026-05-14 01:44:55,948 [WARN] ModelIntegratedComponent:63 - No mode defined for component null
2026-05-14 01:44:55,948 [WARN] ModelIntegratedComponent:63 - No mode defined for component null
2026-05-14 01:44:55,948 [WARN] ModelIntegratedComponent:63 - No mode defined for component null
2026-05-14 01:44:55,948 [WARN] ModelIntegratedComponent:63 - No mode defined for component null
2026-05-14 01:44:55,948 [WARN] ModelIntegratedComponent:63 - No mode defined for component null
2026-05-14 01:44:55,948 [WARN] ModelIntegratedComponent:63 - No mode defined for component null
2026-05-14 01:44:55,948 [WARN] ModelIntegratedComponent:63 - No mode defined for component null
2026-05-14 01:44:55,948 [WARN] ModelIntegratedComponent:63 - No mode defined for component null
2026-05-14 01:44:55,948 [WARN] ModelIntegratedComponent:63 - No mode defined for component null
2026-05-14 01:44:55,948 [WARN] ModelIntegratedComponent:63 - No mode defined for component null
2026-05-14 01:44:55,948 [WARN] ModelIntegratedComponent:63 - No mode defined for component null
2026-05-14 01:44:55,948 [WARN] ModelIntegratedComponent:63 - No mode defined for component null
2026-05-14 01:44:55,948 [WARN] ModelIntegratedComponent:63 - No mode defined for component null
2026-05-14 01:44:55,948 [WARN] ModelIntegratedComponent:63 - No mode defined for component null
2026-05-14 01:44:55,948 [WARN] ModelIntegratedComponent:63 - No mode defined for component null
2026-05-14 01:44:55,948 [WARN] ModelIntegratedComponent:63 - No mode defined for component null
2026-05-14 01:44:55,948 [WARN] ModelIntegratedComponent:63 - No mode defined for component null
2026-05-14 01:44:55,948 [WARN] ModelIntegratedComponent:63 - No mode defined for component null
2026-05-14 01:44:55,948 [WARN] ModelPack:524 - Component already loaded: STMicroelectronics:HAL Drivers:0.0.0:STMicroelectronics:Device:STMicro_Driver:XSPI:HAL::0.0.1:HAL_XSPI
2026-05-14 01:44:56,037 [WARN] ModelIntegratedComponent:182 - Modes not found for component STMicroelectronics:USB_DEVICE:1.0.0:STMicroelectronics:USB::USB Device:Audio HS::1.0:USB_DEVICE_1_0_RESTRICTED_HS
2026-05-14 01:44:56,037 [WARN] ModelIntegratedComponent:188 - Modes not found for component STMicroelectronics:USB_DEVICE:1.0.0:STMicroelectronics:USB::USB Device:Audio HS::1.0:USB_DEVICE_1_0_RESTRICTED_HS
2026-05-14 01:44:56,037 [WARN] ModelIntegratedComponent:182 - Modes not found for component STMicroelectronics:USB_DEVICE:1.0.0:STMicroelectronics:USB::USB Device:CDC HS::1.0:USB_DEVICE_1_0_RESTRICTED_HS
2026-05-14 01:44:56,037 [WARN] ModelIntegratedComponent:188 - Modes not found for component STMicroelectronics:USB_DEVICE:1.0.0:STMicroelectronics:USB::USB Device:CDC HS::1.0:USB_DEVICE_1_0_RESTRICTED_HS
2026-05-14 01:44:56,037 [WARN] ModelIntegratedComponent:182 - Modes not found for component STMicroelectronics:USB_DEVICE:1.0.0:STMicroelectronics:USB::USB Device:DFU HS::1.0:USB_DEVICE_1_0_RESTRICTED_HS
2026-05-14 01:44:56,037 [WARN] ModelIntegratedComponent:188 - Modes not found for component STMicroelectronics:USB_DEVICE:1.0.0:STMicroelectronics:USB::USB Device:DFU HS::1.0:USB_DEVICE_1_0_RESTRICTED_HS
2026-05-14 01:44:56,037 [WARN] ModelIntegratedComponent:182 - Modes not found for component STMicroelectronics:USB_DEVICE:1.0.0:STMicroelectronics:USB::USB Device:HID HS::1.0:USB_DEVICE_1_0_RESTRICTED_HS
2026-05-14 01:44:56,037 [WARN] ModelIntegratedComponent:188 - Modes not found for component STMicroelectronics:USB_DEVICE:1.0.0:STMicroelectronics:USB::USB Device:HID HS::1.0:USB_DEVICE_1_0_RESTRICTED_HS
2026-05-14 01:44:56,037 [WARN] ModelIntegratedComponent:182 - Modes not found for component STMicroelectronics:USB_DEVICE:1.0.0:STMicroelectronics:USB::USB Device:Custom HID HS::1.0:USB_DEVICE_1_0_RESTRICTED_HS
2026-05-14 01:44:56,037 [WARN] ModelIntegratedComponent:188 - Modes not found for component STMicroelectronics:USB_DEVICE:1.0.0:STMicroelectronics:USB::USB Device:Custom HID HS::1.0:USB_DEVICE_1_0_RESTRICTED_HS
2026-05-14 01:44:56,037 [WARN] ModelIntegratedComponent:182 - Modes not found for component STMicroelectronics:USB_DEVICE:1.0.0:STMicroelectronics:USB::USB Device:MSC HS::1.0:USB_DEVICE_1_0_RESTRICTED_HS
2026-05-14 01:44:56,037 [WARN] ModelIntegratedComponent:188 - Modes not found for component STMicroelectronics:USB_DEVICE:1.0.0:STMicroelectronics:USB::USB Device:MSC HS::1.0:USB_DEVICE_1_0_RESTRICTED_HS
2026-05-14 01:44:56,130 [WARN] ModelIntegratedComponent:182 - Modes not found for component STMicroelectronics:USB_HOST:1.0.0:STMicroelectronics:USB::USB Host:Audio HS::1.0:USB_HOST_1_0_RESTRICTED_HS
2026-05-14 01:44:56,130 [WARN] ModelIntegratedComponent:188 - Modes not found for component STMicroelectronics:USB_HOST:1.0.0:STMicroelectronics:USB::USB Host:Audio HS::1.0:USB_HOST_1_0_RESTRICTED_HS
2026-05-14 01:44:56,130 [WARN] ModelIntegratedComponent:182 - Modes not found for component STMicroelectronics:USB_HOST:1.0.0:STMicroelectronics:USB::USB Host:CDC HS::1.0:USB_HOST_1_0_RESTRICTED_HS
2026-05-14 01:44:56,130 [WARN] ModelIntegratedComponent:188 - Modes not found for component STMicroelectronics:USB_HOST:1.0.0:STMicroelectronics:USB::USB Host:CDC HS::1.0:USB_HOST_1_0_RESTRICTED_HS
2026-05-14 01:44:56,130 [WARN] ModelIntegratedComponent:182 - Modes not found for component STMicroelectronics:USB_HOST:1.0.0:STMicroelectronics:USB::USB Host:MSC HS::1.0:USB_HOST_1_0_RESTRICTED_HS
2026-05-14 01:44:56,130 [WARN] ModelIntegratedComponent:188 - Modes not found for component STMicroelectronics:USB_HOST:1.0.0:STMicroelectronics:USB::USB Host:MSC HS::1.0:USB_HOST_1_0_RESTRICTED_HS
2026-05-14 01:44:56,130 [WARN] ModelIntegratedComponent:182 - Modes not found for component STMicroelectronics:USB_HOST:1.0.0:STMicroelectronics:USB::USB Host:HID HS::1.0:USB_HOST_1_0_RESTRICTED_HS
2026-05-14 01:44:56,130 [WARN] ModelIntegratedComponent:188 - Modes not found for component STMicroelectronics:USB_HOST:1.0.0:STMicroelectronics:USB::USB Host:HID HS::1.0:USB_HOST_1_0_RESTRICTED_HS
2026-05-14 01:44:56,130 [WARN] ModelIntegratedComponent:182 - Modes not found for component STMicroelectronics:USB_HOST:1.0.0:STMicroelectronics:USB::USB Host:MTP HS::1.0:USB_HOST_1_0_RESTRICTED_HS
2026-05-14 01:44:56,130 [WARN] ModelIntegratedComponent:188 - Modes not found for component STMicroelectronics:USB_HOST:1.0.0:STMicroelectronics:USB::USB Host:MTP HS::1.0:USB_HOST_1_0_RESTRICTED_HS
2026-05-14 01:44:56,376 [INFO] ThirdPartyModel:298 - Start build external matchings
2026-05-14 01:45:01,579 [INFO] ThirdPartyModel:316 - End build external matchings
2026-05-14 01:45:01,731 [INFO] ImportTextPane:218 - (OptionalMessage_ERROR) IP (DMA) : Parameter (Instance) has Id (SPI2_TX) currently not set
2026-05-14 01:45:01,731 [INFO] ImportTextPane:218 - (OptionalMessage_ERROR) IP (DMA) : Parameter (Channel) has Id (SPI2_TX) currently not set
2026-05-14 01:45:01,731 [INFO] ImportTextPane:218 - (OptionalMessage_ERROR) IP (DMA) : Parameter (Direction) has Id (SPI2_TX) currently not set
2026-05-14 01:45:01,731 [INFO] ImportTextPane:218 - (OptionalMessage_ERROR) IP (DMA) : Parameter (PeriphInc) has Id (SPI2_TX) currently not set
2026-05-14 01:45:01,731 [INFO] ImportTextPane:218 - (OptionalMessage_ERROR) IP (DMA) : Parameter (MemInc) has Id (SPI2_TX) currently not set
2026-05-14 01:45:01,732 [INFO] ImportTextPane:218 - (OptionalMessage_ERROR) IP (DMA) : Parameter (PeriphDataAlignment) has Id (SPI2_TX) currently not set
2026-05-14 01:45:01,733 [INFO] ImportTextPane:218 - (OptionalMessage_ERROR) IP (DMA) : Parameter (MemDataAlignment) has Id (SPI2_TX) currently not set
2026-05-14 01:45:01,733 [INFO] ImportTextPane:218 - (OptionalMessage_ERROR) IP (DMA) : Parameter (Mode) has Id (SPI2_TX) currently not set
2026-05-14 01:45:01,733 [INFO] ImportTextPane:218 - (OptionalMessage_ERROR) IP (DMA) : Parameter (Priority) has Id (SPI2_TX) currently not set
2026-05-14 01:45:01,733 [INFO] ImportTextPane:218 - (OptionalMessage_ERROR) IP (DMA) : Parameter (FIFOMode) has Id (SPI2_TX) currently not set
2026-05-14 01:45:01,733 [INFO] ImportTextPane:218 - (OptionalMessage_ERROR) IP (DMA) : Parameter (Instance) has Id (ADC1) currently not set
2026-05-14 01:45:01,734 [INFO] ImportTextPane:218 - (OptionalMessage_ERROR) IP (DMA) : Parameter (Channel) has Id (ADC1) currently not set
2026-05-14 01:45:01,734 [INFO] ImportTextPane:218 - (OptionalMessage_ERROR) IP (DMA) : Parameter (Direction) has Id (ADC1) currently not set
2026-05-14 01:45:01,734 [INFO] ImportTextPane:218 - (OptionalMessage_ERROR) IP (DMA) : Parameter (PeriphInc) has Id (ADC1) currently not set
2026-05-14 01:45:01,734 [INFO] ImportTextPane:218 - (OptionalMessage_ERROR) IP (DMA) : Parameter (MemInc) has Id (ADC1) currently not set
2026-05-14 01:45:01,734 [INFO] ImportTextPane:218 - (OptionalMessage_ERROR) IP (DMA) : Parameter (PeriphDataAlignment) has Id (ADC1) currently not set
2026-05-14 01:45:01,734 [INFO] ImportTextPane:218 - (OptionalMessage_ERROR) IP (DMA) : Parameter (MemDataAlignment) has Id (ADC1) currently not set
2026-05-14 01:45:01,734 [INFO] ImportTextPane:218 - (OptionalMessage_ERROR) IP (DMA) : Parameter (Mode) has Id (ADC1) currently not set
2026-05-14 01:45:01,734 [INFO] ImportTextPane:218 - (OptionalMessage_ERROR) IP (DMA) : Parameter (Priority) has Id (ADC1) currently not set
2026-05-14 01:45:01,734 [INFO] ImportTextPane:218 - (OptionalMessage_ERROR) IP (DMA) : Parameter (FIFOMode) has Id (ADC1) currently not set
2026-05-14 01:45:01,741 [INFO] ImportTextPane:218 - (OptionalMessage_ERROR) IP (RCC) : Parameter (RTCHSEDivFreq_Value) has invalid value (12500000)
2026-05-14 01:45:01,759 [WARN] IP:2250 - DEVICE_SERIAL0_HID_FS not found: check if there is a RefParameter without a condition.
2026-05-14 01:45:01,759 [WARN] IP:2250 - DEVICE_SERIAL1_HID_FS not found: check if there is a RefParameter without a condition.
2026-05-14 01:45:01,759 [WARN] IP:2250 - DEVICE_SERIAL2_HID_FS not found: check if there is a RefParameter without a condition.
2026-05-14 01:45:02,026 [INFO] UtilMem:75 - End LoadConfig() Used Memory: 979435656 Bytes (1073741824)
2026-05-14 01:45:02,044 [WARN] ThirdParty:833 - waiting for thirdparty lock release [change project]
2026-05-14 01:45:02,044 [INFO] ThirdParty:835 - entering critical section [change project]
2026-05-14 01:45:02,044 [INFO] ThirdParty:1030 - CMSIS Pack Vendor :STMicroelectronics X-CUBE-AZRTOS-H7 3.5.0
2026-05-14 01:45:02,044 [INFO] ThirdParty:1030 - CMSIS Pack Vendor :STMicroelectronics X-CUBE-PM33A1 1.0.0
2026-05-14 01:45:02,044 [INFO] ThirdParty:1030 - CMSIS Pack Vendor :STMicroelectronics USBPD 4.1
2026-05-14 01:45:02,044 [INFO] ThirdParty:1030 - CMSIS Pack Vendor :STMicroelectronics X-CUBE-GNSS1 6.0.0
2026-05-14 01:45:02,044 [INFO] ThirdParty:1030 - CMSIS Pack Vendor :STMicroelectronics USB_HOST 2.0.0
2026-05-14 01:45:02,044 [INFO] ThirdParty:1030 - CMSIS Pack Vendor :STMicroelectronics FP-SNS-MOTENVWB1 1.4.0
2026-05-14 01:45:02,044 [INFO] ThirdParty:1030 - CMSIS Pack Vendor :STMicroelectronics X-CUBE-AZRTOS-F4 1.1.0
2026-05-14 01:45:02,045 [INFO] ThirdParty:1030 - CMSIS Pack Vendor :STMicroelectronics LIBJPEG 8.0.0
2026-05-14 01:45:02,045 [INFO] ThirdParty:1030 - CMSIS Pack Vendor :STMicroelectronics FP-ATR-ASTRA1 2.0.2
2026-05-14 01:45:02,045 [INFO] ThirdParty:1030 - CMSIS Pack Vendor :STMicroelectronics FP-ATR-ASTRA1 2.0.1
2026-05-14 01:45:02,045 [INFO] ThirdParty:1030 - CMSIS Pack Vendor :Avnet-IotConnect X-CUBE-IoTC-DA16k-PMOD 1.0.0
2026-05-14 01:45:02,045 [INFO] ThirdParty:1030 - CMSIS Pack Vendor :STMicroelectronics X-CUBE-SMBUS 2.1.0
2026-05-14 01:45:02,045 [INFO] ThirdParty:1030 - CMSIS Pack Vendor :STMicroelectronics X-CUBE-WB05N 1.1.0
2026-05-14 01:45:02,045 [INFO] ThirdParty:1030 - CMSIS Pack Vendor :STMicroelectronics X-CUBE-ISPU 2.1.0
2026-05-14 01:45:02,045 [INFO] ThirdParty:1030 - CMSIS Pack Vendor :STMicroelectronics eDS-WB_DPC_TT-BIDIR 2.1.1
2026-05-14 01:45:02,045 [INFO] ThirdParty:1030 - CMSIS Pack Vendor :STMicroelectronics X-CUBE-FREERTOS 1.2.0
2026-05-14 01:45:02,045 [INFO] ThirdParty:1030 - CMSIS Pack Vendor :STMicroelectronics X-CUBE-ST60 1.0.0
2026-05-14 01:45:02,045 [INFO] ThirdParty:1030 - CMSIS Pack Vendor :STMicroelectronics X-CUBE-NFC12 1.0.0
2026-05-14 01:45:02,045 [INFO] ThirdParty:1030 - CMSIS Pack Vendor :STMicroelectronics X-CUBE-BLEMGR 1.2.0
2026-05-14 01:45:02,045 [INFO] ThirdParty:1030 - CMSIS Pack Vendor :STMicroelectronics X-CUBE-TOUCHGFX 4.23.2
2026-05-14 01:45:02,045 [INFO] ThirdParty:1030 - CMSIS Pack Vendor :STMicroelectronics X-CUBE-AZRTOS-F7 1.1.0
2026-05-14 01:45:02,045 [INFO] ThirdParty:1030 - CMSIS Pack Vendor :STMicroelectronics X-CUBE-AZRTOS-L5 2.0.0
2026-05-14 01:45:02,045 [INFO] ThirdParty:1030 - CMSIS Pack Vendor :STMicroelectronics USB_DEVICE 2.0.0
2026-05-14 01:45:02,045 [INFO] ThirdParty:1030 - CMSIS Pack Vendor :STMicroelectronics X-CUBE-NFC6 3.1.0
2026-05-14 01:45:02,045 [INFO] ThirdParty:1030 - CMSIS Pack Vendor :STMicroelectronics X-CUBE-BLE1 6.2.3
2026-05-14 01:45:02,045 [INFO] ThirdParty:1030 - CMSIS Pack Vendor :STMicroelectronics X-CUBE-MEMS1 11.0.0
2026-05-14 01:45:02,045 [INFO] ThirdParty:1030 - CMSIS Pack Vendor :STMicroelectronics X-CUBE-BLE1 6.2.4
2026-05-14 01:45:02,045 [INFO] ThirdParty:1030 - CMSIS Pack Vendor :STMicroelectronics FreeRTOS 0.0.1
2026-05-14 01:45:02,045 [INFO] ThirdParty:1030 - CMSIS Pack Vendor :STMicroelectronics X-CUBE-BLEMGR 2.0.0
2026-05-14 01:45:02,045 [INFO] ThirdParty:1030 - CMSIS Pack Vendor :STMicroelectronics X-CUBE-DPower 1.2.0
2026-05-14 01:45:02,045 [INFO] ThirdParty:1030 - CMSIS Pack Vendor :STMicroelectronics eDS-WB_DPC_VIENNA 1.2.0
2026-05-14 01:45:02,045 [INFO] ThirdParty:1030 - CMSIS Pack Vendor :STMicroelectronics FP-SNS-FLIGHT1 5.0.2
2026-05-14 01:45:02,045 [INFO] ThirdParty:1030 - CMSIS Pack Vendor :STMicroelectronics eDS-WB_DPC_3PH2L-BIDIR 1.1.1
2026-05-14 01:45:02,045 [INFO] ThirdParty:1030 - CMSIS Pack Vendor :STMicroelectronics X-CUBE-NFC4 2.0.4
2026-05-14 01:45:02,045 [INFO] ThirdParty:1030 - CMSIS Pack Vendor :STMicroelectronics X-CUBE-AI 9.0.0
2026-05-14 01:45:02,045 [INFO] ThirdParty:1030 - CMSIS Pack Vendor :STMicroelectronics X-CUBE-AZRTOS-H7 3.1.0
2026-05-14 01:45:02,045 [INFO] ThirdParty:1030 - CMSIS Pack Vendor :STMicroelectronics PDM2PCM 3.3.0
2026-05-14 01:45:02,045 [INFO] ThirdParty:1030 - CMSIS Pack Vendor :STMicroelectronics X-CUBE-TOF1 3.1.0
2026-05-14 01:45:02,045 [INFO] ThirdParty:1030 - CMSIS Pack Vendor :STMicroelectronics X-CUBE-AZRTOS-H7 3.4.0
2026-05-14 01:45:02,045 [INFO] ThirdParty:1030 - CMSIS Pack Vendor :STMicroelectronics X-CUBE-DISPLAY 3.0.0
2026-05-14 01:45:02,045 [INFO] ThirdParty:1030 - CMSIS Pack Vendor :STMicroelectronics X-CUBE-GNSS1 7.1.1
2026-05-14 01:45:02,045 [INFO] ThirdParty:1030 - CMSIS Pack Vendor :STMicroelectronics X-CUBE-BLE1 7.0.0
2026-05-14 01:45:02,045 [INFO] ThirdParty:1030 - CMSIS Pack Vendor :STMicroelectronics X-CUBE-NFC10 1.0.0
2026-05-14 01:45:02,046 [INFO] ThirdParty:1030 - CMSIS Pack Vendor :wolfSSL I-CUBE-wolfSSL 5.5.1
2026-05-14 01:45:02,046 [INFO] ThirdParty:1030 - CMSIS Pack Vendor :STMicroelectronics X-CUBE-BLEMGR 4.0.0
2026-05-14 01:45:02,046 [INFO] ThirdParty:1030 - CMSIS Pack Vendor :STMicroelectronics X-CUBE-FREERTOS 1.3.1
2026-05-14 01:45:02,046 [INFO] ThirdParty:1030 - CMSIS Pack Vendor :STMicroelectronics HAL Drivers 0.0.0
2026-05-14 01:45:02,046 [INFO] ThirdParty:1030 - CMSIS Pack Vendor :STMicroelectronics X-CUBE-ST60 1.1.0
2026-05-14 01:45:02,046 [INFO] ThirdParty:1030 - CMSIS Pack Vendor :STMicroelectronics X-CUBE-FREERTOS 1.3.0
2026-05-14 01:45:02,046 [INFO] ThirdParty:1030 - CMSIS Pack Vendor :STMicroelectronics X-CUBE-NFC7 1.0.1
2026-05-14 01:45:02,046 [INFO] ThirdParty:1030 - CMSIS Pack Vendor :STMicroelectronics MBEDTLS 2.14.1
2026-05-14 01:45:02,046 [INFO] ThirdParty:1030 - CMSIS Pack Vendor :STMicroelectronics X-CUBE-GNSS1 7.1.0
2026-05-14 01:45:02,046 [INFO] ThirdParty:1030 - CMSIS Pack Vendor :STMicroelectronics X-CUBE-NFC7 1.0.0
2026-05-14 01:45:02,046 [INFO] ThirdParty:1030 - CMSIS Pack Vendor :STMicroelectronics X-CUBE-TOUCHGFX 4.26.0
2026-05-14 01:45:02,046 [INFO] ThirdParty:1030 - CMSIS Pack Vendor :STMicroelectronics X-CUBE-MEMS1 9.3.0
2026-05-14 01:45:02,046 [INFO] ThirdParty:1030 - CMSIS Pack Vendor :STMicroelectronics X-CUBE-TOUCHGFX 4.26.1
2026-05-14 01:45:02,046 [INFO] ThirdParty:1030 - CMSIS Pack Vendor :STMicroelectronics X-CUBE-EEPRMA1 4.1.0
2026-05-14 01:45:02,046 [INFO] ThirdParty:1030 - CMSIS Pack Vendor :STMicroelectronics X-CUBE-AI 7.2.0
2026-05-14 01:45:02,046 [INFO] ThirdParty:1030 - CMSIS Pack Vendor :STMicroelectronics X-CUBE-BLEMGR 3.1.0
2026-05-14 01:45:02,046 [INFO] ThirdParty:1030 - CMSIS Pack Vendor :STMicroelectronics X-CUBE-AI 10.0.0
2026-05-14 01:45:02,046 [INFO] ThirdParty:1030 - CMSIS Pack Vendor :STMicroelectronics FP-SNS-STAIOTCFT 1.0.0
2026-05-14 01:45:02,046 [INFO] ThirdParty:1030 - CMSIS Pack Vendor :STMicroelectronics FP-SNS-SMARTAG2 1.2.0
2026-05-14 01:45:02,046 [INFO] ThirdParty:1030 - CMSIS Pack Vendor :STMicroelectronics FP-SNS-FLIGHT1 5.1.0
2026-05-14 01:45:02,046 [INFO] ThirdParty:1030 - CMSIS Pack Vendor :STMicroelectronics X-CUBE-MEMS1 11.1.0
2026-05-14 01:45:02,046 [INFO] ThirdParty:1030 - CMSIS Pack Vendor :STMicroelectronics X-CUBE-AZRTOS-WL 2.0.0
2026-05-14 01:45:02,046 [INFO] ThirdParty:1030 - CMSIS Pack Vendor :STMicroelectronics X-CUBE-DPower 1.3.0
2026-05-14 01:45:02,046 [INFO] ThirdParty:1030 - CMSIS Pack Vendor :STMicroelectronics FP-SNS-MOTENV1 5.0.0
2026-05-14 01:45:02,046 [INFO] ThirdParty:1030 - CMSIS Pack Vendor :STMicroelectronics USB_DEVICE 1.0.0
2026-05-14 01:45:02,046 [INFO] ThirdParty:1030 - CMSIS Pack Vendor :STMicroelectronics X-CUBE-AZRTOS-H7RS 1.2.0
2026-05-14 01:45:02,046 [INFO] ThirdParty:1030 - CMSIS Pack Vendor :wolfSSL I-CUBE-wolfMQTT 1.19.0
2026-05-14 01:45:02,046 [INFO] ThirdParty:1030 - CMSIS Pack Vendor :STMicroelectronics X-CUBE-AZRTOS-L4 2.0.0
2026-05-14 01:45:02,046 [INFO] ThirdParty:1030 - CMSIS Pack Vendor :STMicroelectronics ThreadX 0.0.2
2026-05-14 01:45:02,046 [INFO] ThirdParty:1030 - CMSIS Pack Vendor :WES I-CUBE-Cesium 1.3.0
2026-05-14 01:45:02,046 [INFO] ThirdParty:1030 - CMSIS Pack Vendor :STMicroelectronics lwIP 2.1.2
2026-05-14 01:45:02,046 [INFO] ThirdParty:1030 - CMSIS Pack Vendor :STMicroelectronics X-CUBE-SFXS2LP1 4.0.0
2026-05-14 01:45:02,046 [INFO] ThirdParty:1030 - CMSIS Pack Vendor :STMicroelectronics X-CUBE-BLE2 3.3.0
2026-05-14 01:45:02,046 [INFO] ThirdParty:1030 - CMSIS Pack Vendor :Avnet-IOTCONNECT X-CUBE-iotc-st67-sdk 1.0.0
2026-05-14 01:45:02,046 [INFO] ThirdParty:1030 - CMSIS Pack Vendor :STMicroelectronics X-CUBE-DISPLAY 2.2.0
2026-05-14 01:45:02,046 [INFO] ThirdParty:1030 - CMSIS Pack Vendor :STMicroelectronics X-CUBE-TOF1 3.2.0
2026-05-14 01:45:02,046 [INFO] ThirdParty:1030 - CMSIS Pack Vendor :STMicroelectronics PDM2PCM 3.2.0
2026-05-14 01:45:02,046 [INFO] ThirdParty:1030 - CMSIS Pack Vendor :STMicroelectronics X-CUBE-ISPU 1.0.0
2026-05-14 01:45:02,047 [INFO] ThirdParty:1030 - CMSIS Pack Vendor :STMicroelectronics X-CUBE-WB05N 2.1.0
2026-05-14 01:45:02,047 [INFO] ThirdParty:1030 - CMSIS Pack Vendor :STMicroelectronics X-CUBE-ISPU 1.1.0
2026-05-14 01:45:02,047 [INFO] ThirdParty:1030 - CMSIS Pack Vendor :STMicroelectronics X-CUBE-AZRTOS-H7 3.3.0
2026-05-14 01:45:02,047 [INFO] ThirdParty:1030 - CMSIS Pack Vendor :RoweBots I-CUBE-UNISONRTOS 5.5.0-4
2026-05-14 01:45:02,047 [INFO] ThirdParty:1030 - CMSIS Pack Vendor :STMicroelectronics X-CUBE-NFC9 1.0.0
2026-05-14 01:45:02,047 [INFO] ThirdParty:1030 - CMSIS Pack Vendor :STMicroelectronics X-CUBE-AZRTOS-H7 2.1.0
2026-05-14 01:45:02,047 [INFO] ThirdParty:1030 - CMSIS Pack Vendor :STMicroelectronics X-CUBE-BLE1 7.1.0
2026-05-14 01:45:02,047 [INFO] ThirdParty:1030 - CMSIS Pack Vendor :STMicroelectronics USB_DEVICE 3.0.0
2026-05-14 01:45:02,047 [INFO] ThirdParty:1030 - CMSIS Pack Vendor :STMicroelectronics X-CUBE-TCPP 4.1.0
2026-05-14 01:45:02,047 [INFO] ThirdParty:1030 - CMSIS Pack Vendor :STMicroelectronics X-CUBE-EEPRMA1 5.2.0
2026-05-14 01:45:02,047 [INFO] ThirdParty:1030 - CMSIS Pack Vendor :STMicroelectronics X-CUBE-BLEMGR 4.1.0
2026-05-14 01:45:02,047 [INFO] ThirdParty:1030 - CMSIS Pack Vendor :STMicroelectronics X-CUBE-AI 8.0.0
2026-05-14 01:45:02,047 [INFO] ThirdParty:1030 - CMSIS Pack Vendor :STMicroelectronics X-CUBE-IPS 3.0.0
2026-05-14 01:45:02,047 [INFO] ThirdParty:1030 - CMSIS Pack Vendor :STMicroelectronics X-CUBE-AZRTOS-WB 2.0.0
2026-05-14 01:45:02,047 [INFO] ThirdParty:1030 - CMSIS Pack Vendor :STMicroelectronics X-CUBE-FREERTOS 1.0.1
2026-05-14 01:45:02,047 [INFO] ThirdParty:1030 - CMSIS Pack Vendor :STMicroelectronics X-CUBE-GNSS1 7.0.0
2026-05-14 01:45:02,047 [INFO] ThirdParty:1030 - CMSIS Pack Vendor :STMicroelectronics X-CUBE-GNSS1 7.0.1
2026-05-14 01:45:02,047 [INFO] ThirdParty:1030 - CMSIS Pack Vendor :STMicroelectronics X-CUBE-TOUCHGFX 4.21.3
2026-05-14 01:45:02,047 [INFO] ThirdParty:1030 - CMSIS Pack Vendor :STMicroelectronics X-CUBE-TOUCHGFX 4.25.0
2026-05-14 01:45:02,047 [INFO] ThirdParty:1030 - CMSIS Pack Vendor :STMicroelectronics X-CUBE-AI 7.3.0
2026-05-14 01:45:02,047 [INFO] ThirdParty:1030 - CMSIS Pack Vendor :STMicroelectronics X-CUBE-AI 10.1.0
2026-05-14 01:45:02,047 [INFO] ThirdParty:1030 - CMSIS Pack Vendor :STMicroelectronics FP-SNS-STBOX1 2.0.0
2026-05-14 01:45:02,047 [INFO] ThirdParty:1030 - CMSIS Pack Vendor :STMicroelectronics X-CUBE-MEMS1 12.0.0
2026-05-14 01:45:02,047 [INFO] ThirdParty:1030 - CMSIS Pack Vendor :STMicroelectronics X-CUBE-ALGOBUILD 1.3.0
2026-05-14 01:45:02,047 [INFO] ThirdParty:1030 - CMSIS Pack Vendor :STMicroelectronics X-CUBE-STSE01 2.0.0
2026-05-14 01:45:02,047 [INFO] ThirdParty:1030 - CMSIS Pack Vendor :STMicroelectronics X-CUBE-AZRTOS-L5 1.1.0
2026-05-14 01:45:02,047 [INFO] ThirdParty:1030 - CMSIS Pack Vendor :STMicroelectronics X-CUBE-MEMS1 11.2.0
2026-05-14 01:45:02,047 [INFO] ThirdParty:1030 - CMSIS Pack Vendor :STMicroelectronics X-CUBE-AZRTOS-G0 1.1.0
2026-05-14 01:45:02,047 [INFO] ThirdParty:1030 - CMSIS Pack Vendor :STMicroelectronics X-CUBE-SAFEA1 1.2.2
2026-05-14 01:45:02,047 [INFO] ThirdParty:1030 - CMSIS Pack Vendor :STMicroelectronics X-CUBE-NFC4 3.0.0
2026-05-14 01:45:02,047 [INFO] ThirdParty:1030 - CMSIS Pack Vendor :STMicroelectronics X-CUBE-SUBG2 5.0.0
2026-05-14 01:45:02,047 [INFO] ThirdParty:1030 - CMSIS Pack Vendor :STMicroelectronics X-CUBE-AZRTOS-H7RS 1.1.0
2026-05-14 01:45:02,047 [INFO] ThirdParty:1030 - CMSIS Pack Vendor :STMicroelectronics STM32_WPAN 1.0.0
2026-05-14 01:45:02,047 [INFO] ThirdParty:1030 - CMSIS Pack Vendor :SEGGER I-CUBE-embOS 1.2.1
2026-05-14 01:45:02,047 [INFO] ThirdParty:1030 - CMSIS Pack Vendor :wolfSSL I-CUBE-wolfMQTT 1.18.0
2026-05-14 01:45:02,047 [INFO] ThirdParty:1030 - CMSIS Pack Vendor :EmbeddedOffice I-CUBE-FS-RTOS 1.0.1
2026-05-14 01:45:02,047 [INFO] ThirdParty:1030 - CMSIS Pack Vendor :STMicroelectronics lwIP 2.0.3
2026-05-14 01:45:02,047 [INFO] ThirdParty:1030 - CMSIS Pack Vendor :Cesanta I-CUBE-Mongoose 7.13.0
2026-05-14 01:45:02,047 [INFO] ThirdParty:1030 - CMSIS Pack Vendor :STMicroelectronics USB_HOST 1.0.0
2026-05-14 01:45:02,047 [INFO] ThirdParty:1030 - CMSIS Pack Vendor :STMicroelectronics X-CUBE-AZRTOS-G4 2.0.0
2026-05-14 01:45:02,048 [INFO] ThirdParty:1030 - CMSIS Pack Vendor :STMicroelectronics X-CUBE-WB05N 2.0.0
2026-05-14 01:45:02,048 [INFO] ThirdParty:1030 - CMSIS Pack Vendor :STMicroelectronics PDM2PCM 3.1.0
2026-05-14 01:45:02,048 [INFO] ThirdParty:1030 - CMSIS Pack Vendor :STMicroelectronics X-CUBE-TOF1 3.3.0
2026-05-14 01:45:02,048 [INFO] ThirdParty:1030 - CMSIS Pack Vendor :STMicroelectronics FP-ATR-ASTRA1 1.1.1
2026-05-14 01:45:02,048 [INFO] ThirdParty:1030 - CMSIS Pack Vendor :STMicroelectronics X-CUBE-NFC7 2.0.0
2026-05-14 01:45:02,048 [INFO] ThirdParty:1030 - CMSIS Pack Vendor :STMicroelectronics X-CUBE-TCPP 4.2.0
2026-05-14 01:45:02,048 [INFO] ThirdParty:1030 - CMSIS Pack Vendor :RealThread X-CUBE-RT-Thread_Nano 4.1.1
2026-05-14 01:45:02,048 [INFO] ThirdParty:1030 - CMSIS Pack Vendor :STMicroelectronics FP-ATR-SIGFOX1 3.2.0
2026-05-14 01:45:02,048 [INFO] ThirdParty:1030 - CMSIS Pack Vendor :STMicroelectronics X-CUBE-AZRTOS-G4 1.0.0
2026-05-14 01:45:02,048 [INFO] ThirdParty:1030 - CMSIS Pack Vendor :STMicroelectronics X-CUBE-AZRTOS-L4 1.0.0
2026-05-14 01:45:02,048 [INFO] ThirdParty:1030 - CMSIS Pack Vendor :quantropi X-CUBE-qispace-sdk-base 1.9.3
2026-05-14 01:45:02,048 [INFO] ThirdParty:1030 - CMSIS Pack Vendor :STMicroelectronics X-CUBE-ISPU 2.0.0
2026-05-14 01:45:02,048 [INFO] ThirdParty:1030 - CMSIS Pack Vendor :STMicroelectronics X-CUBE-EEPRMA1 5.1.0
2026-05-14 01:45:02,048 [INFO] ThirdParty:1030 - CMSIS Pack Vendor :STMicroelectronics MBEDTLS 2.16.2
2026-05-14 01:45:02,048 [INFO] ThirdParty:1030 - CMSIS Pack Vendor :STMicroelectronics X-CUBE-IPS 3.1.0
2026-05-14 01:45:02,048 [INFO] ThirdParty:1030 - CMSIS Pack Vendor :STMicroelectronics X-CUBE-ALS 1.0.2
2026-05-14 01:45:02,048 [INFO] ThirdParty:1030 - CMSIS Pack Vendor :emotas I-CUBE-CANOPEN 1.1.2
2026-05-14 01:45:02,048 [INFO] ThirdParty:1030 - CMSIS Pack Vendor :STMicroelectronics X-CUBE-TOUCHGFX 4.20.0
2026-05-14 01:45:02,048 [INFO] ThirdParty:1030 - CMSIS Pack Vendor :STMicroelectronics X-CUBE-MEMS1 10.0.0
2026-05-14 01:45:02,048 [INFO] ThirdParty:1030 - CMSIS Pack Vendor :ITTIA_DB I-CUBE-ITTIADB 8.9.0
2026-05-14 01:45:02,048 [INFO] ThirdParty:1030 - CMSIS Pack Vendor :STMicroelectronics X-CUBE-TOUCHGFX 4.24.2
2026-05-14 01:45:02,048 [INFO] ThirdParty:1030 - CMSIS Pack Vendor :STMicroelectronics X-CUBE-AZRTOS-WL 1.0.0
2026-05-14 01:45:02,048 [INFO] ThirdParty:1030 - CMSIS Pack Vendor :STMicroelectronics X-CUBE-TOUCHGFX 4.24.1
2026-05-14 01:45:02,048 [INFO] ThirdParty:1030 - CMSIS Pack Vendor :STMicroelectronics X-CUBE-STSE01 1.0.0
2026-05-14 01:45:02,048 [INFO] ThirdParty:1030 - CMSIS Pack Vendor :wolfSSL I-CUBE-wolfTPM 3.4.0
2026-05-14 01:45:02,048 [INFO] ThirdParty:1030 - CMSIS Pack Vendor :portGmbH I-Cube-SoM-uGOAL 1.1.0
2026-05-14 01:45:02,048 [INFO] ThirdParty:1030 - CMSIS Pack Vendor :STMicroelectronics X-CUBE-ALS 1.0.1
2026-05-14 01:45:02,048 [INFO] ThirdParty:1030 - CMSIS Pack Vendor :STMicroelectronics X-CUBE-NFC6 3.2.0
2026-05-14 01:45:02,048 [INFO] ThirdParty:1030 - CMSIS Pack Vendor :STMicroelectronics X-CUBE-MEMS1 9.5.0
2026-05-14 01:45:02,048 [INFO] ThirdParty:1030 - CMSIS Pack Vendor :STMicroelectronics X-CUBE-ST67W61 1.0.0
2026-05-14 01:45:02,048 [INFO] ThirdParty:1030 - CMSIS Pack Vendor :STMicroelectronics X-CUBE-AI 10.2.0
2026-05-14 01:45:02,048 [INFO] ThirdParty:1030 - CMSIS Pack Vendor :STMicroelectronics ThreadX 1.0.0
2026-05-14 01:45:02,048 [INFO] ThirdParty:1030 - CMSIS Pack Vendor :STMicroelectronics X-CUBE-MEMS1 12.1.0
2026-05-14 01:45:02,048 [INFO] ThirdParty:1030 - CMSIS Pack Vendor :STMicroelectronics X-CUBE-AZRTOS-WB 1.1.0
2026-05-14 01:45:02,048 [INFO] ThirdParty:1030 - CMSIS Pack Vendor :SEGGER I-CUBE-embOS 1.3.1
2026-05-14 01:45:02,049 [INFO] ThirdParty:1030 - CMSIS Pack Vendor :STMicroelectronics X-CUBE-ALGOBUILD 1.4.0
2026-05-14 01:45:02,049 [INFO] ThirdParty:1030 - CMSIS Pack Vendor :STMicroelectronics X-CUBE-MEMS1 11.3.0
2026-05-14 01:45:02,049 [INFO] ThirdParty:1030 - CMSIS Pack Vendor :STMicroelectronics X-CUBE-AZRTOS-L5 1.0.0
2026-05-14 01:45:02,049 [INFO] ThirdParty:1030 - CMSIS Pack Vendor :STMicroelectronics X-CUBE-EEPRMA1 3.1.1
2026-05-14 01:45:02,049 [INFO] ThirdParty:1030 - CMSIS Pack Vendor :STMicroelectronics X-CUBE-AZRTOS-H7RS 1.0.0
2026-05-14 01:45:02,049 [INFO] ThirdParty:1030 - CMSIS Pack Vendor :STMicroelectronics FP-ATR-ASTRA1 2.0.0
2026-05-14 01:45:02,049 [INFO] ThirdParty:1030 - CMSIS Pack Vendor :STMicroelectronics X-CUBE-TOF1 3.4.2
2026-05-14 01:45:02,049 [INFO] ThirdParty:1030 - CMSIS Pack Vendor :STMicroelectronics X-CUBE-TOF1 3.4.3
2026-05-14 01:45:02,049 [INFO] ThirdParty:1030 - CMSIS Pack Vendor :STMicroelectronics X-CUBE-AI 9.1.0
2026-05-14 01:45:02,049 [INFO] ThirdParty:1030 - CMSIS Pack Vendor :STMicroelectronics X-CUBE-TOF1 3.4.1
2026-05-14 01:45:02,049 [INFO] ThirdParty:1030 - CMSIS Pack Vendor :STMicroelectronics X-CUBE-AZRTOS-H7 3.2.0
2026-05-14 01:45:02,049 [INFO] ThirdParty:1030 - CMSIS Pack Vendor :Infineon AIROC-Wi-Fi-Bluetooth-STM32 1.6.0
2026-05-14 01:45:02,049 [INFO] ThirdParty:1030 - CMSIS Pack Vendor :wolfSSL I-CUBE-wolfSSH 1.4.17
2026-05-14 01:45:02,049 [INFO] ThirdParty:841 - exiting critical section [change project]
2026-05-14 01:45:02,514 [INFO] PinOutPanel:1589 - setPackage(No Configuration,No Configuration)
2026-05-14 01:45:02,516 [INFO] PinOutPanel:1589 - setPackage(STM32F411CEUx,UFQFPN48)
2026-05-14 01:45:02,916 [INFO] UtilMem:75 - Before build in PCC Used Memory: 969410560 Bytes (1073741824)
2026-05-14 01:45:03,355 [INFO] UtilMem:75 - After build in PCC Used Memory: 977799168 Bytes (1073741824)
2026-05-14 01:45:03,406 [INFO] ApiDbMcu:508 - Load IP Config File for USB_DEVICE
2026-05-14 01:45:03,440 [INFO] IPUIPlugin:80 - create IPUIPlugin
2026-05-14 01:45:03,440 [INFO] IPUIPlugin:80 - create IPUIPlugin
2026-05-14 01:45:03,440 [INFO] IPUIPlugin:80 - create IPUIPlugin
2026-05-14 01:45:03,440 [INFO] IPUIPlugin:80 - create IPUIPlugin
2026-05-14 01:45:03,441 [INFO] IPUIPlugin:80 - create IPUIPlugin
2026-05-14 01:45:03,441 [INFO] IPUIPlugin:80 - create IPUIPlugin
2026-05-14 01:45:03,442 [INFO] IPUIPlugin:80 - create IPUIPlugin
2026-05-14 01:45:03,442 [INFO] IPUIPlugin:80 - create IPUIPlugin
2026-05-14 01:45:03,442 [INFO] IPUIPlugin:80 - create IPUIPlugin
2026-05-14 01:45:03,442 [INFO] IPUIPlugin:80 - create IPUIPlugin
2026-05-14 01:45:03,442 [INFO] IPUIPlugin:80 - create IPUIPlugin
2026-05-14 01:45:03,443 [INFO] IPUIPlugin:80 - create IPUIPlugin
2026-05-14 01:45:03,443 [INFO] IPUIPlugin:80 - create IPUIPlugin
2026-05-14 01:45:03,443 [INFO] IPUIPlugin:80 - create IPUIPlugin
2026-05-14 01:45:03,443 [INFO] IPUIPlugin:80 - create IPUIPlugin
2026-05-14 01:45:03,443 [INFO] IPUIPlugin:80 - create IPUIPlugin
2026-05-14 01:45:03,443 [INFO] IPUIPlugin:80 - create IPUIPlugin
2026-05-14 01:45:03,444 [INFO] IPUIPlugin:80 - create IPUIPlugin
2026-05-14 01:45:03,444 [INFO] IPUIPlugin:80 - create IPUIPlugin
2026-05-14 01:45:03,444 [INFO] IPUIPlugin:80 - create IPUIPlugin
2026-05-14 01:45:03,444 [INFO] IPUIPlugin:80 - create IPUIPlugin
2026-05-14 01:45:03,444 [INFO] IPUIPlugin:80 - create IPUIPlugin
2026-05-14 01:45:03,444 [INFO] IPUIPlugin:80 - create IPUIPlugin
2026-05-14 01:45:03,445 [INFO] IPUIPlugin:80 - create IPUIPlugin
2026-05-14 01:45:03,445 [INFO] IPUIPlugin:80 - create IPUIPlugin
2026-05-14 01:45:03,445 [INFO] IPUIPlugin:80 - create IPUIPlugin
2026-05-14 01:45:03,445 [INFO] IPUIPlugin:80 - create IPUIPlugin
2026-05-14 01:45:03,445 [INFO] IPUIPlugin:80 - create IPUIPlugin
2026-05-14 01:45:03,446 [INFO] IPUIPlugin:80 - create IPUIPlugin
2026-05-14 01:45:03,446 [INFO] IPUIPlugin:80 - create IPUIPlugin
2026-05-14 01:45:03,446 [INFO] IPUIPlugin:80 - create IPUIPlugin
2026-05-14 01:45:03,446 [INFO] IPUIPlugin:80 - create IPUIPlugin
2026-05-14 01:45:03,446 [INFO] IPUIPlugin:80 - create IPUIPlugin
2026-05-14 01:45:03,447 [INFO] IPUIPlugin:80 - create IPUIPlugin
2026-05-14 01:45:03,447 [INFO] IPUIPlugin:80 - create IPUIPlugin
2026-05-14 01:45:03,447 [INFO] IPUIPlugin:80 - create IPUIPlugin
2026-05-14 01:45:03,447 [INFO] IPUIPlugin:80 - create IPUIPlugin
2026-05-14 01:45:03,448 [INFO] IPUIPlugin:80 - create IPUIPlugin
2026-05-14 01:45:03,448 [INFO] IPUIPlugin:80 - create IPUIPlugin
2026-05-14 01:45:03,448 [INFO] IPUIPlugin:80 - create IPUIPlugin
2026-05-14 01:45:03,448 [INFO] IPUIPlugin:80 - create IPUIPlugin
2026-05-14 01:45:03,449 [INFO] IPUIPlugin:80 - create IPUIPlugin
2026-05-14 01:45:03,449 [INFO] IPUIPlugin:80 - create IPUIPlugin
2026-05-14 01:45:03,455 [INFO] ApiDbMcu:508 - Load IP Config File for PDM2PCM
2026-05-14 01:45:03,458 [INFO] I2sManager:658 - 1.1875E8
2026-05-14 01:45:03,459 [INFO] I2sManager:195 - I2S Clock Value : 1.1875E8
2026-05-14 01:45:03,459 [INFO] I2sManager:553 - AudioClock : 15995Divider : 116Odd : 0
2026-05-14 01:45:03,577 [INFO] CADModel:165 - CPN selected for project levelSTM32F411CEU6
2026-05-14 01:45:03,577 [INFO] CADModel:114 - Register for checkConnection events
2026-05-14 01:45:03,616 [INFO] OpenFileManager:385 - Restore cursor
2026-05-14 01:45:03,842 [WARN] IP:2250 - DEVICE_SERIAL0_HID_FS not found: check if there is a RefParameter without a condition.
2026-05-14 01:45:03,842 [WARN] IP:2250 - DEVICE_SERIAL1_HID_FS not found: check if there is a RefParameter without a condition.
2026-05-14 01:45:03,842 [WARN] IP:2250 - DEVICE_SERIAL2_HID_FS not found: check if there is a RefParameter without a condition.
2026-05-14 01:45:03,843 [WARN] IP:2250 - DEVICE_SERIAL0_HID_FS not found: check if there is a RefParameter without a condition.
2026-05-14 01:45:03,843 [WARN] IP:2250 - DEVICE_SERIAL1_HID_FS not found: check if there is a RefParameter without a condition.
2026-05-14 01:45:03,843 [WARN] IP:2250 - DEVICE_SERIAL2_HID_FS not found: check if there is a RefParameter without a condition.
2026-05-14 04:40:43,872 [INFO] WebApp:194 - Connection lost
2026-05-14 04:40:44,182 [INFO] WebApp:191 - Connection restablished
2026-05-14 04:40:45,819 [INFO] WebApp:194 - Connection lost
2026-05-14 04:40:46,019 [INFO] WebApp:191 - Connection restablished
2026-05-14 10:11:07,914 [INFO] WebApp:194 - Connection lost
2026-05-14 10:11:09,875 [INFO] WebApp:191 - Connection restablished
2026-05-14 10:12:07,953 [INFO] WebApp:194 - Connection lost
2026-05-14 10:12:08,681 [INFO] WebApp:191 - Connection restablished
2026-05-14 10:13:08,489 [INFO] WebApp:194 - Connection lost
2026-05-14 10:13:08,714 [INFO] WebApp:191 - Connection restablished
2026-05-14 10:14:07,437 [INFO] WebApp:194 - Connection lost
2026-05-14 10:14:07,607 [INFO] WebApp:191 - Connection restablished
2026-05-14 10:15:05,443 [INFO] WebApp:194 - Connection lost
2026-05-14 10:15:05,629 [INFO] WebApp:191 - Connection restablished
2026-05-14 12:34:30,798 [INFO] WebApp:194 - Connection lost
2026-05-14 12:34:34,736 [INFO] WebApp:191 - Connection restablished
2026-05-14 12:34:37,740 [INFO] WebApp:194 - Connection lost
2026-05-14 12:34:37,941 [INFO] WebApp:191 - Connection restablished
2026-05-14 12:35:20,858 [INFO] WebApp:194 - Connection lost
2026-05-14 12:35:21,100 [INFO] WebApp:191 - Connection restablished
2026-05-14 14:39:53,668 [INFO] WebApp:194 - Connection lost
2026-05-14 14:39:54,013 [INFO] WebApp:191 - Connection restablished
2026-05-14 14:39:57,475 [INFO] WebApp:194 - Connection lost
2026-05-14 14:39:57,848 [INFO] WebApp:191 - Connection restablished
2026-05-14 17:07:27,969 [INFO] WebApp:194 - Connection lost
2026-05-14 17:07:43,339 [INFO] WebApp:191 - Connection restablished
2026-05-14 17:07:43,414 [INFO] WebApp:194 - Connection lost
2026-05-14 17:07:44,758 [INFO] WebApp:191 - Connection restablished
2026-05-14 17:11:11,873 [ERROR] LogOutputStream:75 - [STDERR_REDIRECT] 
