2025-12-20 19:15:46,675 [INFO] Activator:176 - 


2025-12-20 19:15:46,682 [INFO] Activator:177 - !SESSION log4j initialized
2025-12-20 19:15:53,413 [INFO] LogOutputStream:77 - [STDOUT_REDIRECT] 
2025-12-20 19:16:03,689 [INFO] ApplicationProperties:184 - Using Application install path: C:\ST\STM32CubeIDE_1.10.1\STM32CubeIDE\plugins\com.st.stm32cube.common.mx_6.14.1.202504091515
2025-12-20 19:16:03,705 [INFO] DbMcusXml:78 - Set database path to: C:\ST\STM32CubeIDE_1.10.1\STM32CubeIDE\plugins\com.st.stm32cube.common.mx_6.14.1.202504091515\\db\/mcu/
2025-12-20 19:16:03,705 [INFO] ApiDb:274 - Set plugin database path to: C:\ST\STM32CubeIDE_1.10.1\STM32CubeIDE\plugins\com.st.stm32cube.common.mx_6.14.1.202504091515\\db\/plugins/boardmanager/
2025-12-20 19:16:03,747 [WARN] ApiDb:259 - Overriding images path with different value:  => C:\ST\STM32CubeIDE_1.10.1\STM32CubeIDE\plugins\com.st.stm32cube.common.mx_6.14.1.202504091515\\db\/plugins/mcufinder/images/
2025-12-20 19:16:03,753 [INFO] ApiDb:250 - Set database path to: C:\Users\abhil\.stmcufinder\plugins\mcufinder//mcu/
2025-12-20 19:16:03,755 [INFO] DbMcusAds:125 - Set database path to: C:\Users\abhil\.stmcufinder\plugins\mcufinder//mcu/
2025-12-20 19:16:03,765 [INFO] CrossReferenceDbSqlite:203 - Set database path to: C:\Users\abhil\.stmcufinder\plugins\mcufinder//mcu/cs/
2025-12-20 19:16:03,881 [INFO] RulesReader:64 - Compatibility file has been processed (302 Rules)
2025-12-20 19:16:03,961 [INFO] DbMcusXml:78 - Set database path to: C:\ST\STM32CubeIDE_1.10.1\STM32CubeIDE\plugins\com.st.stm32cube.common.mx_6.14.1.202504091515\\db\/mcu/
2025-12-20 19:16:03,962 [INFO] ApiDb:274 - Set plugin database path to: C:\ST\STM32CubeIDE_1.10.1\STM32CubeIDE\plugins\com.st.stm32cube.common.mx_6.14.1.202504091515\\db\/plugins/boardmanager/
2025-12-20 19:16:03,962 [INFO] ApiDb:261 - Set plugin images path to: C:\ST\STM32CubeIDE_1.10.1\STM32CubeIDE\plugins\com.st.stm32cube.common.mx_6.14.1.202504091515\\db\/plugins/mcufinder/images/
2025-12-20 19:16:03,962 [WARN] DbFile:41 - Overriding database path with different value: C:\Users\abhil\.stmcufinder\plugins\mcufinder/ => C:\Users\abhil\.stmcufinder\plugins\mcufinder
2025-12-20 19:16:03,962 [INFO] ApiDb:250 - Set database path to: C:\Users\abhil\.stmcufinder\plugins\mcufinder//mcu/
2025-12-20 19:16:03,962 [WARN] DbFile:41 - Overriding database path with different value: C:\Users\abhil\.stmcufinder\plugins\mcufinder/ => C:\Users\abhil\.stmcufinder\plugins\mcufinder
2025-12-20 19:16:03,962 [INFO] DbMcusAds:125 - Set database path to: C:\Users\abhil\.stmcufinder\plugins\mcufinder//mcu/
2025-12-20 19:16:03,962 [WARN] DbFile:41 - Overriding database path with different value: C:\Users\abhil\.stmcufinder\plugins\mcufinder/ => C:\Users\abhil\.stmcufinder\plugins\mcufinder
2025-12-20 19:16:03,962 [WARN] DbFile:41 - Overriding database path with different value: C:\Users\abhil\.stmcufinder\plugins\mcufinder/ => C:\Users\abhil\.stmcufinder\plugins\mcufinder
2025-12-20 19:16:03,962 [INFO] CrossReferenceDbSqlite:203 - Set database path to: C:\Users\abhil\.stmcufinder\plugins\mcufinder//mcu/cs/
2025-12-20 19:16:04,030 [INFO] MainPanel:272 - HeapMemory: 268435456
2025-12-20 19:16:04,110 [INFO] DbMcusXml:78 - Set database path to: C:\ST\STM32CubeIDE_1.10.1\STM32CubeIDE\plugins\com.st.stm32cube.common.mx_6.14.1.202504091515\\db\/mcu/
2025-12-20 19:16:04,110 [INFO] ApiDb:274 - Set plugin database path to: C:\ST\STM32CubeIDE_1.10.1\STM32CubeIDE\plugins\com.st.stm32cube.common.mx_6.14.1.202504091515\\db\/plugins/boardmanager/
2025-12-20 19:16:04,110 [INFO] ApiDb:261 - Set plugin images path to: C:\ST\STM32CubeIDE_1.10.1\STM32CubeIDE\plugins\com.st.stm32cube.common.mx_6.14.1.202504091515\\db\/plugins/mcufinder/images/
2025-12-20 19:16:04,111 [WARN] DbFile:41 - Overriding database path with different value: C:\Users\abhil\.stmcufinder\plugins\mcufinder/ => C:\Users\abhil\.stmcufinder\plugins\mcufinder
2025-12-20 19:16:04,111 [INFO] ApiDb:250 - Set database path to: C:\Users\abhil\.stmcufinder\plugins\mcufinder//mcu/
2025-12-20 19:16:04,111 [WARN] DbFile:41 - Overriding database path with different value: C:\Users\abhil\.stmcufinder\plugins\mcufinder/ => C:\Users\abhil\.stmcufinder\plugins\mcufinder
2025-12-20 19:16:04,111 [INFO] DbMcusAds:125 - Set database path to: C:\Users\abhil\.stmcufinder\plugins\mcufinder//mcu/
2025-12-20 19:16:04,111 [WARN] DbFile:41 - Overriding database path with different value: C:\Users\abhil\.stmcufinder\plugins\mcufinder/ => C:\Users\abhil\.stmcufinder\plugins\mcufinder
2025-12-20 19:16:04,111 [WARN] DbFile:41 - Overriding database path with different value: C:\Users\abhil\.stmcufinder\plugins\mcufinder/ => C:\Users\abhil\.stmcufinder\plugins\mcufinder
2025-12-20 19:16:04,111 [INFO] CrossReferenceDbSqlite:203 - Set database path to: C:\Users\abhil\.stmcufinder\plugins\mcufinder//mcu/cs/
2025-12-20 19:16:04,128 [INFO] ApplicationProperties:184 - Using Application install path: C:\ST\STM32CubeIDE_1.10.1\STM32CubeIDE\plugins\com.st.stm32cube.common.mx_6.14.1.202504091515
2025-12-20 19:16:04,129 [INFO] PluginManage:196 - Search for loadable plugins [exclusion list=, ]
2025-12-20 19:16:04,132 [INFO] PluginManage:310 - Check plugin analytics
2025-12-20 19:16:13,793 [INFO] AnalyticsPlugin:253 - Accepted Software Licenses: 
2025-12-20 19:16:13,793 [INFO] AnalyticsPlugin:255 - Accepted CMSIS Pack Licenses: 
2025-12-20 19:16:13,793 [INFO] AnalyticsPlugin:257 - Accepted Firmware Licenses: FW.F4.1.27.0,FW.H7.1.10.0,FW.H7.1.12.0,FW.F4.1.28.0
2025-12-20 19:16:13,796 [INFO] PluginManage:359 - Loaded plugin analytics (category:tool,tabindex:-1)
2025-12-20 19:16:13,798 [INFO] PluginManage:310 - Check plugin cadmodel
2025-12-20 19:16:13,802 [INFO] CADModel:105 - Init CAD model plugin
2025-12-20 19:16:13,804 [INFO] PluginManage:359 - Loaded plugin cadmodel (category:power,tabindex:5)
2025-12-20 19:16:13,804 [INFO] PluginManage:310 - Check plugin clock
2025-12-20 19:16:13,813 [INFO] PluginManage:359 - Loaded plugin clock (category:base,tabindex:2)
2025-12-20 19:16:13,813 [INFO] PluginManage:310 - Check plugin ddr
2025-12-20 19:16:13,814 [INFO] PluginManage:359 - Loaded plugin ddr (category:tool,tabindex:6)
2025-12-20 19:16:13,814 [INFO] PluginManage:310 - Check plugin filemanager
2025-12-20 19:16:13,944 [INFO] PluginManage:359 - Loaded plugin filemanager (category:base,tabindex:10)
2025-12-20 19:16:13,944 [INFO] PluginManage:310 - Check plugin ipmanager
2025-12-20 19:16:13,952 [INFO] PluginManage:359 - Loaded plugin ipmanager (category:base,tabindex:5)
2025-12-20 19:16:13,952 [INFO] PluginManage:310 - Check plugin lpbam
2025-12-20 19:16:13,960 [INFO] PluginManage:359 - Loaded plugin lpbam (category:base,tabindex:0)
2025-12-20 19:16:13,960 [INFO] PluginManage:310 - Check plugin memorymap
2025-12-20 19:16:13,972 [INFO] PluginManage:359 - Loaded plugin memorymap (category:base,tabindex:4)
2025-12-20 19:16:13,972 [INFO] PluginManage:310 - Check plugin pinoutandconfiguration
2025-12-20 19:16:13,980 [INFO] PluginManage:359 - Loaded plugin pinoutandconfiguration (category:base,tabindex:1)
2025-12-20 19:16:13,980 [INFO] PluginManage:310 - Check plugin pinoutconfig
2025-12-20 19:16:14,070 [WARN] SupportedApi:132 - Cannot load RTOS API schema: s4s-elt-must-match.1: The content of 'definitions' must match (annotation?, (simpleType | complexType)?, (unique | key | keyref)*)). A problem was found starting at: attribute.
2025-12-20 19:16:14,205 [INFO] PluginManage:359 - Loaded plugin pinoutconfig (category:base,tabindex:0)
2025-12-20 19:16:14,205 [INFO] PluginManage:310 - Check plugin power
2025-12-20 19:16:14,218 [INFO] PluginManage:359 - Loaded plugin power (category:power,tabindex:4)
2025-12-20 19:16:14,218 [INFO] PluginManage:310 - Check plugin projectmanager
2025-12-20 19:16:14,237 [INFO] PluginManage:359 - Loaded plugin projectmanager (category:projectmanager,tabindex:4)
2025-12-20 19:16:14,237 [INFO] PluginManage:310 - Check plugin rif
2025-12-20 19:16:14,244 [INFO] PluginManage:359 - Loaded plugin rif (category:base,tabindex:3)
2025-12-20 19:16:14,244 [INFO] PluginManage:310 - Check plugin thirdparty
2025-12-20 19:16:14,392 [INFO] PluginManage:359 - Loaded plugin thirdparty (category:base,tabindex:-1)
2025-12-20 19:16:14,392 [WARN] IntegrityCheckThread:84 - waiting for thirdparty lock release [integrity check]
2025-12-20 19:16:14,392 [INFO] IntegrityCheckThread:86 - entering critical section [integrity check]
2025-12-20 19:16:14,392 [INFO] PluginManage:310 - Check plugin tools
2025-12-20 19:16:14,392 [INFO] ThirdPartyUpdaterWithRetryManager:70 - Updater plugin not ready yet. [1/15]
2025-12-20 19:16:14,395 [INFO] PluginManage:359 - Loaded plugin tools (category:base,tabindex:7)
2025-12-20 19:16:14,395 [INFO] PluginManage:310 - Check plugin tutovideos
2025-12-20 19:16:14,565 [INFO] PluginManage:359 - Loaded plugin tutovideos (category:base,tabindex:-1)
2025-12-20 19:16:14,566 [INFO] PluginManage:310 - Check plugin updater
2025-12-20 19:16:14,587 [INFO] PluginManage:359 - Loaded plugin updater (category:base,tabindex:12)
2025-12-20 19:16:14,587 [INFO] PluginManage:310 - Check plugin userauth
2025-12-20 19:16:14,591 [INFO] UserAuth:118 - Init User Auth plugin
2025-12-20 19:16:14,592 [INFO] PluginManage:359 - Loaded plugin userauth (category:base,tabindex:14)
2025-12-20 19:16:14,593 [INFO] PluginManage:283 - PluginManage : Loaded plugins [18]
2025-12-20 19:16:14,827 [INFO] PinOutPanel:1589 - setPackage(No Configuration,No Configuration)
2025-12-20 19:16:14,919 [INFO] CADModel:165 - CPN selected for project level
2025-12-20 19:16:14,919 [INFO] CADModel:114 - Register for checkConnection events
2025-12-20 19:16:14,938 [INFO] IPUIPlugin:80 - create IPUIPlugin
2025-12-20 19:16:14,938 [INFO] PluginManager:220 - loadIPPluginJar : add adc
2025-12-20 19:16:14,941 [INFO] IPUIPlugin:80 - create IPUIPlugin
2025-12-20 19:16:14,941 [INFO] PluginManager:220 - loadIPPluginJar : add aes
2025-12-20 19:16:14,944 [INFO] IPUIPlugin:80 - create IPUIPlugin
2025-12-20 19:16:14,944 [INFO] PluginManager:220 - loadIPPluginJar : add can
2025-12-20 19:16:14,946 [INFO] IPUIPlugin:80 - create IPUIPlugin
2025-12-20 19:16:14,947 [INFO] PluginManager:220 - loadIPPluginJar : add comp
2025-12-20 19:16:14,949 [INFO] IPUIPlugin:80 - create IPUIPlugin
2025-12-20 19:16:14,949 [INFO] PluginManager:220 - loadIPPluginJar : add cryp
2025-12-20 19:16:14,952 [INFO] IPUIPlugin:80 - create IPUIPlugin
2025-12-20 19:16:14,952 [INFO] PluginManager:220 - loadIPPluginJar : add ddr_ctrl_phy
2025-12-20 19:16:14,955 [INFO] IPUIPlugin:80 - create IPUIPlugin
2025-12-20 19:16:14,955 [INFO] PluginManager:220 - loadIPPluginJar : add dfsdm
2025-12-20 19:16:14,961 [INFO] IPUIPlugin:80 - create IPUIPlugin
2025-12-20 19:16:14,962 [INFO] PluginManager:220 - loadIPPluginJar : add dma
2025-12-20 19:16:14,965 [INFO] IPUIPlugin:80 - create IPUIPlugin
2025-12-20 19:16:14,965 [INFO] PluginManager:220 - loadIPPluginJar : add dma3
2025-12-20 19:16:14,968 [INFO] IPUIPlugin:80 - create IPUIPlugin
2025-12-20 19:16:14,968 [INFO] PluginManager:220 - loadIPPluginJar : add extmemmanager
2025-12-20 19:16:14,971 [INFO] IPUIPlugin:80 - create IPUIPlugin
2025-12-20 19:16:14,971 [INFO] PluginManager:220 - loadIPPluginJar : add fatfs
2025-12-20 19:16:14,977 [INFO] IPUIPlugin:80 - create IPUIPlugin
2025-12-20 19:16:14,977 [INFO] PluginManager:220 - loadIPPluginJar : add fmc
2025-12-20 19:16:14,983 [INFO] IPUIPlugin:80 - create IPUIPlugin
2025-12-20 19:16:14,984 [INFO] PluginManager:220 - loadIPPluginJar : add freertos
2025-12-20 19:16:14,986 [INFO] IPUIPlugin:80 - create IPUIPlugin
2025-12-20 19:16:14,986 [INFO] PluginManager:220 - loadIPPluginJar : add genericplugin
2025-12-20 19:16:14,988 [INFO] IPUIPlugin:80 - create IPUIPlugin
2025-12-20 19:16:14,988 [INFO] PluginManager:220 - loadIPPluginJar : add gfxmmu
2025-12-20 19:16:14,995 [INFO] IPUIPlugin:80 - create IPUIPlugin
2025-12-20 19:16:14,995 [INFO] PluginManager:220 - loadIPPluginJar : add gic
2025-12-20 19:16:15,000 [INFO] IPUIPlugin:80 - create IPUIPlugin
2025-12-20 19:16:15,000 [INFO] PluginManager:220 - loadIPPluginJar : add gpio
2025-12-20 19:16:15,003 [INFO] IPUIPlugin:80 - create IPUIPlugin
2025-12-20 19:16:15,003 [INFO] PluginManager:220 - loadIPPluginJar : add gtzc
2025-12-20 19:16:15,006 [INFO] IPUIPlugin:80 - create IPUIPlugin
2025-12-20 19:16:15,006 [INFO] PluginManager:220 - loadIPPluginJar : add hash
2025-12-20 19:16:15,010 [INFO] IPUIPlugin:80 - create IPUIPlugin
2025-12-20 19:16:15,010 [INFO] PluginManager:220 - loadIPPluginJar : add i2c
2025-12-20 19:16:15,013 [INFO] IPUIPlugin:80 - create IPUIPlugin
2025-12-20 19:16:15,014 [INFO] PluginManager:220 - loadIPPluginJar : add i2s
2025-12-20 19:16:15,017 [INFO] IPUIPlugin:80 - create IPUIPlugin
2025-12-20 19:16:15,017 [INFO] PluginManager:220 - loadIPPluginJar : add i3c
2025-12-20 19:16:15,020 [INFO] IPUIPlugin:80 - create IPUIPlugin
2025-12-20 19:16:15,020 [INFO] PluginManager:220 - loadIPPluginJar : add ipddr
2025-12-20 19:16:15,028 [INFO] IPUIPlugin:80 - create IPUIPlugin
2025-12-20 19:16:15,029 [INFO] PluginManager:220 - loadIPPluginJar : add linkedlist
2025-12-20 19:16:15,033 [INFO] IPUIPlugin:80 - create IPUIPlugin
2025-12-20 19:16:15,033 [INFO] PluginManager:220 - loadIPPluginJar : add lorawan
2025-12-20 19:16:15,035 [INFO] IPUIPlugin:80 - create IPUIPlugin
2025-12-20 19:16:15,035 [INFO] PluginManager:220 - loadIPPluginJar : add ltdc
2025-12-20 19:16:15,040 [INFO] IPUIPlugin:80 - create IPUIPlugin
2025-12-20 19:16:15,040 [INFO] PluginManager:220 - loadIPPluginJar : add mdma
2025-12-20 19:16:15,045 [INFO] IPUIPlugin:80 - create IPUIPlugin
2025-12-20 19:16:15,045 [INFO] PluginManager:220 - loadIPPluginJar : add nvic
2025-12-20 19:16:15,049 [INFO] IPUIPlugin:80 - create IPUIPlugin
2025-12-20 19:16:15,049 [INFO] PluginManager:220 - loadIPPluginJar : add opamp
2025-12-20 19:16:15,053 [INFO] IPUIPlugin:80 - create IPUIPlugin
2025-12-20 19:16:15,053 [INFO] PluginManager:220 - loadIPPluginJar : add openamp
2025-12-20 19:16:15,056 [INFO] IPUIPlugin:80 - create IPUIPlugin
2025-12-20 19:16:15,056 [INFO] PluginManager:220 - loadIPPluginJar : add pdm2pcm
2025-12-20 19:16:15,063 [INFO] IPUIPlugin:80 - create IPUIPlugin
2025-12-20 19:16:15,069 [INFO] PluginManager:220 - loadIPPluginJar : add plateformsettings
2025-12-20 19:16:15,071 [INFO] IPUIPlugin:80 - create IPUIPlugin
2025-12-20 19:16:15,071 [INFO] PluginManager:220 - loadIPPluginJar : add quadspi
2025-12-20 19:16:15,073 [INFO] IPUIPlugin:80 - create IPUIPlugin
2025-12-20 19:16:15,073 [INFO] PluginManager:220 - loadIPPluginJar : add radio
2025-12-20 19:16:15,077 [INFO] IPUIPlugin:80 - create IPUIPlugin
2025-12-20 19:16:15,077 [INFO] PluginManager:220 - loadIPPluginJar : add resmgrutility
2025-12-20 19:16:15,080 [INFO] IPUIPlugin:80 - create IPUIPlugin
2025-12-20 19:16:15,080 [INFO] PluginManager:220 - loadIPPluginJar : add sai
2025-12-20 19:16:15,083 [INFO] IPUIPlugin:80 - create IPUIPlugin
2025-12-20 19:16:15,083 [INFO] PluginManager:220 - loadIPPluginJar : add spi
2025-12-20 19:16:15,088 [INFO] IPUIPlugin:80 - create IPUIPlugin
2025-12-20 19:16:15,089 [INFO] PluginManager:220 - loadIPPluginJar : add stm32_wpan
2025-12-20 19:16:15,090 [INFO] IPUIPlugin:80 - create IPUIPlugin
2025-12-20 19:16:15,090 [INFO] PluginManager:220 - loadIPPluginJar : add tim
2025-12-20 19:16:15,093 [INFO] IPUIPlugin:80 - create IPUIPlugin
2025-12-20 19:16:15,094 [INFO] PluginManager:220 - loadIPPluginJar : add touchsensing
2025-12-20 19:16:15,096 [INFO] IPUIPlugin:80 - create IPUIPlugin
2025-12-20 19:16:15,096 [INFO] PluginManager:220 - loadIPPluginJar : add tracer_emb
2025-12-20 19:16:15,098 [INFO] IPUIPlugin:80 - create IPUIPlugin
2025-12-20 19:16:15,098 [INFO] PluginManager:220 - loadIPPluginJar : add ts
2025-12-20 19:16:15,100 [INFO] IPUIPlugin:80 - create IPUIPlugin
2025-12-20 19:16:15,100 [INFO] PluginManager:220 - loadIPPluginJar : add tsc
2025-12-20 19:16:15,102 [INFO] IPUIPlugin:80 - create IPUIPlugin
2025-12-20 19:16:15,102 [INFO] PluginManager:220 - loadIPPluginJar : add ucpd
2025-12-20 19:16:15,105 [INFO] IPUIPlugin:80 - create IPUIPlugin
2025-12-20 19:16:15,105 [INFO] PluginManager:220 - loadIPPluginJar : add usart
2025-12-20 19:16:15,107 [INFO] IPUIPlugin:80 - create IPUIPlugin
2025-12-20 19:16:15,108 [INFO] PluginManager:220 - loadIPPluginJar : add usbx
2025-12-20 19:16:15,242 [FATAL] Updater:351 - Updater called before beeing initialized
2025-12-20 19:16:15,269 [INFO] RulesReader:64 - Compatibility file has been processed (302 Rules)
2025-12-20 19:16:15,281 [INFO] RulesReader:64 - Compatibility file has been processed (302 Rules)
2025-12-20 19:16:15,287 [INFO] CADModel:165 - CPN selected for project level
2025-12-20 19:16:15,287 [INFO] CADModel:114 - Register for checkConnection events
2025-12-20 19:16:15,288 [FATAL] Updater:351 - Updater called before beeing initialized
2025-12-20 19:16:15,288 [ERROR] CADModel:125 - Updater not yet initialized, retry later 
2025-12-20 19:16:15,418 [FATAL] Updater:351 - Updater called before beeing initialized
2025-12-20 19:16:15,420 [INFO] CADModel:165 - CPN selected for project level
2025-12-20 19:16:15,420 [INFO] CADModel:114 - Register for checkConnection events
2025-12-20 19:16:15,420 [FATAL] Updater:351 - Updater called before beeing initialized
2025-12-20 19:16:15,420 [ERROR] CADModel:125 - Updater not yet initialized, retry later 
2025-12-20 19:16:15,423 [FATAL] Updater:351 - Updater called before beeing initialized
2025-12-20 19:16:15,535 [FATAL] Updater:351 - Updater called before beeing initialized
2025-12-20 19:16:15,539 [INFO] DbMcusAds:53 - JSON generation date=Mon Dec 08 19:58:09 IST 2025 (1765204089911)
2025-12-20 19:16:15,539 [FATAL] Updater:351 - Updater called before beeing initialized
2025-12-20 19:16:15,569 [WARN] DetailPanel:346 - Failed to get advertising image, set to default
2025-12-20 19:16:15,813 [FATAL] Updater:351 - Updater called before beeing initialized
2025-12-20 19:16:15,815 [FATAL] Updater:351 - Updater called before beeing initialized
2025-12-20 19:16:15,815 [FATAL] Updater:351 - Updater called before beeing initialized
2025-12-20 19:16:15,815 [WARN] DetailPanel:346 - Failed to get advertising image, set to default
2025-12-20 19:16:15,816 [FATAL] Updater:351 - Updater called before beeing initialized
2025-12-20 19:16:15,868 [ERROR] Updater:1198 - MainUpdater not yet initialized. External WinMGr cannot be set.
2025-12-20 19:16:15,870 [INFO] Updater:1134 - Updater Version found : 6.14.1
2025-12-20 19:16:15,891 [INFO] ApplicationProperties:184 - Using Application install path: C:\ST\STM32CubeIDE_1.10.1\STM32CubeIDE\plugins\com.st.stm32cube.common.mx_6.14.1.202504091515
2025-12-20 19:16:16,628 [INFO] MainUpdater:2872 - connection check result : 10
2025-12-20 19:16:16,629 [INFO] MainUpdater:289 - Updater Check For Update Now.
2025-12-20 19:16:16,629 [INFO] MicroXplorer:498 - Change Database Version : DB.6.0.141
2025-12-20 19:16:16,651 [INFO] McuFinderGlobals:63 - Set McuFinder mode to 2 (CubeIDE integrated)
2025-12-20 19:16:16,663 [INFO] UserAuth:484 - Internet connection configuration mode: 1
2025-12-20 19:16:16,706 [INFO] JxBrowserEngine:152 - Initiate JxBrowser Engine with user profile folder
2025-12-20 19:16:16,863 [INFO] CheckServerUpdateThread:120 - End of CheckServer Thread
2025-12-20 19:16:17,720 [INFO] WebApp:169 - Instantiating new browser for Auth
2025-12-20 19:16:18,003 [WARN] PackLoader:240 - Cannot read IP mode file for STMicroelectronics.FP-SNS-MOTENVWB1.1.4.0
2025-12-20 19:16:18,032 [WARN] PackLoader:240 - Cannot read IP mode file for STMicroelectronics.FP-ATR-ASTRA1.2.0.2
2025-12-20 19:16:18,049 [WARN] PackLoader:240 - Cannot read IP mode file for STMicroelectronics.FP-ATR-ASTRA1.2.0.1
2025-12-20 19:16:18,072 [WARN] PackLoader:240 - Cannot read IP mode file for STMicroelectronics.X-CUBE-SMBUS.2.1.0
2025-12-20 19:16:18,092 [WARN] PackLoader:240 - Cannot read IP mode file for STMicroelectronics.X-CUBE-WB05N.1.1.0
2025-12-20 19:16:18,109 [WARN] PackLoader:240 - Cannot read IP mode file for STMicroelectronics.X-CUBE-ST60.1.0.0
2025-12-20 19:16:18,132 [WARN] PackLoader:240 - Cannot read IP mode file for STMicroelectronics.X-CUBE-TOUCHGFX.4.23.2
2025-12-20 19:16:18,184 [WARN] PackLoader:240 - Cannot read IP mode file for STMicroelectronics.X-CUBE-AZRTOS-F7.1.1.0
2025-12-20 19:16:18,211 [WARN] PackLoader:240 - Cannot read IP mode file for STMicroelectronics.X-CUBE-BLE1.6.2.3
2025-12-20 19:16:18,283 [WARN] PackLoader:240 - Cannot read IP mode file for STMicroelectronics.X-CUBE-MEMS1.11.0.0
2025-12-20 19:16:18,466 [WARN] PackLoader:240 - Cannot read IP mode file for STMicroelectronics.X-CUBE-BLE1.6.2.4
2025-12-20 19:16:18,493 [ERROR] Engine:466 - C:\Users\abhil\.stm32cubemx\thirdparties\pdsc\STMicroelectronics.FP-SNS-MOTENV1.5.1.0.pdsc: PDSC version is not supported
2025-12-20 19:16:18,517 [WARN] PackLoader:240 - Cannot read IP mode file for STMicroelectronics.FP-SNS-FLIGHT1.5.0.2
2025-12-20 19:16:18,556 [WARN] PackLoader:240 - Cannot read IP mode file for STMicroelectronics.X-CUBE-TOF1.3.1.0
2025-12-20 19:16:18,620 [WARN] PackLoader:240 - Cannot read IP mode file for STMicroelectronics.X-CUBE-AZRTOS-H7.3.4.0
2025-12-20 19:16:18,649 [WARN] PackLoader:240 - Cannot read IP mode file for STMicroelectronics.X-CUBE-DISPLAY.3.0.0
2025-12-20 19:16:18,677 [WARN] PackLoader:240 - Cannot read IP mode file for STMicroelectronics.X-CUBE-BLE1.7.0.0
2025-12-20 19:16:18,708 [WARN] PackLoader:240 - Cannot read IP mode file for STMicroelectronics.X-CUBE-NFC10.1.0.0
2025-12-20 19:16:18,713 [INFO] WebApp:463 - Apply proxy settings
2025-12-20 19:16:18,714 [INFO] WebApp:548 - Chromium requires no authentication
2025-12-20 19:16:18,723 [INFO] WebApp:491 - Direct internet connection detected
2025-12-20 19:16:18,732 [WARN] PackLoader:240 - Cannot read IP mode file for STMicroelectronics.X-CUBE-BLEMGR.4.0.0
2025-12-20 19:16:18,754 [WARN] PackLoader:240 - Cannot read IP mode file for STMicroelectronics.X-CUBE-ST60.1.1.0
2025-12-20 19:16:18,757 [INFO] WebApp:894 - Register for checkConnection events
2025-12-20 19:16:18,757 [INFO] WebApp:463 - Apply proxy settings
2025-12-20 19:16:18,758 [INFO] WebApp:548 - Chromium requires no authentication
2025-12-20 19:16:18,758 [INFO] WebApp:491 - Direct internet connection detected
2025-12-20 19:16:18,776 [WARN] PackLoader:240 - Cannot read IP mode file for STMicroelectronics.X-CUBE-GNSS1.7.1.0
2025-12-20 19:16:18,830 [WARN] PackLoader:240 - Cannot read IP mode file for STMicroelectronics.X-CUBE-MEMS1.9.3.0
2025-12-20 19:16:18,908 [WARN] PackLoader:240 - Cannot read IP mode file for STMicroelectronics.X-CUBE-AI.7.2.0
2025-12-20 19:16:18,928 [WARN] PackLoader:240 - Cannot read IP mode file for STMicroelectronics.X-CUBE-BLEMGR.3.1.0
2025-12-20 19:16:18,955 [WARN] PackLoader:240 - Cannot read IP mode file for STMicroelectronics.X-CUBE-AI.10.0.0
2025-12-20 19:16:18,970 [INFO] WebApp:191 - Connection restablished
2025-12-20 19:16:18,977 [ERROR] Engine:466 - C:\Users\abhil\.stm32cubemx\thirdparties\pdsc\STMicroelectronics.FP-SNS-STBOX1.2.1.0.pdsc: PDSC version is not supported
2025-12-20 19:16:19,002 [WARN] PackLoader:240 - Cannot read IP mode file for STMicroelectronics.FP-SNS-SMARTAG2.1.2.0
2025-12-20 19:16:19,027 [WARN] PackLoader:240 - Cannot read IP mode file for STMicroelectronics.FP-SNS-FLIGHT1.5.1.0
2025-12-20 19:16:19,048 [INFO] WebApp:225 - Starting web application
2025-12-20 19:16:19,048 [INFO] WebApp:593 - Web application path used C:\ST\STM32CubeIDE_1.10.1\STM32CubeIDE\plugins\com.st.stm32cube.common.mx_6.14.1.202504091515\db\plugins\mcufinder\reactClient1\index.html
2025-12-20 19:16:19,090 [WARN] PackLoader:240 - Cannot read IP mode file for STMicroelectronics.X-CUBE-MEMS1.11.1.0
2025-12-20 19:16:19,221 [INFO] LogOutputStream:77 - [STDOUT_REDIRECT] 1 : Invalid condition id : UX_CORESTACK_Condition cause : null
2025-12-20 19:16:19,222 [INFO] LogOutputStream:77 - [STDOUT_REDIRECT] 1 : Invalid condition id : UX_CORESTACK_Condition cause : null
2025-12-20 19:16:19,223 [INFO] LogOutputStream:77 - [STDOUT_REDIRECT] 1 : Invalid condition id : UX_CORESTACK_Condition cause : null
2025-12-20 19:16:19,224 [INFO] LogOutputStream:77 - [STDOUT_REDIRECT] 1 : Invalid condition id : UX_CORESTACK_Condition cause : null
2025-12-20 19:16:19,226 [INFO] LogOutputStream:77 - [STDOUT_REDIRECT] 1 : Invalid condition id : UX_CORESTACK_Condition cause : null
2025-12-20 19:16:19,228 [WARN] PackLoader:240 - Cannot read IP mode file for STMicroelectronics.X-CUBE-AZRTOS-WL.2.0.0
2025-12-20 19:16:19,254 [WARN] PackLoader:240 - Cannot read IP mode file for STMicroelectronics.FP-SNS-MOTENV1.5.0.0
2025-12-20 19:16:19,281 [INFO] UserAuth:484 - Internet connection configuration mode: 1
2025-12-20 19:16:19,300 [WARN] PackLoader:240 - Cannot read IP mode file for STMicroelectronics.X-CUBE-AZRTOS-H7RS.1.2.0
2025-12-20 19:16:19,332 [WARN] PackLoader:240 - Cannot read IP mode file for wolfSSL.I-CUBE-wolfMQTT.1.19.0
2025-12-20 19:16:19,359 [WARN] PackLoader:240 - Cannot read IP mode file for WES.I-CUBE-Cesium.1.3.0
2025-12-20 19:16:19,388 [WARN] PackLoader:240 - Cannot read IP mode file for STMicroelectronics.X-CUBE-BLE2.3.3.0
2025-12-20 19:16:19,471 [WARN] PackLoader:240 - Cannot read IP mode file for STMicroelectronics.X-CUBE-DISPLAY.2.2.0
2025-12-20 19:16:19,497 [WARN] PackLoader:240 - Cannot read IP mode file for STMicroelectronics.X-CUBE-TOF1.3.2.0
2025-12-20 19:16:19,519 [WARN] PackLoader:240 - Cannot read IP mode file for STMicroelectronics.X-CUBE-ISPU.1.0.0
2025-12-20 19:16:19,537 [WARN] PackLoader:240 - Cannot read IP mode file for STMicroelectronics.X-CUBE-NFC9.1.0.0
2025-12-20 19:16:19,570 [WARN] PackLoader:240 - Cannot read IP mode file for STMicroelectronics.X-CUBE-AZRTOS-H7.2.1.0
2025-12-20 19:16:19,590 [WARN] PackLoader:240 - Cannot read IP mode file for STMicroelectronics.X-CUBE-BLE1.7.1.0
2025-12-20 19:16:19,610 [WARN] PackLoader:240 - Cannot read IP mode file for STMicroelectronics.X-CUBE-TCPP.4.1.0
2025-12-20 19:16:19,628 [ERROR] Engine:466 - C:\Users\abhil\.stm32cubemx\thirdparties\pdsc\STMicroelectronics.X-CUBE-FREERTOS.1.4.0.pdsc: PDSC version is not supported
2025-12-20 19:16:19,645 [WARN] PackLoader:240 - Cannot read IP mode file for STMicroelectronics.X-CUBE-EEPRMA1.5.2.0
2025-12-20 19:16:19,663 [WARN] PackLoader:240 - Cannot read IP mode file for STMicroelectronics.X-CUBE-TOUCHGFX.4.21.3
2025-12-20 19:16:19,681 [WARN] PackLoader:240 - Cannot read IP mode file for STMicroelectronics.X-CUBE-AI.7.3.0
2025-12-20 19:16:19,697 [ERROR] Engine:466 - C:\Users\abhil\.stm32cubemx\thirdparties\pdsc\STMicroelectronics.X-CUBE-ST67W61.1.1.0.pdsc: PDSC version is not supported
2025-12-20 19:16:19,712 [WARN] PackLoader:240 - Cannot read IP mode file for STMicroelectronics.X-CUBE-AI.10.1.0
2025-12-20 19:16:19,766 [WARN] PackLoader:240 - Cannot read IP mode file for STMicroelectronics.X-CUBE-MEMS1.12.0.0
2025-12-20 19:16:19,856 [WARN] PackLoader:240 - Cannot read IP mode file for STMicroelectronics.X-CUBE-ALGOBUILD.1.3.0
2025-12-20 19:16:19,902 [WARN] PackLoader:240 - Cannot read IP mode file for STMicroelectronics.X-CUBE-MEMS1.11.2.0
2025-12-20 19:16:19,992 [WARN] PackLoader:240 - Cannot read IP mode file for STMicroelectronics.X-CUBE-AZRTOS-G0.1.1.0
2025-12-20 19:16:20,013 [WARN] PackLoader:240 - Cannot read IP mode file for STMicroelectronics.X-CUBE-SAFEA1.1.2.2
2025-12-20 19:16:20,031 [WARN] PackLoader:240 - Cannot read IP mode file for STMicroelectronics.X-CUBE-NFC4.3.0.0
2025-12-20 19:16:20,065 [WARN] PackLoader:240 - Cannot read IP mode file for SEGGER.I-CUBE-embOS.1.2.1
2025-12-20 19:16:20,094 [WARN] PackLoader:240 - Cannot read IP mode file for wolfSSL.I-CUBE-wolfMQTT.1.18.0
2025-12-20 19:16:20,123 [WARN] PackLoader:240 - Cannot read IP mode file for EmbeddedOffice.I-CUBE-FS-RTOS.1.0.1
2025-12-20 19:16:20,148 [WARN] PackLoader:240 - Cannot read IP mode file for STMicroelectronics.X-CUBE-WB05N.2.0.0
2025-12-20 19:16:20,166 [WARN] PackLoader:240 - Cannot read IP mode file for STMicroelectronics.X-CUBE-TCPP.4.2.0
2025-12-20 19:16:20,185 [WARN] PackLoader:240 - Cannot read IP mode file for RealThread.X-CUBE-RT-Thread_Nano.4.1.1
2025-12-20 19:16:20,203 [WARN] PackLoader:240 - Cannot read IP mode file for STMicroelectronics.FP-ATR-SIGFOX1.3.2.0
2025-12-20 19:16:20,219 [WARN] ConditionMgr:438 - getConditionDescription Invalid condition id : Cortex-A Device cause : null
2025-12-20 19:16:20,245 [WARN] ConditionMgr:1044 - genDependencies : Invalid condition id : Cortex-A Device cause : null
2025-12-20 19:16:20,245 [WARN] ConditionMgr:1044 - genDependencies : Invalid condition id : Cortex-A Device cause : null
2025-12-20 19:16:20,245 [WARN] ConditionMgr:1044 - genDependencies : Invalid condition id : Cortex-A Device cause : null
2025-12-20 19:16:20,263 [WARN] PackLoader:240 - Cannot read IP mode file for STMicroelectronics.X-CUBE-EEPRMA1.5.1.0
2025-12-20 19:16:20,285 [WARN] PackLoader:240 - Cannot read IP mode file for emotas.I-CUBE-CANOPEN.1.1.2
2025-12-20 19:16:20,306 [WARN] PackLoader:240 - Cannot read IP mode file for STMicroelectronics.X-CUBE-TOUCHGFX.4.20.0
2025-12-20 19:16:20,325 [WARN] PackLoader:240 - Cannot read IP mode file for ITTIA_DB.I-CUBE-ITTIADB.8.9.0
2025-12-20 19:16:20,367 [WARN] PackLoader:240 - Cannot read IP mode file for STMicroelectronics.X-CUBE-MEMS1.9.5.0
2025-12-20 19:16:20,448 [WARN] PackLoader:240 - Cannot read IP mode file for STMicroelectronics.X-CUBE-ST67W61.1.0.0
2025-12-20 19:16:20,462 [WARN] PackLoader:240 - Cannot read IP mode file for STMicroelectronics.X-CUBE-AI.10.2.0
2025-12-20 19:16:20,486 [WARN] PackLoader:240 - Cannot read IP mode file for SEGGER.I-CUBE-embOS.1.3.1
2025-12-20 19:16:20,518 [WARN] PackLoader:240 - Cannot read IP mode file for STMicroelectronics.X-CUBE-ALGOBUILD.1.4.0
2025-12-20 19:16:20,558 [WARN] PackLoader:240 - Cannot read IP mode file for STMicroelectronics.X-CUBE-MEMS1.11.3.0
2025-12-20 19:16:20,656 [WARN] PackLoader:240 - Cannot read IP mode file for STMicroelectronics.X-CUBE-AI.9.1.0
2025-12-20 19:16:20,674 [WARN] PackLoader:240 - Cannot read IP mode file for STMicroelectronics.X-CUBE-PM33A1.1.0.0
2025-12-20 19:16:20,690 [WARN] PackLoader:240 - Cannot read IP mode file for STMicroelectronics.X-CUBE-GNSS1.6.0.0
2025-12-20 19:16:20,716 [WARN] PackLoader:240 - Cannot read IP mode file for STMicroelectronics.X-CUBE-AZRTOS-F4.1.1.0
2025-12-20 19:16:20,733 [WARN] PackLoader:240 - Cannot read IP mode file for Avnet-IotConnect.X-CUBE-IoTC-DA16k-PMOD.1.0.0
2025-12-20 19:16:20,748 [WARN] PackLoader:240 - Cannot read IP mode file for STMicroelectronics.X-CUBE-ISPU.2.1.0
2025-12-20 19:16:20,766 [ERROR] Engine:466 - C:\Users\abhil\.stm32cubemx\thirdparties\pdsc\STMicroelectronics.X-CUBE-IPS.3.2.0.pdsc: PDSC version is not supported
2025-12-20 19:16:20,784 [WARN] PackLoader:240 - Cannot read IP mode file for STMicroelectronics.X-CUBE-FREERTOS.1.2.0
2025-12-20 19:16:20,802 [WARN] PackLoader:240 - Cannot read IP mode file for STMicroelectronics.X-CUBE-NFC12.1.0.0
2025-12-20 19:16:20,819 [WARN] PackLoader:240 - Cannot read IP mode file for STMicroelectronics.X-CUBE-BLEMGR.1.2.0
2025-12-20 19:16:20,847 [WARN] PackLoader:240 - Cannot read IP mode file for STMicroelectronics.X-CUBE-AZRTOS-L5.2.0.0
2025-12-20 19:16:20,864 [WARN] PackLoader:240 - Cannot read IP mode file for STMicroelectronics.X-CUBE-NFC6.3.1.0
2025-12-20 19:16:20,881 [WARN] PackLoader:240 - Cannot read IP mode file for STMicroelectronics.X-CUBE-BLEMGR.2.0.0
2025-12-20 19:16:20,897 [WARN] PackLoader:240 - Cannot read IP mode file for STMicroelectronics.X-CUBE-DPower.1.2.0
2025-12-20 19:16:20,911 [WARN] PackLoader:240 - Cannot read IP mode file for STMicroelectronics.X-CUBE-NFC4.2.0.4
2025-12-20 19:16:20,926 [WARN] PackLoader:240 - Cannot read IP mode file for STMicroelectronics.X-CUBE-AI.9.0.0
2025-12-20 19:16:20,951 [WARN] ConditionMgr:438 - getConditionDescription Invalid condition id : UX DEVICE CLASS RTOS Condition cause : null
2025-12-20 19:16:20,951 [WARN] ConditionMgr:438 - getConditionDescription Invalid condition id : UX DEVICE CLASS RTOS Condition cause : null
2025-12-20 19:16:20,953 [WARN] PackLoader:240 - Cannot read IP mode file for STMicroelectronics.X-CUBE-AZRTOS-H7.3.1.0
2025-12-20 19:16:20,954 [WARN] ConditionMgr:1044 - genDependencies : Invalid condition id : UX DEVICE CLASS RTOS Condition cause : null
2025-12-20 19:16:20,954 [WARN] ConditionMgr:1044 - genDependencies : Invalid condition id : UX DEVICE CLASS RTOS Condition cause : null
2025-12-20 19:16:20,954 [WARN] ConditionMgr:1044 - genDependencies : Invalid condition id : UX DEVICE CLASS RTOS Condition cause : null
2025-12-20 19:16:20,954 [WARN] ConditionMgr:1044 - genDependencies : Invalid condition id : UX DEVICE CLASS RTOS Condition cause : null
2025-12-20 19:16:20,954 [WARN] ConditionMgr:1044 - genDependencies : Invalid condition id : UX DEVICE CLASS RTOS Condition cause : null
2025-12-20 19:16:20,968 [WARN] PackLoader:240 - Cannot read IP mode file for wolfSSL.I-CUBE-wolfSSL.5.5.1
2025-12-20 19:16:20,983 [WARN] PackLoader:240 - Cannot read IP mode file for STMicroelectronics.X-CUBE-FREERTOS.1.3.1
2025-12-20 19:16:20,998 [WARN] PackLoader:240 - Cannot read IP mode file for STMicroelectronics.X-CUBE-FREERTOS.1.3.0
2025-12-20 19:16:21,014 [WARN] PackLoader:240 - Cannot read IP mode file for STMicroelectronics.X-CUBE-NFC7.1.0.1
2025-12-20 19:16:21,028 [WARN] PackLoader:240 - Cannot read IP mode file for STMicroelectronics.X-CUBE-NFC7.1.0.0
2025-12-20 19:16:21,046 [WARN] PackLoader:240 - Cannot read IP mode file for STMicroelectronics.X-CUBE-TOUCHGFX.4.26.0
2025-12-20 19:16:21,063 [WARN] PackLoader:240 - Cannot read IP mode file for STMicroelectronics.X-CUBE-EEPRMA1.4.1.0
2025-12-20 19:16:21,078 [WARN] PackLoader:240 - Cannot read IP mode file for STMicroelectronics.FP-SNS-STAIOTCFT.1.0.0
2025-12-20 19:16:21,094 [WARN] PackLoader:240 - Cannot read IP mode file for STMicroelectronics.X-CUBE-DPower.1.3.0
2025-12-20 19:16:21,119 [WARN] ConditionMgr:438 - getConditionDescription Invalid condition id : LAN8742 Phy interface Condition cause : null
2025-12-20 19:16:21,119 [WARN] PackLoader:240 - Cannot read IP mode file for STMicroelectronics.X-CUBE-AZRTOS-L4.2.0.0
2025-12-20 19:16:21,119 [WARN] ConditionMgr:1044 - genDependencies : Invalid condition id : LAN8742 Phy interface Condition cause : null
2025-12-20 19:16:21,120 [WARN] ConditionMgr:1044 - genDependencies : Invalid condition id : LAN8742 Phy interface Condition cause : null
2025-12-20 19:16:21,120 [WARN] ConditionMgr:1044 - genDependencies : Invalid condition id : LAN8742 Phy interface Condition cause : null
2025-12-20 19:16:21,136 [WARN] PackLoader:240 - Cannot read IP mode file for STMicroelectronics.X-CUBE-SFXS2LP1.4.0.0
2025-12-20 19:16:21,152 [WARN] PackLoader:240 - Cannot read IP mode file for STMicroelectronics.X-CUBE-ISPU.1.1.0
2025-12-20 19:16:21,185 [WARN] PackLoader:240 - Cannot read IP mode file for STMicroelectronics.X-CUBE-AZRTOS-H7.3.3.0
2025-12-20 19:16:21,204 [WARN] PackLoader:240 - Cannot read IP mode file for RoweBots.I-CUBE-UNISONRTOS.5.5.0-4
2025-12-20 19:16:21,220 [WARN] PackLoader:240 - Cannot read IP mode file for STMicroelectronics.X-CUBE-BLEMGR.4.1.0
2025-12-20 19:16:21,239 [WARN] PackLoader:240 - Cannot read IP mode file for STMicroelectronics.X-CUBE-AI.8.0.0
2025-12-20 19:16:21,258 [WARN] PackLoader:240 - Cannot read IP mode file for STMicroelectronics.X-CUBE-IPS.3.0.0
2025-12-20 19:16:21,281 [WARN] ConditionMgr:438 - getConditionDescription Invalid condition id : UX DEVICE CLASS RTOS Condition cause : null
2025-12-20 19:16:21,281 [WARN] ConditionMgr:438 - getConditionDescription Invalid condition id : UX DEVICE CLASS RTOS Condition cause : null
2025-12-20 19:16:21,282 [WARN] PackLoader:240 - Cannot read IP mode file for STMicroelectronics.X-CUBE-AZRTOS-WB.2.0.0
2025-12-20 19:16:21,282 [WARN] ConditionMgr:1044 - genDependencies : Invalid condition id : UX DEVICE CLASS RTOS Condition cause : null
2025-12-20 19:16:21,282 [WARN] ConditionMgr:1044 - genDependencies : Invalid condition id : UX DEVICE CLASS RTOS Condition cause : null
2025-12-20 19:16:21,282 [WARN] ConditionMgr:1044 - genDependencies : Invalid condition id : UX DEVICE CLASS RTOS Condition cause : null
2025-12-20 19:16:21,283 [WARN] ConditionMgr:1044 - genDependencies : Invalid condition id : UX DEVICE CLASS RTOS Condition cause : null
2025-12-20 19:16:21,283 [WARN] ConditionMgr:1044 - genDependencies : Invalid condition id : UX DEVICE CLASS RTOS Condition cause : null
2025-12-20 19:16:21,298 [WARN] PackLoader:240 - Cannot read IP mode file for STMicroelectronics.X-CUBE-FREERTOS.1.0.1
2025-12-20 19:16:21,317 [WARN] PackLoader:240 - Cannot read IP mode file for STMicroelectronics.X-CUBE-GNSS1.7.0.0
2025-12-20 19:16:21,333 [WARN] PackLoader:240 - Cannot read IP mode file for STMicroelectronics.X-CUBE-GNSS1.7.0.1
2025-12-20 19:16:21,350 [WARN] PackLoader:240 - Cannot read IP mode file for STMicroelectronics.X-CUBE-TOUCHGFX.4.25.0
2025-12-20 19:16:21,366 [WARN] PackLoader:240 - Cannot read IP mode file for STMicroelectronics.FP-SNS-STBOX1.2.0.0
2025-12-20 19:16:21,394 [WARN] PackLoader:240 - Cannot read IP mode file for STMicroelectronics.X-CUBE-AZRTOS-L5.1.1.0
2025-12-20 19:16:21,415 [WARN] PackLoader:240 - Cannot read IP mode file for STMicroelectronics.X-CUBE-SUBG2.5.0.0
2025-12-20 19:16:21,444 [WARN] PackLoader:240 - Cannot read IP mode file for STMicroelectronics.X-CUBE-AZRTOS-H7RS.1.1.0
2025-12-20 19:16:21,463 [WARN] PackLoader:240 - Cannot read IP mode file for Cesanta.I-CUBE-Mongoose.7.13.0
2025-12-20 19:16:21,487 [WARN] PackLoader:240 - Cannot read IP mode file for STMicroelectronics.X-CUBE-AZRTOS-G4.2.0.0
2025-12-20 19:16:21,508 [WARN] PackLoader:240 - Cannot read IP mode file for STMicroelectronics.X-CUBE-TOF1.3.3.0
2025-12-20 19:16:21,525 [WARN] PackLoader:240 - Cannot read IP mode file for STMicroelectronics.FP-ATR-ASTRA1.1.1.1
2025-12-20 19:16:21,542 [WARN] PackLoader:240 - Cannot read IP mode file for STMicroelectronics.X-CUBE-NFC7.2.0.0
2025-12-20 19:16:21,564 [WARN] PackLoader:240 - Cannot read IP mode file for STMicroelectronics.X-CUBE-AZRTOS-G4.1.0.0
2025-12-20 19:16:21,589 [WARN] PackLoader:240 - Cannot read IP mode file for STMicroelectronics.X-CUBE-AZRTOS-L4.1.0.0
2025-12-20 19:16:21,605 [WARN] PackLoader:240 - Cannot read IP mode file for STMicroelectronics.X-CUBE-ISPU.2.0.0
2025-12-20 19:16:21,625 [WARN] PackLoader:240 - Cannot read IP mode file for STMicroelectronics.X-CUBE-IPS.3.1.0
2025-12-20 19:16:21,642 [WARN] PackLoader:240 - Cannot read IP mode file for STMicroelectronics.X-CUBE-ALS.1.0.2
2025-12-20 19:16:21,677 [WARN] PackLoader:240 - Cannot read IP mode file for STMicroelectronics.X-CUBE-MEMS1.10.0.0
2025-12-20 19:16:21,748 [WARN] PackLoader:240 - Cannot read IP mode file for STMicroelectronics.X-CUBE-TOUCHGFX.4.24.2
2025-12-20 19:16:21,770 [WARN] PackLoader:240 - Cannot read IP mode file for STMicroelectronics.X-CUBE-AZRTOS-WL.1.0.0
2025-12-20 19:16:21,786 [WARN] PackLoader:240 - Cannot read IP mode file for STMicroelectronics.X-CUBE-TOUCHGFX.4.24.1
2025-12-20 19:16:21,803 [WARN] PackLoader:240 - Cannot read IP mode file for STMicroelectronics.X-CUBE-STSE01.1.0.0
2025-12-20 19:16:21,819 [WARN] PackLoader:240 - Cannot read IP mode file for wolfSSL.I-CUBE-wolfTPM.3.4.0
2025-12-20 19:16:21,837 [WARN] PackLoader:240 - Cannot read IP mode file for portGmbH.I-Cube-SoM-uGOAL.1.1.0
2025-12-20 19:16:21,853 [WARN] PackLoader:240 - Cannot read IP mode file for STMicroelectronics.X-CUBE-ALS.1.0.1
2025-12-20 19:16:21,876 [WARN] PackLoader:240 - Cannot read IP mode file for STMicroelectronics.X-CUBE-AZRTOS-WB.1.1.0
2025-12-20 19:16:21,899 [WARN] PackLoader:240 - Cannot read IP mode file for STMicroelectronics.X-CUBE-AZRTOS-L5.1.0.0
2025-12-20 19:16:21,917 [WARN] PackLoader:240 - Cannot read IP mode file for STMicroelectronics.X-CUBE-EEPRMA1.3.1.1
2025-12-20 19:16:21,945 [WARN] PackLoader:240 - Cannot read IP mode file for STMicroelectronics.X-CUBE-AZRTOS-H7RS.1.0.0
2025-12-20 19:16:21,961 [WARN] PackLoader:240 - Cannot read IP mode file for STMicroelectronics.FP-ATR-ASTRA1.2.0.0
2025-12-20 19:16:21,982 [WARN] PackLoader:240 - Cannot read IP mode file for STMicroelectronics.X-CUBE-TOF1.3.4.2
2025-12-20 19:16:22,005 [WARN] PackLoader:240 - Cannot read IP mode file for STMicroelectronics.X-CUBE-TOF1.3.4.3
2025-12-20 19:16:22,033 [WARN] PackLoader:240 - Cannot read IP mode file for STMicroelectronics.X-CUBE-TOF1.3.4.1
2025-12-20 19:16:22,072 [WARN] PackLoader:240 - Cannot read IP mode file for STMicroelectronics.X-CUBE-AZRTOS-H7.3.2.0
2025-12-20 19:16:22,097 [WARN] PackLoader:240 - Cannot read IP mode file for Infineon.AIROC-Wi-Fi-Bluetooth-STM32.1.6.0
2025-12-20 19:16:22,119 [WARN] PackLoader:240 - Cannot read IP mode file for wolfSSL.I-CUBE-wolfSSH.1.4.17
2025-12-20 19:16:22,119 [INFO] ThirdParty:978 - Integrity check success = true
2025-12-20 19:16:22,119 [INFO] IntegrityCheckThread:100 - exiting critical section [integrity check]
2025-12-20 19:16:22,119 [INFO] IntegrityCheckThread:103 - End integrity checks thread
2025-12-20 19:19:31,611 [ERROR] LogOutputStream:75 - [STDERR_REDIRECT] 
