../Core/Src/function/func_sel.c:75:6:display_menu	32	static
../Core/Src/function/func_sel.c:82:6:T_setup	24	static
../Core/Src/function/func_sel.c:133:6:Midi_status	8	static
../Core/Src/function/func_sel.c:147:6:Scale_Down	8	static
../Core/Src/function/func_sel.c:156:6:Scale_Up	8	static
../Core/Src/function/func_sel.c:163:6:Oct_Down	8	static
../Core/Src/function/func_sel.c:170:6:Oct_Up	8	static
../Core/Src/function/func_sel.c:177:6:Tune_Down	8	static
../Core/Src/function/func_sel.c:184:6:Tune_Up	8	static
../Core/Src/function/func_sel.c:192:6:touch_sens	8	static
../Core/Src/function/func_sel.c:200:6:Reverb	8	static
../Core/Src/function/func_sel.c:209:6:Sustain	4	static
../Core/Src/function/func_sel.c:215:6:Auto_Corr	8	static
../Core/Src/function/func_sel.c:225:6:AC_up	8	static
../Core/Src/function/func_sel.c:238:6:AC_down	8	static
../Core/Src/function/func_sel.c:249:6:AC_s1	8	static
../Core/Src/function/func_sel.c:256:6:AC_s2	8	static
../Core/Src/function/func_sel.c:264:6:P1	8	static
../Core/Src/function/func_sel.c:270:6:P2	8	static
../Core/Src/function/func_sel.c:275:6:Preset	16	static
../Core/Src/function/func_sel.c:288:6:t_disp_update	16	static
../Core/Src/function/func_sel.c:337:6:T_On	8	static
../Core/Src/function/func_sel.c:349:6:T_scale_Down	8	static
../Core/Src/function/func_sel.c:356:6:T_scale_Up	8	static
../Core/Src/function/func_sel.c:373:6:T_Vol_Down	8	static
../Core/Src/function/func_sel.c:380:6:T_Vol_Up	8	static
../Core/Src/function/func_sel.c:388:6:T_sec	8	static
../Core/Src/function/func_sel.c:402:6:dispach	8	static
../Core/Src/function/func_sel.c:438:6:do_pc_command	24	static
../Core/Src/function/func_sel.c:481:6:update_data	16	static
../Core/Src/function/func_sel.c:499:6:update_flash_packat	24	static
../Core/Src/function/func_sel.c:521:6:function_process	16	static
