2025-11-22 19:44:03,466 [INFO] Activator:176 - 


2025-11-22 19:44:03,467 [INFO] Activator:177 - !SESSION log4j initialized
2025-11-22 19:44:06,815 [INFO] LogOutputStream:77 - [STDOUT_REDIRECT] 
2025-11-22 19:44:09,153 [INFO] ApplicationProperties:184 - Using Application install path: C:\ST\STM32CubeIDE_1.10.1\STM32CubeIDE\plugins\com.st.stm32cube.common.mx_6.14.1.202504091515
2025-11-22 19:44:09,169 [INFO] DbMcusXml:78 - Set database path to: C:\ST\STM32CubeIDE_1.10.1\STM32CubeIDE\plugins\com.st.stm32cube.common.mx_6.14.1.202504091515\\db\/mcu/
2025-11-22 19:44:09,169 [INFO] ApiDb:274 - Set plugin database path to: C:\ST\STM32CubeIDE_1.10.1\STM32CubeIDE\plugins\com.st.stm32cube.common.mx_6.14.1.202504091515\\db\/plugins/boardmanager/
2025-11-22 19:44:09,180 [WARN] ApiDb:259 - Overriding images path with different value:  => C:\ST\STM32CubeIDE_1.10.1\STM32CubeIDE\plugins\com.st.stm32cube.common.mx_6.14.1.202504091515\\db\/plugins/mcufinder/images/
2025-11-22 19:44:09,185 [INFO] ApiDb:250 - Set database path to: C:\Users\abhil\.stmcufinder\plugins\mcufinder//mcu/
2025-11-22 19:44:09,188 [INFO] DbMcusAds:125 - Set database path to: C:\Users\abhil\.stmcufinder\plugins\mcufinder//mcu/
2025-11-22 19:44:09,191 [INFO] CrossReferenceDbSqlite:203 - Set database path to: C:\Users\abhil\.stmcufinder\plugins\mcufinder//mcu/cs/
2025-11-22 19:44:09,298 [INFO] RulesReader:64 - Compatibility file has been processed (302 Rules)
2025-11-22 19:44:09,369 [INFO] DbMcusXml:78 - Set database path to: C:\ST\STM32CubeIDE_1.10.1\STM32CubeIDE\plugins\com.st.stm32cube.common.mx_6.14.1.202504091515\\db\/mcu/
2025-11-22 19:44:09,369 [INFO] ApiDb:274 - Set plugin database path to: C:\ST\STM32CubeIDE_1.10.1\STM32CubeIDE\plugins\com.st.stm32cube.common.mx_6.14.1.202504091515\\db\/plugins/boardmanager/
2025-11-22 19:44:09,369 [INFO] ApiDb:261 - Set plugin images path to: C:\ST\STM32CubeIDE_1.10.1\STM32CubeIDE\plugins\com.st.stm32cube.common.mx_6.14.1.202504091515\\db\/plugins/mcufinder/images/
2025-11-22 19:44:09,369 [WARN] DbFile:41 - Overriding database path with different value: C:\Users\abhil\.stmcufinder\plugins\mcufinder/ => C:\Users\abhil\.stmcufinder\plugins\mcufinder
2025-11-22 19:44:09,369 [INFO] ApiDb:250 - Set database path to: C:\Users\abhil\.stmcufinder\plugins\mcufinder//mcu/
2025-11-22 19:44:09,369 [WARN] DbFile:41 - Overriding database path with different value: C:\Users\abhil\.stmcufinder\plugins\mcufinder/ => C:\Users\abhil\.stmcufinder\plugins\mcufinder
2025-11-22 19:44:09,369 [INFO] DbMcusAds:125 - Set database path to: C:\Users\abhil\.stmcufinder\plugins\mcufinder//mcu/
2025-11-22 19:44:09,370 [WARN] DbFile:41 - Overriding database path with different value: C:\Users\abhil\.stmcufinder\plugins\mcufinder/ => C:\Users\abhil\.stmcufinder\plugins\mcufinder
2025-11-22 19:44:09,370 [WARN] DbFile:41 - Overriding database path with different value: C:\Users\abhil\.stmcufinder\plugins\mcufinder/ => C:\Users\abhil\.stmcufinder\plugins\mcufinder
2025-11-22 19:44:09,370 [INFO] CrossReferenceDbSqlite:203 - Set database path to: C:\Users\abhil\.stmcufinder\plugins\mcufinder//mcu/cs/
2025-11-22 19:44:09,444 [INFO] MainPanel:272 - HeapMemory: 268435456
2025-11-22 19:44:09,520 [INFO] DbMcusXml:78 - Set database path to: C:\ST\STM32CubeIDE_1.10.1\STM32CubeIDE\plugins\com.st.stm32cube.common.mx_6.14.1.202504091515\\db\/mcu/
2025-11-22 19:44:09,520 [INFO] ApiDb:274 - Set plugin database path to: C:\ST\STM32CubeIDE_1.10.1\STM32CubeIDE\plugins\com.st.stm32cube.common.mx_6.14.1.202504091515\\db\/plugins/boardmanager/
2025-11-22 19:44:09,520 [INFO] ApiDb:261 - Set plugin images path to: C:\ST\STM32CubeIDE_1.10.1\STM32CubeIDE\plugins\com.st.stm32cube.common.mx_6.14.1.202504091515\\db\/plugins/mcufinder/images/
2025-11-22 19:44:09,520 [WARN] DbFile:41 - Overriding database path with different value: C:\Users\abhil\.stmcufinder\plugins\mcufinder/ => C:\Users\abhil\.stmcufinder\plugins\mcufinder
2025-11-22 19:44:09,520 [INFO] ApiDb:250 - Set database path to: C:\Users\abhil\.stmcufinder\plugins\mcufinder//mcu/
2025-11-22 19:44:09,521 [WARN] DbFile:41 - Overriding database path with different value: C:\Users\abhil\.stmcufinder\plugins\mcufinder/ => C:\Users\abhil\.stmcufinder\plugins\mcufinder
2025-11-22 19:44:09,521 [INFO] DbMcusAds:125 - Set database path to: C:\Users\abhil\.stmcufinder\plugins\mcufinder//mcu/
2025-11-22 19:44:09,521 [WARN] DbFile:41 - Overriding database path with different value: C:\Users\abhil\.stmcufinder\plugins\mcufinder/ => C:\Users\abhil\.stmcufinder\plugins\mcufinder
2025-11-22 19:44:09,521 [WARN] DbFile:41 - Overriding database path with different value: C:\Users\abhil\.stmcufinder\plugins\mcufinder/ => C:\Users\abhil\.stmcufinder\plugins\mcufinder
2025-11-22 19:44:09,521 [INFO] CrossReferenceDbSqlite:203 - Set database path to: C:\Users\abhil\.stmcufinder\plugins\mcufinder//mcu/cs/
2025-11-22 19:44:09,540 [INFO] ApplicationProperties:184 - Using Application install path: C:\ST\STM32CubeIDE_1.10.1\STM32CubeIDE\plugins\com.st.stm32cube.common.mx_6.14.1.202504091515
2025-11-22 19:44:09,542 [INFO] PluginManage:196 - Search for loadable plugins [exclusion list=, ]
2025-11-22 19:44:09,543 [INFO] PluginManage:310 - Check plugin analytics
2025-11-22 19:44:09,726 [INFO] AnalyticsPlugin:253 - Accepted Software Licenses: 
2025-11-22 19:44:09,726 [INFO] AnalyticsPlugin:255 - Accepted CMSIS Pack Licenses: 
2025-11-22 19:44:09,726 [INFO] AnalyticsPlugin:257 - Accepted Firmware Licenses: FW.F4.1.27.0,FW.H7.1.10.0,FW.H7.1.12.0,FW.F4.1.28.0
2025-11-22 19:44:09,731 [INFO] PluginManage:359 - Loaded plugin analytics (category:tool,tabindex:-1)
2025-11-22 19:44:09,731 [INFO] PluginManage:310 - Check plugin cadmodel
2025-11-22 19:44:09,734 [INFO] CADModel:105 - Init CAD model plugin
2025-11-22 19:44:09,734 [INFO] PluginManage:359 - Loaded plugin cadmodel (category:power,tabindex:5)
2025-11-22 19:44:09,734 [INFO] PluginManage:310 - Check plugin clock
2025-11-22 19:44:09,743 [INFO] PluginManage:359 - Loaded plugin clock (category:base,tabindex:2)
2025-11-22 19:44:09,744 [INFO] PluginManage:310 - Check plugin ddr
2025-11-22 19:44:09,745 [INFO] PluginManage:359 - Loaded plugin ddr (category:tool,tabindex:6)
2025-11-22 19:44:09,746 [INFO] PluginManage:310 - Check plugin filemanager
2025-11-22 19:44:09,917 [INFO] PluginManage:359 - Loaded plugin filemanager (category:base,tabindex:10)
2025-11-22 19:44:09,917 [INFO] PluginManage:310 - Check plugin ipmanager
2025-11-22 19:44:09,924 [INFO] PluginManage:359 - Loaded plugin ipmanager (category:base,tabindex:5)
2025-11-22 19:44:09,925 [INFO] PluginManage:310 - Check plugin lpbam
2025-11-22 19:44:09,932 [INFO] PluginManage:359 - Loaded plugin lpbam (category:base,tabindex:0)
2025-11-22 19:44:09,932 [INFO] PluginManage:310 - Check plugin memorymap
2025-11-22 19:44:09,941 [INFO] PluginManage:359 - Loaded plugin memorymap (category:base,tabindex:4)
2025-11-22 19:44:09,941 [INFO] PluginManage:310 - Check plugin pinoutandconfiguration
2025-11-22 19:44:09,947 [INFO] PluginManage:359 - Loaded plugin pinoutandconfiguration (category:base,tabindex:1)
2025-11-22 19:44:09,948 [INFO] PluginManage:310 - Check plugin pinoutconfig
2025-11-22 19:44:10,018 [WARN] SupportedApi:132 - Cannot load RTOS API schema: s4s-elt-must-match.1: The content of 'definitions' must match (annotation?, (simpleType | complexType)?, (unique | key | keyref)*)). A problem was found starting at: attribute.
2025-11-22 19:44:10,146 [INFO] PluginManage:359 - Loaded plugin pinoutconfig (category:base,tabindex:0)
2025-11-22 19:44:10,146 [INFO] PluginManage:310 - Check plugin power
2025-11-22 19:44:10,160 [INFO] PluginManage:359 - Loaded plugin power (category:power,tabindex:4)
2025-11-22 19:44:10,160 [INFO] PluginManage:310 - Check plugin projectmanager
2025-11-22 19:44:10,181 [INFO] PluginManage:359 - Loaded plugin projectmanager (category:projectmanager,tabindex:4)
2025-11-22 19:44:10,181 [INFO] PluginManage:310 - Check plugin rif
2025-11-22 19:44:10,186 [INFO] PluginManage:359 - Loaded plugin rif (category:base,tabindex:3)
2025-11-22 19:44:10,187 [INFO] PluginManage:310 - Check plugin thirdparty
2025-11-22 19:44:10,315 [INFO] PluginManage:359 - Loaded plugin thirdparty (category:base,tabindex:-1)
2025-11-22 19:44:10,315 [WARN] IntegrityCheckThread:84 - waiting for thirdparty lock release [integrity check]
2025-11-22 19:44:10,315 [INFO] IntegrityCheckThread:86 - entering critical section [integrity check]
2025-11-22 19:44:10,317 [INFO] PluginManage:310 - Check plugin tools
2025-11-22 19:44:10,317 [INFO] ThirdPartyUpdaterWithRetryManager:70 - Updater plugin not ready yet. [1/15]
2025-11-22 19:44:10,319 [INFO] PluginManage:359 - Loaded plugin tools (category:base,tabindex:7)
2025-11-22 19:44:10,319 [INFO] PluginManage:310 - Check plugin tutovideos
2025-11-22 19:44:10,442 [INFO] PluginManage:359 - Loaded plugin tutovideos (category:base,tabindex:-1)
2025-11-22 19:44:10,442 [INFO] PluginManage:310 - Check plugin updater
2025-11-22 19:44:10,463 [INFO] PluginManage:359 - Loaded plugin updater (category:base,tabindex:12)
2025-11-22 19:44:10,463 [INFO] PluginManage:310 - Check plugin userauth
2025-11-22 19:44:10,465 [INFO] UserAuth:118 - Init User Auth plugin
2025-11-22 19:44:10,477 [INFO] PluginManage:359 - Loaded plugin userauth (category:base,tabindex:14)
2025-11-22 19:44:10,478 [INFO] PluginManage:283 - PluginManage : Loaded plugins [18]
2025-11-22 19:44:10,695 [INFO] PinOutPanel:1589 - setPackage(No Configuration,No Configuration)
2025-11-22 19:44:10,781 [INFO] CADModel:165 - CPN selected for project level
2025-11-22 19:44:10,781 [INFO] CADModel:114 - Register for checkConnection events
2025-11-22 19:44:10,793 [INFO] IPUIPlugin:80 - create IPUIPlugin
2025-11-22 19:44:10,794 [INFO] PluginManager:220 - loadIPPluginJar : add adc
2025-11-22 19:44:10,796 [INFO] IPUIPlugin:80 - create IPUIPlugin
2025-11-22 19:44:10,796 [INFO] PluginManager:220 - loadIPPluginJar : add aes
2025-11-22 19:44:10,799 [INFO] IPUIPlugin:80 - create IPUIPlugin
2025-11-22 19:44:10,799 [INFO] PluginManager:220 - loadIPPluginJar : add can
2025-11-22 19:44:10,800 [INFO] IPUIPlugin:80 - create IPUIPlugin
2025-11-22 19:44:10,800 [INFO] PluginManager:220 - loadIPPluginJar : add comp
2025-11-22 19:44:10,802 [INFO] IPUIPlugin:80 - create IPUIPlugin
2025-11-22 19:44:10,802 [INFO] PluginManager:220 - loadIPPluginJar : add cryp
2025-11-22 19:44:10,805 [INFO] IPUIPlugin:80 - create IPUIPlugin
2025-11-22 19:44:10,805 [INFO] PluginManager:220 - loadIPPluginJar : add ddr_ctrl_phy
2025-11-22 19:44:10,807 [INFO] IPUIPlugin:80 - create IPUIPlugin
2025-11-22 19:44:10,807 [INFO] PluginManager:220 - loadIPPluginJar : add dfsdm
2025-11-22 19:44:10,811 [INFO] IPUIPlugin:80 - create IPUIPlugin
2025-11-22 19:44:10,812 [INFO] PluginManager:220 - loadIPPluginJar : add dma
2025-11-22 19:44:10,815 [INFO] IPUIPlugin:80 - create IPUIPlugin
2025-11-22 19:44:10,815 [INFO] PluginManager:220 - loadIPPluginJar : add dma3
2025-11-22 19:44:10,817 [INFO] IPUIPlugin:80 - create IPUIPlugin
2025-11-22 19:44:10,817 [INFO] PluginManager:220 - loadIPPluginJar : add extmemmanager
2025-11-22 19:44:10,821 [INFO] IPUIPlugin:80 - create IPUIPlugin
2025-11-22 19:44:10,821 [INFO] PluginManager:220 - loadIPPluginJar : add fatfs
2025-11-22 19:44:10,826 [INFO] IPUIPlugin:80 - create IPUIPlugin
2025-11-22 19:44:10,828 [INFO] PluginManager:220 - loadIPPluginJar : add fmc
2025-11-22 19:44:10,832 [INFO] IPUIPlugin:80 - create IPUIPlugin
2025-11-22 19:44:10,832 [INFO] PluginManager:220 - loadIPPluginJar : add freertos
2025-11-22 19:44:10,834 [INFO] IPUIPlugin:80 - create IPUIPlugin
2025-11-22 19:44:10,834 [INFO] PluginManager:220 - loadIPPluginJar : add genericplugin
2025-11-22 19:44:10,836 [INFO] IPUIPlugin:80 - create IPUIPlugin
2025-11-22 19:44:10,838 [INFO] PluginManager:220 - loadIPPluginJar : add gfxmmu
2025-11-22 19:44:10,844 [INFO] IPUIPlugin:80 - create IPUIPlugin
2025-11-22 19:44:10,844 [INFO] PluginManager:220 - loadIPPluginJar : add gic
2025-11-22 19:44:10,848 [INFO] IPUIPlugin:80 - create IPUIPlugin
2025-11-22 19:44:10,848 [INFO] PluginManager:220 - loadIPPluginJar : add gpio
2025-11-22 19:44:10,852 [INFO] IPUIPlugin:80 - create IPUIPlugin
2025-11-22 19:44:10,852 [INFO] PluginManager:220 - loadIPPluginJar : add gtzc
2025-11-22 19:44:10,855 [INFO] IPUIPlugin:80 - create IPUIPlugin
2025-11-22 19:44:10,856 [INFO] PluginManager:220 - loadIPPluginJar : add hash
2025-11-22 19:44:10,860 [INFO] IPUIPlugin:80 - create IPUIPlugin
2025-11-22 19:44:10,860 [INFO] PluginManager:220 - loadIPPluginJar : add i2c
2025-11-22 19:44:10,864 [INFO] IPUIPlugin:80 - create IPUIPlugin
2025-11-22 19:44:10,864 [INFO] PluginManager:220 - loadIPPluginJar : add i2s
2025-11-22 19:44:10,867 [INFO] IPUIPlugin:80 - create IPUIPlugin
2025-11-22 19:44:10,867 [INFO] PluginManager:220 - loadIPPluginJar : add i3c
2025-11-22 19:44:10,871 [INFO] IPUIPlugin:80 - create IPUIPlugin
2025-11-22 19:44:10,871 [INFO] PluginManager:220 - loadIPPluginJar : add ipddr
2025-11-22 19:44:10,878 [INFO] IPUIPlugin:80 - create IPUIPlugin
2025-11-22 19:44:10,878 [INFO] PluginManager:220 - loadIPPluginJar : add linkedlist
2025-11-22 19:44:10,881 [INFO] IPUIPlugin:80 - create IPUIPlugin
2025-11-22 19:44:10,882 [INFO] PluginManager:220 - loadIPPluginJar : add lorawan
2025-11-22 19:44:10,883 [INFO] IPUIPlugin:80 - create IPUIPlugin
2025-11-22 19:44:10,883 [INFO] PluginManager:220 - loadIPPluginJar : add ltdc
2025-11-22 19:44:10,889 [INFO] IPUIPlugin:80 - create IPUIPlugin
2025-11-22 19:44:10,889 [INFO] PluginManager:220 - loadIPPluginJar : add mdma
2025-11-22 19:44:10,892 [INFO] IPUIPlugin:80 - create IPUIPlugin
2025-11-22 19:44:10,892 [INFO] PluginManager:220 - loadIPPluginJar : add nvic
2025-11-22 19:44:10,895 [INFO] IPUIPlugin:80 - create IPUIPlugin
2025-11-22 19:44:10,895 [INFO] PluginManager:220 - loadIPPluginJar : add opamp
2025-11-22 19:44:10,897 [INFO] IPUIPlugin:80 - create IPUIPlugin
2025-11-22 19:44:10,898 [INFO] PluginManager:220 - loadIPPluginJar : add openamp
2025-11-22 19:44:10,900 [INFO] IPUIPlugin:80 - create IPUIPlugin
2025-11-22 19:44:10,900 [INFO] PluginManager:220 - loadIPPluginJar : add pdm2pcm
2025-11-22 19:44:10,906 [INFO] IPUIPlugin:80 - create IPUIPlugin
2025-11-22 19:44:10,909 [INFO] PluginManager:220 - loadIPPluginJar : add plateformsettings
2025-11-22 19:44:10,911 [INFO] IPUIPlugin:80 - create IPUIPlugin
2025-11-22 19:44:10,911 [INFO] PluginManager:220 - loadIPPluginJar : add quadspi
2025-11-22 19:44:10,913 [INFO] IPUIPlugin:80 - create IPUIPlugin
2025-11-22 19:44:10,914 [INFO] PluginManager:220 - loadIPPluginJar : add radio
2025-11-22 19:44:10,917 [INFO] IPUIPlugin:80 - create IPUIPlugin
2025-11-22 19:44:10,918 [INFO] PluginManager:220 - loadIPPluginJar : add resmgrutility
2025-11-22 19:44:10,922 [INFO] IPUIPlugin:80 - create IPUIPlugin
2025-11-22 19:44:10,922 [INFO] PluginManager:220 - loadIPPluginJar : add sai
2025-11-22 19:44:10,925 [INFO] IPUIPlugin:80 - create IPUIPlugin
2025-11-22 19:44:10,925 [INFO] PluginManager:220 - loadIPPluginJar : add spi
2025-11-22 19:44:10,932 [INFO] IPUIPlugin:80 - create IPUIPlugin
2025-11-22 19:44:10,932 [INFO] PluginManager:220 - loadIPPluginJar : add stm32_wpan
2025-11-22 19:44:10,934 [INFO] IPUIPlugin:80 - create IPUIPlugin
2025-11-22 19:44:10,934 [INFO] PluginManager:220 - loadIPPluginJar : add tim
2025-11-22 19:44:10,939 [INFO] IPUIPlugin:80 - create IPUIPlugin
2025-11-22 19:44:10,939 [INFO] PluginManager:220 - loadIPPluginJar : add touchsensing
2025-11-22 19:44:10,941 [INFO] IPUIPlugin:80 - create IPUIPlugin
2025-11-22 19:44:10,941 [INFO] PluginManager:220 - loadIPPluginJar : add tracer_emb
2025-11-22 19:44:10,944 [INFO] IPUIPlugin:80 - create IPUIPlugin
2025-11-22 19:44:10,944 [INFO] PluginManager:220 - loadIPPluginJar : add ts
2025-11-22 19:44:10,945 [INFO] IPUIPlugin:80 - create IPUIPlugin
2025-11-22 19:44:10,946 [INFO] PluginManager:220 - loadIPPluginJar : add tsc
2025-11-22 19:44:10,947 [INFO] IPUIPlugin:80 - create IPUIPlugin
2025-11-22 19:44:10,947 [INFO] PluginManager:220 - loadIPPluginJar : add ucpd
2025-11-22 19:44:10,951 [INFO] IPUIPlugin:80 - create IPUIPlugin
2025-11-22 19:44:10,951 [INFO] PluginManager:220 - loadIPPluginJar : add usart
2025-11-22 19:44:10,954 [INFO] IPUIPlugin:80 - create IPUIPlugin
2025-11-22 19:44:10,954 [INFO] PluginManager:220 - loadIPPluginJar : add usbx
2025-11-22 19:44:11,097 [FATAL] Updater:351 - Updater called before beeing initialized
2025-11-22 19:44:11,124 [INFO] RulesReader:64 - Compatibility file has been processed (302 Rules)
2025-11-22 19:44:11,133 [INFO] RulesReader:64 - Compatibility file has been processed (302 Rules)
2025-11-22 19:44:11,141 [INFO] CADModel:165 - CPN selected for project level
2025-11-22 19:44:11,141 [INFO] CADModel:114 - Register for checkConnection events
2025-11-22 19:44:11,141 [FATAL] Updater:351 - Updater called before beeing initialized
2025-11-22 19:44:11,142 [ERROR] CADModel:125 - Updater not yet initialized, retry later 
2025-11-22 19:44:11,273 [FATAL] Updater:351 - Updater called before beeing initialized
2025-11-22 19:44:11,274 [INFO] CADModel:165 - CPN selected for project level
2025-11-22 19:44:11,274 [INFO] CADModel:114 - Register for checkConnection events
2025-11-22 19:44:11,274 [FATAL] Updater:351 - Updater called before beeing initialized
2025-11-22 19:44:11,274 [ERROR] CADModel:125 - Updater not yet initialized, retry later 
2025-11-22 19:44:11,276 [FATAL] Updater:351 - Updater called before beeing initialized
2025-11-22 19:44:11,400 [FATAL] Updater:351 - Updater called before beeing initialized
2025-11-22 19:44:11,403 [INFO] DbMcusAds:53 - JSON generation date=Thu Oct 02 15:06:05 IST 2025 (1759397765645)
2025-11-22 19:44:11,403 [FATAL] Updater:351 - Updater called before beeing initialized
2025-11-22 19:44:11,432 [WARN] DetailPanel:346 - Failed to get advertising image, set to default
2025-11-22 19:44:11,695 [FATAL] Updater:351 - Updater called before beeing initialized
2025-11-22 19:44:11,698 [FATAL] Updater:351 - Updater called before beeing initialized
2025-11-22 19:44:11,699 [FATAL] Updater:351 - Updater called before beeing initialized
2025-11-22 19:44:11,699 [WARN] DetailPanel:346 - Failed to get advertising image, set to default
2025-11-22 19:44:11,700 [FATAL] Updater:351 - Updater called before beeing initialized
2025-11-22 19:44:11,752 [ERROR] Updater:1198 - MainUpdater not yet initialized. External WinMGr cannot be set.
2025-11-22 19:44:11,755 [INFO] Updater:1134 - Updater Version found : 6.14.1
2025-11-22 19:44:11,767 [INFO] ApplicationProperties:184 - Using Application install path: C:\ST\STM32CubeIDE_1.10.1\STM32CubeIDE\plugins\com.st.stm32cube.common.mx_6.14.1.202504091515
2025-11-22 19:44:12,062 [INFO] MainUpdater:2872 - connection check result : 10
2025-11-22 19:44:12,063 [INFO] MainUpdater:289 - Updater Check For Update Now.
2025-11-22 19:44:12,063 [INFO] MicroXplorer:498 - Change Database Version : DB.6.0.141
2025-11-22 19:44:12,074 [INFO] McuFinderGlobals:63 - Set McuFinder mode to 2 (CubeIDE integrated)
2025-11-22 19:44:12,075 [INFO] UserAuth:484 - Internet connection configuration mode: 1
2025-11-22 19:44:12,093 [INFO] JxBrowserEngine:152 - Initiate JxBrowser Engine with user profile folder
2025-11-22 19:44:12,256 [INFO] CheckServerUpdateThread:120 - End of CheckServer Thread
2025-11-22 19:44:12,664 [INFO] WebApp:169 - Instantiating new browser for Auth
2025-11-22 19:44:13,287 [INFO] WebApp:463 - Apply proxy settings
2025-11-22 19:44:13,289 [INFO] WebApp:548 - Chromium requires no authentication
2025-11-22 19:44:13,296 [INFO] WebApp:491 - Direct internet connection detected
2025-11-22 19:44:13,314 [INFO] WebApp:894 - Register for checkConnection events
2025-11-22 19:44:13,314 [INFO] WebApp:463 - Apply proxy settings
2025-11-22 19:44:13,314 [INFO] WebApp:548 - Chromium requires no authentication
2025-11-22 19:44:13,315 [INFO] WebApp:491 - Direct internet connection detected
2025-11-22 19:44:13,485 [INFO] WebApp:225 - Starting web application
2025-11-22 19:44:13,486 [INFO] WebApp:593 - Web application path used C:\ST\STM32CubeIDE_1.10.1\STM32CubeIDE\plugins\com.st.stm32cube.common.mx_6.14.1.202504091515\db\plugins\mcufinder\reactClient1\index.html
2025-11-22 19:44:13,567 [INFO] UserAuth:484 - Internet connection configuration mode: 1
2025-11-22 19:44:13,643 [WARN] PackLoader:240 - Cannot read IP mode file for STMicroelectronics.FP-SNS-MOTENVWB1.1.4.0
2025-11-22 19:44:13,652 [WARN] PackLoader:240 - Cannot read IP mode file for STMicroelectronics.FP-ATR-ASTRA1.2.0.2
2025-11-22 19:44:13,656 [WARN] PackLoader:240 - Cannot read IP mode file for STMicroelectronics.FP-ATR-ASTRA1.2.0.1
2025-11-22 19:44:13,667 [WARN] PackLoader:240 - Cannot read IP mode file for STMicroelectronics.X-CUBE-SMBUS.2.1.0
2025-11-22 19:44:13,677 [WARN] PackLoader:240 - Cannot read IP mode file for STMicroelectronics.X-CUBE-WB05N.1.1.0
2025-11-22 19:44:13,685 [WARN] PackLoader:240 - Cannot read IP mode file for STMicroelectronics.X-CUBE-ST60.1.0.0
2025-11-22 19:44:13,694 [WARN] PackLoader:240 - Cannot read IP mode file for STMicroelectronics.X-CUBE-TOUCHGFX.4.23.2
2025-11-22 19:44:13,712 [INFO] WebApp:191 - Connection restablished
2025-11-22 19:44:13,728 [WARN] PackLoader:240 - Cannot read IP mode file for STMicroelectronics.X-CUBE-AZRTOS-F7.1.1.0
2025-11-22 19:44:13,740 [WARN] PackLoader:240 - Cannot read IP mode file for STMicroelectronics.X-CUBE-BLE1.6.2.3
2025-11-22 19:44:13,797 [WARN] PackLoader:240 - Cannot read IP mode file for STMicroelectronics.X-CUBE-MEMS1.11.0.0
2025-11-22 19:44:13,963 [WARN] PackLoader:240 - Cannot read IP mode file for STMicroelectronics.X-CUBE-BLE1.6.2.4
2025-11-22 19:44:13,967 [ERROR] Engine:466 - C:\Users\abhil\.stm32cubemx\thirdparties\pdsc\STMicroelectronics.FP-SNS-MOTENV1.5.1.0.pdsc: PDSC version is not supported
2025-11-22 19:44:13,972 [WARN] PackLoader:240 - Cannot read IP mode file for STMicroelectronics.FP-SNS-FLIGHT1.5.0.2
2025-11-22 19:44:13,982 [WARN] PackLoader:240 - Cannot read IP mode file for STMicroelectronics.X-CUBE-TOF1.3.1.0
2025-11-22 19:44:14,008 [WARN] PackLoader:240 - Cannot read IP mode file for STMicroelectronics.X-CUBE-AZRTOS-H7.3.4.0
2025-11-22 19:44:14,020 [WARN] PackLoader:240 - Cannot read IP mode file for STMicroelectronics.X-CUBE-DISPLAY.3.0.0
2025-11-22 19:44:14,032 [WARN] PackLoader:240 - Cannot read IP mode file for STMicroelectronics.X-CUBE-BLE1.7.0.0
2025-11-22 19:44:14,041 [WARN] PackLoader:240 - Cannot read IP mode file for STMicroelectronics.X-CUBE-NFC10.1.0.0
2025-11-22 19:44:14,054 [WARN] PackLoader:240 - Cannot read IP mode file for STMicroelectronics.X-CUBE-BLEMGR.4.0.0
2025-11-22 19:44:14,062 [WARN] PackLoader:240 - Cannot read IP mode file for STMicroelectronics.X-CUBE-ST60.1.1.0
2025-11-22 19:44:14,071 [WARN] PackLoader:240 - Cannot read IP mode file for STMicroelectronics.X-CUBE-GNSS1.7.1.0
2025-11-22 19:44:14,108 [WARN] PackLoader:240 - Cannot read IP mode file for STMicroelectronics.X-CUBE-MEMS1.9.3.0
2025-11-22 19:44:14,241 [WARN] PackLoader:240 - Cannot read IP mode file for STMicroelectronics.X-CUBE-AI.7.2.0
2025-11-22 19:44:14,250 [WARN] PackLoader:240 - Cannot read IP mode file for STMicroelectronics.X-CUBE-BLEMGR.3.1.0
2025-11-22 19:44:14,255 [WARN] PackLoader:240 - Cannot read IP mode file for STMicroelectronics.X-CUBE-AI.10.0.0
2025-11-22 19:44:14,259 [ERROR] Engine:466 - C:\Users\abhil\.stm32cubemx\thirdparties\pdsc\STMicroelectronics.FP-SNS-STBOX1.2.1.0.pdsc: PDSC version is not supported
2025-11-22 19:44:14,264 [WARN] PackLoader:240 - Cannot read IP mode file for STMicroelectronics.FP-SNS-SMARTAG2.1.2.0
2025-11-22 19:44:14,269 [WARN] PackLoader:240 - Cannot read IP mode file for STMicroelectronics.FP-SNS-FLIGHT1.5.1.0
2025-11-22 19:44:14,302 [WARN] PackLoader:240 - Cannot read IP mode file for STMicroelectronics.X-CUBE-MEMS1.11.1.0
2025-11-22 19:44:14,385 [INFO] LogOutputStream:77 - [STDOUT_REDIRECT] 1 : Invalid condition id : UX_CORESTACK_Condition cause : null
2025-11-22 19:44:14,385 [INFO] LogOutputStream:77 - [STDOUT_REDIRECT] 1 : Invalid condition id : UX_CORESTACK_Condition cause : null
2025-11-22 19:44:14,387 [INFO] LogOutputStream:77 - [STDOUT_REDIRECT] 1 : Invalid condition id : UX_CORESTACK_Condition cause : null
2025-11-22 19:44:14,387 [INFO] LogOutputStream:77 - [STDOUT_REDIRECT] 1 : Invalid condition id : UX_CORESTACK_Condition cause : null
2025-11-22 19:44:14,389 [INFO] LogOutputStream:77 - [STDOUT_REDIRECT] 1 : Invalid condition id : UX_CORESTACK_Condition cause : null
2025-11-22 19:44:14,391 [WARN] PackLoader:240 - Cannot read IP mode file for STMicroelectronics.X-CUBE-AZRTOS-WL.2.0.0
2025-11-22 19:44:14,396 [WARN] PackLoader:240 - Cannot read IP mode file for STMicroelectronics.FP-SNS-MOTENV1.5.0.0
2025-11-22 19:44:14,410 [WARN] PackLoader:240 - Cannot read IP mode file for STMicroelectronics.X-CUBE-AZRTOS-H7RS.1.2.0
2025-11-22 19:44:14,417 [WARN] PackLoader:240 - Cannot read IP mode file for wolfSSL.I-CUBE-wolfMQTT.1.19.0
2025-11-22 19:44:14,425 [WARN] PackLoader:240 - Cannot read IP mode file for WES.I-CUBE-Cesium.1.3.0
2025-11-22 19:44:14,429 [WARN] PackLoader:240 - Cannot read IP mode file for STMicroelectronics.X-CUBE-BLE2.3.3.0
2025-11-22 19:44:14,448 [WARN] PackLoader:240 - Cannot read IP mode file for STMicroelectronics.X-CUBE-DISPLAY.2.2.0
2025-11-22 19:44:14,457 [WARN] PackLoader:240 - Cannot read IP mode file for STMicroelectronics.X-CUBE-TOF1.3.2.0
2025-11-22 19:44:14,464 [WARN] PackLoader:240 - Cannot read IP mode file for STMicroelectronics.X-CUBE-ISPU.1.0.0
2025-11-22 19:44:14,470 [WARN] PackLoader:240 - Cannot read IP mode file for STMicroelectronics.X-CUBE-NFC9.1.0.0
2025-11-22 19:44:14,484 [WARN] PackLoader:240 - Cannot read IP mode file for STMicroelectronics.X-CUBE-AZRTOS-H7.2.1.0
2025-11-22 19:44:14,492 [WARN] PackLoader:240 - Cannot read IP mode file for STMicroelectronics.X-CUBE-BLE1.7.1.0
2025-11-22 19:44:14,496 [WARN] PackLoader:240 - Cannot read IP mode file for STMicroelectronics.X-CUBE-TCPP.4.1.0
2025-11-22 19:44:14,499 [ERROR] Engine:466 - C:\Users\abhil\.stm32cubemx\thirdparties\pdsc\STMicroelectronics.X-CUBE-FREERTOS.1.4.0.pdsc: PDSC version is not supported
2025-11-22 19:44:14,505 [WARN] PackLoader:240 - Cannot read IP mode file for STMicroelectronics.X-CUBE-EEPRMA1.5.2.0
2025-11-22 19:44:14,510 [WARN] PackLoader:240 - Cannot read IP mode file for STMicroelectronics.X-CUBE-TOUCHGFX.4.21.3
2025-11-22 19:44:14,513 [WARN] PackLoader:240 - Cannot read IP mode file for STMicroelectronics.X-CUBE-AI.7.3.0
2025-11-22 19:44:14,515 [ERROR] Engine:466 - C:\Users\abhil\.stm32cubemx\thirdparties\pdsc\STMicroelectronics.X-CUBE-ST67W61.1.1.0.pdsc: PDSC version is not supported
2025-11-22 19:44:14,519 [WARN] PackLoader:240 - Cannot read IP mode file for STMicroelectronics.X-CUBE-AI.10.1.0
2025-11-22 19:44:14,556 [WARN] PackLoader:240 - Cannot read IP mode file for STMicroelectronics.X-CUBE-MEMS1.12.0.0
2025-11-22 19:44:14,604 [WARN] PackLoader:240 - Cannot read IP mode file for STMicroelectronics.X-CUBE-ALGOBUILD.1.3.0
2025-11-22 19:44:14,633 [WARN] PackLoader:240 - Cannot read IP mode file for STMicroelectronics.X-CUBE-MEMS1.11.2.0
2025-11-22 19:44:14,740 [WARN] PackLoader:240 - Cannot read IP mode file for STMicroelectronics.X-CUBE-AZRTOS-G0.1.1.0
2025-11-22 19:44:14,747 [WARN] PackLoader:240 - Cannot read IP mode file for STMicroelectronics.X-CUBE-SAFEA1.1.2.2
2025-11-22 19:44:14,754 [WARN] PackLoader:240 - Cannot read IP mode file for STMicroelectronics.X-CUBE-NFC4.3.0.0
2025-11-22 19:44:14,772 [WARN] PackLoader:240 - Cannot read IP mode file for SEGGER.I-CUBE-embOS.1.2.1
2025-11-22 19:44:14,794 [WARN] PackLoader:240 - Cannot read IP mode file for wolfSSL.I-CUBE-wolfMQTT.1.18.0
2025-11-22 19:44:14,811 [WARN] PackLoader:240 - Cannot read IP mode file for EmbeddedOffice.I-CUBE-FS-RTOS.1.0.1
2025-11-22 19:44:14,817 [WARN] PackLoader:240 - Cannot read IP mode file for STMicroelectronics.X-CUBE-WB05N.2.0.0
2025-11-22 19:44:14,824 [WARN] PackLoader:240 - Cannot read IP mode file for STMicroelectronics.X-CUBE-TCPP.4.2.0
2025-11-22 19:44:14,830 [WARN] PackLoader:240 - Cannot read IP mode file for RealThread.X-CUBE-RT-Thread_Nano.4.1.1
2025-11-22 19:44:14,834 [WARN] PackLoader:240 - Cannot read IP mode file for STMicroelectronics.FP-ATR-SIGFOX1.3.2.0
2025-11-22 19:44:14,839 [WARN] ConditionMgr:438 - getConditionDescription Invalid condition id : Cortex-A Device cause : null
2025-11-22 19:44:14,846 [WARN] ConditionMgr:1044 - genDependencies : Invalid condition id : Cortex-A Device cause : null
2025-11-22 19:44:14,847 [WARN] ConditionMgr:1044 - genDependencies : Invalid condition id : Cortex-A Device cause : null
2025-11-22 19:44:14,847 [WARN] ConditionMgr:1044 - genDependencies : Invalid condition id : Cortex-A Device cause : null
2025-11-22 19:44:14,851 [WARN] PackLoader:240 - Cannot read IP mode file for STMicroelectronics.X-CUBE-EEPRMA1.5.1.0
2025-11-22 19:44:14,857 [WARN] PackLoader:240 - Cannot read IP mode file for emotas.I-CUBE-CANOPEN.1.1.2
2025-11-22 19:44:14,860 [WARN] PackLoader:240 - Cannot read IP mode file for STMicroelectronics.X-CUBE-TOUCHGFX.4.20.0
2025-11-22 19:44:14,865 [WARN] PackLoader:240 - Cannot read IP mode file for ITTIA_DB.I-CUBE-ITTIADB.8.9.0
2025-11-22 19:44:14,888 [WARN] PackLoader:240 - Cannot read IP mode file for STMicroelectronics.X-CUBE-MEMS1.9.5.0
2025-11-22 19:44:14,963 [WARN] PackLoader:240 - Cannot read IP mode file for STMicroelectronics.X-CUBE-ST67W61.1.0.0
2025-11-22 19:44:14,966 [WARN] PackLoader:240 - Cannot read IP mode file for STMicroelectronics.X-CUBE-AI.10.2.0
2025-11-22 19:44:14,986 [WARN] PackLoader:240 - Cannot read IP mode file for SEGGER.I-CUBE-embOS.1.3.1
2025-11-22 19:44:15,005 [WARN] PackLoader:240 - Cannot read IP mode file for STMicroelectronics.X-CUBE-ALGOBUILD.1.4.0
2025-11-22 19:44:15,032 [WARN] PackLoader:240 - Cannot read IP mode file for STMicroelectronics.X-CUBE-MEMS1.11.3.0
2025-11-22 19:44:15,105 [WARN] PackLoader:240 - Cannot read IP mode file for STMicroelectronics.X-CUBE-AI.9.1.0
2025-11-22 19:44:15,116 [WARN] PackLoader:240 - Cannot read IP mode file for STMicroelectronics.X-CUBE-PM33A1.1.0.0
2025-11-22 19:44:15,122 [WARN] PackLoader:240 - Cannot read IP mode file for STMicroelectronics.X-CUBE-GNSS1.6.0.0
2025-11-22 19:44:15,143 [WARN] PackLoader:240 - Cannot read IP mode file for STMicroelectronics.X-CUBE-AZRTOS-F4.1.1.0
2025-11-22 19:44:15,151 [WARN] PackLoader:240 - Cannot read IP mode file for Avnet-IotConnect.X-CUBE-IoTC-DA16k-PMOD.1.0.0
2025-11-22 19:44:15,162 [WARN] PackLoader:240 - Cannot read IP mode file for STMicroelectronics.X-CUBE-ISPU.2.1.0
2025-11-22 19:44:15,169 [ERROR] Engine:466 - C:\Users\abhil\.stm32cubemx\thirdparties\pdsc\STMicroelectronics.X-CUBE-IPS.3.2.0.pdsc: PDSC version is not supported
2025-11-22 19:44:15,177 [WARN] PackLoader:240 - Cannot read IP mode file for STMicroelectronics.X-CUBE-FREERTOS.1.2.0
2025-11-22 19:44:15,185 [WARN] PackLoader:240 - Cannot read IP mode file for STMicroelectronics.X-CUBE-NFC12.1.0.0
2025-11-22 19:44:15,194 [WARN] PackLoader:240 - Cannot read IP mode file for STMicroelectronics.X-CUBE-BLEMGR.1.2.0
2025-11-22 19:44:15,209 [WARN] PackLoader:240 - Cannot read IP mode file for STMicroelectronics.X-CUBE-AZRTOS-L5.2.0.0
2025-11-22 19:44:15,217 [WARN] PackLoader:240 - Cannot read IP mode file for STMicroelectronics.X-CUBE-NFC6.3.1.0
2025-11-22 19:44:15,225 [WARN] PackLoader:240 - Cannot read IP mode file for STMicroelectronics.X-CUBE-BLEMGR.2.0.0
2025-11-22 19:44:15,231 [WARN] PackLoader:240 - Cannot read IP mode file for STMicroelectronics.X-CUBE-DPower.1.2.0
2025-11-22 19:44:15,235 [WARN] PackLoader:240 - Cannot read IP mode file for STMicroelectronics.X-CUBE-NFC4.2.0.4
2025-11-22 19:44:15,240 [WARN] PackLoader:240 - Cannot read IP mode file for STMicroelectronics.X-CUBE-AI.9.0.0
2025-11-22 19:44:15,255 [WARN] ConditionMgr:438 - getConditionDescription Invalid condition id : UX DEVICE CLASS RTOS Condition cause : null
2025-11-22 19:44:15,255 [WARN] ConditionMgr:438 - getConditionDescription Invalid condition id : UX DEVICE CLASS RTOS Condition cause : null
2025-11-22 19:44:15,258 [WARN] PackLoader:240 - Cannot read IP mode file for STMicroelectronics.X-CUBE-AZRTOS-H7.3.1.0
2025-11-22 19:44:15,259 [WARN] ConditionMgr:1044 - genDependencies : Invalid condition id : UX DEVICE CLASS RTOS Condition cause : null
2025-11-22 19:44:15,259 [WARN] ConditionMgr:1044 - genDependencies : Invalid condition id : UX DEVICE CLASS RTOS Condition cause : null
2025-11-22 19:44:15,260 [WARN] ConditionMgr:1044 - genDependencies : Invalid condition id : UX DEVICE CLASS RTOS Condition cause : null
2025-11-22 19:44:15,260 [WARN] ConditionMgr:1044 - genDependencies : Invalid condition id : UX DEVICE CLASS RTOS Condition cause : null
2025-11-22 19:44:15,261 [WARN] ConditionMgr:1044 - genDependencies : Invalid condition id : UX DEVICE CLASS RTOS Condition cause : null
2025-11-22 19:44:15,267 [WARN] PackLoader:240 - Cannot read IP mode file for wolfSSL.I-CUBE-wolfSSL.5.5.1
2025-11-22 19:44:15,272 [WARN] PackLoader:240 - Cannot read IP mode file for STMicroelectronics.X-CUBE-FREERTOS.1.3.1
2025-11-22 19:44:15,278 [WARN] PackLoader:240 - Cannot read IP mode file for STMicroelectronics.X-CUBE-FREERTOS.1.3.0
2025-11-22 19:44:15,285 [WARN] PackLoader:240 - Cannot read IP mode file for STMicroelectronics.X-CUBE-NFC7.1.0.1
2025-11-22 19:44:15,290 [WARN] PackLoader:240 - Cannot read IP mode file for STMicroelectronics.X-CUBE-NFC7.1.0.0
2025-11-22 19:44:15,294 [WARN] PackLoader:240 - Cannot read IP mode file for STMicroelectronics.X-CUBE-TOUCHGFX.4.26.0
2025-11-22 19:44:15,299 [WARN] PackLoader:240 - Cannot read IP mode file for STMicroelectronics.X-CUBE-EEPRMA1.4.1.0
2025-11-22 19:44:15,305 [WARN] PackLoader:240 - Cannot read IP mode file for STMicroelectronics.FP-SNS-STAIOTCFT.1.0.0
2025-11-22 19:44:15,309 [WARN] PackLoader:240 - Cannot read IP mode file for STMicroelectronics.X-CUBE-DPower.1.3.0
2025-11-22 19:44:15,324 [WARN] ConditionMgr:438 - getConditionDescription Invalid condition id : LAN8742 Phy interface Condition cause : null
2025-11-22 19:44:15,325 [WARN] PackLoader:240 - Cannot read IP mode file for STMicroelectronics.X-CUBE-AZRTOS-L4.2.0.0
2025-11-22 19:44:15,326 [WARN] ConditionMgr:1044 - genDependencies : Invalid condition id : LAN8742 Phy interface Condition cause : null
2025-11-22 19:44:15,326 [WARN] ConditionMgr:1044 - genDependencies : Invalid condition id : LAN8742 Phy interface Condition cause : null
2025-11-22 19:44:15,327 [WARN] ConditionMgr:1044 - genDependencies : Invalid condition id : LAN8742 Phy interface Condition cause : null
2025-11-22 19:44:15,333 [WARN] PackLoader:240 - Cannot read IP mode file for STMicroelectronics.X-CUBE-SFXS2LP1.4.0.0
2025-11-22 19:44:15,339 [WARN] PackLoader:240 - Cannot read IP mode file for STMicroelectronics.X-CUBE-ISPU.1.1.0
2025-11-22 19:44:15,357 [WARN] PackLoader:240 - Cannot read IP mode file for STMicroelectronics.X-CUBE-AZRTOS-H7.3.3.0
2025-11-22 19:44:15,365 [WARN] PackLoader:240 - Cannot read IP mode file for RoweBots.I-CUBE-UNISONRTOS.5.5.0-4
2025-11-22 19:44:15,374 [WARN] PackLoader:240 - Cannot read IP mode file for STMicroelectronics.X-CUBE-BLEMGR.4.1.0
2025-11-22 19:44:15,381 [WARN] PackLoader:240 - Cannot read IP mode file for STMicroelectronics.X-CUBE-AI.8.0.0
2025-11-22 19:44:15,388 [WARN] PackLoader:240 - Cannot read IP mode file for STMicroelectronics.X-CUBE-IPS.3.0.0
2025-11-22 19:44:15,401 [WARN] ConditionMgr:438 - getConditionDescription Invalid condition id : UX DEVICE CLASS RTOS Condition cause : null
2025-11-22 19:44:15,401 [WARN] ConditionMgr:438 - getConditionDescription Invalid condition id : UX DEVICE CLASS RTOS Condition cause : null
2025-11-22 19:44:15,402 [WARN] PackLoader:240 - Cannot read IP mode file for STMicroelectronics.X-CUBE-AZRTOS-WB.2.0.0
2025-11-22 19:44:15,403 [WARN] ConditionMgr:1044 - genDependencies : Invalid condition id : UX DEVICE CLASS RTOS Condition cause : null
2025-11-22 19:44:15,404 [WARN] ConditionMgr:1044 - genDependencies : Invalid condition id : UX DEVICE CLASS RTOS Condition cause : null
2025-11-22 19:44:15,404 [WARN] ConditionMgr:1044 - genDependencies : Invalid condition id : UX DEVICE CLASS RTOS Condition cause : null
2025-11-22 19:44:15,405 [WARN] ConditionMgr:1044 - genDependencies : Invalid condition id : UX DEVICE CLASS RTOS Condition cause : null
2025-11-22 19:44:15,405 [WARN] ConditionMgr:1044 - genDependencies : Invalid condition id : UX DEVICE CLASS RTOS Condition cause : null
2025-11-22 19:44:15,410 [WARN] PackLoader:240 - Cannot read IP mode file for STMicroelectronics.X-CUBE-FREERTOS.1.0.1
2025-11-22 19:44:15,416 [WARN] PackLoader:240 - Cannot read IP mode file for STMicroelectronics.X-CUBE-GNSS1.7.0.0
2025-11-22 19:44:15,423 [WARN] PackLoader:240 - Cannot read IP mode file for STMicroelectronics.X-CUBE-GNSS1.7.0.1
2025-11-22 19:44:15,427 [WARN] PackLoader:240 - Cannot read IP mode file for STMicroelectronics.X-CUBE-TOUCHGFX.4.25.0
2025-11-22 19:44:15,433 [WARN] PackLoader:240 - Cannot read IP mode file for STMicroelectronics.FP-SNS-STBOX1.2.0.0
2025-11-22 19:44:15,446 [WARN] PackLoader:240 - Cannot read IP mode file for STMicroelectronics.X-CUBE-AZRTOS-L5.1.1.0
2025-11-22 19:44:15,458 [WARN] PackLoader:240 - Cannot read IP mode file for STMicroelectronics.X-CUBE-SUBG2.5.0.0
2025-11-22 19:44:15,474 [WARN] PackLoader:240 - Cannot read IP mode file for STMicroelectronics.X-CUBE-AZRTOS-H7RS.1.1.0
2025-11-22 19:44:15,480 [WARN] PackLoader:240 - Cannot read IP mode file for Cesanta.I-CUBE-Mongoose.7.13.0
2025-11-22 19:44:15,493 [WARN] PackLoader:240 - Cannot read IP mode file for STMicroelectronics.X-CUBE-AZRTOS-G4.2.0.0
2025-11-22 19:44:15,502 [WARN] PackLoader:240 - Cannot read IP mode file for STMicroelectronics.X-CUBE-TOF1.3.3.0
2025-11-22 19:44:15,512 [WARN] PackLoader:240 - Cannot read IP mode file for STMicroelectronics.FP-ATR-ASTRA1.1.1.1
2025-11-22 19:44:15,516 [WARN] PackLoader:240 - Cannot read IP mode file for STMicroelectronics.X-CUBE-NFC7.2.0.0
2025-11-22 19:44:15,525 [WARN] PackLoader:240 - Cannot read IP mode file for STMicroelectronics.X-CUBE-AZRTOS-G4.1.0.0
2025-11-22 19:44:15,537 [WARN] PackLoader:240 - Cannot read IP mode file for STMicroelectronics.X-CUBE-AZRTOS-L4.1.0.0
2025-11-22 19:44:15,543 [WARN] PackLoader:240 - Cannot read IP mode file for STMicroelectronics.X-CUBE-ISPU.2.0.0
2025-11-22 19:44:15,550 [WARN] PackLoader:240 - Cannot read IP mode file for STMicroelectronics.X-CUBE-IPS.3.1.0
2025-11-22 19:44:15,603 [WARN] PackLoader:240 - Cannot read IP mode file for STMicroelectronics.X-CUBE-ALS.1.0.2
2025-11-22 19:44:15,632 [WARN] PackLoader:240 - Cannot read IP mode file for STMicroelectronics.X-CUBE-MEMS1.10.0.0
2025-11-22 19:44:15,689 [WARN] PackLoader:240 - Cannot read IP mode file for STMicroelectronics.X-CUBE-TOUCHGFX.4.24.2
2025-11-22 19:44:15,695 [WARN] PackLoader:240 - Cannot read IP mode file for STMicroelectronics.X-CUBE-AZRTOS-WL.1.0.0
2025-11-22 19:44:15,699 [WARN] PackLoader:240 - Cannot read IP mode file for STMicroelectronics.X-CUBE-TOUCHGFX.4.24.1
2025-11-22 19:44:15,704 [WARN] PackLoader:240 - Cannot read IP mode file for STMicroelectronics.X-CUBE-STSE01.1.0.0
2025-11-22 19:44:15,709 [WARN] PackLoader:240 - Cannot read IP mode file for wolfSSL.I-CUBE-wolfTPM.3.4.0
2025-11-22 19:44:15,714 [WARN] PackLoader:240 - Cannot read IP mode file for portGmbH.I-Cube-SoM-uGOAL.1.1.0
2025-11-22 19:44:15,716 [WARN] PackLoader:240 - Cannot read IP mode file for STMicroelectronics.X-CUBE-ALS.1.0.1
2025-11-22 19:44:15,726 [WARN] PackLoader:240 - Cannot read IP mode file for STMicroelectronics.X-CUBE-AZRTOS-WB.1.1.0
2025-11-22 19:44:15,736 [WARN] PackLoader:240 - Cannot read IP mode file for STMicroelectronics.X-CUBE-AZRTOS-L5.1.0.0
2025-11-22 19:44:15,741 [WARN] PackLoader:240 - Cannot read IP mode file for STMicroelectronics.X-CUBE-EEPRMA1.3.1.1
2025-11-22 19:44:15,751 [WARN] PackLoader:240 - Cannot read IP mode file for STMicroelectronics.X-CUBE-AZRTOS-H7RS.1.0.0
2025-11-22 19:44:15,756 [WARN] PackLoader:240 - Cannot read IP mode file for STMicroelectronics.FP-ATR-ASTRA1.2.0.0
2025-11-22 19:44:15,768 [WARN] PackLoader:240 - Cannot read IP mode file for STMicroelectronics.X-CUBE-TOF1.3.4.2
2025-11-22 19:44:15,784 [WARN] PackLoader:240 - Cannot read IP mode file for STMicroelectronics.X-CUBE-TOF1.3.4.3
2025-11-22 19:44:15,800 [WARN] PackLoader:240 - Cannot read IP mode file for STMicroelectronics.X-CUBE-TOF1.3.4.1
2025-11-22 19:44:15,826 [WARN] PackLoader:240 - Cannot read IP mode file for STMicroelectronics.X-CUBE-AZRTOS-H7.3.2.0
2025-11-22 19:44:15,840 [WARN] PackLoader:240 - Cannot read IP mode file for Infineon.AIROC-Wi-Fi-Bluetooth-STM32.1.6.0
2025-11-22 19:44:15,847 [WARN] PackLoader:240 - Cannot read IP mode file for wolfSSL.I-CUBE-wolfSSH.1.4.17
2025-11-22 19:44:15,848 [INFO] ThirdParty:978 - Integrity check success = true
2025-11-22 19:44:15,848 [INFO] IntegrityCheckThread:100 - exiting critical section [integrity check]
2025-11-22 19:44:15,848 [INFO] IntegrityCheckThread:103 - End integrity checks thread
2025-11-22 19:46:16,120 [ERROR] LogOutputStream:75 - [STDERR_REDIRECT] 
2025-11-22 19:46:26,626 [INFO] Activator:176 - 


2025-11-22 19:46:26,628 [INFO] Activator:177 - !SESSION log4j initialized
2025-11-22 19:46:29,164 [INFO] LogOutputStream:77 - [STDOUT_REDIRECT] 
2025-11-22 19:46:40,894 [INFO] ApplicationProperties:184 - Using Application install path: C:\ST\STM32CubeIDE_1.10.1\STM32CubeIDE\plugins\com.st.stm32cube.common.mx_6.14.1.202504091515
2025-11-22 19:46:40,911 [INFO] DbMcusXml:78 - Set database path to: C:\ST\STM32CubeIDE_1.10.1\STM32CubeIDE\plugins\com.st.stm32cube.common.mx_6.14.1.202504091515\\db\/mcu/
2025-11-22 19:46:40,911 [INFO] ApiDb:274 - Set plugin database path to: C:\ST\STM32CubeIDE_1.10.1\STM32CubeIDE\plugins\com.st.stm32cube.common.mx_6.14.1.202504091515\\db\/plugins/boardmanager/
2025-11-22 19:46:40,911 [WARN] ApiDb:259 - Overriding images path with different value:  => C:\ST\STM32CubeIDE_1.10.1\STM32CubeIDE\plugins\com.st.stm32cube.common.mx_6.14.1.202504091515\\db\/plugins/mcufinder/images/
2025-11-22 19:46:40,919 [INFO] ApiDb:250 - Set database path to: C:\Users\abhil\.stmcufinder\plugins\mcufinder//mcu/
2025-11-22 19:46:40,920 [INFO] DbMcusAds:125 - Set database path to: C:\Users\abhil\.stmcufinder\plugins\mcufinder//mcu/
2025-11-22 19:46:40,925 [INFO] CrossReferenceDbSqlite:203 - Set database path to: C:\Users\abhil\.stmcufinder\plugins\mcufinder//mcu/cs/
2025-11-22 19:46:41,042 [INFO] RulesReader:64 - Compatibility file has been processed (302 Rules)
2025-11-22 19:46:41,117 [INFO] DbMcusXml:78 - Set database path to: C:\ST\STM32CubeIDE_1.10.1\STM32CubeIDE\plugins\com.st.stm32cube.common.mx_6.14.1.202504091515\\db\/mcu/
2025-11-22 19:46:41,118 [INFO] ApiDb:274 - Set plugin database path to: C:\ST\STM32CubeIDE_1.10.1\STM32CubeIDE\plugins\com.st.stm32cube.common.mx_6.14.1.202504091515\\db\/plugins/boardmanager/
2025-11-22 19:46:41,118 [INFO] ApiDb:261 - Set plugin images path to: C:\ST\STM32CubeIDE_1.10.1\STM32CubeIDE\plugins\com.st.stm32cube.common.mx_6.14.1.202504091515\\db\/plugins/mcufinder/images/
2025-11-22 19:46:41,118 [WARN] DbFile:41 - Overriding database path with different value: C:\Users\abhil\.stmcufinder\plugins\mcufinder/ => C:\Users\abhil\.stmcufinder\plugins\mcufinder
2025-11-22 19:46:41,118 [INFO] ApiDb:250 - Set database path to: C:\Users\abhil\.stmcufinder\plugins\mcufinder//mcu/
2025-11-22 19:46:41,118 [WARN] DbFile:41 - Overriding database path with different value: C:\Users\abhil\.stmcufinder\plugins\mcufinder/ => C:\Users\abhil\.stmcufinder\plugins\mcufinder
2025-11-22 19:46:41,119 [INFO] DbMcusAds:125 - Set database path to: C:\Users\abhil\.stmcufinder\plugins\mcufinder//mcu/
2025-11-22 19:46:41,119 [WARN] DbFile:41 - Overriding database path with different value: C:\Users\abhil\.stmcufinder\plugins\mcufinder/ => C:\Users\abhil\.stmcufinder\plugins\mcufinder
2025-11-22 19:46:41,119 [WARN] DbFile:41 - Overriding database path with different value: C:\Users\abhil\.stmcufinder\plugins\mcufinder/ => C:\Users\abhil\.stmcufinder\plugins\mcufinder
2025-11-22 19:46:41,119 [INFO] CrossReferenceDbSqlite:203 - Set database path to: C:\Users\abhil\.stmcufinder\plugins\mcufinder//mcu/cs/
2025-11-22 19:46:41,187 [INFO] MainPanel:272 - HeapMemory: 268435456
2025-11-22 19:46:41,262 [INFO] DbMcusXml:78 - Set database path to: C:\ST\STM32CubeIDE_1.10.1\STM32CubeIDE\plugins\com.st.stm32cube.common.mx_6.14.1.202504091515\\db\/mcu/
2025-11-22 19:46:41,262 [INFO] ApiDb:274 - Set plugin database path to: C:\ST\STM32CubeIDE_1.10.1\STM32CubeIDE\plugins\com.st.stm32cube.common.mx_6.14.1.202504091515\\db\/plugins/boardmanager/
2025-11-22 19:46:41,262 [INFO] ApiDb:261 - Set plugin images path to: C:\ST\STM32CubeIDE_1.10.1\STM32CubeIDE\plugins\com.st.stm32cube.common.mx_6.14.1.202504091515\\db\/plugins/mcufinder/images/
2025-11-22 19:46:41,262 [WARN] DbFile:41 - Overriding database path with different value: C:\Users\abhil\.stmcufinder\plugins\mcufinder/ => C:\Users\abhil\.stmcufinder\plugins\mcufinder
2025-11-22 19:46:41,262 [INFO] ApiDb:250 - Set database path to: C:\Users\abhil\.stmcufinder\plugins\mcufinder//mcu/
2025-11-22 19:46:41,262 [WARN] DbFile:41 - Overriding database path with different value: C:\Users\abhil\.stmcufinder\plugins\mcufinder/ => C:\Users\abhil\.stmcufinder\plugins\mcufinder
2025-11-22 19:46:41,263 [INFO] DbMcusAds:125 - Set database path to: C:\Users\abhil\.stmcufinder\plugins\mcufinder//mcu/
2025-11-22 19:46:41,263 [WARN] DbFile:41 - Overriding database path with different value: C:\Users\abhil\.stmcufinder\plugins\mcufinder/ => C:\Users\abhil\.stmcufinder\plugins\mcufinder
2025-11-22 19:46:41,263 [WARN] DbFile:41 - Overriding database path with different value: C:\Users\abhil\.stmcufinder\plugins\mcufinder/ => C:\Users\abhil\.stmcufinder\plugins\mcufinder
2025-11-22 19:46:41,263 [INFO] CrossReferenceDbSqlite:203 - Set database path to: C:\Users\abhil\.stmcufinder\plugins\mcufinder//mcu/cs/
2025-11-22 19:46:41,281 [INFO] ApplicationProperties:184 - Using Application install path: C:\ST\STM32CubeIDE_1.10.1\STM32CubeIDE\plugins\com.st.stm32cube.common.mx_6.14.1.202504091515
2025-11-22 19:46:41,282 [INFO] PluginManage:196 - Search for loadable plugins [exclusion list=, ]
2025-11-22 19:46:41,283 [INFO] PluginManage:310 - Check plugin analytics
2025-11-22 19:46:50,944 [INFO] AnalyticsPlugin:253 - Accepted Software Licenses: 
2025-11-22 19:46:50,944 [INFO] AnalyticsPlugin:255 - Accepted CMSIS Pack Licenses: 
2025-11-22 19:46:50,944 [INFO] AnalyticsPlugin:257 - Accepted Firmware Licenses: FW.F4.1.27.0,FW.H7.1.10.0,FW.H7.1.12.0,FW.F4.1.28.0
2025-11-22 19:46:50,947 [INFO] PluginManage:359 - Loaded plugin analytics (category:tool,tabindex:-1)
2025-11-22 19:46:50,948 [INFO] PluginManage:310 - Check plugin cadmodel
2025-11-22 19:46:50,952 [INFO] CADModel:105 - Init CAD model plugin
2025-11-22 19:46:50,952 [INFO] PluginManage:359 - Loaded plugin cadmodel (category:power,tabindex:5)
2025-11-22 19:46:50,952 [INFO] PluginManage:310 - Check plugin clock
2025-11-22 19:46:50,963 [INFO] PluginManage:359 - Loaded plugin clock (category:base,tabindex:2)
2025-11-22 19:46:50,963 [INFO] PluginManage:310 - Check plugin ddr
2025-11-22 19:46:50,965 [INFO] PluginManage:359 - Loaded plugin ddr (category:tool,tabindex:6)
2025-11-22 19:46:50,965 [INFO] PluginManage:310 - Check plugin filemanager
2025-11-22 19:46:51,101 [INFO] PluginManage:359 - Loaded plugin filemanager (category:base,tabindex:10)
2025-11-22 19:46:51,101 [INFO] PluginManage:310 - Check plugin ipmanager
2025-11-22 19:46:51,110 [INFO] PluginManage:359 - Loaded plugin ipmanager (category:base,tabindex:5)
2025-11-22 19:46:51,110 [INFO] PluginManage:310 - Check plugin lpbam
2025-11-22 19:46:51,119 [INFO] PluginManage:359 - Loaded plugin lpbam (category:base,tabindex:0)
2025-11-22 19:46:51,119 [INFO] PluginManage:310 - Check plugin memorymap
2025-11-22 19:46:51,132 [INFO] PluginManage:359 - Loaded plugin memorymap (category:base,tabindex:4)
2025-11-22 19:46:51,132 [INFO] PluginManage:310 - Check plugin pinoutandconfiguration
2025-11-22 19:46:51,140 [INFO] PluginManage:359 - Loaded plugin pinoutandconfiguration (category:base,tabindex:1)
2025-11-22 19:46:51,140 [INFO] PluginManage:310 - Check plugin pinoutconfig
2025-11-22 19:46:51,249 [WARN] SupportedApi:132 - Cannot load RTOS API schema: s4s-elt-must-match.1: The content of 'definitions' must match (annotation?, (simpleType | complexType)?, (unique | key | keyref)*)). A problem was found starting at: attribute.
2025-11-22 19:46:51,386 [INFO] PluginManage:359 - Loaded plugin pinoutconfig (category:base,tabindex:0)
2025-11-22 19:46:51,388 [INFO] PluginManage:310 - Check plugin power
2025-11-22 19:46:51,394 [INFO] PluginManage:359 - Loaded plugin power (category:power,tabindex:4)
2025-11-22 19:46:51,395 [INFO] PluginManage:310 - Check plugin projectmanager
2025-11-22 19:46:51,411 [INFO] PluginManage:359 - Loaded plugin projectmanager (category:projectmanager,tabindex:4)
2025-11-22 19:46:51,411 [INFO] PluginManage:310 - Check plugin rif
2025-11-22 19:46:51,416 [INFO] PluginManage:359 - Loaded plugin rif (category:base,tabindex:3)
2025-11-22 19:46:51,417 [INFO] PluginManage:310 - Check plugin thirdparty
2025-11-22 19:46:51,539 [INFO] PluginManage:359 - Loaded plugin thirdparty (category:base,tabindex:-1)
2025-11-22 19:46:51,539 [INFO] PluginManage:310 - Check plugin tools
2025-11-22 19:46:51,539 [WARN] IntegrityCheckThread:84 - waiting for thirdparty lock release [integrity check]
2025-11-22 19:46:51,539 [INFO] IntegrityCheckThread:86 - entering critical section [integrity check]
2025-11-22 19:46:51,539 [INFO] ThirdPartyUpdaterWithRetryManager:70 - Updater plugin not ready yet. [1/15]
2025-11-22 19:46:51,541 [INFO] PluginManage:359 - Loaded plugin tools (category:base,tabindex:7)
2025-11-22 19:46:51,541 [INFO] PluginManage:310 - Check plugin tutovideos
2025-11-22 19:46:51,669 [INFO] PluginManage:359 - Loaded plugin tutovideos (category:base,tabindex:-1)
2025-11-22 19:46:51,669 [INFO] PluginManage:310 - Check plugin updater
2025-11-22 19:46:51,688 [INFO] PluginManage:359 - Loaded plugin updater (category:base,tabindex:12)
2025-11-22 19:46:51,688 [INFO] PluginManage:310 - Check plugin userauth
2025-11-22 19:46:51,692 [INFO] UserAuth:118 - Init User Auth plugin
2025-11-22 19:46:51,693 [INFO] PluginManage:359 - Loaded plugin userauth (category:base,tabindex:14)
2025-11-22 19:46:51,694 [INFO] PluginManage:283 - PluginManage : Loaded plugins [18]
2025-11-22 19:46:51,903 [INFO] PinOutPanel:1589 - setPackage(No Configuration,No Configuration)
2025-11-22 19:46:51,992 [INFO] CADModel:165 - CPN selected for project level
2025-11-22 19:46:51,992 [INFO] CADModel:114 - Register for checkConnection events
2025-11-22 19:46:52,007 [INFO] IPUIPlugin:80 - create IPUIPlugin
2025-11-22 19:46:52,007 [INFO] PluginManager:220 - loadIPPluginJar : add adc
2025-11-22 19:46:52,010 [INFO] IPUIPlugin:80 - create IPUIPlugin
2025-11-22 19:46:52,010 [INFO] PluginManager:220 - loadIPPluginJar : add aes
2025-11-22 19:46:52,013 [INFO] IPUIPlugin:80 - create IPUIPlugin
2025-11-22 19:46:52,014 [INFO] PluginManager:220 - loadIPPluginJar : add can
2025-11-22 19:46:52,016 [INFO] IPUIPlugin:80 - create IPUIPlugin
2025-11-22 19:46:52,016 [INFO] PluginManager:220 - loadIPPluginJar : add comp
2025-11-22 19:46:52,020 [INFO] IPUIPlugin:80 - create IPUIPlugin
2025-11-22 19:46:52,020 [INFO] PluginManager:220 - loadIPPluginJar : add cryp
2025-11-22 19:46:52,023 [INFO] IPUIPlugin:80 - create IPUIPlugin
2025-11-22 19:46:52,023 [INFO] PluginManager:220 - loadIPPluginJar : add ddr_ctrl_phy
2025-11-22 19:46:52,026 [INFO] IPUIPlugin:80 - create IPUIPlugin
2025-11-22 19:46:52,026 [INFO] PluginManager:220 - loadIPPluginJar : add dfsdm
2025-11-22 19:46:52,033 [INFO] IPUIPlugin:80 - create IPUIPlugin
2025-11-22 19:46:52,033 [INFO] PluginManager:220 - loadIPPluginJar : add dma
2025-11-22 19:46:52,036 [INFO] IPUIPlugin:80 - create IPUIPlugin
2025-11-22 19:46:52,036 [INFO] PluginManager:220 - loadIPPluginJar : add dma3
2025-11-22 19:46:52,039 [INFO] IPUIPlugin:80 - create IPUIPlugin
2025-11-22 19:46:52,039 [INFO] PluginManager:220 - loadIPPluginJar : add extmemmanager
2025-11-22 19:46:52,041 [INFO] IPUIPlugin:80 - create IPUIPlugin
2025-11-22 19:46:52,041 [INFO] PluginManager:220 - loadIPPluginJar : add fatfs
2025-11-22 19:46:52,046 [INFO] IPUIPlugin:80 - create IPUIPlugin
2025-11-22 19:46:52,046 [INFO] PluginManager:220 - loadIPPluginJar : add fmc
2025-11-22 19:46:52,053 [INFO] IPUIPlugin:80 - create IPUIPlugin
2025-11-22 19:46:52,053 [INFO] PluginManager:220 - loadIPPluginJar : add freertos
2025-11-22 19:46:52,055 [INFO] IPUIPlugin:80 - create IPUIPlugin
2025-11-22 19:46:52,055 [INFO] PluginManager:220 - loadIPPluginJar : add genericplugin
2025-11-22 19:46:52,057 [INFO] IPUIPlugin:80 - create IPUIPlugin
2025-11-22 19:46:52,058 [INFO] PluginManager:220 - loadIPPluginJar : add gfxmmu
2025-11-22 19:46:52,063 [INFO] IPUIPlugin:80 - create IPUIPlugin
2025-11-22 19:46:52,063 [INFO] PluginManager:220 - loadIPPluginJar : add gic
2025-11-22 19:46:52,069 [INFO] IPUIPlugin:80 - create IPUIPlugin
2025-11-22 19:46:52,069 [INFO] PluginManager:220 - loadIPPluginJar : add gpio
2025-11-22 19:46:52,072 [INFO] IPUIPlugin:80 - create IPUIPlugin
2025-11-22 19:46:52,072 [INFO] PluginManager:220 - loadIPPluginJar : add gtzc
2025-11-22 19:46:52,075 [INFO] IPUIPlugin:80 - create IPUIPlugin
2025-11-22 19:46:52,075 [INFO] PluginManager:220 - loadIPPluginJar : add hash
2025-11-22 19:46:52,077 [INFO] IPUIPlugin:80 - create IPUIPlugin
2025-11-22 19:46:52,078 [INFO] PluginManager:220 - loadIPPluginJar : add i2c
2025-11-22 19:46:52,081 [INFO] IPUIPlugin:80 - create IPUIPlugin
2025-11-22 19:46:52,081 [INFO] PluginManager:220 - loadIPPluginJar : add i2s
2025-11-22 19:46:52,085 [INFO] IPUIPlugin:80 - create IPUIPlugin
2025-11-22 19:46:52,085 [INFO] PluginManager:220 - loadIPPluginJar : add i3c
2025-11-22 19:46:52,090 [INFO] IPUIPlugin:80 - create IPUIPlugin
2025-11-22 19:46:52,090 [INFO] PluginManager:220 - loadIPPluginJar : add ipddr
2025-11-22 19:46:52,095 [INFO] IPUIPlugin:80 - create IPUIPlugin
2025-11-22 19:46:52,096 [INFO] PluginManager:220 - loadIPPluginJar : add linkedlist
2025-11-22 19:46:52,099 [INFO] IPUIPlugin:80 - create IPUIPlugin
2025-11-22 19:46:52,099 [INFO] PluginManager:220 - loadIPPluginJar : add lorawan
2025-11-22 19:46:52,101 [INFO] IPUIPlugin:80 - create IPUIPlugin
2025-11-22 19:46:52,101 [INFO] PluginManager:220 - loadIPPluginJar : add ltdc
2025-11-22 19:46:52,107 [INFO] IPUIPlugin:80 - create IPUIPlugin
2025-11-22 19:46:52,107 [INFO] PluginManager:220 - loadIPPluginJar : add mdma
2025-11-22 19:46:52,110 [INFO] IPUIPlugin:80 - create IPUIPlugin
2025-11-22 19:46:52,111 [INFO] PluginManager:220 - loadIPPluginJar : add nvic
2025-11-22 19:46:52,114 [INFO] IPUIPlugin:80 - create IPUIPlugin
2025-11-22 19:46:52,114 [INFO] PluginManager:220 - loadIPPluginJar : add opamp
2025-11-22 19:46:52,119 [INFO] IPUIPlugin:80 - create IPUIPlugin
2025-11-22 19:46:52,119 [INFO] PluginManager:220 - loadIPPluginJar : add openamp
2025-11-22 19:46:52,122 [INFO] IPUIPlugin:80 - create IPUIPlugin
2025-11-22 19:46:52,122 [INFO] PluginManager:220 - loadIPPluginJar : add pdm2pcm
2025-11-22 19:46:52,129 [INFO] IPUIPlugin:80 - create IPUIPlugin
2025-11-22 19:46:52,132 [INFO] PluginManager:220 - loadIPPluginJar : add plateformsettings
2025-11-22 19:46:52,134 [INFO] IPUIPlugin:80 - create IPUIPlugin
2025-11-22 19:46:52,134 [INFO] PluginManager:220 - loadIPPluginJar : add quadspi
2025-11-22 19:46:52,136 [INFO] IPUIPlugin:80 - create IPUIPlugin
2025-11-22 19:46:52,137 [INFO] PluginManager:220 - loadIPPluginJar : add radio
2025-11-22 19:46:52,141 [INFO] IPUIPlugin:80 - create IPUIPlugin
2025-11-22 19:46:52,141 [INFO] PluginManager:220 - loadIPPluginJar : add resmgrutility
2025-11-22 19:46:52,145 [INFO] IPUIPlugin:80 - create IPUIPlugin
2025-11-22 19:46:52,145 [INFO] PluginManager:220 - loadIPPluginJar : add sai
2025-11-22 19:46:52,148 [INFO] IPUIPlugin:80 - create IPUIPlugin
2025-11-22 19:46:52,148 [INFO] PluginManager:220 - loadIPPluginJar : add spi
2025-11-22 19:46:52,155 [INFO] IPUIPlugin:80 - create IPUIPlugin
2025-11-22 19:46:52,155 [INFO] PluginManager:220 - loadIPPluginJar : add stm32_wpan
2025-11-22 19:46:52,157 [INFO] IPUIPlugin:80 - create IPUIPlugin
2025-11-22 19:46:52,157 [INFO] PluginManager:220 - loadIPPluginJar : add tim
2025-11-22 19:46:52,161 [INFO] IPUIPlugin:80 - create IPUIPlugin
2025-11-22 19:46:52,161 [INFO] PluginManager:220 - loadIPPluginJar : add touchsensing
2025-11-22 19:46:52,163 [INFO] IPUIPlugin:80 - create IPUIPlugin
2025-11-22 19:46:52,164 [INFO] PluginManager:220 - loadIPPluginJar : add tracer_emb
2025-11-22 19:46:52,166 [INFO] IPUIPlugin:80 - create IPUIPlugin
2025-11-22 19:46:52,166 [INFO] PluginManager:220 - loadIPPluginJar : add ts
2025-11-22 19:46:52,168 [INFO] IPUIPlugin:80 - create IPUIPlugin
2025-11-22 19:46:52,168 [INFO] PluginManager:220 - loadIPPluginJar : add tsc
2025-11-22 19:46:52,170 [INFO] IPUIPlugin:80 - create IPUIPlugin
2025-11-22 19:46:52,171 [INFO] PluginManager:220 - loadIPPluginJar : add ucpd
2025-11-22 19:46:52,174 [INFO] IPUIPlugin:80 - create IPUIPlugin
2025-11-22 19:46:52,174 [INFO] PluginManager:220 - loadIPPluginJar : add usart
2025-11-22 19:46:52,178 [INFO] IPUIPlugin:80 - create IPUIPlugin
2025-11-22 19:46:52,178 [INFO] PluginManager:220 - loadIPPluginJar : add usbx
2025-11-22 19:46:52,328 [FATAL] Updater:351 - Updater called before beeing initialized
2025-11-22 19:46:52,353 [INFO] RulesReader:64 - Compatibility file has been processed (302 Rules)
2025-11-22 19:46:52,366 [INFO] RulesReader:64 - Compatibility file has been processed (302 Rules)
2025-11-22 19:46:52,375 [INFO] CADModel:165 - CPN selected for project level
2025-11-22 19:46:52,376 [INFO] CADModel:114 - Register for checkConnection events
2025-11-22 19:46:52,376 [FATAL] Updater:351 - Updater called before beeing initialized
2025-11-22 19:46:52,376 [ERROR] CADModel:125 - Updater not yet initialized, retry later 
2025-11-22 19:46:52,512 [FATAL] Updater:351 - Updater called before beeing initialized
2025-11-22 19:46:52,513 [INFO] CADModel:165 - CPN selected for project level
2025-11-22 19:46:52,513 [INFO] CADModel:114 - Register for checkConnection events
2025-11-22 19:46:52,513 [FATAL] Updater:351 - Updater called before beeing initialized
2025-11-22 19:46:52,513 [ERROR] CADModel:125 - Updater not yet initialized, retry later 
2025-11-22 19:46:52,516 [FATAL] Updater:351 - Updater called before beeing initialized
2025-11-22 19:46:52,640 [FATAL] Updater:351 - Updater called before beeing initialized
2025-11-22 19:46:52,643 [INFO] DbMcusAds:53 - JSON generation date=Thu Oct 02 15:06:05 IST 2025 (1759397765645)
2025-11-22 19:46:52,643 [FATAL] Updater:351 - Updater called before beeing initialized
2025-11-22 19:46:52,672 [WARN] DetailPanel:346 - Failed to get advertising image, set to default
2025-11-22 19:46:52,924 [FATAL] Updater:351 - Updater called before beeing initialized
2025-11-22 19:46:52,925 [FATAL] Updater:351 - Updater called before beeing initialized
2025-11-22 19:46:52,926 [FATAL] Updater:351 - Updater called before beeing initialized
2025-11-22 19:46:52,926 [WARN] DetailPanel:346 - Failed to get advertising image, set to default
2025-11-22 19:46:52,927 [FATAL] Updater:351 - Updater called before beeing initialized
2025-11-22 19:46:52,977 [ERROR] Updater:1198 - MainUpdater not yet initialized. External WinMGr cannot be set.
2025-11-22 19:46:52,979 [INFO] Updater:1134 - Updater Version found : 6.14.1
2025-11-22 19:46:52,992 [INFO] ApplicationProperties:184 - Using Application install path: C:\ST\STM32CubeIDE_1.10.1\STM32CubeIDE\plugins\com.st.stm32cube.common.mx_6.14.1.202504091515
2025-11-22 19:46:53,265 [INFO] MainUpdater:2872 - connection check result : 10
2025-11-22 19:46:53,266 [INFO] MainUpdater:289 - Updater Check For Update Now.
2025-11-22 19:46:53,267 [INFO] MicroXplorer:498 - Change Database Version : DB.6.0.141
2025-11-22 19:46:53,273 [INFO] McuFinderGlobals:63 - Set McuFinder mode to 2 (CubeIDE integrated)
2025-11-22 19:46:53,274 [INFO] UserAuth:484 - Internet connection configuration mode: 1
2025-11-22 19:46:53,288 [INFO] JxBrowserEngine:152 - Initiate JxBrowser Engine with user profile folder
2025-11-22 19:46:53,446 [INFO] CheckServerUpdateThread:120 - End of CheckServer Thread
2025-11-22 19:46:53,860 [INFO] WebApp:169 - Instantiating new browser for Auth
2025-11-22 19:46:54,457 [INFO] WebApp:463 - Apply proxy settings
2025-11-22 19:46:54,457 [INFO] WebApp:548 - Chromium requires no authentication
2025-11-22 19:46:54,463 [INFO] WebApp:491 - Direct internet connection detected
2025-11-22 19:46:54,480 [INFO] WebApp:894 - Register for checkConnection events
2025-11-22 19:46:54,481 [INFO] WebApp:463 - Apply proxy settings
2025-11-22 19:46:54,481 [INFO] WebApp:548 - Chromium requires no authentication
2025-11-22 19:46:54,481 [INFO] WebApp:491 - Direct internet connection detected
2025-11-22 19:46:54,653 [INFO] WebApp:225 - Starting web application
2025-11-22 19:46:54,654 [INFO] WebApp:593 - Web application path used C:\ST\STM32CubeIDE_1.10.1\STM32CubeIDE\plugins\com.st.stm32cube.common.mx_6.14.1.202504091515\db\plugins\mcufinder\reactClient1\index.html
2025-11-22 19:46:54,735 [INFO] UserAuth:484 - Internet connection configuration mode: 1
2025-11-22 19:46:54,837 [WARN] PackLoader:240 - Cannot read IP mode file for STMicroelectronics.FP-SNS-MOTENVWB1.1.4.0
2025-11-22 19:46:54,847 [WARN] PackLoader:240 - Cannot read IP mode file for STMicroelectronics.FP-ATR-ASTRA1.2.0.2
2025-11-22 19:46:54,853 [WARN] PackLoader:240 - Cannot read IP mode file for STMicroelectronics.FP-ATR-ASTRA1.2.0.1
2025-11-22 19:46:54,862 [WARN] PackLoader:240 - Cannot read IP mode file for STMicroelectronics.X-CUBE-SMBUS.2.1.0
2025-11-22 19:46:54,871 [WARN] PackLoader:240 - Cannot read IP mode file for STMicroelectronics.X-CUBE-WB05N.1.1.0
2025-11-22 19:46:54,886 [WARN] PackLoader:240 - Cannot read IP mode file for STMicroelectronics.X-CUBE-ST60.1.0.0
2025-11-22 19:46:54,894 [WARN] PackLoader:240 - Cannot read IP mode file for STMicroelectronics.X-CUBE-TOUCHGFX.4.23.2
2025-11-22 19:46:54,919 [WARN] PackLoader:240 - Cannot read IP mode file for STMicroelectronics.X-CUBE-AZRTOS-F7.1.1.0
2025-11-22 19:46:54,929 [WARN] PackLoader:240 - Cannot read IP mode file for STMicroelectronics.X-CUBE-BLE1.6.2.3
2025-11-22 19:46:54,984 [WARN] PackLoader:240 - Cannot read IP mode file for STMicroelectronics.X-CUBE-MEMS1.11.0.0
2025-11-22 19:46:55,054 [INFO] WebApp:191 - Connection restablished
2025-11-22 19:46:55,117 [WARN] PackLoader:240 - Cannot read IP mode file for STMicroelectronics.X-CUBE-BLE1.6.2.4
2025-11-22 19:46:55,122 [ERROR] Engine:466 - C:\Users\abhil\.stm32cubemx\thirdparties\pdsc\STMicroelectronics.FP-SNS-MOTENV1.5.1.0.pdsc: PDSC version is not supported
2025-11-22 19:46:55,126 [WARN] PackLoader:240 - Cannot read IP mode file for STMicroelectronics.FP-SNS-FLIGHT1.5.0.2
2025-11-22 19:46:55,136 [WARN] PackLoader:240 - Cannot read IP mode file for STMicroelectronics.X-CUBE-TOF1.3.1.0
2025-11-22 19:46:55,174 [WARN] PackLoader:240 - Cannot read IP mode file for STMicroelectronics.X-CUBE-AZRTOS-H7.3.4.0
2025-11-22 19:46:55,184 [WARN] PackLoader:240 - Cannot read IP mode file for STMicroelectronics.X-CUBE-DISPLAY.3.0.0
2025-11-22 19:46:55,191 [WARN] PackLoader:240 - Cannot read IP mode file for STMicroelectronics.X-CUBE-BLE1.7.0.0
2025-11-22 19:46:55,198 [WARN] PackLoader:240 - Cannot read IP mode file for STMicroelectronics.X-CUBE-NFC10.1.0.0
2025-11-22 19:46:55,206 [WARN] PackLoader:240 - Cannot read IP mode file for STMicroelectronics.X-CUBE-BLEMGR.4.0.0
2025-11-22 19:46:55,211 [WARN] PackLoader:240 - Cannot read IP mode file for STMicroelectronics.X-CUBE-ST60.1.1.0
2025-11-22 19:46:55,216 [WARN] PackLoader:240 - Cannot read IP mode file for STMicroelectronics.X-CUBE-GNSS1.7.1.0
2025-11-22 19:46:55,248 [WARN] PackLoader:240 - Cannot read IP mode file for STMicroelectronics.X-CUBE-MEMS1.9.3.0
2025-11-22 19:46:55,319 [WARN] PackLoader:240 - Cannot read IP mode file for STMicroelectronics.X-CUBE-AI.7.2.0
2025-11-22 19:46:55,325 [WARN] PackLoader:240 - Cannot read IP mode file for STMicroelectronics.X-CUBE-BLEMGR.3.1.0
2025-11-22 19:46:55,329 [WARN] PackLoader:240 - Cannot read IP mode file for STMicroelectronics.X-CUBE-AI.10.0.0
2025-11-22 19:46:55,332 [ERROR] Engine:466 - C:\Users\abhil\.stm32cubemx\thirdparties\pdsc\STMicroelectronics.FP-SNS-STBOX1.2.1.0.pdsc: PDSC version is not supported
2025-11-22 19:46:55,336 [WARN] PackLoader:240 - Cannot read IP mode file for STMicroelectronics.FP-SNS-SMARTAG2.1.2.0
2025-11-22 19:46:55,340 [WARN] PackLoader:240 - Cannot read IP mode file for STMicroelectronics.FP-SNS-FLIGHT1.5.1.0
2025-11-22 19:46:55,369 [WARN] PackLoader:240 - Cannot read IP mode file for STMicroelectronics.X-CUBE-MEMS1.11.1.0
2025-11-22 19:46:55,452 [INFO] LogOutputStream:77 - [STDOUT_REDIRECT] 1 : Invalid condition id : UX_CORESTACK_Condition cause : null
2025-11-22 19:46:55,453 [INFO] LogOutputStream:77 - [STDOUT_REDIRECT] 1 : Invalid condition id : UX_CORESTACK_Condition cause : null
2025-11-22 19:46:55,454 [INFO] LogOutputStream:77 - [STDOUT_REDIRECT] 1 : Invalid condition id : UX_CORESTACK_Condition cause : null
2025-11-22 19:46:55,456 [INFO] LogOutputStream:77 - [STDOUT_REDIRECT] 1 : Invalid condition id : UX_CORESTACK_Condition cause : null
2025-11-22 19:46:55,457 [INFO] LogOutputStream:77 - [STDOUT_REDIRECT] 1 : Invalid condition id : UX_CORESTACK_Condition cause : null
2025-11-22 19:46:55,461 [WARN] PackLoader:240 - Cannot read IP mode file for STMicroelectronics.X-CUBE-AZRTOS-WL.2.0.0
2025-11-22 19:46:55,468 [WARN] PackLoader:240 - Cannot read IP mode file for STMicroelectronics.FP-SNS-MOTENV1.5.0.0
2025-11-22 19:46:55,485 [WARN] PackLoader:240 - Cannot read IP mode file for STMicroelectronics.X-CUBE-AZRTOS-H7RS.1.2.0
2025-11-22 19:46:55,494 [WARN] PackLoader:240 - Cannot read IP mode file for wolfSSL.I-CUBE-wolfMQTT.1.19.0
2025-11-22 19:46:55,501 [WARN] PackLoader:240 - Cannot read IP mode file for WES.I-CUBE-Cesium.1.3.0
2025-11-22 19:46:55,506 [WARN] PackLoader:240 - Cannot read IP mode file for STMicroelectronics.X-CUBE-BLE2.3.3.0
2025-11-22 19:46:55,532 [WARN] PackLoader:240 - Cannot read IP mode file for STMicroelectronics.X-CUBE-DISPLAY.2.2.0
2025-11-22 19:46:55,541 [WARN] PackLoader:240 - Cannot read IP mode file for STMicroelectronics.X-CUBE-TOF1.3.2.0
2025-11-22 19:46:55,551 [WARN] PackLoader:240 - Cannot read IP mode file for STMicroelectronics.X-CUBE-ISPU.1.0.0
2025-11-22 19:46:55,557 [WARN] PackLoader:240 - Cannot read IP mode file for STMicroelectronics.X-CUBE-NFC9.1.0.0
2025-11-22 19:46:55,572 [WARN] PackLoader:240 - Cannot read IP mode file for STMicroelectronics.X-CUBE-AZRTOS-H7.2.1.0
2025-11-22 19:46:55,580 [WARN] PackLoader:240 - Cannot read IP mode file for STMicroelectronics.X-CUBE-BLE1.7.1.0
2025-11-22 19:46:55,594 [WARN] PackLoader:240 - Cannot read IP mode file for STMicroelectronics.X-CUBE-TCPP.4.1.0
2025-11-22 19:46:55,600 [ERROR] Engine:466 - C:\Users\abhil\.stm32cubemx\thirdparties\pdsc\STMicroelectronics.X-CUBE-FREERTOS.1.4.0.pdsc: PDSC version is not supported
2025-11-22 19:46:55,609 [WARN] PackLoader:240 - Cannot read IP mode file for STMicroelectronics.X-CUBE-EEPRMA1.5.2.0
2025-11-22 19:46:55,615 [WARN] PackLoader:240 - Cannot read IP mode file for STMicroelectronics.X-CUBE-TOUCHGFX.4.21.3
2025-11-22 19:46:55,621 [WARN] PackLoader:240 - Cannot read IP mode file for STMicroelectronics.X-CUBE-AI.7.3.0
2025-11-22 19:46:55,624 [ERROR] Engine:466 - C:\Users\abhil\.stm32cubemx\thirdparties\pdsc\STMicroelectronics.X-CUBE-ST67W61.1.1.0.pdsc: PDSC version is not supported
2025-11-22 19:46:55,628 [WARN] PackLoader:240 - Cannot read IP mode file for STMicroelectronics.X-CUBE-AI.10.1.0
2025-11-22 19:46:55,679 [WARN] PackLoader:240 - Cannot read IP mode file for STMicroelectronics.X-CUBE-MEMS1.12.0.0
2025-11-22 19:46:55,725 [WARN] PackLoader:240 - Cannot read IP mode file for STMicroelectronics.X-CUBE-ALGOBUILD.1.3.0
2025-11-22 19:46:55,760 [WARN] PackLoader:240 - Cannot read IP mode file for STMicroelectronics.X-CUBE-MEMS1.11.2.0
2025-11-22 19:46:55,833 [WARN] PackLoader:240 - Cannot read IP mode file for STMicroelectronics.X-CUBE-AZRTOS-G0.1.1.0
2025-11-22 19:46:55,838 [WARN] PackLoader:240 - Cannot read IP mode file for STMicroelectronics.X-CUBE-SAFEA1.1.2.2
2025-11-22 19:46:55,843 [WARN] PackLoader:240 - Cannot read IP mode file for STMicroelectronics.X-CUBE-NFC4.3.0.0
2025-11-22 19:46:55,863 [WARN] PackLoader:240 - Cannot read IP mode file for SEGGER.I-CUBE-embOS.1.2.1
2025-11-22 19:46:55,883 [WARN] PackLoader:240 - Cannot read IP mode file for wolfSSL.I-CUBE-wolfMQTT.1.18.0
2025-11-22 19:46:55,895 [WARN] PackLoader:240 - Cannot read IP mode file for EmbeddedOffice.I-CUBE-FS-RTOS.1.0.1
2025-11-22 19:46:55,899 [WARN] PackLoader:240 - Cannot read IP mode file for STMicroelectronics.X-CUBE-WB05N.2.0.0
2025-11-22 19:46:55,904 [WARN] PackLoader:240 - Cannot read IP mode file for STMicroelectronics.X-CUBE-TCPP.4.2.0
2025-11-22 19:46:55,909 [WARN] PackLoader:240 - Cannot read IP mode file for RealThread.X-CUBE-RT-Thread_Nano.4.1.1
2025-11-22 19:46:55,913 [WARN] PackLoader:240 - Cannot read IP mode file for STMicroelectronics.FP-ATR-SIGFOX1.3.2.0
2025-11-22 19:46:55,918 [WARN] ConditionMgr:438 - getConditionDescription Invalid condition id : Cortex-A Device cause : null
2025-11-22 19:46:55,928 [WARN] ConditionMgr:1044 - genDependencies : Invalid condition id : Cortex-A Device cause : null
2025-11-22 19:46:55,929 [WARN] ConditionMgr:1044 - genDependencies : Invalid condition id : Cortex-A Device cause : null
2025-11-22 19:46:55,929 [WARN] ConditionMgr:1044 - genDependencies : Invalid condition id : Cortex-A Device cause : null
2025-11-22 19:46:55,932 [WARN] PackLoader:240 - Cannot read IP mode file for STMicroelectronics.X-CUBE-EEPRMA1.5.1.0
2025-11-22 19:46:55,940 [WARN] PackLoader:240 - Cannot read IP mode file for emotas.I-CUBE-CANOPEN.1.1.2
2025-11-22 19:46:55,944 [WARN] PackLoader:240 - Cannot read IP mode file for STMicroelectronics.X-CUBE-TOUCHGFX.4.20.0
2025-11-22 19:46:55,949 [WARN] PackLoader:240 - Cannot read IP mode file for ITTIA_DB.I-CUBE-ITTIADB.8.9.0
2025-11-22 19:46:55,976 [WARN] PackLoader:240 - Cannot read IP mode file for STMicroelectronics.X-CUBE-MEMS1.9.5.0
2025-11-22 19:46:56,049 [WARN] PackLoader:240 - Cannot read IP mode file for STMicroelectronics.X-CUBE-ST67W61.1.0.0
2025-11-22 19:46:56,053 [WARN] PackLoader:240 - Cannot read IP mode file for STMicroelectronics.X-CUBE-AI.10.2.0
2025-11-22 19:46:56,069 [WARN] PackLoader:240 - Cannot read IP mode file for SEGGER.I-CUBE-embOS.1.3.1
2025-11-22 19:46:56,103 [WARN] PackLoader:240 - Cannot read IP mode file for STMicroelectronics.X-CUBE-ALGOBUILD.1.4.0
2025-11-22 19:46:56,145 [WARN] PackLoader:240 - Cannot read IP mode file for STMicroelectronics.X-CUBE-MEMS1.11.3.0
2025-11-22 19:46:56,208 [WARN] PackLoader:240 - Cannot read IP mode file for STMicroelectronics.X-CUBE-AI.9.1.0
2025-11-22 19:46:56,211 [WARN] PackLoader:240 - Cannot read IP mode file for STMicroelectronics.X-CUBE-PM33A1.1.0.0
2025-11-22 19:46:56,215 [WARN] PackLoader:240 - Cannot read IP mode file for STMicroelectronics.X-CUBE-GNSS1.6.0.0
2025-11-22 19:46:56,230 [WARN] PackLoader:240 - Cannot read IP mode file for STMicroelectronics.X-CUBE-AZRTOS-F4.1.1.0
2025-11-22 19:46:56,234 [WARN] PackLoader:240 - Cannot read IP mode file for Avnet-IotConnect.X-CUBE-IoTC-DA16k-PMOD.1.0.0
2025-11-22 19:46:56,238 [WARN] PackLoader:240 - Cannot read IP mode file for STMicroelectronics.X-CUBE-ISPU.2.1.0
2025-11-22 19:46:56,243 [ERROR] Engine:466 - C:\Users\abhil\.stm32cubemx\thirdparties\pdsc\STMicroelectronics.X-CUBE-IPS.3.2.0.pdsc: PDSC version is not supported
2025-11-22 19:46:56,246 [WARN] PackLoader:240 - Cannot read IP mode file for STMicroelectronics.X-CUBE-FREERTOS.1.2.0
2025-11-22 19:46:56,251 [WARN] PackLoader:240 - Cannot read IP mode file for STMicroelectronics.X-CUBE-NFC12.1.0.0
2025-11-22 19:46:56,263 [WARN] PackLoader:240 - Cannot read IP mode file for STMicroelectronics.X-CUBE-BLEMGR.1.2.0
2025-11-22 19:46:56,274 [WARN] PackLoader:240 - Cannot read IP mode file for STMicroelectronics.X-CUBE-AZRTOS-L5.2.0.0
2025-11-22 19:46:56,281 [WARN] PackLoader:240 - Cannot read IP mode file for STMicroelectronics.X-CUBE-NFC6.3.1.0
2025-11-22 19:46:56,287 [WARN] PackLoader:240 - Cannot read IP mode file for STMicroelectronics.X-CUBE-BLEMGR.2.0.0
2025-11-22 19:46:56,292 [WARN] PackLoader:240 - Cannot read IP mode file for STMicroelectronics.X-CUBE-DPower.1.2.0
2025-11-22 19:46:56,296 [WARN] PackLoader:240 - Cannot read IP mode file for STMicroelectronics.X-CUBE-NFC4.2.0.4
2025-11-22 19:46:56,302 [WARN] PackLoader:240 - Cannot read IP mode file for STMicroelectronics.X-CUBE-AI.9.0.0
2025-11-22 19:46:56,315 [WARN] ConditionMgr:438 - getConditionDescription Invalid condition id : UX DEVICE CLASS RTOS Condition cause : null
2025-11-22 19:46:56,316 [WARN] ConditionMgr:438 - getConditionDescription Invalid condition id : UX DEVICE CLASS RTOS Condition cause : null
2025-11-22 19:46:56,320 [WARN] PackLoader:240 - Cannot read IP mode file for STMicroelectronics.X-CUBE-AZRTOS-H7.3.1.0
2025-11-22 19:46:56,320 [WARN] ConditionMgr:1044 - genDependencies : Invalid condition id : UX DEVICE CLASS RTOS Condition cause : null
2025-11-22 19:46:56,320 [WARN] ConditionMgr:1044 - genDependencies : Invalid condition id : UX DEVICE CLASS RTOS Condition cause : null
2025-11-22 19:46:56,322 [WARN] ConditionMgr:1044 - genDependencies : Invalid condition id : UX DEVICE CLASS RTOS Condition cause : null
2025-11-22 19:46:56,322 [WARN] ConditionMgr:1044 - genDependencies : Invalid condition id : UX DEVICE CLASS RTOS Condition cause : null
2025-11-22 19:46:56,323 [WARN] ConditionMgr:1044 - genDependencies : Invalid condition id : UX DEVICE CLASS RTOS Condition cause : null
2025-11-22 19:46:56,328 [WARN] PackLoader:240 - Cannot read IP mode file for wolfSSL.I-CUBE-wolfSSL.5.5.1
2025-11-22 19:46:56,333 [WARN] PackLoader:240 - Cannot read IP mode file for STMicroelectronics.X-CUBE-FREERTOS.1.3.1
2025-11-22 19:46:56,338 [WARN] PackLoader:240 - Cannot read IP mode file for STMicroelectronics.X-CUBE-FREERTOS.1.3.0
2025-11-22 19:46:56,344 [WARN] PackLoader:240 - Cannot read IP mode file for STMicroelectronics.X-CUBE-NFC7.1.0.1
2025-11-22 19:46:56,348 [WARN] PackLoader:240 - Cannot read IP mode file for STMicroelectronics.X-CUBE-NFC7.1.0.0
2025-11-22 19:46:56,352 [WARN] PackLoader:240 - Cannot read IP mode file for STMicroelectronics.X-CUBE-TOUCHGFX.4.26.0
2025-11-22 19:46:56,357 [WARN] PackLoader:240 - Cannot read IP mode file for STMicroelectronics.X-CUBE-EEPRMA1.4.1.0
2025-11-22 19:46:56,364 [WARN] PackLoader:240 - Cannot read IP mode file for STMicroelectronics.FP-SNS-STAIOTCFT.1.0.0
2025-11-22 19:46:56,369 [WARN] PackLoader:240 - Cannot read IP mode file for STMicroelectronics.X-CUBE-DPower.1.3.0
2025-11-22 19:46:56,382 [WARN] ConditionMgr:438 - getConditionDescription Invalid condition id : LAN8742 Phy interface Condition cause : null
2025-11-22 19:46:56,383 [WARN] PackLoader:240 - Cannot read IP mode file for STMicroelectronics.X-CUBE-AZRTOS-L4.2.0.0
2025-11-22 19:46:56,384 [WARN] ConditionMgr:1044 - genDependencies : Invalid condition id : LAN8742 Phy interface Condition cause : null
2025-11-22 19:46:56,384 [WARN] ConditionMgr:1044 - genDependencies : Invalid condition id : LAN8742 Phy interface Condition cause : null
2025-11-22 19:46:56,384 [WARN] ConditionMgr:1044 - genDependencies : Invalid condition id : LAN8742 Phy interface Condition cause : null
2025-11-22 19:46:56,391 [WARN] PackLoader:240 - Cannot read IP mode file for STMicroelectronics.X-CUBE-SFXS2LP1.4.0.0
2025-11-22 19:46:56,395 [WARN] PackLoader:240 - Cannot read IP mode file for STMicroelectronics.X-CUBE-ISPU.1.1.0
2025-11-22 19:46:56,410 [WARN] PackLoader:240 - Cannot read IP mode file for STMicroelectronics.X-CUBE-AZRTOS-H7.3.3.0
2025-11-22 19:46:56,419 [WARN] PackLoader:240 - Cannot read IP mode file for RoweBots.I-CUBE-UNISONRTOS.5.5.0-4
2025-11-22 19:46:56,429 [WARN] PackLoader:240 - Cannot read IP mode file for STMicroelectronics.X-CUBE-BLEMGR.4.1.0
2025-11-22 19:46:56,436 [WARN] PackLoader:240 - Cannot read IP mode file for STMicroelectronics.X-CUBE-AI.8.0.0
2025-11-22 19:46:56,445 [WARN] PackLoader:240 - Cannot read IP mode file for STMicroelectronics.X-CUBE-IPS.3.0.0
2025-11-22 19:46:56,460 [WARN] ConditionMgr:438 - getConditionDescription Invalid condition id : UX DEVICE CLASS RTOS Condition cause : null
2025-11-22 19:46:56,460 [WARN] ConditionMgr:438 - getConditionDescription Invalid condition id : UX DEVICE CLASS RTOS Condition cause : null
2025-11-22 19:46:56,462 [WARN] PackLoader:240 - Cannot read IP mode file for STMicroelectronics.X-CUBE-AZRTOS-WB.2.0.0
2025-11-22 19:46:56,462 [WARN] ConditionMgr:1044 - genDependencies : Invalid condition id : UX DEVICE CLASS RTOS Condition cause : null
2025-11-22 19:46:56,463 [WARN] ConditionMgr:1044 - genDependencies : Invalid condition id : UX DEVICE CLASS RTOS Condition cause : null
2025-11-22 19:46:56,463 [WARN] ConditionMgr:1044 - genDependencies : Invalid condition id : UX DEVICE CLASS RTOS Condition cause : null
2025-11-22 19:46:56,463 [WARN] ConditionMgr:1044 - genDependencies : Invalid condition id : UX DEVICE CLASS RTOS Condition cause : null
2025-11-22 19:46:56,464 [WARN] ConditionMgr:1044 - genDependencies : Invalid condition id : UX DEVICE CLASS RTOS Condition cause : null
2025-11-22 19:46:56,469 [WARN] PackLoader:240 - Cannot read IP mode file for STMicroelectronics.X-CUBE-FREERTOS.1.0.1
2025-11-22 19:46:56,474 [WARN] PackLoader:240 - Cannot read IP mode file for STMicroelectronics.X-CUBE-GNSS1.7.0.0
2025-11-22 19:46:56,479 [WARN] PackLoader:240 - Cannot read IP mode file for STMicroelectronics.X-CUBE-GNSS1.7.0.1
2025-11-22 19:46:56,482 [WARN] PackLoader:240 - Cannot read IP mode file for STMicroelectronics.X-CUBE-TOUCHGFX.4.25.0
2025-11-22 19:46:56,487 [WARN] PackLoader:240 - Cannot read IP mode file for STMicroelectronics.FP-SNS-STBOX1.2.0.0
2025-11-22 19:46:56,504 [WARN] PackLoader:240 - Cannot read IP mode file for STMicroelectronics.X-CUBE-AZRTOS-L5.1.1.0
2025-11-22 19:46:56,515 [WARN] PackLoader:240 - Cannot read IP mode file for STMicroelectronics.X-CUBE-SUBG2.5.0.0
2025-11-22 19:46:56,530 [WARN] PackLoader:240 - Cannot read IP mode file for STMicroelectronics.X-CUBE-AZRTOS-H7RS.1.1.0
2025-11-22 19:46:56,537 [WARN] PackLoader:240 - Cannot read IP mode file for Cesanta.I-CUBE-Mongoose.7.13.0
2025-11-22 19:46:56,549 [WARN] PackLoader:240 - Cannot read IP mode file for STMicroelectronics.X-CUBE-AZRTOS-G4.2.0.0
2025-11-22 19:46:56,560 [WARN] PackLoader:240 - Cannot read IP mode file for STMicroelectronics.X-CUBE-TOF1.3.3.0
2025-11-22 19:46:56,569 [WARN] PackLoader:240 - Cannot read IP mode file for STMicroelectronics.FP-ATR-ASTRA1.1.1.1
2025-11-22 19:46:56,574 [WARN] PackLoader:240 - Cannot read IP mode file for STMicroelectronics.X-CUBE-NFC7.2.0.0
2025-11-22 19:46:56,587 [WARN] PackLoader:240 - Cannot read IP mode file for STMicroelectronics.X-CUBE-AZRTOS-G4.1.0.0
2025-11-22 19:46:56,600 [WARN] PackLoader:240 - Cannot read IP mode file for STMicroelectronics.X-CUBE-AZRTOS-L4.1.0.0
2025-11-22 19:46:56,606 [WARN] PackLoader:240 - Cannot read IP mode file for STMicroelectronics.X-CUBE-ISPU.2.0.0
2025-11-22 19:46:56,614 [WARN] PackLoader:240 - Cannot read IP mode file for STMicroelectronics.X-CUBE-IPS.3.1.0
2025-11-22 19:46:56,621 [WARN] PackLoader:240 - Cannot read IP mode file for STMicroelectronics.X-CUBE-ALS.1.0.2
2025-11-22 19:46:56,647 [WARN] PackLoader:240 - Cannot read IP mode file for STMicroelectronics.X-CUBE-MEMS1.10.0.0
2025-11-22 19:46:56,700 [WARN] PackLoader:240 - Cannot read IP mode file for STMicroelectronics.X-CUBE-TOUCHGFX.4.24.2
2025-11-22 19:46:56,712 [WARN] PackLoader:240 - Cannot read IP mode file for STMicroelectronics.X-CUBE-AZRTOS-WL.1.0.0
2025-11-22 19:46:56,715 [WARN] PackLoader:240 - Cannot read IP mode file for STMicroelectronics.X-CUBE-TOUCHGFX.4.24.1
2025-11-22 19:46:56,721 [WARN] PackLoader:240 - Cannot read IP mode file for STMicroelectronics.X-CUBE-STSE01.1.0.0
2025-11-22 19:46:56,725 [WARN] PackLoader:240 - Cannot read IP mode file for wolfSSL.I-CUBE-wolfTPM.3.4.0
2025-11-22 19:46:56,731 [WARN] PackLoader:240 - Cannot read IP mode file for portGmbH.I-Cube-SoM-uGOAL.1.1.0
2025-11-22 19:46:56,735 [WARN] PackLoader:240 - Cannot read IP mode file for STMicroelectronics.X-CUBE-ALS.1.0.1
2025-11-22 19:46:56,744 [WARN] PackLoader:240 - Cannot read IP mode file for STMicroelectronics.X-CUBE-AZRTOS-WB.1.1.0
2025-11-22 19:46:56,755 [WARN] PackLoader:240 - Cannot read IP mode file for STMicroelectronics.X-CUBE-AZRTOS-L5.1.0.0
2025-11-22 19:46:56,758 [WARN] PackLoader:240 - Cannot read IP mode file for STMicroelectronics.X-CUBE-EEPRMA1.3.1.1
2025-11-22 19:46:56,775 [WARN] PackLoader:240 - Cannot read IP mode file for STMicroelectronics.X-CUBE-AZRTOS-H7RS.1.0.0
2025-11-22 19:46:56,781 [WARN] PackLoader:240 - Cannot read IP mode file for STMicroelectronics.FP-ATR-ASTRA1.2.0.0
2025-11-22 19:46:56,791 [WARN] PackLoader:240 - Cannot read IP mode file for STMicroelectronics.X-CUBE-TOF1.3.4.2
2025-11-22 19:46:56,803 [WARN] PackLoader:240 - Cannot read IP mode file for STMicroelectronics.X-CUBE-TOF1.3.4.3
2025-11-22 19:46:56,819 [WARN] PackLoader:240 - Cannot read IP mode file for STMicroelectronics.X-CUBE-TOF1.3.4.1
2025-11-22 19:46:56,849 [WARN] PackLoader:240 - Cannot read IP mode file for STMicroelectronics.X-CUBE-AZRTOS-H7.3.2.0
2025-11-22 19:46:56,866 [WARN] PackLoader:240 - Cannot read IP mode file for Infineon.AIROC-Wi-Fi-Bluetooth-STM32.1.6.0
2025-11-22 19:46:56,873 [WARN] PackLoader:240 - Cannot read IP mode file for wolfSSL.I-CUBE-wolfSSH.1.4.17
2025-11-22 19:46:56,874 [INFO] ThirdParty:978 - Integrity check success = true
2025-11-22 19:46:56,874 [INFO] IntegrityCheckThread:100 - exiting critical section [integrity check]
2025-11-22 19:46:56,874 [INFO] IntegrityCheckThread:103 - End integrity checks thread
2025-11-22 19:47:49,815 [ERROR] LogOutputStream:75 - [STDERR_REDIRECT] 
