14:23:45 **** Incremental Build of configuration Debug for project Mruda_3.0.0 ****
make -j12 all 
arm-none-eabi-gcc "../Core/Src/function/measure.c" -mcpu=cortex-m4 -std=gnu11 -g3 -DDEBUG -DUSE_HAL_DRIVER -DSTM32F411xE -c -I../Core/Inc -I../Drivers/STM32F4xx_HAL_Driver/Inc -I../Drivers/STM32F4xx_HAL_Driver/Inc/Legacy -I../Drivers/CMSIS/Device/ST/STM32F4xx/Include -I../Drivers/CMSIS/Include -I../USB_DEVICE/App -I../USB_DEVICE/Target -I../Middlewares/ST/STM32_USB_Device_Library/Core/Inc -I../Middlewares/ST/STM32_USB_Device_Library/Class/HID/Inc -O0 -ffunction-sections -fdata-sections -Wall -fstack-usage -fcyclomatic-complexity -MMD -MP -MF"Core/Src/function/measure.d" -MT"Core/Src/function/measure.o" --specs=nano.specs -mfpu=fpv4-sp-d16 -mfloat-abi=hard -mthumb -o "Core/Src/function/measure.o"
arm-none-eabi-gcc -o "Mruda_3.0.0.elf" @"objects.list"   -mcpu=cortex-m4 -T"D:\Projects\Ventures\Mruda\01_Technical\MCU_Software\MCU_3.1.0\Mruda_3.0.0\STM32F411CEUX_FLASH.ld" --specs=nosys.specs -Wl,-Map="Mruda_3.0.0.map" -Wl,--gc-sections -static --specs=nano.specs -mfpu=fpv4-sp-d16 -mfloat-abi=hard -mthumb -Wl,--start-group -lc -lm -Wl,--end-group
Finished building target: Mruda_3.0.0.elf
 
arm-none-eabi-size  Mruda_3.0.0.elf 
arm-none-eabi-objdump -h -S Mruda_3.0.0.elf  > "Mruda_3.0.0.list"
   text	   data	    bss	    dec	    hex	filename
  68424	   1396	  30012	  99832	  185f8	Mruda_3.0.0.elf
Finished building: default.size.stdout
 
Finished building: Mruda_3.0.0.list
 
arm-none-eabi-objcopy -O binary "Mruda_3.0.0.elf" firmware.bin
 
14:31:04 **** Incremental Build of configuration Debug for project Mruda_3.0.0 ****
make -j12 all 
arm-none-eabi-gcc "../Core/Src/function/f_set.c" -mcpu=cortex-m4 -std=gnu11 -g3 -DDEBUG -DUSE_HAL_DRIVER -DSTM32F411xE -c -I../Core/Inc -I../Drivers/STM32F4xx_HAL_Driver/Inc -I../Drivers/STM32F4xx_HAL_Driver/Inc/Legacy -I../Drivers/CMSIS/Device/ST/STM32F4xx/Include -I../Drivers/CMSIS/Include -I../USB_DEVICE/App -I../USB_DEVICE/Target -I../Middlewares/ST/STM32_USB_Device_Library/Core/Inc -I../Middlewares/ST/STM32_USB_Device_Library/Class/HID/Inc -O0 -ffunction-sections -fdata-sections -Wall -fstack-usage -fcyclomatic-complexity -MMD -MP -MF"Core/Src/function/f_set.d" -MT"Core/Src/function/f_set.o" --specs=nano.specs -mfpu=fpv4-sp-d16 -mfloat-abi=hard -mthumb -o "Core/Src/function/f_set.o"
arm-none-eabi-gcc -o "Mruda_3.0.0.elf" @"objects.list"   -mcpu=cortex-m4 -T"D:\Projects\Ventures\Mruda\01_Technical\MCU_Software\MCU_3.1.0\Mruda_3.0.0\STM32F411CEUX_FLASH.ld" --specs=nosys.specs -Wl,-Map="Mruda_3.0.0.map" -Wl,--gc-sections -static --specs=nano.specs -mfpu=fpv4-sp-d16 -mfloat-abi=hard -mthumb -Wl,--start-group -lc -lm -Wl,--end-group
Finished building target: Mruda_3.0.0.elf
 
arm-none-eabi-size  Mruda_3.0.0.elf 
arm-none-eabi-objdump -h -S Mruda_3.0.0.elf  > "Mruda_3.0.0.list"
   text	   data	    bss	    dec	    hex	filename
  68424	   1396	  30012	  99832	  185f8	Mruda_3.0.0.elf
Finished building: default.size.stdout
 
Finished building: Mruda_3.0.0.list
 
arm-none-eabi-objcopy -O binary "Mruda_3.0.0.elf" firmware.bin
 
14:35:55 **** Incremental Build of configuration Debug for project Mruda_3.0.0 ****
make -j12 all 
arm-none-eabi-gcc "../Core/Src/function/f_set.c" -mcpu=cortex-m4 -std=gnu11 -g3 -DDEBUG -DUSE_HAL_DRIVER -DSTM32F411xE -c -I../Core/Inc -I../Drivers/STM32F4xx_HAL_Driver/Inc -I../Drivers/STM32F4xx_HAL_Driver/Inc/Legacy -I../Drivers/CMSIS/Device/ST/STM32F4xx/Include -I../Drivers/CMSIS/Include -I../USB_DEVICE/App -I../USB_DEVICE/Target -I../Middlewares/ST/STM32_USB_Device_Library/Core/Inc -I../Middlewares/ST/STM32_USB_Device_Library/Class/HID/Inc -O0 -ffunction-sections -fdata-sections -Wall -fstack-usage -fcyclomatic-complexity -MMD -MP -MF"Core/Src/function/f_set.d" -MT"Core/Src/function/f_set.o" --specs=nano.specs -mfpu=fpv4-sp-d16 -mfloat-abi=hard -mthumb -o "Core/Src/function/f_set.o"
arm-none-eabi-gcc -o "Mruda_3.0.0.elf" @"objects.list"   -mcpu=cortex-m4 -T"D:\Projects\Ventures\Mruda\01_Technical\MCU_Software\MCU_3.1.0\Mruda_3.0.0\STM32F411CEUX_FLASH.ld" --specs=nosys.specs -Wl,-Map="Mruda_3.0.0.map" -Wl,--gc-sections -static --specs=nano.specs -mfpu=fpv4-sp-d16 -mfloat-abi=hard -mthumb -Wl,--start-group -lc -lm -Wl,--end-group
Finished building target: Mruda_3.0.0.elf
 
arm-none-eabi-size  Mruda_3.0.0.elf 
arm-none-eabi-objdump -h -S Mruda_3.0.0.elf  > "Mruda_3.0.0.list"
   text	   data	    bss	    dec	    hex	filename
  68416	   1396	  30012	  99824	  185f0	Mruda_3.0.0.elf
Finished building: default.size.stdout
 
Finished building: Mruda_3.0.0.list
 
arm-none-eabi-objcopy -O binary "Mruda_3.0.0.elf" firmware.bin
 
14:37:29 **** Incremental Build of configuration Debug for project Mruda_3.0.0 ****
make -j12 all 
arm-none-eabi-gcc "../Core/Src/function/auto_corr.c" -mcpu=cortex-m4 -std=gnu11 -g3 -DDEBUG -DUSE_HAL_DRIVER -DSTM32F411xE -c -I../Core/Inc -I../Drivers/STM32F4xx_HAL_Driver/Inc -I../Drivers/STM32F4xx_HAL_Driver/Inc/Legacy -I../Drivers/CMSIS/Device/ST/STM32F4xx/Include -I../Drivers/CMSIS/Include -I../USB_DEVICE/App -I../USB_DEVICE/Target -I../Middlewares/ST/STM32_USB_Device_Library/Core/Inc -I../Middlewares/ST/STM32_USB_Device_Library/Class/HID/Inc -O0 -ffunction-sections -fdata-sections -Wall -fstack-usage -fcyclomatic-complexity -MMD -MP -MF"Core/Src/function/auto_corr.d" -MT"Core/Src/function/auto_corr.o" --specs=nano.specs -mfpu=fpv4-sp-d16 -mfloat-abi=hard -mthumb -o "Core/Src/function/auto_corr.o"
arm-none-eabi-gcc "../Core/Src/function/f_set.c" -mcpu=cortex-m4 -std=gnu11 -g3 -DDEBUG -DUSE_HAL_DRIVER -DSTM32F411xE -c -I../Core/Inc -I../Drivers/STM32F4xx_HAL_Driver/Inc -I../Drivers/STM32F4xx_HAL_Driver/Inc/Legacy -I../Drivers/CMSIS/Device/ST/STM32F4xx/Include -I../Drivers/CMSIS/Include -I../USB_DEVICE/App -I../USB_DEVICE/Target -I../Middlewares/ST/STM32_USB_Device_Library/Core/Inc -I../Middlewares/ST/STM32_USB_Device_Library/Class/HID/Inc -O0 -ffunction-sections -fdata-sections -Wall -fstack-usage -fcyclomatic-complexity -MMD -MP -MF"Core/Src/function/f_set.d" -MT"Core/Src/function/f_set.o" --specs=nano.specs -mfpu=fpv4-sp-d16 -mfloat-abi=hard -mthumb -o "Core/Src/function/f_set.o"
arm-none-eabi-gcc -o "Mruda_3.0.0.elf" @"objects.list"   -mcpu=cortex-m4 -T"D:\Projects\Ventures\Mruda\01_Technical\MCU_Software\MCU_3.1.0\Mruda_3.0.0\STM32F411CEUX_FLASH.ld" --specs=nosys.specs -Wl,-Map="Mruda_3.0.0.map" -Wl,--gc-sections -static --specs=nano.specs -mfpu=fpv4-sp-d16 -mfloat-abi=hard -mthumb -Wl,--start-group -lc -lm -Wl,--end-group
Finished building target: Mruda_3.0.0.elf
 
arm-none-eabi-size  Mruda_3.0.0.elf 
arm-none-eabi-objdump -h -S Mruda_3.0.0.elf  > "Mruda_3.0.0.list"
   text	   data	    bss	    dec	    hex	filename
  68448	   1396	  30012	  99856	  18610	Mruda_3.0.0.elf
Finished building: default.size.stdout
 
Finished building: Mruda_3.0.0.list
 
arm-none-eabi-objcopy -O binary "Mruda_3.0.0.elf" firmware.bin
 
14:57:30 **** Incremental Build of configuration Debug for project Mruda_3.0.0 ****
make -j12 all 
arm-none-eabi-gcc "../Core/Src/function/auto_corr.c" -mcpu=cortex-m4 -std=gnu11 -g3 -DDEBUG -DUSE_HAL_DRIVER -DSTM32F411xE -c -I../Core/Inc -I../Drivers/STM32F4xx_HAL_Driver/Inc -I../Drivers/STM32F4xx_HAL_Driver/Inc/Legacy -I../Drivers/CMSIS/Device/ST/STM32F4xx/Include -I../Drivers/CMSIS/Include -I../USB_DEVICE/App -I../USB_DEVICE/Target -I../Middlewares/ST/STM32_USB_Device_Library/Core/Inc -I../Middlewares/ST/STM32_USB_Device_Library/Class/HID/Inc -O0 -ffunction-sections -fdata-sections -Wall -fstack-usage -fcyclomatic-complexity -MMD -MP -MF"Core/Src/function/auto_corr.d" -MT"Core/Src/function/auto_corr.o" --specs=nano.specs -mfpu=fpv4-sp-d16 -mfloat-abi=hard -mthumb -o "Core/Src/function/auto_corr.o"
arm-none-eabi-gcc "../Core/Src/function/f_set.c" -mcpu=cortex-m4 -std=gnu11 -g3 -DDEBUG -DUSE_HAL_DRIVER -DSTM32F411xE -c -I../Core/Inc -I../Drivers/STM32F4xx_HAL_Driver/Inc -I../Drivers/STM32F4xx_HAL_Driver/Inc/Legacy -I../Drivers/CMSIS/Device/ST/STM32F4xx/Include -I../Drivers/CMSIS/Include -I../USB_DEVICE/App -I../USB_DEVICE/Target -I../Middlewares/ST/STM32_USB_Device_Library/Core/Inc -I../Middlewares/ST/STM32_USB_Device_Library/Class/HID/Inc -O0 -ffunction-sections -fdata-sections -Wall -fstack-usage -fcyclomatic-complexity -MMD -MP -MF"Core/Src/function/f_set.d" -MT"Core/Src/function/f_set.o" --specs=nano.specs -mfpu=fpv4-sp-d16 -mfloat-abi=hard -mthumb -o "Core/Src/function/f_set.o"
arm-none-eabi-gcc "../Core/Src/function/measure.c" -mcpu=cortex-m4 -std=gnu11 -g3 -DDEBUG -DUSE_HAL_DRIVER -DSTM32F411xE -c -I../Core/Inc -I../Drivers/STM32F4xx_HAL_Driver/Inc -I../Drivers/STM32F4xx_HAL_Driver/Inc/Legacy -I../Drivers/CMSIS/Device/ST/STM32F4xx/Include -I../Drivers/CMSIS/Include -I../USB_DEVICE/App -I../USB_DEVICE/Target -I../Middlewares/ST/STM32_USB_Device_Library/Core/Inc -I../Middlewares/ST/STM32_USB_Device_Library/Class/HID/Inc -O0 -ffunction-sections -fdata-sections -Wall -fstack-usage -fcyclomatic-complexity -MMD -MP -MF"Core/Src/function/measure.d" -MT"Core/Src/function/measure.o" --specs=nano.specs -mfpu=fpv4-sp-d16 -mfloat-abi=hard -mthumb -o "Core/Src/function/measure.o"
arm-none-eabi-gcc -o "Mruda_3.0.0.elf" @"objects.list"   -mcpu=cortex-m4 -T"D:\Projects\Ventures\Mruda\01_Technical\MCU_Software\MCU_3.1.0\Mruda_3.0.0\STM32F411CEUX_FLASH.ld" --specs=nosys.specs -Wl,-Map="Mruda_3.0.0.map" -Wl,--gc-sections -static --specs=nano.specs -mfpu=fpv4-sp-d16 -mfloat-abi=hard -mthumb -Wl,--start-group -lc -lm -Wl,--end-group
Finished building target: Mruda_3.0.0.elf
 
arm-none-eabi-size  Mruda_3.0.0.elf 
arm-none-eabi-objdump -h -S Mruda_3.0.0.elf  > "Mruda_3.0.0.list"
   text	   data	    bss	    dec	    hex	filename
  68520	   1396	  30012	  99928	  18658	Mruda_3.0.0.elf
Finished building: default.size.stdout
 
Finished building: Mruda_3.0.0.list
 
arm-none-eabi-objcopy -O binary "Mruda_3.0.0.elf" firmware.bin
 
15:02:11 **** Incremental Build of configuration Debug for project Mruda_3.0.0 ****
make -j12 all 
arm-none-eabi-gcc "../Core/Src/function/f_set.c" -mcpu=cortex-m4 -std=gnu11 -g3 -DDEBUG -DUSE_HAL_DRIVER -DSTM32F411xE -c -I../Core/Inc -I../Drivers/STM32F4xx_HAL_Driver/Inc -I../Drivers/STM32F4xx_HAL_Driver/Inc/Legacy -I../Drivers/CMSIS/Device/ST/STM32F4xx/Include -I../Drivers/CMSIS/Include -I../USB_DEVICE/App -I../USB_DEVICE/Target -I../Middlewares/ST/STM32_USB_Device_Library/Core/Inc -I../Middlewares/ST/STM32_USB_Device_Library/Class/HID/Inc -O0 -ffunction-sections -fdata-sections -Wall -fstack-usage -fcyclomatic-complexity -MMD -MP -MF"Core/Src/function/f_set.d" -MT"Core/Src/function/f_set.o" --specs=nano.specs -mfpu=fpv4-sp-d16 -mfloat-abi=hard -mthumb -o "Core/Src/function/f_set.o"
arm-none-eabi-gcc -o "Mruda_3.0.0.elf" @"objects.list"   -mcpu=cortex-m4 -T"D:\Projects\Ventures\Mruda\01_Technical\MCU_Software\MCU_3.1.0\Mruda_3.0.0\STM32F411CEUX_FLASH.ld" --specs=nosys.specs -Wl,-Map="Mruda_3.0.0.map" -Wl,--gc-sections -static --specs=nano.specs -mfpu=fpv4-sp-d16 -mfloat-abi=hard -mthumb -Wl,--start-group -lc -lm -Wl,--end-group
Finished building target: Mruda_3.0.0.elf
 
arm-none-eabi-size  Mruda_3.0.0.elf 
arm-none-eabi-objdump -h -S Mruda_3.0.0.elf  > "Mruda_3.0.0.list"
   text	   data	    bss	    dec	    hex	filename
  68496	   1396	  30012	  99904	  18640	Mruda_3.0.0.elf
Finished building: default.size.stdout
 
Finished building: Mruda_3.0.0.list
 
arm-none-eabi-objcopy -O binary "Mruda_3.0.0.elf" firmware.bin
 
15:04:33 **** Incremental Build of configuration Debug for project Mruda_3.0.0 ****
make -j12 all 
arm-none-eabi-gcc "../Core/Src/function/measure.c" -mcpu=cortex-m4 -std=gnu11 -g3 -DDEBUG -DUSE_HAL_DRIVER -DSTM32F411xE -c -I../Core/Inc -I../Drivers/STM32F4xx_HAL_Driver/Inc -I../Drivers/STM32F4xx_HAL_Driver/Inc/Legacy -I../Drivers/CMSIS/Device/ST/STM32F4xx/Include -I../Drivers/CMSIS/Include -I../USB_DEVICE/App -I../USB_DEVICE/Target -I../Middlewares/ST/STM32_USB_Device_Library/Core/Inc -I../Middlewares/ST/STM32_USB_Device_Library/Class/HID/Inc -O0 -ffunction-sections -fdata-sections -Wall -fstack-usage -fcyclomatic-complexity -MMD -MP -MF"Core/Src/function/measure.d" -MT"Core/Src/function/measure.o" --specs=nano.specs -mfpu=fpv4-sp-d16 -mfloat-abi=hard -mthumb -o "Core/Src/function/measure.o"
arm-none-eabi-gcc -o "Mruda_3.0.0.elf" @"objects.list"   -mcpu=cortex-m4 -T"D:\Projects\Ventures\Mruda\01_Technical\MCU_Software\MCU_3.1.0\Mruda_3.0.0\STM32F411CEUX_FLASH.ld" --specs=nosys.specs -Wl,-Map="Mruda_3.0.0.map" -Wl,--gc-sections -static --specs=nano.specs -mfpu=fpv4-sp-d16 -mfloat-abi=hard -mthumb -Wl,--start-group -lc -lm -Wl,--end-group
Finished building target: Mruda_3.0.0.elf
 
arm-none-eabi-size  Mruda_3.0.0.elf 
arm-none-eabi-objdump -h -S Mruda_3.0.0.elf  > "Mruda_3.0.0.list"
   text	   data	    bss	    dec	    hex	filename
  68520	   1396	  30012	  99928	  18658	Mruda_3.0.0.elf
Finished building: default.size.stdout
 
Finished building: Mruda_3.0.0.list
 
arm-none-eabi-objcopy -O binary "Mruda_3.0.0.elf" firmware.bin
 
15:06:29 **** Incremental Build of configuration Debug for project Mruda_3.0.0 ****
make -j12 all 
arm-none-eabi-gcc "../Core/Src/function/auto_corr.c" -mcpu=cortex-m4 -std=gnu11 -g3 -DDEBUG -DUSE_HAL_DRIVER -DSTM32F411xE -c -I../Core/Inc -I../Drivers/STM32F4xx_HAL_Driver/Inc -I../Drivers/STM32F4xx_HAL_Driver/Inc/Legacy -I../Drivers/CMSIS/Device/ST/STM32F4xx/Include -I../Drivers/CMSIS/Include -I../USB_DEVICE/App -I../USB_DEVICE/Target -I../Middlewares/ST/STM32_USB_Device_Library/Core/Inc -I../Middlewares/ST/STM32_USB_Device_Library/Class/HID/Inc -O0 -ffunction-sections -fdata-sections -Wall -fstack-usage -fcyclomatic-complexity -MMD -MP -MF"Core/Src/function/auto_corr.d" -MT"Core/Src/function/auto_corr.o" --specs=nano.specs -mfpu=fpv4-sp-d16 -mfloat-abi=hard -mthumb -o "Core/Src/function/auto_corr.o"
arm-none-eabi-gcc -o "Mruda_3.0.0.elf" @"objects.list"   -mcpu=cortex-m4 -T"D:\Projects\Ventures\Mruda\01_Technical\MCU_Software\MCU_3.1.0\Mruda_3.0.0\STM32F411CEUX_FLASH.ld" --specs=nosys.specs -Wl,-Map="Mruda_3.0.0.map" -Wl,--gc-sections -static --specs=nano.specs -mfpu=fpv4-sp-d16 -mfloat-abi=hard -mthumb -Wl,--start-group -lc -lm -Wl,--end-group
Finished building target: Mruda_3.0.0.elf
 
arm-none-eabi-size  Mruda_3.0.0.elf 
arm-none-eabi-objdump -h -S Mruda_3.0.0.elf  > "Mruda_3.0.0.list"
   text	   data	    bss	    dec	    hex	filename
  68528	   1396	  30012	  99936	  18660	Mruda_3.0.0.elf
Finished building: default.size.stdout
 
Finished building: Mruda_3.0.0.list
 
arm-none-eabi-objcopy -O binary "Mruda_3.0.0.elf" firmware.bin
 
15:07:47 **** Incremental Build of configuration Debug for project Mruda_3.0.0 ****
make -j12 all 
arm-none-eabi-gcc "../Core/Src/function/f_set.c" -mcpu=cortex-m4 -std=gnu11 -g3 -DDEBUG -DUSE_HAL_DRIVER -DSTM32F411xE -c -I../Core/Inc -I../Drivers/STM32F4xx_HAL_Driver/Inc -I../Drivers/STM32F4xx_HAL_Driver/Inc/Legacy -I../Drivers/CMSIS/Device/ST/STM32F4xx/Include -I../Drivers/CMSIS/Include -I../USB_DEVICE/App -I../USB_DEVICE/Target -I../Middlewares/ST/STM32_USB_Device_Library/Core/Inc -I../Middlewares/ST/STM32_USB_Device_Library/Class/HID/Inc -O0 -ffunction-sections -fdata-sections -Wall -fstack-usage -fcyclomatic-complexity -MMD -MP -MF"Core/Src/function/f_set.d" -MT"Core/Src/function/f_set.o" --specs=nano.specs -mfpu=fpv4-sp-d16 -mfloat-abi=hard -mthumb -o "Core/Src/function/f_set.o"
arm-none-eabi-gcc -o "Mruda_3.0.0.elf" @"objects.list"   -mcpu=cortex-m4 -T"D:\Projects\Ventures\Mruda\01_Technical\MCU_Software\MCU_3.1.0\Mruda_3.0.0\STM32F411CEUX_FLASH.ld" --specs=nosys.specs -Wl,-Map="Mruda_3.0.0.map" -Wl,--gc-sections -static --specs=nano.specs -mfpu=fpv4-sp-d16 -mfloat-abi=hard -mthumb -Wl,--start-group -lc -lm -Wl,--end-group
Finished building target: Mruda_3.0.0.elf
 
arm-none-eabi-size  Mruda_3.0.0.elf 
arm-none-eabi-objdump -h -S Mruda_3.0.0.elf  > "Mruda_3.0.0.list"
   text	   data	    bss	    dec	    hex	filename
  68528	   1396	  30012	  99936	  18660	Mruda_3.0.0.elf
Finished building: default.size.stdout
 
Finished building: Mruda_3.0.0.list
 
arm-none-eabi-objcopy -O binary "Mruda_3.0.0.elf" firmware.bin
 
15:27:45 **** Incremental Build of configuration Debug for project Mruda_3.0.0 ****
make -j12 all 
arm-none-eabi-gcc "../Core/Src/function/f_set.c" -mcpu=cortex-m4 -std=gnu11 -g3 -DDEBUG -DUSE_HAL_DRIVER -DSTM32F411xE -c -I../Core/Inc -I../Drivers/STM32F4xx_HAL_Driver/Inc -I../Drivers/STM32F4xx_HAL_Driver/Inc/Legacy -I../Drivers/CMSIS/Device/ST/STM32F4xx/Include -I../Drivers/CMSIS/Include -I../USB_DEVICE/App -I../USB_DEVICE/Target -I../Middlewares/ST/STM32_USB_Device_Library/Core/Inc -I../Middlewares/ST/STM32_USB_Device_Library/Class/HID/Inc -O0 -ffunction-sections -fdata-sections -Wall -fstack-usage -fcyclomatic-complexity -MMD -MP -MF"Core/Src/function/f_set.d" -MT"Core/Src/function/f_set.o" --specs=nano.specs -mfpu=fpv4-sp-d16 -mfloat-abi=hard -mthumb -o "Core/Src/function/f_set.o"
arm-none-eabi-gcc -o "Mruda_3.0.0.elf" @"objects.list"   -mcpu=cortex-m4 -T"D:\Projects\Ventures\Mruda\01_Technical\MCU_Software\MCU_3.1.0\Mruda_3.0.0\STM32F411CEUX_FLASH.ld" --specs=nosys.specs -Wl,-Map="Mruda_3.0.0.map" -Wl,--gc-sections -static --specs=nano.specs -mfpu=fpv4-sp-d16 -mfloat-abi=hard -mthumb -Wl,--start-group -lc -lm -Wl,--end-group
Finished building target: Mruda_3.0.0.elf
 
arm-none-eabi-size  Mruda_3.0.0.elf 
arm-none-eabi-objdump -h -S Mruda_3.0.0.elf  > "Mruda_3.0.0.list"
   text	   data	    bss	    dec	    hex	filename
  68536	   1396	  30012	  99944	  18668	Mruda_3.0.0.elf
Finished building: default.size.stdout
 
Finished building: Mruda_3.0.0.list
 
arm-none-eabi-objcopy -O binary "Mruda_3.0.0.elf" firmware.bin
 
15:31:05 **** Incremental Build of configuration Debug for project Mruda_3.0.0 ****
make -j12 all 
arm-none-eabi-gcc "../Core/Src/function/f_set.c" -mcpu=cortex-m4 -std=gnu11 -g3 -DDEBUG -DUSE_HAL_DRIVER -DSTM32F411xE -c -I../Core/Inc -I../Drivers/STM32F4xx_HAL_Driver/Inc -I../Drivers/STM32F4xx_HAL_Driver/Inc/Legacy -I../Drivers/CMSIS/Device/ST/STM32F4xx/Include -I../Drivers/CMSIS/Include -I../USB_DEVICE/App -I../USB_DEVICE/Target -I../Middlewares/ST/STM32_USB_Device_Library/Core/Inc -I../Middlewares/ST/STM32_USB_Device_Library/Class/HID/Inc -O0 -ffunction-sections -fdata-sections -Wall -fstack-usage -fcyclomatic-complexity -MMD -MP -MF"Core/Src/function/f_set.d" -MT"Core/Src/function/f_set.o" --specs=nano.specs -mfpu=fpv4-sp-d16 -mfloat-abi=hard -mthumb -o "Core/Src/function/f_set.o"
arm-none-eabi-gcc -o "Mruda_3.0.0.elf" @"objects.list"   -mcpu=cortex-m4 -T"D:\Projects\Ventures\Mruda\01_Technical\MCU_Software\MCU_3.1.0\Mruda_3.0.0\STM32F411CEUX_FLASH.ld" --specs=nosys.specs -Wl,-Map="Mruda_3.0.0.map" -Wl,--gc-sections -static --specs=nano.specs -mfpu=fpv4-sp-d16 -mfloat-abi=hard -mthumb -Wl,--start-group -lc -lm -Wl,--end-group
Finished building target: Mruda_3.0.0.elf
 
arm-none-eabi-size  Mruda_3.0.0.elf 
arm-none-eabi-objdump -h -S Mruda_3.0.0.elf  > "Mruda_3.0.0.list"
   text	   data	    bss	    dec	    hex	filename
  68536	   1396	  30012	  99944	  18668	Mruda_3.0.0.elf
Finished building: default.size.stdout
 
Finished building: Mruda_3.0.0.list
 
arm-none-eabi-objcopy -O binary "Mruda_3.0.0.elf" firmware.bin
 
15:32:40 **** Incremental Build of configuration Debug for project Mruda_3.0.0 ****
make -j12 all 
arm-none-eabi-gcc "../Core/Src/function/f_set.c" -mcpu=cortex-m4 -std=gnu11 -g3 -DDEBUG -DUSE_HAL_DRIVER -DSTM32F411xE -c -I../Core/Inc -I../Drivers/STM32F4xx_HAL_Driver/Inc -I../Drivers/STM32F4xx_HAL_Driver/Inc/Legacy -I../Drivers/CMSIS/Device/ST/STM32F4xx/Include -I../Drivers/CMSIS/Include -I../USB_DEVICE/App -I../USB_DEVICE/Target -I../Middlewares/ST/STM32_USB_Device_Library/Core/Inc -I../Middlewares/ST/STM32_USB_Device_Library/Class/HID/Inc -O0 -ffunction-sections -fdata-sections -Wall -fstack-usage -fcyclomatic-complexity -MMD -MP -MF"Core/Src/function/f_set.d" -MT"Core/Src/function/f_set.o" --specs=nano.specs -mfpu=fpv4-sp-d16 -mfloat-abi=hard -mthumb -o "Core/Src/function/f_set.o"
arm-none-eabi-gcc -o "Mruda_3.0.0.elf" @"objects.list"   -mcpu=cortex-m4 -T"D:\Projects\Ventures\Mruda\01_Technical\MCU_Software\MCU_3.1.0\Mruda_3.0.0\STM32F411CEUX_FLASH.ld" --specs=nosys.specs -Wl,-Map="Mruda_3.0.0.map" -Wl,--gc-sections -static --specs=nano.specs -mfpu=fpv4-sp-d16 -mfloat-abi=hard -mthumb -Wl,--start-group -lc -lm -Wl,--end-group
Finished building target: Mruda_3.0.0.elf
 
arm-none-eabi-size  Mruda_3.0.0.elf 
arm-none-eabi-objdump -h -S Mruda_3.0.0.elf  > "Mruda_3.0.0.list"
   text	   data	    bss	    dec	    hex	filename
  68536	   1396	  30012	  99944	  18668	Mruda_3.0.0.elf
Finished building: default.size.stdout
 
Finished building: Mruda_3.0.0.list
 
arm-none-eabi-objcopy -O binary "Mruda_3.0.0.elf" firmware.bin
 
15:35:43 **** Incremental Build of configuration Debug for project Mruda_3.0.0 ****
make -j12 all 
arm-none-eabi-size  Mruda_3.0.0.elf 
   text	   data	    bss	    dec	    hex	filename
  68536	   1396	  30012	  99944	  18668	Mruda_3.0.0.elf
Finished building: default.size.stdout
 
arm-none-eabi-objcopy -O binary "Mruda_3.0.0.elf" firmware.bin
 
15:40:13 **** Incremental Build of configuration Debug for project Mruda_3.0.0 ****
make -j12 all 
arm-none-eabi-gcc "../Core/Src/function/measure.c" -mcpu=cortex-m4 -std=gnu11 -g3 -DDEBUG -DUSE_HAL_DRIVER -DSTM32F411xE -c -I../Core/Inc -I../Drivers/STM32F4xx_HAL_Driver/Inc -I../Drivers/STM32F4xx_HAL_Driver/Inc/Legacy -I../Drivers/CMSIS/Device/ST/STM32F4xx/Include -I../Drivers/CMSIS/Include -I../USB_DEVICE/App -I../USB_DEVICE/Target -I../Middlewares/ST/STM32_USB_Device_Library/Core/Inc -I../Middlewares/ST/STM32_USB_Device_Library/Class/HID/Inc -O0 -ffunction-sections -fdata-sections -Wall -fstack-usage -fcyclomatic-complexity -MMD -MP -MF"Core/Src/function/measure.d" -MT"Core/Src/function/measure.o" --specs=nano.specs -mfpu=fpv4-sp-d16 -mfloat-abi=hard -mthumb -o "Core/Src/function/measure.o"
../Core/Src/function/measure.c: In function 'touch_mono':
../Core/Src/function/measure.c:119:33: error: expected expression before '=' token
  119 |                 float raw_vel = = fabs(old_pos - best_pos);
      |                                 ^
make[1]: *** [Core/Src/function/subdir.mk:43: Core/Src/function/measure.o] Error 1
make: *** [makefile:63: all] Error 2
"make -j12 all" terminated with exit code 2. Build might be incomplete.
15:40:38 **** Incremental Build of configuration Debug for project Mruda_3.0.0 ****
make -j12 all 
arm-none-eabi-gcc "../Core/Src/function/measure.c" -mcpu=cortex-m4 -std=gnu11 -g3 -DDEBUG -DUSE_HAL_DRIVER -DSTM32F411xE -c -I../Core/Inc -I../Drivers/STM32F4xx_HAL_Driver/Inc -I../Drivers/STM32F4xx_HAL_Driver/Inc/Legacy -I../Drivers/CMSIS/Device/ST/STM32F4xx/Include -I../Drivers/CMSIS/Include -I../USB_DEVICE/App -I../USB_DEVICE/Target -I../Middlewares/ST/STM32_USB_Device_Library/Core/Inc -I../Middlewares/ST/STM32_USB_Device_Library/Class/HID/Inc -O0 -ffunction-sections -fdata-sections -Wall -fstack-usage -fcyclomatic-complexity -MMD -MP -MF"Core/Src/function/measure.d" -MT"Core/Src/function/measure.o" --specs=nano.specs -mfpu=fpv4-sp-d16 -mfloat-abi=hard -mthumb -o "Core/Src/function/measure.o"
arm-none-eabi-gcc -o "Mruda_3.0.0.elf" @"objects.list"   -mcpu=cortex-m4 -T"D:\Projects\Ventures\Mruda\01_Technical\MCU_Software\MCU_3.1.0\Mruda_3.0.0\STM32F411CEUX_FLASH.ld" --specs=nosys.specs -Wl,-Map="Mruda_3.0.0.map" -Wl,--gc-sections -static --specs=nano.specs -mfpu=fpv4-sp-d16 -mfloat-abi=hard -mthumb -Wl,--start-group -lc -lm -Wl,--end-group
Finished building target: Mruda_3.0.0.elf
 
arm-none-eabi-size  Mruda_3.0.0.elf 
arm-none-eabi-objdump -h -S Mruda_3.0.0.elf  > "Mruda_3.0.0.list"
   text	   data	    bss	    dec	    hex	filename
  68608	   1396	  30012	 100016	  186b0	Mruda_3.0.0.elf
Finished building: default.size.stdout
 
Finished building: Mruda_3.0.0.list
 
arm-none-eabi-objcopy -O binary "Mruda_3.0.0.elf" firmware.bin
 
15:42:02 **** Incremental Build of configuration Debug for project Mruda_3.0.0 ****
make -j12 all 
arm-none-eabi-gcc "../Core/Src/function/measure.c" -mcpu=cortex-m4 -std=gnu11 -g3 -DDEBUG -DUSE_HAL_DRIVER -DSTM32F411xE -c -I../Core/Inc -I../Drivers/STM32F4xx_HAL_Driver/Inc -I../Drivers/STM32F4xx_HAL_Driver/Inc/Legacy -I../Drivers/CMSIS/Device/ST/STM32F4xx/Include -I../Drivers/CMSIS/Include -I../USB_DEVICE/App -I../USB_DEVICE/Target -I../Middlewares/ST/STM32_USB_Device_Library/Core/Inc -I../Middlewares/ST/STM32_USB_Device_Library/Class/HID/Inc -O0 -ffunction-sections -fdata-sections -Wall -fstack-usage -fcyclomatic-complexity -MMD -MP -MF"Core/Src/function/measure.d" -MT"Core/Src/function/measure.o" --specs=nano.specs -mfpu=fpv4-sp-d16 -mfloat-abi=hard -mthumb -o "Core/Src/function/measure.o"
arm-none-eabi-gcc -o "Mruda_3.0.0.elf" @"objects.list"   -mcpu=cortex-m4 -T"D:\Projects\Ventures\Mruda\01_Technical\MCU_Software\MCU_3.1.0\Mruda_3.0.0\STM32F411CEUX_FLASH.ld" --specs=nosys.specs -Wl,-Map="Mruda_3.0.0.map" -Wl,--gc-sections -static --specs=nano.specs -mfpu=fpv4-sp-d16 -mfloat-abi=hard -mthumb -Wl,--start-group -lc -lm -Wl,--end-group
Finished building target: Mruda_3.0.0.elf
 
arm-none-eabi-size  Mruda_3.0.0.elf 
arm-none-eabi-objdump -h -S Mruda_3.0.0.elf  > "Mruda_3.0.0.list"
   text	   data	    bss	    dec	    hex	filename
  68536	   1396	  30012	  99944	  18668	Mruda_3.0.0.elf
Finished building: default.size.stdout
 
Finished building: Mruda_3.0.0.list
 
arm-none-eabi-objcopy -O binary "Mruda_3.0.0.elf" firmware.bin
 
15:43:33 **** Incremental Build of configuration Debug for project Mruda_3.0.0 ****
make -j12 all 
arm-none-eabi-gcc "../Core/Src/function/measure.c" -mcpu=cortex-m4 -std=gnu11 -g3 -DDEBUG -DUSE_HAL_DRIVER -DSTM32F411xE -c -I../Core/Inc -I../Drivers/STM32F4xx_HAL_Driver/Inc -I../Drivers/STM32F4xx_HAL_Driver/Inc/Legacy -I../Drivers/CMSIS/Device/ST/STM32F4xx/Include -I../Drivers/CMSIS/Include -I../USB_DEVICE/App -I../USB_DEVICE/Target -I../Middlewares/ST/STM32_USB_Device_Library/Core/Inc -I../Middlewares/ST/STM32_USB_Device_Library/Class/HID/Inc -O0 -ffunction-sections -fdata-sections -Wall -fstack-usage -fcyclomatic-complexity -MMD -MP -MF"Core/Src/function/measure.d" -MT"Core/Src/function/measure.o" --specs=nano.specs -mfpu=fpv4-sp-d16 -mfloat-abi=hard -mthumb -o "Core/Src/function/measure.o"
arm-none-eabi-gcc -o "Mruda_3.0.0.elf" @"objects.list"   -mcpu=cortex-m4 -T"D:\Projects\Ventures\Mruda\01_Technical\MCU_Software\MCU_3.1.0\Mruda_3.0.0\STM32F411CEUX_FLASH.ld" --specs=nosys.specs -Wl,-Map="Mruda_3.0.0.map" -Wl,--gc-sections -static --specs=nano.specs -mfpu=fpv4-sp-d16 -mfloat-abi=hard -mthumb -Wl,--start-group -lc -lm -Wl,--end-group
Finished building target: Mruda_3.0.0.elf
 
arm-none-eabi-size  Mruda_3.0.0.elf 
arm-none-eabi-objdump -h -S Mruda_3.0.0.elf  > "Mruda_3.0.0.list"
   text	   data	    bss	    dec	    hex	filename
  68584	   1396	  30012	  99992	  18698	Mruda_3.0.0.elf
Finished building: default.size.stdout
 
Finished building: Mruda_3.0.0.list
 
arm-none-eabi-objcopy -O binary "Mruda_3.0.0.elf" firmware.bin
 
15:45:19 **** Incremental Build of configuration Debug for project Mruda_3.0.0 ****
make -j12 all 
arm-none-eabi-gcc "../Core/Src/function/measure.c" -mcpu=cortex-m4 -std=gnu11 -g3 -DDEBUG -DUSE_HAL_DRIVER -DSTM32F411xE -c -I../Core/Inc -I../Drivers/STM32F4xx_HAL_Driver/Inc -I../Drivers/STM32F4xx_HAL_Driver/Inc/Legacy -I../Drivers/CMSIS/Device/ST/STM32F4xx/Include -I../Drivers/CMSIS/Include -I../USB_DEVICE/App -I../USB_DEVICE/Target -I../Middlewares/ST/STM32_USB_Device_Library/Core/Inc -I../Middlewares/ST/STM32_USB_Device_Library/Class/HID/Inc -O0 -ffunction-sections -fdata-sections -Wall -fstack-usage -fcyclomatic-complexity -MMD -MP -MF"Core/Src/function/measure.d" -MT"Core/Src/function/measure.o" --specs=nano.specs -mfpu=fpv4-sp-d16 -mfloat-abi=hard -mthumb -o "Core/Src/function/measure.o"
arm-none-eabi-gcc -o "Mruda_3.0.0.elf" @"objects.list"   -mcpu=cortex-m4 -T"D:\Projects\Ventures\Mruda\01_Technical\MCU_Software\MCU_3.1.0\Mruda_3.0.0\STM32F411CEUX_FLASH.ld" --specs=nosys.specs -Wl,-Map="Mruda_3.0.0.map" -Wl,--gc-sections -static --specs=nano.specs -mfpu=fpv4-sp-d16 -mfloat-abi=hard -mthumb -Wl,--start-group -lc -lm -Wl,--end-group
Finished building target: Mruda_3.0.0.elf
 
arm-none-eabi-size  Mruda_3.0.0.elf 
arm-none-eabi-objdump -h -S Mruda_3.0.0.elf  > "Mruda_3.0.0.list"
   text	   data	    bss	    dec	    hex	filename
  68584	   1396	  30012	  99992	  18698	Mruda_3.0.0.elf
Finished building: default.size.stdout
 
Finished building: Mruda_3.0.0.list
 
arm-none-eabi-objcopy -O binary "Mruda_3.0.0.elf" firmware.bin
 
15:47:23 **** Incremental Build of configuration Debug for project Mruda_3.0.0 ****
make -j12 all 
arm-none-eabi-gcc "../Core/Src/function/measure.c" -mcpu=cortex-m4 -std=gnu11 -g3 -DDEBUG -DUSE_HAL_DRIVER -DSTM32F411xE -c -I../Core/Inc -I../Drivers/STM32F4xx_HAL_Driver/Inc -I../Drivers/STM32F4xx_HAL_Driver/Inc/Legacy -I../Drivers/CMSIS/Device/ST/STM32F4xx/Include -I../Drivers/CMSIS/Include -I../USB_DEVICE/App -I../USB_DEVICE/Target -I../Middlewares/ST/STM32_USB_Device_Library/Core/Inc -I../Middlewares/ST/STM32_USB_Device_Library/Class/HID/Inc -O0 -ffunction-sections -fdata-sections -Wall -fstack-usage -fcyclomatic-complexity -MMD -MP -MF"Core/Src/function/measure.d" -MT"Core/Src/function/measure.o" --specs=nano.specs -mfpu=fpv4-sp-d16 -mfloat-abi=hard -mthumb -o "Core/Src/function/measure.o"
arm-none-eabi-gcc -o "Mruda_3.0.0.elf" @"objects.list"   -mcpu=cortex-m4 -T"D:\Projects\Ventures\Mruda\01_Technical\MCU_Software\MCU_3.1.0\Mruda_3.0.0\STM32F411CEUX_FLASH.ld" --specs=nosys.specs -Wl,-Map="Mruda_3.0.0.map" -Wl,--gc-sections -static --specs=nano.specs -mfpu=fpv4-sp-d16 -mfloat-abi=hard -mthumb -Wl,--start-group -lc -lm -Wl,--end-group
Finished building target: Mruda_3.0.0.elf
 
arm-none-eabi-size  Mruda_3.0.0.elf 
arm-none-eabi-objdump -h -S Mruda_3.0.0.elf  > "Mruda_3.0.0.list"
   text	   data	    bss	    dec	    hex	filename
  68584	   1396	  30012	  99992	  18698	Mruda_3.0.0.elf
Finished building: default.size.stdout
 
Finished building: Mruda_3.0.0.list
 
arm-none-eabi-objcopy -O binary "Mruda_3.0.0.elf" firmware.bin
 
